W0419 06:20:21.911000 9848 site-packages\torch\utils\flop_counter.py:29] triton not found; flop counting will not work for triton kernels
[INFO] Loading exact-paper config | config\paper_reimplementation\rcim_ml_compensation\exact_model_bank\campaigns\2026-04-19_track1_hgbm_residual_cellwise_closure_campaign\005_track1_hgbm_amplitude_0_closure_attempt_05.yaml
[INFO] Exact-paper output directory | output/validation_checks/paper_reimplementation_rcim_exact_model_bank/2026-04-19-06-20-22__track1_hgbm_amplitude_0_closure_attempt_05_campaign_run
[INFO] Building exact-paper dataset bundle
[INFO] Exact-paper dataset ready | rows=969 targets=1 families=1 scope_mode=amplitudes_only
[INFO] Exact-paper target scope | kinds=ampl harmonics=0 preview=fft_y_Fw_filtered_ampl_0
[INFO] Exact-paper search settings | mode=paper_reference_grid_search grid_search_n_jobs=24 grid_search_verbose=2 grid_search_pre_dispatch=24 families=HGBM
[INFO] Fitting family bank | HGBM
[INFO] Family fit started | family=HGBM estimator=HistGradientBoostingRegressor targets=1 threadpool_limit=1 joblib_cpu_limit=system_default os_cpu_count=32
[INFO] Family target scope | family=HGBM kinds=ampl harmonics=0 preview=fft_y_Fw_filtered_ampl_0
[INFO] Grid search configured | family=HGBM candidates=125 parameter_count=4 n_jobs=24 verbose=2 pre_dispatch=24
W0419 06:20:28.538000 33828 site-packages\torch\utils\flop_counter.py:29] triton not found; flop counting will not work for triton kernels
W0419 06:20:28.558000 38484 site-packages\torch\utils\flop_counter.py:29] triton not found; flop counting will not work for triton kernels
W0419 06:20:28.708000 36752 site-packages\torch\utils\flop_counter.py:29] triton not found; flop counting will not work for triton kernels
W0419 06:20:28.793000 36884 site-packages\torch\utils\flop_counter.py:29] triton not found; flop counting will not work for triton kernels
W0419 06:20:28.829000 31996 site-packages\torch\utils\flop_counter.py:29] triton not found; flop counting will not work for triton kernels
W0419 06:20:28.942000 34384 site-packages\torch\utils\flop_counter.py:29] triton not found; flop counting will not work for triton kernels
W0419 06:20:28.985000 38368 site-packages\torch\utils\flop_counter.py:29] triton not found; flop counting will not work for triton kernels
W0419 06:20:29.007000 14220 site-packages\torch\utils\flop_counter.py:29] triton not found; flop counting will not work for triton kernels
W0419 06:20:29.032000 34464 site-packages\torch\utils\flop_counter.py:29] triton not found; flop counting will not work for triton kernels
W0419 06:20:29.074000 17800 site-packages\torch\utils\flop_counter.py:29] triton not found; flop counting will not work for triton kernels
W0419 06:20:29.119000 2596 site-packages\torch\utils\flop_counter.py:29] triton not found; flop counting will not work for triton kernels
W0419 06:20:29.225000 37692 site-packages\torch\utils\flop_counter.py:29] triton not found; flop counting will not work for triton kernels
W0419 06:20:29.370000 29120 site-packages\torch\utils\flop_counter.py:29] triton not found; flop counting will not work for triton kernels
W0419 06:20:29.401000 4068 site-packages\torch\utils\flop_counter.py:29] triton not found; flop counting will not work for triton kernels
W0419 06:20:29.452000 13472 site-packages\torch\utils\flop_counter.py:29] triton not found; flop counting will not work for triton kernels
W0419 06:20:29.452000 35588 site-packages\torch\utils\flop_counter.py:29] triton not found; flop counting will not work for triton kernels
W0419 06:20:29.462000 34176 site-packages\torch\utils\flop_counter.py:29] triton not found; flop counting will not work for triton kernels
W0419 06:20:29.465000 38864 site-packages\torch\utils\flop_counter.py:29] triton not found; flop counting will not work for triton kernels
W0419 06:20:29.479000 32064 site-packages\torch\utils\flop_counter.py:29] triton not found; flop counting will not work for triton kernels
W0419 06:20:29.479000 37496 site-packages\torch\utils\flop_counter.py:29] triton not found; flop counting will not work for triton kernels
W0419 06:20:29.479000 38064 site-packages\torch\utils\flop_counter.py:29] triton not found; flop counting will not work for triton kernels
W0419 06:20:29.483000 16864 site-packages\torch\utils\flop_counter.py:29] triton not found; flop counting will not work for triton kernels
W0419 06:20:29.483000 37212 site-packages\torch\utils\flop_counter.py:29] triton not found; flop counting will not work for triton kernels
W0419 06:20:29.495000 6636 site-packages\torch\utils\flop_counter.py:29] triton not found; flop counting will not work for triton kernels
Fitting 5 folds for each of 125 candidates, totalling 625 fits
[DONE] Family fit complete | family=HGBM elapsed=12.72s best_score=0.9747909016335651 best_params={'estimator__learning_rate': 0.21, 'estimator__max_depth': 13, 'estimator__max_iter': 100, 'estimator__max_leaf_nodes': 25}
[INFO] Evaluating family bank
[INFO] Family evaluation started | family=HGBM targets=1
[DONE] Family evaluation complete | family=HGBM elapsed=0.01s mean_component_mape=5.559% mean_component_mae=0.002453
[INFO] Evaluation complete | winner=HGBM mean_component_mape=5.559%
[INFO] Exporting ONNX family bank
[INFO] Family ONNX export started | family=HGBM targets=1 estimator=HistGradientBoostingRegressor
[WARN] Target ONNX export failed | family=HGBM target=fft_y_Fw_filtered_ampl_0 error='NoneType' object is not callable
[DONE] Family ONNX export complete | family=HGBM elapsed=0.00s exported=0 failed=1
[INFO] ONNX export complete | exported=0 failed=1
[DONE] Exact paper validation summary written | output/validation_checks/paper_reimplementation_rcim_exact_model_bank/2026-04-19-06-20-22__track1_hgbm_amplitude_0_closure_attempt_05_campaign_run/validation_summary.yaml
[DONE] Exact paper Markdown report written | doc/reports/analysis/validation_checks/2026-04-19-06-20-34_paper_reimplementation_rcim_exact_model_bank_track1_hgbm_amplitude_0_closure_attempt_05_campaign_run_exact_paper_model_bank_report.md
[CV] END estimator__learning_rate=0.18, estimator__max_depth=9, estimator__max_iter=100, estimator__max_leaf_nodes=26; total time=   0.0s
[CV] END estimator__learning_rate=0.18, estimator__max_depth=13, estimator__max_iter=100, estimator__max_leaf_nodes=24; total time=   0.0s
[CV] END estimator__learning_rate=0.19, estimator__max_depth=9, estimator__max_iter=100, estimator__max_leaf_nodes=25; total time=   0.0s
[CV] END estimator__learning_rate=0.19, estimator__max_depth=9, estimator__max_iter=100, estimator__max_leaf_nodes=26; total time=   0.0s
[CV] END estimator__learning_rate=0.19, estimator__max_depth=10, estimator__max_iter=100, estimator__max_leaf_nodes=27; total time=   0.0s
[CV] END estimator__learning_rate=0.19, estimator__max_depth=10, estimator__max_iter=100, estimator__max_leaf_nodes=27; total time=   0.0s
[CV] END estimator__learning_rate=0.19, estimator__max_depth=10, estimator__max_iter=100, estimator__max_leaf_nodes=28; total time=   0.0s
[CV] END estimator__learning_rate=0.19, estimator__max_depth=10, estimator__max_iter=100, estimator__max_leaf_nodes=28; total time=   0.0s
[CV] END estimator__learning_rate=0.2, estimator__max_depth=9, estimator__max_iter=100, estimator__max_leaf_nodes=27; total time=   0.0s
[CV] END estimator__learning_rate=0.2, estimator__max_depth=9, estimator__max_iter=100, estimator__max_leaf_nodes=27; total time=   0.0s
[CV] END estimator__learning_rate=0.2, estimator__max_depth=9, estimator__max_iter=100, estimator__max_leaf_nodes=28; total time=   0.0s
[CV] END estimator__learning_rate=0.2, estimator__max_depth=9, estimator__max_iter=100, estimator__max_leaf_nodes=28; total time=   0.0s
[CV] END estimator__learning_rate=0.2, estimator__max_depth=13, estimator__max_iter=100, estimator__max_leaf_nodes=27; total time=   0.0s
[CV] END estimator__learning_rate=0.2, estimator__max_depth=13, estimator__max_iter=100, estimator__max_leaf_nodes=27; total time=   0.0s
[CV] END estimator__learning_rate=0.2, estimator__max_depth=13, estimator__max_iter=100, estimator__max_leaf_nodes=28; total time=   0.0s
[CV] END estimator__learning_rate=0.2, estimator__max_depth=13, estimator__max_iter=100, estimator__max_leaf_nodes=28; total time=   0.0s
[CV] END estimator__learning_rate=0.21, estimator__max_depth=12, estimator__max_iter=100, estimator__max_leaf_nodes=26; total time=   0.0s
[CV] END estimator__learning_rate=0.21, estimator__max_depth=12, estimator__max_iter=100, estimator__max_leaf_nodes=27; total time=   0.0s
[CV] END estimator__learning_rate=0.21, estimator__max_depth=12, estimator__max_iter=100, estimator__max_leaf_nodes=27; total time=   0.0s
[CV] END estimator__learning_rate=0.21, estimator__max_depth=12, estimator__max_iter=100, estimator__max_leaf_nodes=27; total time=   0.0s
[CV] END estimator__learning_rate=0.22, estimator__max_depth=11, estimator__max_iter=100, estimator__max_leaf_nodes=24; total time=   0.0s
[CV] END estimator__learning_rate=0.22, estimator__max_depth=11, estimator__max_iter=100, estimator__max_leaf_nodes=26; total time=   0.0s
[CV] END estimator__learning_rate=0.22, estimator__max_depth=12, estimator__max_iter=100, estimator__max_leaf_nodes=25; total time=   0.0s
[CV] END estimator__learning_rate=0.22, estimator__max_depth=13, estimator__max_iter=100, estimator__max_leaf_nodes=24; total time=   0.0s
[CV] END estimator__learning_rate=0.18, estimator__max_depth=9, estimator__max_iter=100, estimator__max_leaf_nodes=28; total time=   0.0s
[CV] END estimator__learning_rate=0.18, estimator__max_depth=13, estimator__max_iter=100, estimator__max_leaf_nodes=24; total time=   0.0s
[CV] END estimator__learning_rate=0.19, estimator__max_depth=9, estimator__max_iter=100, estimator__max_leaf_nodes=26; total time=   0.0s
[CV] END estimator__learning_rate=0.19, estimator__max_depth=9, estimator__max_iter=100, estimator__max_leaf_nodes=26; total time=   0.0s
[CV] END estimator__learning_rate=0.19, estimator__max_depth=12, estimator__max_iter=100, estimator__max_leaf_nodes=25; total time=   0.0s
[CV] END estimator__learning_rate=0.19, estimator__max_depth=12, estimator__max_iter=100, estimator__max_leaf_nodes=25; total time=   0.0s
[CV] END estimator__learning_rate=0.19, estimator__max_depth=12, estimator__max_iter=100, estimator__max_leaf_nodes=26; total time=   0.0s
[CV] END estimator__learning_rate=0.19, estimator__max_depth=12, estimator__max_iter=100, estimator__max_leaf_nodes=26; total time=   0.0s
[CV] END estimator__learning_rate=0.2, estimator__max_depth=11, estimator__max_iter=100, estimator__max_leaf_nodes=26; total time=   0.0s
[CV] END estimator__learning_rate=0.2, estimator__max_depth=11, estimator__max_iter=100, estimator__max_leaf_nodes=26; total time=   0.0s
[CV] END estimator__learning_rate=0.2, estimator__max_depth=11, estimator__max_iter=100, estimator__max_leaf_nodes=26; total time=   0.0s
[CV] END estimator__learning_rate=0.2, estimator__max_depth=11, estimator__max_iter=100, estimator__max_leaf_nodes=27; total time=   0.0s
[CV] END estimator__learning_rate=0.21, estimator__max_depth=10, estimator__max_iter=100, estimator__max_leaf_nodes=28; total time=   0.0s
[CV] END estimator__learning_rate=0.21, estimator__max_depth=11, estimator__max_iter=100, estimator__max_leaf_nodes=24; total time=   0.0s
[CV] END estimator__learning_rate=0.21, estimator__max_depth=11, estimator__max_iter=100, estimator__max_leaf_nodes=24; total time=   0.0s
[CV] END estimator__learning_rate=0.21, estimator__max_depth=11, estimator__max_iter=100, estimator__max_leaf_nodes=24; total time=   0.0s
[CV] END estimator__learning_rate=0.22, estimator__max_depth=9, estimator__max_iter=100, estimator__max_leaf_nodes=28; total time=   0.0s
[CV] END estimator__learning_rate=0.22, estimator__max_depth=10, estimator__max_iter=100, estimator__max_leaf_nodes=24; total time=   0.0s
[CV] END estimator__learning_rate=0.22, estimator__max_depth=10, estimator__max_iter=100, estimator__max_leaf_nodes=24; total time=   0.0s
[CV] END estimator__learning_rate=0.22, estimator__max_depth=10, estimator__max_iter=100, estimator__max_leaf_nodes=24; total time=   0.0s
[CV] END estimator__learning_rate=0.22, estimator__max_depth=12, estimator__max_iter=100, estimator__max_leaf_nodes=24; total time=   0.0s
[CV] END estimator__learning_rate=0.22, estimator__max_depth=13, estimator__max_iter=100, estimator__max_leaf_nodes=24; total time=   0.0s
[CV] END estimator__learning_rate=0.18, estimator__max_depth=9, estimator__max_iter=100, estimator__max_leaf_nodes=28; total time=   0.0s
[CV] END estimator__learning_rate=0.18, estimator__max_depth=11, estimator__max_iter=100, estimator__max_leaf_nodes=26; total time=   0.0s
[CV] END estimator__learning_rate=0.18, estimator__max_depth=11, estimator__max_iter=100, estimator__max_leaf_nodes=28; total time=   0.0s
[CV] END estimator__learning_rate=0.18, estimator__max_depth=12, estimator__max_iter=100, estimator__max_leaf_nodes=26; total time=   0.0s
[CV] END estimator__learning_rate=0.18, estimator__max_depth=13, estimator__max_iter=100, estimator__max_leaf_nodes=26; total time=   0.0s
[CV] END estimator__learning_rate=0.19, estimator__max_depth=10, estimator__max_iter=100, estimator__max_leaf_nodes=24; total time=   0.0s
[CV] END estimator__learning_rate=0.19, estimator__max_depth=10, estimator__max_iter=100, estimator__max_leaf_nodes=24; total time=   0.0s
[CV] END estimator__learning_rate=0.19, estimator__max_depth=12, estimator__max_iter=100, estimator__max_leaf_nodes=28; total time=   0.0s
[CV] END estimator__learning_rate=0.19, estimator__max_depth=12, estimator__max_iter=100, estimator__max_leaf_nodes=28; total time=   0.0s
[CV] END estimator__learning_rate=0.19, estimator__max_depth=12, estimator__max_iter=100, estimator__max_leaf_nodes=28; total time=   0.0s
[CV] END estimator__learning_rate=0.19, estimator__max_depth=12, estimator__max_iter=100, estimator__max_leaf_nodes=28; total time=   0.0s
[CV] END estimator__learning_rate=0.2, estimator__max_depth=11, estimator__max_iter=100, estimator__max_leaf_nodes=28; total time=   0.0s
[CV] END estimator__learning_rate=0.2, estimator__max_depth=12, estimator__max_iter=100, estimator__max_leaf_nodes=24; total time=   0.0s
[CV] END estimator__learning_rate=0.2, estimator__max_depth=12, estimator__max_iter=100, estimator__max_leaf_nodes=24; total time=   0.0s
[CV] END estimator__learning_rate=0.2, estimator__max_depth=12, estimator__max_iter=100, estimator__max_leaf_nodes=24; total time=   0.0s
[CV] END estimator__learning_rate=0.21, estimator__max_depth=11, estimator__max_iter=100, estimator__max_leaf_nodes=25; total time=   0.0s
[CV] END estimator__learning_rate=0.21, estimator__max_depth=11, estimator__max_iter=100, estimator__max_leaf_nodes=25; total time=   0.0s
[CV] END estimator__learning_rate=0.21, estimator__max_depth=11, estimator__max_iter=100, estimator__max_leaf_nodes=25; total time=   0.0s
[CV] END estimator__learning_rate=0.21, estimator__max_depth=11, estimator__max_iter=100, estimator__max_leaf_nodes=26; total time=   0.0s
[CV] END estimator__learning_rate=0.22, estimator__max_depth=10, estimator__max_iter=100, estimator__max_leaf_nodes=25; total time=   0.0s
[CV] END estimator__learning_rate=0.22, estimator__max_depth=10, estimator__max_iter=100, estimator__max_leaf_nodes=25; total time=   0.0s
[CV] END estimator__learning_rate=0.22, estimator__max_depth=10, estimator__max_iter=100, estimator__max_leaf_nodes=25; total time=   0.0s
[CV] END estimator__learning_rate=0.22, estimator__max_depth=10, estimator__max_iter=100, estimator__max_leaf_nodes=26; total time=   0.0s
[CV] END estimator__learning_rate=0.22, estimator__max_depth=12, estimator__max_iter=100, estimator__max_leaf_nodes=24; total time=   0.0s
[CV] END estimator__learning_rate=0.22, estimator__max_depth=13, estimator__max_iter=100, estimator__max_leaf_nodes=24; total time=   0.0s
[CV] END estimator__learning_rate=0.18, estimator__max_depth=9, estimator__max_iter=100, estimator__max_leaf_nodes=25; total time=   0.0s
[CV] END estimator__learning_rate=0.18, estimator__max_depth=10, estimator__max_iter=100, estimator__max_leaf_nodes=25; total time=   0.0s
[CV] END estimator__learning_rate=0.18, estimator__max_depth=10, estimator__max_iter=100, estimator__max_leaf_nodes=27; total time=   0.0s
[CV] END estimator__learning_rate=0.18, estimator__max_depth=10, estimator__max_iter=100, estimator__max_leaf_nodes=28; total time=   0.0s
[CV] END estimator__learning_rate=0.18, estimator__max_depth=11, estimator__max_iter=100, estimator__max_leaf_nodes=26; total time=   0.0s
[CV] END estimator__learning_rate=0.18, estimator__max_depth=11, estimator__max_iter=100, estimator__max_leaf_nodes=28; total time=   0.0s
[CV] END estimator__learning_rate=0.18, estimator__max_depth=12, estimator__max_iter=100, estimator__max_leaf_nodes=25; total time=   0.0s
[CV] END estimator__learning_rate=0.18, estimator__max_depth=13, estimator__max_iter=100, estimator__max_leaf_nodes=24; total time=   0.0s
[CV] END estimator__learning_rate=0.19, estimator__max_depth=9, estimator__max_iter=100, estimator__max_leaf_nodes=25; total time=   0.0s
[CV] END estimator__learning_rate=0.19, estimator__max_depth=9, estimator__max_iter=100, estimator__max_leaf_nodes=25; total time=   0.0s
[CV] END estimator__learning_rate=0.19, estimator__max_depth=11, estimator__max_iter=100, estimator__max_leaf_nodes=28; total time=   0.0s
[CV] END estimator__learning_rate=0.19, estimator__max_depth=11, estimator__max_iter=100, estimator__max_leaf_nodes=28; total time=   0.0s
[CV] END estimator__learning_rate=0.19, estimator__max_depth=11, estimator__max_iter=100, estimator__max_leaf_nodes=28; total time=   0.0s
[CV] END estimator__learning_rate=0.19, estimator__max_depth=11, estimator__max_iter=100, estimator__max_leaf_nodes=28; total time=   0.0s
[CV] END estimator__learning_rate=0.2, estimator__max_depth=10, estimator__max_iter=100, estimator__max_leaf_nodes=24; total time=   0.0s
[CV] END estimator__learning_rate=0.2, estimator__max_depth=10, estimator__max_iter=100, estimator__max_leaf_nodes=24; total time=   0.0s
[CV] END estimator__learning_rate=0.2, estimator__max_depth=10, estimator__max_iter=100, estimator__max_leaf_nodes=24; total time=   0.0s
[CV] END estimator__learning_rate=0.2, estimator__max_depth=10, estimator__max_iter=100, estimator__max_leaf_nodes=24; total time=   0.0s
[CV] END estimator__learning_rate=0.2, estimator__max_depth=13, estimator__max_iter=100, estimator__max_leaf_nodes=26; total time=   0.0s
[CV] END estimator__learning_rate=0.2, estimator__max_depth=13, estimator__max_iter=100, estimator__max_leaf_nodes=27; total time=   0.0s
[CV] END estimator__learning_rate=0.2, estimator__max_depth=13, estimator__max_iter=100, estimator__max_leaf_nodes=27; total time=   0.0s
[CV] END estimator__learning_rate=0.2, estimator__max_depth=13, estimator__max_iter=100, estimator__max_leaf_nodes=27; total time=   0.0s
[CV] END estimator__learning_rate=0.21, estimator__max_depth=12, estimator__max_iter=100, estimator__max_leaf_nodes=26; total time=   0.0s
[CV] END estimator__learning_rate=0.21, estimator__max_depth=12, estimator__max_iter=100, estimator__max_leaf_nodes=26; total time=   0.0s
[CV] END estimator__learning_rate=0.21, estimator__max_depth=12, estimator__max_iter=100, estimator__max_leaf_nodes=26; total time=   0.0s
[CV] END estimator__learning_rate=0.21, estimator__max_depth=12, estimator__max_iter=100, estimator__max_leaf_nodes=26; total time=   0.0s
[CV] END estimator__learning_rate=0.22, estimator__max_depth=11, estimator__max_iter=100, estimator__max_leaf_nodes=25; total time=   0.0s
[CV] END estimator__learning_rate=0.22, estimator__max_depth=12, estimator__max_iter=100, estimator__max_leaf_nodes=24; total time=   0.0s
[CV] END estimator__learning_rate=0.22, estimator__max_depth=13, estimator__max_iter=100, estimator__max_leaf_nodes=24; total time=   0.0s
[CV] END estimator__learning_rate=0.18, estimator__max_depth=9, estimator__max_iter=100, estimator__max_leaf_nodes=25; total time=   0.0s
[CV] END estimator__learning_rate=0.18, estimator__max_depth=13, estimator__max_iter=100, estimator__max_leaf_nodes=25; total time=   0.0s
[CV] END estimator__learning_rate=0.19, estimator__max_depth=9, estimator__max_iter=100, estimator__max_leaf_nodes=28; total time=   0.0s
[CV] END estimator__learning_rate=0.19, estimator__max_depth=9, estimator__max_iter=100, estimator__max_leaf_nodes=28; total time=   0.0s
[CV] END estimator__learning_rate=0.19, estimator__max_depth=13, estimator__max_iter=100, estimator__max_leaf_nodes=26; total time=   0.0s
[CV] END estimator__learning_rate=0.19, estimator__max_depth=13, estimator__max_iter=100, estimator__max_leaf_nodes=26; total time=   0.0s
[CV] END estimator__learning_rate=0.19, estimator__max_depth=13, estimator__max_iter=100, estimator__max_leaf_nodes=26; total time=   0.0s
[CV] END estimator__learning_rate=0.19, estimator__max_depth=13, estimator__max_iter=100, estimator__max_leaf_nodes=26; total time=   0.0s
[CV] END estimator__learning_rate=0.2, estimator__max_depth=12, estimator__max_iter=100, estimator__max_leaf_nodes=26; total time=   0.0s
[CV] END estimator__learning_rate=0.2, estimator__max_depth=12, estimator__max_iter=100, estimator__max_leaf_nodes=26; total time=   0.0s
[CV] END estimator__learning_rate=0.2, estimator__max_depth=12, estimator__max_iter=100, estimator__max_leaf_nodes=26; total time=   0.0s
[CV] END estimator__learning_rate=0.2, estimator__max_depth=12, estimator__max_iter=100, estimator__max_leaf_nodes=26; total time=   0.0s
[CV] END estimator__learning_rate=0.21, estimator__max_depth=11, estimator__max_iter=100, estimator__max_leaf_nodes=24; total time=   0.0s
[CV] END estimator__learning_rate=0.21, estimator__max_depth=11, estimator__max_iter=100, estimator__max_leaf_nodes=24; total time=   0.0s
[CV] END estimator__learning_rate=0.21, estimator__max_depth=11, estimator__max_iter=100, estimator__max_leaf_nodes=25; total time=   0.0s
[CV] END estimator__learning_rate=0.21, estimator__max_depth=11, estimator__max_iter=100, estimator__max_leaf_nodes=25; total time=   0.0s
[CV] END estimator__learning_rate=0.22, estimator__max_depth=10, estimator__max_iter=100, estimator__max_leaf_nodes=24; total time=   0.0s
[CV] END estimator__learning_rate=0.22, estimator__max_depth=10, estimator__max_iter=100, estimator__max_leaf_nodes=24; total time=   0.0s
[CV] END estimator__learning_rate=0.22, estimator__max_depth=10, estimator__max_iter=100, estimator__max_leaf_nodes=25; total time=   0.0s
[CV] END estimator__learning_rate=0.22, estimator__max_depth=10, estimator__max_iter=100, estimator__max_leaf_nodes=25; total time=   0.0s
[CV] END estimator__learning_rate=0.22, estimator__max_depth=12, estimator__max_iter=100, estimator__max_leaf_nodes=25; total time=   0.0s
[CV] END estimator__learning_rate=0.22, estimator__max_depth=13, estimator__max_iter=100, estimator__max_leaf_nodes=24; total time=   0.0s
[CV] END estimator__learning_rate=0.18, estimator__max_depth=9, estimator__max_iter=100, estimator__max_leaf_nodes=25; total time=   0.0s
[CV] END estimator__learning_rate=0.18, estimator__max_depth=10, estimator__max_iter=100, estimator__max_leaf_nodes=24; total time=   0.0s
[CV] END estimator__learning_rate=0.18, estimator__max_depth=10, estimator__max_iter=100, estimator__max_leaf_nodes=24; total time=   0.0s
[CV] END estimator__learning_rate=0.18, estimator__max_depth=10, estimator__max_iter=100, estimator__max_leaf_nodes=25; total time=   0.0s
[CV] END estimator__learning_rate=0.18, estimator__max_depth=10, estimator__max_iter=100, estimator__max_leaf_nodes=26; total time=   0.0s
[CV] END estimator__learning_rate=0.18, estimator__max_depth=10, estimator__max_iter=100, estimator__max_leaf_nodes=27; total time=   0.0s
[CV] END estimator__learning_rate=0.18, estimator__max_depth=11, estimator__max_iter=100, estimator__max_leaf_nodes=24; total time=   0.0s
[CV] END estimator__learning_rate=0.18, estimator__max_depth=11, estimator__max_iter=100, estimator__max_leaf_nodes=27; total time=   0.0s
[CV] END estimator__learning_rate=0.18, estimator__max_depth=12, estimator__max_iter=100, estimator__max_leaf_nodes=24; total time=   0.0s
[CV] END estimator__learning_rate=0.18, estimator__max_depth=12, estimator__max_iter=100, estimator__max_leaf_nodes=28; total time=   0.0s
[CV] END estimator__learning_rate=0.18, estimator__max_depth=13, estimator__max_iter=100, estimator__max_leaf_nodes=28; total time=   0.0s
[CV] END estimator__learning_rate=0.18, estimator__max_depth=13, estimator__max_iter=100, estimator__max_leaf_nodes=28; total time=   0.0s
[CV] END estimator__learning_rate=0.19, estimator__max_depth=11, estimator__max_iter=100, estimator__max_leaf_nodes=25; total time=   0.0s
[CV] END estimator__learning_rate=0.19, estimator__max_depth=11, estimator__max_iter=100, estimator__max_leaf_nodes=25; total time=   0.0s
[CV] END estimator__learning_rate=0.19, estimator__max_depth=11, estimator__max_iter=100, estimator__max_leaf_nodes=25; total time=   0.0s
[CV] END estimator__learning_rate=0.19, estimator__max_depth=11, estimator__max_iter=100, estimator__max_leaf_nodes=25; total time=   0.0s
[CV] END estimator__learning_rate=0.2, estimator__max_depth=10, estimator__max_iter=100, estimator__max_leaf_nodes=27; total time=   0.0s
[CV] END estimator__learning_rate=0.2, estimator__max_depth=10, estimator__max_iter=100, estimator__max_leaf_nodes=27; total time=   0.0s
[CV] END estimator__learning_rate=0.2, estimator__max_depth=10, estimator__max_iter=100, estimator__max_leaf_nodes=27; total time=   0.0s
[CV] END estimator__learning_rate=0.2, estimator__max_depth=10, estimator__max_iter=100, estimator__max_leaf_nodes=28; total time=   0.0s
[CV] END estimator__learning_rate=0.21, estimator__max_depth=10, estimator__max_iter=100, estimator__max_leaf_nodes=28; total time=   0.0s
[CV] END estimator__learning_rate=0.21, estimator__max_depth=10, estimator__max_iter=100, estimator__max_leaf_nodes=28; total time=   0.0s
[CV] END estimator__learning_rate=0.21, estimator__max_depth=10, estimator__max_iter=100, estimator__max_leaf_nodes=28; total time=   0.0s
[CV] END estimator__learning_rate=0.21, estimator__max_depth=10, estimator__max_iter=100, estimator__max_leaf_nodes=28; total time=   0.0s
[CV] END estimator__learning_rate=0.22, estimator__max_depth=9, estimator__max_iter=100, estimator__max_leaf_nodes=24; total time=   0.0s
[CV] END estimator__learning_rate=0.22, estimator__max_depth=9, estimator__max_iter=100, estimator__max_leaf_nodes=24; total time=   0.0s
[CV] END estimator__learning_rate=0.22, estimator__max_depth=9, estimator__max_iter=100, estimator__max_leaf_nodes=24; total time=   0.0s
[CV] END estimator__learning_rate=0.22, estimator__max_depth=9, estimator__max_iter=100, estimator__max_leaf_nodes=24; total time=   0.0s
[CV] END estimator__learning_rate=0.22, estimator__max_depth=11, estimator__max_iter=100, estimator__max_leaf_nodes=25; total time=   0.0s
[CV] END estimator__learning_rate=0.22, estimator__max_depth=12, estimator__max_iter=100, estimator__max_leaf_nodes=24; total time=   0.0s
[CV] END estimator__learning_rate=0.22, estimator__max_depth=13, estimator__max_iter=100, estimator__max_leaf_nodes=25; total time=   0.0s
[CV] END estimator__learning_rate=0.18, estimator__max_depth=9, estimator__max_iter=100, estimator__max_leaf_nodes=28; total time=   0.0s
[CV] END estimator__learning_rate=0.18, estimator__max_depth=12, estimator__max_iter=100, estimator__max_leaf_nodes=27; total time=   0.0s
[CV] END estimator__learning_rate=0.18, estimator__max_depth=13, estimator__max_iter=100, estimator__max_leaf_nodes=26; total time=   0.0s
[CV] END estimator__learning_rate=0.19, estimator__max_depth=10, estimator__max_iter=100, estimator__max_leaf_nodes=26; total time=   0.0s
[CV] END estimator__learning_rate=0.19, estimator__max_depth=10, estimator__max_iter=100, estimator__max_leaf_nodes=26; total time=   0.0s
[CV] END estimator__learning_rate=0.2, estimator__max_depth=9, estimator__max_iter=100, estimator__max_leaf_nodes=24; total time=   0.0s
[CV] END estimator__learning_rate=0.2, estimator__max_depth=9, estimator__max_iter=100, estimator__max_leaf_nodes=24; total time=   0.0s
[CV] END estimator__learning_rate=0.2, estimator__max_depth=9, estimator__max_iter=100, estimator__max_leaf_nodes=24; total time=   0.0s
[CV] END estimator__learning_rate=0.2, estimator__max_depth=9, estimator__max_iter=100, estimator__max_leaf_nodes=25; total time=   0.0s
[CV] END estimator__learning_rate=0.2, estimator__max_depth=12, estimator__max_iter=100, estimator__max_leaf_nodes=25; total time=   0.0s
[CV] END estimator__learning_rate=0.2, estimator__max_depth=12, estimator__max_iter=100, estimator__max_leaf_nodes=25; total time=   0.0s
[CV] END estimator__learning_rate=0.2, estimator__max_depth=12, estimator__max_iter=100, estimator__max_leaf_nodes=25; total time=   0.0s
[CV] END estimator__learning_rate=0.2, estimator__max_depth=12, estimator__max_iter=100, estimator__max_leaf_nodes=26; total time=   0.0s
[CV] END estimator__learning_rate=0.21, estimator__max_depth=11, estimator__max_iter=100, estimator__max_leaf_nodes=27; total time=   0.0s
[CV] END estimator__learning_rate=0.21, estimator__max_depth=11, estimator__max_iter=100, estimator__max_leaf_nodes=27; total time=   0.0s
[CV] END estimator__learning_rate=0.21, estimator__max_depth=11, estimator__max_iter=100, estimator__max_leaf_nodes=27; total time=   0.0s
[CV] END estimator__learning_rate=0.21, estimator__max_depth=11, estimator__max_iter=100, estimator__max_leaf_nodes=27; total time=   0.0s
[CV] END estimator__learning_rate=0.22, estimator__max_depth=10, estimator__max_iter=100, estimator__max_leaf_nodes=27; total time=   0.0s
[CV] END estimator__learning_rate=0.22, estimator__max_depth=10, estimator__max_iter=100, estimator__max_leaf_nodes=27; total time=   0.0s
[CV] END estimator__learning_rate=0.22, estimator__max_depth=10, estimator__max_iter=100, estimator__max_leaf_nodes=27; total time=   0.0s
[CV] END estimator__learning_rate=0.22, estimator__max_depth=10, estimator__max_iter=100, estimator__max_leaf_nodes=27; total time=   0.0s
[CV] END estimator__learning_rate=0.22, estimator__max_depth=12, estimator__max_iter=100, estimator__max_leaf_nodes=26; total time=   0.0s
[CV] END estimator__learning_rate=0.22, estimator__max_depth=13, estimator__max_iter=100, estimator__max_leaf_nodes=25; total time=   0.0s
[CV] END estimator__learning_rate=0.18, estimator__max_depth=9, estimator__max_iter=100, estimator__max_leaf_nodes=26; total time=   0.0s
[CV] END estimator__learning_rate=0.18, estimator__max_depth=12, estimator__max_iter=100, estimator__max_leaf_nodes=25; total time=   0.0s
[CV] END estimator__learning_rate=0.18, estimator__max_depth=13, estimator__max_iter=100, estimator__max_leaf_nodes=25; total time=   0.0s
[CV] END estimator__learning_rate=0.19, estimator__max_depth=9, estimator__max_iter=100, estimator__max_leaf_nodes=27; total time=   0.0s
[CV] END estimator__learning_rate=0.19, estimator__max_depth=9, estimator__max_iter=100, estimator__max_leaf_nodes=27; total time=   0.0s
[CV] END estimator__learning_rate=0.19, estimator__max_depth=12, estimator__max_iter=100, estimator__max_leaf_nodes=28; total time=   0.0s
[CV] END estimator__learning_rate=0.19, estimator__max_depth=13, estimator__max_iter=100, estimator__max_leaf_nodes=24; total time=   0.0s
[CV] END estimator__learning_rate=0.19, estimator__max_depth=13, estimator__max_iter=100, estimator__max_leaf_nodes=24; total time=   0.0s
[CV] END estimator__learning_rate=0.19, estimator__max_depth=13, estimator__max_iter=100, estimator__max_leaf_nodes=24; total time=   0.0s
[CV] END estimator__learning_rate=0.2, estimator__max_depth=9, estimator__max_iter=100, estimator__max_leaf_nodes=28; total time=   0.0s
[CV] END estimator__learning_rate=0.2, estimator__max_depth=9, estimator__max_iter=100, estimator__max_leaf_nodes=28; total time=   0.0s
[CV] END estimator__learning_rate=0.2, estimator__max_depth=9, estimator__max_iter=100, estimator__max_leaf_nodes=28; total time=   0.0s
[CV] END estimator__learning_rate=0.2, estimator__max_depth=10, estimator__max_iter=100, estimator__max_leaf_nodes=24; total time=   0.0s
[CV] END estimator__learning_rate=0.2, estimator__max_depth=13, estimator__max_iter=100, estimator__max_leaf_nodes=28; total time=   0.0s
[CV] END estimator__learning_rate=0.2, estimator__max_depth=13, estimator__max_iter=100, estimator__max_leaf_nodes=28; total time=   0.0s
[CV] END estimator__learning_rate=0.2, estimator__max_depth=13, estimator__max_iter=100, estimator__max_leaf_nodes=28; total time=   0.0s
[CV] END estimator__learning_rate=0.21, estimator__max_depth=9, estimator__max_iter=100, estimator__max_leaf_nodes=24; total time=   0.0s
[CV] END estimator__learning_rate=0.21, estimator__max_depth=13, estimator__max_iter=100, estimator__max_leaf_nodes=24; total time=   0.0s
[CV] END estimator__learning_rate=0.21, estimator__max_depth=13, estimator__max_iter=100, estimator__max_leaf_nodes=24; total time=   0.0s
[CV] END estimator__learning_rate=0.21, estimator__max_depth=13, estimator__max_iter=100, estimator__max_leaf_nodes=24; total time=   0.0s
[CV] END estimator__learning_rate=0.21, estimator__max_depth=13, estimator__max_iter=100, estimator__max_leaf_nodes=24; total time=   0.0s
[CV] END estimator__learning_rate=0.22, estimator__max_depth=11, estimator__max_iter=100, estimator__max_leaf_nodes=25; total time=   0.0s
[CV] END estimator__learning_rate=0.22, estimator__max_depth=11, estimator__max_iter=100, estimator__max_leaf_nodes=26; total time=   0.0s
[CV] END estimator__learning_rate=0.22, estimator__max_depth=12, estimator__max_iter=100, estimator__max_leaf_nodes=25; total time=   0.0s
[CV] END estimator__learning_rate=0.22, estimator__max_depth=13, estimator__max_iter=100, estimator__max_leaf_nodes=25; total time=   0.0s
[CV] END estimator__learning_rate=0.18, estimator__max_depth=9, estimator__max_iter=100, estimator__max_leaf_nodes=24; total time=   0.0s
[CV] END estimator__learning_rate=0.18, estimator__max_depth=10, estimator__max_iter=100, estimator__max_leaf_nodes=27; total time=   0.0s
[CV] END estimator__learning_rate=0.18, estimator__max_depth=11, estimator__max_iter=100, estimator__max_leaf_nodes=24; total time=   0.0s
[CV] END estimator__learning_rate=0.18, estimator__max_depth=11, estimator__max_iter=100, estimator__max_leaf_nodes=26; total time=   0.0s
[CV] END estimator__learning_rate=0.18, estimator__max_depth=12, estimator__max_iter=100, estimator__max_leaf_nodes=24; total time=   0.0s
[CV] END estimator__learning_rate=0.18, estimator__max_depth=12, estimator__max_iter=100, estimator__max_leaf_nodes=26; total time=   0.0s
[CV] END estimator__learning_rate=0.18, estimator__max_depth=13, estimator__max_iter=100, estimator__max_leaf_nodes=26; total time=   0.0s
[CV] END estimator__learning_rate=0.19, estimator__max_depth=9, estimator__max_iter=100, estimator__max_leaf_nodes=27; total time=   0.0s
[CV] END estimator__learning_rate=0.19, estimator__max_depth=9, estimator__max_iter=100, estimator__max_leaf_nodes=28; total time=   0.0s
[CV] END estimator__learning_rate=0.19, estimator__max_depth=12, estimator__max_iter=100, estimator__max_leaf_nodes=24; total time=   0.0s
[CV] END estimator__learning_rate=0.19, estimator__max_depth=12, estimator__max_iter=100, estimator__max_leaf_nodes=25; total time=   0.0s
[CV] END estimator__learning_rate=0.19, estimator__max_depth=12, estimator__max_iter=100, estimator__max_leaf_nodes=25; total time=   0.0s
[CV] END estimator__learning_rate=0.19, estimator__max_depth=12, estimator__max_iter=100, estimator__max_leaf_nodes=25; total time=   0.0s
[CV] END estimator__learning_rate=0.2, estimator__max_depth=10, estimator__max_iter=100, estimator__max_leaf_nodes=25; total time=   0.0s
[CV] END estimator__learning_rate=0.2, estimator__max_depth=10, estimator__max_iter=100, estimator__max_leaf_nodes=26; total time=   0.0s
[CV] END estimator__learning_rate=0.2, estimator__max_depth=10, estimator__max_iter=100, estimator__max_leaf_nodes=26; total time=   0.0s
[CV] END estimator__learning_rate=0.2, estimator__max_depth=10, estimator__max_iter=100, estimator__max_leaf_nodes=26; total time=   0.0s
[CV] END estimator__learning_rate=0.21, estimator__max_depth=9, estimator__max_iter=100, estimator__max_leaf_nodes=25; total time=   0.0s
[CV] END estimator__learning_rate=0.21, estimator__max_depth=9, estimator__max_iter=100, estimator__max_leaf_nodes=26; total time=   0.0s
[CV] END estimator__learning_rate=0.21, estimator__max_depth=9, estimator__max_iter=100, estimator__max_leaf_nodes=26; total time=   0.0s
[CV] END estimator__learning_rate=0.21, estimator__max_depth=9, estimator__max_iter=100, estimator__max_leaf_nodes=26; total time=   0.0s
[CV] END estimator__learning_rate=0.21, estimator__max_depth=12, estimator__max_iter=100, estimator__max_leaf_nodes=25; total time=   0.0s
[CV] END estimator__learning_rate=0.21, estimator__max_depth=12, estimator__max_iter=100, estimator__max_leaf_nodes=25; total time=   0.0s
[CV] END estimator__learning_rate=0.21, estimator__max_depth=12, estimator__max_iter=100, estimator__max_leaf_nodes=25; total time=   0.0s
[CV] END estimator__learning_rate=0.21, estimator__max_depth=12, estimator__max_iter=100, estimator__max_leaf_nodes=25; total time=   0.0s
[CV] END estimator__learning_rate=0.22, estimator__max_depth=11, estimator__max_iter=100, estimator__max_leaf_nodes=25; total time=   0.0s
[CV] END estimator__learning_rate=0.22, estimator__max_depth=11, estimator__max_iter=100, estimator__max_leaf_nodes=28; total time=   0.0s
[CV] END estimator__learning_rate=0.22, estimator__max_depth=12, estimator__max_iter=100, estimator__max_leaf_nodes=28; total time=   0.0s
[CV] END estimator__learning_rate=0.22, estimator__max_depth=13, estimator__max_iter=100, estimator__max_leaf_nodes=28; total time=   0.0s
[CV] END estimator__learning_rate=0.18, estimator__max_depth=9, estimator__max_iter=100, estimator__max_leaf_nodes=25; total time=   0.0s
[CV] END estimator__learning_rate=0.18, estimator__max_depth=10, estimator__max_iter=100, estimator__max_leaf_nodes=25; total time=   0.0s
[CV] END estimator__learning_rate=0.18, estimator__max_depth=10, estimator__max_iter=100, estimator__max_leaf_nodes=26; total time=   0.0s
[CV] END estimator__learning_rate=0.18, estimator__max_depth=10, estimator__max_iter=100, estimator__max_leaf_nodes=28; total time=   0.0s
[CV] END estimator__learning_rate=0.18, estimator__max_depth=11, estimator__max_iter=100, estimator__max_leaf_nodes=25; total time=   0.0s
[CV] END estimator__learning_rate=0.18, estimator__max_depth=11, estimator__max_iter=100, estimator__max_leaf_nodes=28; total time=   0.0s
[CV] END estimator__learning_rate=0.18, estimator__max_depth=12, estimator__max_iter=100, estimator__max_leaf_nodes=25; total time=   0.0s
[CV] END estimator__learning_rate=0.18, estimator__max_depth=13, estimator__max_iter=100, estimator__max_leaf_nodes=25; total time=   0.0s
[CV] END estimator__learning_rate=0.19, estimator__max_depth=9, estimator__max_iter=100, estimator__max_leaf_nodes=27; total time=   0.0s
[CV] END estimator__learning_rate=0.19, estimator__max_depth=9, estimator__max_iter=100, estimator__max_leaf_nodes=27; total time=   0.0s
[CV] END estimator__learning_rate=0.19, estimator__max_depth=13, estimator__max_iter=100, estimator__max_leaf_nodes=24; total time=   0.0s
[CV] END estimator__learning_rate=0.19, estimator__max_depth=13, estimator__max_iter=100, estimator__max_leaf_nodes=24; total time=   0.0s
[CV] END estimator__learning_rate=0.19, estimator__max_depth=13, estimator__max_iter=100, estimator__max_leaf_nodes=25; total time=   0.0s
[CV] END estimator__learning_rate=0.19, estimator__max_depth=13, estimator__max_iter=100, estimator__max_leaf_nodes=25; total time=   0.0s
[CV] END estimator__learning_rate=0.2, estimator__max_depth=11, estimator__max_iter=100, estimator__max_leaf_nodes=27; total time=   0.0s
[CV] END estimator__learning_rate=0.2, estimator__max_depth=11, estimator__max_iter=100, estimator__max_leaf_nodes=27; total time=   0.0s
[CV] END estimator__learning_rate=0.2, estimator__max_depth=11, estimator__max_iter=100, estimator__max_leaf_nodes=27; total time=   0.0s
[CV] END estimator__learning_rate=0.2, estimator__max_depth=11, estimator__max_iter=100, estimator__max_leaf_nodes=27; total time=   0.0s
[CV] END estimator__learning_rate=0.21, estimator__max_depth=9, estimator__max_iter=100, estimator__max_leaf_nodes=28; total time=   0.0s
[CV] END estimator__learning_rate=0.21, estimator__max_depth=9, estimator__max_iter=100, estimator__max_leaf_nodes=28; total time=   0.0s
[CV] END estimator__learning_rate=0.21, estimator__max_depth=9, estimator__max_iter=100, estimator__max_leaf_nodes=28; total time=   0.0s
[CV] END estimator__learning_rate=0.21, estimator__max_depth=9, estimator__max_iter=100, estimator__max_leaf_nodes=28; total time=   0.0s
[CV] END estimator__learning_rate=0.22, estimator__max_depth=9, estimator__max_iter=100, estimator__max_leaf_nodes=24; total time=   0.0s
[CV] END estimator__learning_rate=0.22, estimator__max_depth=9, estimator__max_iter=100, estimator__max_leaf_nodes=25; total time=   0.0s
[CV] END estimator__learning_rate=0.22, estimator__max_depth=9, estimator__max_iter=100, estimator__max_leaf_nodes=25; total time=   0.0s
[CV] END estimator__learning_rate=0.22, estimator__max_depth=9, estimator__max_iter=100, estimator__max_leaf_nodes=25; total time=   0.0s
[CV] END estimator__learning_rate=0.22, estimator__max_depth=11, estimator__max_iter=100, estimator__max_leaf_nodes=28; total time=   0.0s
[CV] END estimator__learning_rate=0.22, estimator__max_depth=12, estimator__max_iter=100, estimator__max_leaf_nodes=28; total time=   0.0s
[CV] END estimator__learning_rate=0.22, estimator__max_depth=13, estimator__max_iter=100, estimator__max_leaf_nodes=28; total time=   0.0s
[CV] END estimator__learning_rate=0.18, estimator__max_depth=9, estimator__max_iter=100, estimator__max_leaf_nodes=27; total time=   0.0s
[CV] END estimator__learning_rate=0.18, estimator__max_depth=12, estimator__max_iter=100, estimator__max_leaf_nodes=27; total time=   0.0s
[CV] END estimator__learning_rate=0.18, estimator__max_depth=13, estimator__max_iter=100, estimator__max_leaf_nodes=27; total time=   0.0s
[CV] END estimator__learning_rate=0.19, estimator__max_depth=10, estimator__max_iter=100, estimator__max_leaf_nodes=25; total time=   0.0s
[CV] END estimator__learning_rate=0.19, estimator__max_depth=10, estimator__max_iter=100, estimator__max_leaf_nodes=25; total time=   0.0s
[CV] END estimator__learning_rate=0.19, estimator__max_depth=11, estimator__max_iter=100, estimator__max_leaf_nodes=26; total time=   0.0s
[CV] END estimator__learning_rate=0.19, estimator__max_depth=11, estimator__max_iter=100, estimator__max_leaf_nodes=26; total time=   0.0s
[CV] END estimator__learning_rate=0.19, estimator__max_depth=11, estimator__max_iter=100, estimator__max_leaf_nodes=27; total time=   0.0s
[CV] END estimator__learning_rate=0.19, estimator__max_depth=11, estimator__max_iter=100, estimator__max_leaf_nodes=27; total time=   0.0s
[CV] END estimator__learning_rate=0.2, estimator__max_depth=11, estimator__max_iter=100, estimator__max_leaf_nodes=24; total time=   0.0s
[CV] END estimator__learning_rate=0.2, estimator__max_depth=11, estimator__max_iter=100, estimator__max_leaf_nodes=24; total time=   0.0s
[CV] END estimator__learning_rate=0.2, estimator__max_depth=11, estimator__max_iter=100, estimator__max_leaf_nodes=24; total time=   0.0s
[CV] END estimator__learning_rate=0.2, estimator__max_depth=11, estimator__max_iter=100, estimator__max_leaf_nodes=24; total time=   0.0s
[CV] END estimator__learning_rate=0.21, estimator__max_depth=10, estimator__max_iter=100, estimator__max_leaf_nodes=25; total time=   0.0s
[CV] END estimator__learning_rate=0.21, estimator__max_depth=10, estimator__max_iter=100, estimator__max_leaf_nodes=25; total time=   0.0s
[CV] END estimator__learning_rate=0.21, estimator__max_depth=10, estimator__max_iter=100, estimator__max_leaf_nodes=26; total time=   0.0s
[CV] END estimator__learning_rate=0.21, estimator__max_depth=10, estimator__max_iter=100, estimator__max_leaf_nodes=26; total time=   0.0s
[CV] END estimator__learning_rate=0.21, estimator__max_depth=13, estimator__max_iter=100, estimator__max_leaf_nodes=26; total time=   0.0s
[CV] END estimator__learning_rate=0.21, estimator__max_depth=13, estimator__max_iter=100, estimator__max_leaf_nodes=26; total time=   0.0s
[CV] END estimator__learning_rate=0.21, estimator__max_depth=13, estimator__max_iter=100, estimator__max_leaf_nodes=27; total time=   0.0s
[CV] END estimator__learning_rate=0.21, estimator__max_depth=13, estimator__max_iter=100, estimator__max_leaf_nodes=27; total time=   0.0s
[CV] END estimator__learning_rate=0.22, estimator__max_depth=11, estimator__max_iter=100, estimator__max_leaf_nodes=27; total time=   0.0s
[CV] END estimator__learning_rate=0.22, estimator__max_depth=12, estimator__max_iter=100, estimator__max_leaf_nodes=26; total time=   0.0s
[CV] END estimator__learning_rate=0.22, estimator__max_depth=13, estimator__max_iter=100, estimator__max_leaf_nodes=26; total time=   0.0s
[CV] END estimator__learning_rate=0.18, estimator__max_depth=9, estimator__max_iter=100, estimator__max_leaf_nodes=24; total time=   0.0s
[CV] END estimator__learning_rate=0.18, estimator__max_depth=9, estimator__max_iter=100, estimator__max_leaf_nodes=28; total time=   0.0s
[CV] END estimator__learning_rate=0.18, estimator__max_depth=10, estimator__max_iter=100, estimator__max_leaf_nodes=24; total time=   0.0s
[CV] END estimator__learning_rate=0.18, estimator__max_depth=10, estimator__max_iter=100, estimator__max_leaf_nodes=24; total time=   0.0s
[CV] END estimator__learning_rate=0.18, estimator__max_depth=10, estimator__max_iter=100, estimator__max_leaf_nodes=25; total time=   0.0s
[CV] END estimator__learning_rate=0.18, estimator__max_depth=10, estimator__max_iter=100, estimator__max_leaf_nodes=26; total time=   0.0s
[CV] END estimator__learning_rate=0.18, estimator__max_depth=10, estimator__max_iter=100, estimator__max_leaf_nodes=27; total time=   0.0s
[CV] END estimator__learning_rate=0.18, estimator__max_depth=11, estimator__max_iter=100, estimator__max_leaf_nodes=24; total time=   0.0s
[CV] END estimator__learning_rate=0.18, estimator__max_depth=11, estimator__max_iter=100, estimator__max_leaf_nodes=26; total time=   0.0s
[CV] END estimator__learning_rate=0.18, estimator__max_depth=12, estimator__max_iter=100, estimator__max_leaf_nodes=24; total time=   0.0s
[CV] END estimator__learning_rate=0.18, estimator__max_depth=12, estimator__max_iter=100, estimator__max_leaf_nodes=26; total time=   0.0s
[CV] END estimator__learning_rate=0.18, estimator__max_depth=13, estimator__max_iter=100, estimator__max_leaf_nodes=25; total time=   0.0s
[CV] END estimator__learning_rate=0.19, estimator__max_depth=10, estimator__max_iter=100, estimator__max_leaf_nodes=24; total time=   0.0s
[CV] END estimator__learning_rate=0.19, estimator__max_depth=10, estimator__max_iter=100, estimator__max_leaf_nodes=24; total time=   0.0s
[CV] END estimator__learning_rate=0.19, estimator__max_depth=13, estimator__max_iter=100, estimator__max_leaf_nodes=27; total time=   0.0s
[CV] END estimator__learning_rate=0.19, estimator__max_depth=13, estimator__max_iter=100, estimator__max_leaf_nodes=27; total time=   0.0s
[CV] END estimator__learning_rate=0.19, estimator__max_depth=13, estimator__max_iter=100, estimator__max_leaf_nodes=27; total time=   0.0s
[CV] END estimator__learning_rate=0.19, estimator__max_depth=13, estimator__max_iter=100, estimator__max_leaf_nodes=27; total time=   0.0s
[CV] END estimator__learning_rate=0.2, estimator__max_depth=12, estimator__max_iter=100, estimator__max_leaf_nodes=27; total time=   0.0s
[CV] END estimator__learning_rate=0.2, estimator__max_depth=12, estimator__max_iter=100, estimator__max_leaf_nodes=27; total time=   0.0s
[CV] END estimator__learning_rate=0.2, estimator__max_depth=12, estimator__max_iter=100, estimator__max_leaf_nodes=27; total time=   0.0s
[CV] END estimator__learning_rate=0.2, estimator__max_depth=12, estimator__max_iter=100, estimator__max_leaf_nodes=27; total time=   0.0s
[CV] END estimator__learning_rate=0.21, estimator__max_depth=11, estimator__max_iter=100, estimator__max_leaf_nodes=27; total time=   0.0s
[CV] END estimator__learning_rate=0.21, estimator__max_depth=11, estimator__max_iter=100, estimator__max_leaf_nodes=28; total time=   0.0s
[CV] END estimator__learning_rate=0.21, estimator__max_depth=11, estimator__max_iter=100, estimator__max_leaf_nodes=28; total time=   0.0s
[CV] END estimator__learning_rate=0.21, estimator__max_depth=11, estimator__max_iter=100, estimator__max_leaf_nodes=28; total time=   0.0s
[CV] END estimator__learning_rate=0.22, estimator__max_depth=10, estimator__max_iter=100, estimator__max_leaf_nodes=27; total time=   0.0s
[CV] END estimator__learning_rate=0.22, estimator__max_depth=10, estimator__max_iter=100, estimator__max_leaf_nodes=28; total time=   0.0s
[CV] END estimator__learning_rate=0.22, estimator__max_depth=10, estimator__max_iter=100, estimator__max_leaf_nodes=28; total time=   0.0s
[CV] END estimator__learning_rate=0.22, estimator__max_depth=10, estimator__max_iter=100, estimator__max_leaf_nodes=28; total time=   0.0s
[CV] END estimator__learning_rate=0.22, estimator__max_depth=11, estimator__max_iter=100, estimator__max_leaf_nodes=28; total time=   0.0s
[CV] END estimator__learning_rate=0.22, estimator__max_depth=12, estimator__max_iter=100, estimator__max_leaf_nodes=28; total time=   0.0s
[CV] END estimator__learning_rate=0.22, estimator__max_depth=13, estimator__max_iter=100, estimator__max_leaf_nodes=25; total time=   0.0s
[CV] END estimator__learning_rate=0.18, estimator__max_depth=9, estimator__max_iter=100, estimator__max_leaf_nodes=26; total time=   0.0s
[CV] END estimator__learning_rate=0.18, estimator__max_depth=12, estimator__max_iter=100, estimator__max_leaf_nodes=28; total time=   0.0s
[CV] END estimator__learning_rate=0.18, estimator__max_depth=13, estimator__max_iter=100, estimator__max_leaf_nodes=28; total time=   0.0s
[CV] END estimator__learning_rate=0.19, estimator__max_depth=9, estimator__max_iter=100, estimator__max_leaf_nodes=24; total time=   0.0s
[CV] END estimator__learning_rate=0.19, estimator__max_depth=12, estimator__max_iter=100, estimator__max_leaf_nodes=24; total time=   0.0s
[CV] END estimator__learning_rate=0.19, estimator__max_depth=12, estimator__max_iter=100, estimator__max_leaf_nodes=24; total time=   0.0s
[CV] END estimator__learning_rate=0.19, estimator__max_depth=12, estimator__max_iter=100, estimator__max_leaf_nodes=24; total time=   0.0s
[CV] END estimator__learning_rate=0.19, estimator__max_depth=12, estimator__max_iter=100, estimator__max_leaf_nodes=24; total time=   0.0s
[CV] END estimator__learning_rate=0.2, estimator__max_depth=10, estimator__max_iter=100, estimator__max_leaf_nodes=26; total time=   0.0s
[CV] END estimator__learning_rate=0.2, estimator__max_depth=10, estimator__max_iter=100, estimator__max_leaf_nodes=26; total time=   0.0s
[CV] END estimator__learning_rate=0.2, estimator__max_depth=10, estimator__max_iter=100, estimator__max_leaf_nodes=27; total time=   0.0s
[CV] END estimator__learning_rate=0.2, estimator__max_depth=10, estimator__max_iter=100, estimator__max_leaf_nodes=27; total time=   0.0s
[CV] END estimator__learning_rate=0.21, estimator__max_depth=10, estimator__max_iter=100, estimator__max_leaf_nodes=24; total time=   0.0s
[CV] END estimator__learning_rate=0.21, estimator__max_depth=10, estimator__max_iter=100, estimator__max_leaf_nodes=25; total time=   0.0s
[CV] END estimator__learning_rate=0.21, estimator__max_depth=10, estimator__max_iter=100, estimator__max_leaf_nodes=25; total time=   0.0s
[CV] END estimator__learning_rate=0.21, estimator__max_depth=10, estimator__max_iter=100, estimator__max_leaf_nodes=25; total time=   0.0s
[CV] END estimator__learning_rate=0.21, estimator__max_depth=13, estimator__max_iter=100, estimator__max_leaf_nodes=25; total time=   0.0s
[CV] END estimator__learning_rate=0.21, estimator__max_depth=13, estimator__max_iter=100, estimator__max_leaf_nodes=26; total time=   0.0s
[CV] END estimator__learning_rate=0.21, estimator__max_depth=13, estimator__max_iter=100, estimator__max_leaf_nodes=26; total time=   0.0s
[CV] END estimator__learning_rate=0.21, estimator__max_depth=13, estimator__max_iter=100, estimator__max_leaf_nodes=26; total time=   0.0s
[CV] END estimator__learning_rate=0.22, estimator__max_depth=11, estimator__max_iter=100, estimator__max_leaf_nodes=26; total time=   0.0s
[CV] END estimator__learning_rate=0.22, estimator__max_depth=12, estimator__max_iter=100, estimator__max_leaf_nodes=26; total time=   0.0s
[CV] END estimator__learning_rate=0.22, estimator__max_depth=13, estimator__max_iter=100, estimator__max_leaf_nodes=26; total time=   0.0s
[CV] END estimator__learning_rate=0.18, estimator__max_depth=9, estimator__max_iter=100, estimator__max_leaf_nodes=27; total time=   0.0s
[CV] END estimator__learning_rate=0.18, estimator__max_depth=12, estimator__max_iter=100, estimator__max_leaf_nodes=27; total time=   0.0s
[CV] END estimator__learning_rate=0.18, estimator__max_depth=13, estimator__max_iter=100, estimator__max_leaf_nodes=27; total time=   0.0s
[CV] END estimator__learning_rate=0.19, estimator__max_depth=10, estimator__max_iter=100, estimator__max_leaf_nodes=26; total time=   0.0s
[CV] END estimator__learning_rate=0.19, estimator__max_depth=10, estimator__max_iter=100, estimator__max_leaf_nodes=27; total time=   0.0s
[CV] END estimator__learning_rate=0.2, estimator__max_depth=9, estimator__max_iter=100, estimator__max_leaf_nodes=25; total time=   0.0s
[CV] END estimator__learning_rate=0.2, estimator__max_depth=9, estimator__max_iter=100, estimator__max_leaf_nodes=25; total time=   0.0s
[CV] END estimator__learning_rate=0.2, estimator__max_depth=9, estimator__max_iter=100, estimator__max_leaf_nodes=25; total time=   0.0s
[CV] END estimator__learning_rate=0.2, estimator__max_depth=9, estimator__max_iter=100, estimator__max_leaf_nodes=25; total time=   0.0s
[CV] END estimator__learning_rate=0.2, estimator__max_depth=13, estimator__max_iter=100, estimator__max_leaf_nodes=24; total time=   0.0s
[CV] END estimator__learning_rate=0.2, estimator__max_depth=13, estimator__max_iter=100, estimator__max_leaf_nodes=24; total time=   0.0s
[CV] END estimator__learning_rate=0.2, estimator__max_depth=13, estimator__max_iter=100, estimator__max_leaf_nodes=24; total time=   0.0s
[CV] END estimator__learning_rate=0.2, estimator__max_depth=13, estimator__max_iter=100, estimator__max_leaf_nodes=25; total time=   0.0s
[CV] END estimator__learning_rate=0.21, estimator__max_depth=9, estimator__max_iter=100, estimator__max_leaf_nodes=27; total time=   0.0s
[CV] END estimator__learning_rate=0.21, estimator__max_depth=9, estimator__max_iter=100, estimator__max_leaf_nodes=27; total time=   0.0s
[CV] END estimator__learning_rate=0.21, estimator__max_depth=9, estimator__max_iter=100, estimator__max_leaf_nodes=27; total time=   0.0s
[CV] END estimator__learning_rate=0.21, estimator__max_depth=9, estimator__max_iter=100, estimator__max_leaf_nodes=28; total time=   0.0s
[CV] END estimator__learning_rate=0.21, estimator__max_depth=13, estimator__max_iter=100, estimator__max_leaf_nodes=28; total time=   0.0s
[CV] END estimator__learning_rate=0.21, estimator__max_depth=13, estimator__max_iter=100, estimator__max_leaf_nodes=28; total time=   0.0s
[CV] END estimator__learning_rate=0.21, estimator__max_depth=13, estimator__max_iter=100, estimator__max_leaf_nodes=28; total time=   0.0s
[CV] END estimator__learning_rate=0.21, estimator__max_depth=13, estimator__max_iter=100, estimator__max_leaf_nodes=28; total time=   0.0s
[CV] END estimator__learning_rate=0.22, estimator__max_depth=11, estimator__max_iter=100, estimator__max_leaf_nodes=28; total time=   0.0s
[CV] END estimator__learning_rate=0.22, estimator__max_depth=12, estimator__max_iter=100, estimator__max_leaf_nodes=27; total time=   0.0s
[CV] END estimator__learning_rate=0.22, estimator__max_depth=13, estimator__max_iter=100, estimator__max_leaf_nodes=26; total time=   0.0s
[CV] END estimator__learning_rate=0.18, estimator__max_depth=9, estimator__max_iter=100, estimator__max_leaf_nodes=27; total time=   0.0s
[CV] END estimator__learning_rate=0.18, estimator__max_depth=11, estimator__max_iter=100, estimator__max_leaf_nodes=25; total time=   0.0s
[CV] END estimator__learning_rate=0.18, estimator__max_depth=11, estimator__max_iter=100, estimator__max_leaf_nodes=27; total time=   0.0s
[CV] END estimator__learning_rate=0.18, estimator__max_depth=12, estimator__max_iter=100, estimator__max_leaf_nodes=24; total time=   0.0s
[CV] END estimator__learning_rate=0.18, estimator__max_depth=12, estimator__max_iter=100, estimator__max_leaf_nodes=28; total time=   0.0s
[CV] END estimator__learning_rate=0.18, estimator__max_depth=13, estimator__max_iter=100, estimator__max_leaf_nodes=28; total time=   0.0s
[CV] END estimator__learning_rate=0.18, estimator__max_depth=13, estimator__max_iter=100, estimator__max_leaf_nodes=28; total time=   0.0s
[CV] END estimator__learning_rate=0.19, estimator__max_depth=10, estimator__max_iter=100, estimator__max_leaf_nodes=28; total time=   0.0s
[CV] END estimator__learning_rate=0.19, estimator__max_depth=10, estimator__max_iter=100, estimator__max_leaf_nodes=28; total time=   0.0s
[CV] END estimator__learning_rate=0.19, estimator__max_depth=10, estimator__max_iter=100, estimator__max_leaf_nodes=28; total time=   0.0s
[CV] END estimator__learning_rate=0.19, estimator__max_depth=11, estimator__max_iter=100, estimator__max_leaf_nodes=24; total time=   0.0s
[CV] END estimator__learning_rate=0.2, estimator__max_depth=10, estimator__max_iter=100, estimator__max_leaf_nodes=25; total time=   0.0s
[CV] END estimator__learning_rate=0.2, estimator__max_depth=10, estimator__max_iter=100, estimator__max_leaf_nodes=25; total time=   0.0s
[CV] END estimator__learning_rate=0.2, estimator__max_depth=10, estimator__max_iter=100, estimator__max_leaf_nodes=25; total time=   0.0s
[CV] END estimator__learning_rate=0.2, estimator__max_depth=10, estimator__max_iter=100, estimator__max_leaf_nodes=25; total time=   0.0s
[CV] END estimator__learning_rate=0.21, estimator__max_depth=9, estimator__max_iter=100, estimator__max_leaf_nodes=24; total time=   0.0s
[CV] END estimator__learning_rate=0.21, estimator__max_depth=9, estimator__max_iter=100, estimator__max_leaf_nodes=24; total time=   0.0s
[CV] END estimator__learning_rate=0.21, estimator__max_depth=9, estimator__max_iter=100, estimator__max_leaf_nodes=24; total time=   0.0s
[CV] END estimator__learning_rate=0.21, estimator__max_depth=9, estimator__max_iter=100, estimator__max_leaf_nodes=24; total time=   0.0s
[CV] END estimator__learning_rate=0.21, estimator__max_depth=13, estimator__max_iter=100, estimator__max_leaf_nodes=25; total time=   0.0s
[CV] END estimator__learning_rate=0.21, estimator__max_depth=13, estimator__max_iter=100, estimator__max_leaf_nodes=25; total time=   0.0s
[CV] END estimator__learning_rate=0.21, estimator__max_depth=13, estimator__max_iter=100, estimator__max_leaf_nodes=25; total time=   0.0s
[CV] END estimator__learning_rate=0.21, estimator__max_depth=13, estimator__max_iter=100, estimator__max_leaf_nodes=25; total time=   0.0s
[CV] END estimator__learning_rate=0.22, estimator__max_depth=11, estimator__max_iter=100, estimator__max_leaf_nodes=26; total time=   0.0s
[CV] END estimator__learning_rate=0.22, estimator__max_depth=12, estimator__max_iter=100, estimator__max_leaf_nodes=25; total time=   0.0s
[CV] END estimator__learning_rate=0.22, estimator__max_depth=13, estimator__max_iter=100, estimator__max_leaf_nodes=26; total time=   0.0s
[CV] END estimator__learning_rate=0.18, estimator__max_depth=9, estimator__max_iter=100, estimator__max_leaf_nodes=25; total time=   0.0s
[CV] END estimator__learning_rate=0.18, estimator__max_depth=10, estimator__max_iter=100, estimator__max_leaf_nodes=27; total time=   0.0s
[CV] END estimator__learning_rate=0.18, estimator__max_depth=11, estimator__max_iter=100, estimator__max_leaf_nodes=24; total time=   0.0s
[CV] END estimator__learning_rate=0.18, estimator__max_depth=11, estimator__max_iter=100, estimator__max_leaf_nodes=26; total time=   0.0s
[CV] END estimator__learning_rate=0.18, estimator__max_depth=11, estimator__max_iter=100, estimator__max_leaf_nodes=28; total time=   0.0s
[CV] END estimator__learning_rate=0.18, estimator__max_depth=12, estimator__max_iter=100, estimator__max_leaf_nodes=26; total time=   0.0s
[CV] END estimator__learning_rate=0.18, estimator__max_depth=13, estimator__max_iter=100, estimator__max_leaf_nodes=26; total time=   0.0s
[CV] END estimator__learning_rate=0.19, estimator__max_depth=10, estimator__max_iter=100, estimator__max_leaf_nodes=24; total time=   0.0s
[CV] END estimator__learning_rate=0.19, estimator__max_depth=10, estimator__max_iter=100, estimator__max_leaf_nodes=25; total time=   0.0s
[CV] END estimator__learning_rate=0.19, estimator__max_depth=11, estimator__max_iter=100, estimator__max_leaf_nodes=24; total time=   0.0s
[CV] END estimator__learning_rate=0.19, estimator__max_depth=11, estimator__max_iter=100, estimator__max_leaf_nodes=24; total time=   0.0s
[CV] END estimator__learning_rate=0.19, estimator__max_depth=11, estimator__max_iter=100, estimator__max_leaf_nodes=24; total time=   0.0s
[CV] END estimator__learning_rate=0.19, estimator__max_depth=11, estimator__max_iter=100, estimator__max_leaf_nodes=24; total time=   0.0s
[CV] END estimator__learning_rate=0.2, estimator__max_depth=9, estimator__max_iter=100, estimator__max_leaf_nodes=26; total time=   0.0s
[CV] END estimator__learning_rate=0.2, estimator__max_depth=9, estimator__max_iter=100, estimator__max_leaf_nodes=27; total time=   0.0s
[CV] END estimator__learning_rate=0.2, estimator__max_depth=9, estimator__max_iter=100, estimator__max_leaf_nodes=27; total time=   0.0s
[CV] END estimator__learning_rate=0.2, estimator__max_depth=9, estimator__max_iter=100, estimator__max_leaf_nodes=27; total time=   0.0s
[CV] END estimator__learning_rate=0.2, estimator__max_depth=13, estimator__max_iter=100, estimator__max_leaf_nodes=26; total time=   0.0s
[CV] END estimator__learning_rate=0.2, estimator__max_depth=13, estimator__max_iter=100, estimator__max_leaf_nodes=26; total time=   0.0s
[CV] END estimator__learning_rate=0.2, estimator__max_depth=13, estimator__max_iter=100, estimator__max_leaf_nodes=26; total time=   0.0s
[CV] END estimator__learning_rate=0.2, estimator__max_depth=13, estimator__max_iter=100, estimator__max_leaf_nodes=26; total time=   0.0s
[CV] END estimator__learning_rate=0.21, estimator__max_depth=12, estimator__max_iter=100, estimator__max_leaf_nodes=28; total time=   0.0s
[CV] END estimator__learning_rate=0.21, estimator__max_depth=12, estimator__max_iter=100, estimator__max_leaf_nodes=28; total time=   0.0s
[CV] END estimator__learning_rate=0.21, estimator__max_depth=12, estimator__max_iter=100, estimator__max_leaf_nodes=28; total time=   0.0s
[CV] END estimator__learning_rate=0.21, estimator__max_depth=13, estimator__max_iter=100, estimator__max_leaf_nodes=24; total time=   0.0s
[CV] END estimator__learning_rate=0.22, estimator__max_depth=11, estimator__max_iter=100, estimator__max_leaf_nodes=24; total time=   0.0s
[CV] END estimator__learning_rate=0.22, estimator__max_depth=11, estimator__max_iter=100, estimator__max_leaf_nodes=27; total time=   0.0s
[CV] END estimator__learning_rate=0.22, estimator__max_depth=12, estimator__max_iter=100, estimator__max_leaf_nodes=26; total time=   0.0s
[CV] END estimator__learning_rate=0.22, estimator__max_depth=13, estimator__max_iter=100, estimator__max_leaf_nodes=26; total time=   0.0s
[CV] END estimator__learning_rate=0.18, estimator__max_depth=9, estimator__max_iter=100, estimator__max_leaf_nodes=27; total time=   0.0s
[CV] END estimator__learning_rate=0.18, estimator__max_depth=11, estimator__max_iter=100, estimator__max_leaf_nodes=24; total time=   0.0s
[CV] END estimator__learning_rate=0.18, estimator__max_depth=11, estimator__max_iter=100, estimator__max_leaf_nodes=27; total time=   0.0s
[CV] END estimator__learning_rate=0.18, estimator__max_depth=12, estimator__max_iter=100, estimator__max_leaf_nodes=24; total time=   0.0s
[CV] END estimator__learning_rate=0.18, estimator__max_depth=12, estimator__max_iter=100, estimator__max_leaf_nodes=27; total time=   0.0s
[CV] END estimator__learning_rate=0.18, estimator__max_depth=13, estimator__max_iter=100, estimator__max_leaf_nodes=27; total time=   0.0s
[CV] END estimator__learning_rate=0.19, estimator__max_depth=10, estimator__max_iter=100, estimator__max_leaf_nodes=27; total time=   0.0s
[CV] END estimator__learning_rate=0.19, estimator__max_depth=10, estimator__max_iter=100, estimator__max_leaf_nodes=27; total time=   0.0s
[CV] END estimator__learning_rate=0.2, estimator__max_depth=9, estimator__max_iter=100, estimator__max_leaf_nodes=26; total time=   0.0s
[CV] END estimator__learning_rate=0.2, estimator__max_depth=9, estimator__max_iter=100, estimator__max_leaf_nodes=26; total time=   0.0s
[CV] END estimator__learning_rate=0.2, estimator__max_depth=9, estimator__max_iter=100, estimator__max_leaf_nodes=26; total time=   0.0s
[CV] END estimator__learning_rate=0.2, estimator__max_depth=9, estimator__max_iter=100, estimator__max_leaf_nodes=26; total time=   0.0s
[CV] END estimator__learning_rate=0.2, estimator__max_depth=13, estimator__max_iter=100, estimator__max_leaf_nodes=25; total time=   0.0s
[CV] END estimator__learning_rate=0.2, estimator__max_depth=13, estimator__max_iter=100, estimator__max_leaf_nodes=25; total time=   0.0s
[CV] END estimator__learning_rate=0.2, estimator__max_depth=13, estimator__max_iter=100, estimator__max_leaf_nodes=25; total time=   0.0s
[CV] END estimator__learning_rate=0.2, estimator__max_depth=13, estimator__max_iter=100, estimator__max_leaf_nodes=25; total time=   0.0s
[CV] END estimator__learning_rate=0.21, estimator__max_depth=12, estimator__max_iter=100, estimator__max_leaf_nodes=24; total time=   0.0s
[CV] END estimator__learning_rate=0.21, estimator__max_depth=12, estimator__max_iter=100, estimator__max_leaf_nodes=24; total time=   0.0s
[CV] END estimator__learning_rate=0.21, estimator__max_depth=12, estimator__max_iter=100, estimator__max_leaf_nodes=24; total time=   0.0s
[CV] END estimator__learning_rate=0.21, estimator__max_depth=12, estimator__max_iter=100, estimator__max_leaf_nodes=25; total time=   0.0s
[CV] END estimator__learning_rate=0.22, estimator__max_depth=10, estimator__max_iter=100, estimator__max_leaf_nodes=28; total time=   0.0s
[CV] END estimator__learning_rate=0.22, estimator__max_depth=10, estimator__max_iter=100, estimator__max_leaf_nodes=28; total time=   0.0s
[CV] END estimator__learning_rate=0.22, estimator__max_depth=11, estimator__max_iter=100, estimator__max_leaf_nodes=24; total time=   0.0s
[CV] END estimator__learning_rate=0.22, estimator__max_depth=11, estimator__max_iter=100, estimator__max_leaf_nodes=24; total time=   0.0s
[CV] END estimator__learning_rate=0.22, estimator__max_depth=12, estimator__max_iter=100, estimator__max_leaf_nodes=26; total time=   0.0s
[CV] END estimator__learning_rate=0.22, estimator__max_depth=13, estimator__max_iter=100, estimator__max_leaf_nodes=27; total time=   0.0s
[CV] END estimator__learning_rate=0.18, estimator__max_depth=9, estimator__max_iter=100, estimator__max_leaf_nodes=24; total time=   0.0s
[CV] END estimator__learning_rate=0.18, estimator__max_depth=13, estimator__max_iter=100, estimator__max_leaf_nodes=25; total time=   0.0s
[CV] END estimator__learning_rate=0.19, estimator__max_depth=9, estimator__max_iter=100, estimator__max_leaf_nodes=28; total time=   0.0s
[CV] END estimator__learning_rate=0.19, estimator__max_depth=9, estimator__max_iter=100, estimator__max_leaf_nodes=28; total time=   0.0s
[CV] END estimator__learning_rate=0.19, estimator__max_depth=13, estimator__max_iter=100, estimator__max_leaf_nodes=25; total time=   0.0s
[CV] END estimator__learning_rate=0.19, estimator__max_depth=13, estimator__max_iter=100, estimator__max_leaf_nodes=25; total time=   0.0s
[CV] END estimator__learning_rate=0.19, estimator__max_depth=13, estimator__max_iter=100, estimator__max_leaf_nodes=25; total time=   0.0s
[CV] END estimator__learning_rate=0.19, estimator__max_depth=13, estimator__max_iter=100, estimator__max_leaf_nodes=26; total time=   0.0s
[CV] END estimator__learning_rate=0.2, estimator__max_depth=12, estimator__max_iter=100, estimator__max_leaf_nodes=24; total time=   0.0s
[CV] END estimator__learning_rate=0.2, estimator__max_depth=12, estimator__max_iter=100, estimator__max_leaf_nodes=24; total time=   0.0s
[CV] END estimator__learning_rate=0.2, estimator__max_depth=12, estimator__max_iter=100, estimator__max_leaf_nodes=25; total time=   0.0s
[CV] END estimator__learning_rate=0.2, estimator__max_depth=12, estimator__max_iter=100, estimator__max_leaf_nodes=25; total time=   0.0s
[CV] END estimator__learning_rate=0.21, estimator__max_depth=11, estimator__max_iter=100, estimator__max_leaf_nodes=26; total time=   0.0s
[CV] END estimator__learning_rate=0.21, estimator__max_depth=11, estimator__max_iter=100, estimator__max_leaf_nodes=26; total time=   0.0s
[CV] END estimator__learning_rate=0.21, estimator__max_depth=11, estimator__max_iter=100, estimator__max_leaf_nodes=26; total time=   0.0s
[CV] END estimator__learning_rate=0.21, estimator__max_depth=11, estimator__max_iter=100, estimator__max_leaf_nodes=26; total time=   0.0s
[CV] END estimator__learning_rate=0.22, estimator__max_depth=10, estimator__max_iter=100, estimator__max_leaf_nodes=26; total time=   0.0s
[CV] END estimator__learning_rate=0.22, estimator__max_depth=10, estimator__max_iter=100, estimator__max_leaf_nodes=26; total time=   0.0s
[CV] END estimator__learning_rate=0.22, estimator__max_depth=10, estimator__max_iter=100, estimator__max_leaf_nodes=26; total time=   0.0s
[CV] END estimator__learning_rate=0.22, estimator__max_depth=10, estimator__max_iter=100, estimator__max_leaf_nodes=26; total time=   0.0s
[CV] END estimator__learning_rate=0.22, estimator__max_depth=12, estimator__max_iter=100, estimator__max_leaf_nodes=27; total time=   0.0s
[CV] END estimator__learning_rate=0.22, estimator__max_depth=13, estimator__max_iter=100, estimator__max_leaf_nodes=27; total time=   0.0s
[CV] END estimator__learning_rate=0.18, estimator__max_depth=9, estimator__max_iter=100, estimator__max_leaf_nodes=28; total time=   0.0s
[CV] END estimator__learning_rate=0.18, estimator__max_depth=13, estimator__max_iter=100, estimator__max_leaf_nodes=24; total time=   0.0s
[CV] END estimator__learning_rate=0.19, estimator__max_depth=9, estimator__max_iter=100, estimator__max_leaf_nodes=26; total time=   0.0s
[CV] END estimator__learning_rate=0.19, estimator__max_depth=9, estimator__max_iter=100, estimator__max_leaf_nodes=26; total time=   0.0s
[CV] END estimator__learning_rate=0.19, estimator__max_depth=12, estimator__max_iter=100, estimator__max_leaf_nodes=26; total time=   0.0s
[CV] END estimator__learning_rate=0.19, estimator__max_depth=12, estimator__max_iter=100, estimator__max_leaf_nodes=26; total time=   0.0s
[CV] END estimator__learning_rate=0.19, estimator__max_depth=12, estimator__max_iter=100, estimator__max_leaf_nodes=26; total time=   0.0s
[CV] END estimator__learning_rate=0.19, estimator__max_depth=12, estimator__max_iter=100, estimator__max_leaf_nodes=27; total time=   0.0s
[CV] END estimator__learning_rate=0.2, estimator__max_depth=10, estimator__max_iter=100, estimator__max_leaf_nodes=28; total time=   0.0s
[CV] END estimator__learning_rate=0.2, estimator__max_depth=10, estimator__max_iter=100, estimator__max_leaf_nodes=28; total time=   0.0s
[CV] END estimator__learning_rate=0.2, estimator__max_depth=10, estimator__max_iter=100, estimator__max_leaf_nodes=28; total time=   0.0s
[CV] END estimator__learning_rate=0.2, estimator__max_depth=10, estimator__max_iter=100, estimator__max_leaf_nodes=28; total time=   0.0s
[CV] END estimator__learning_rate=0.21, estimator__max_depth=10, estimator__max_iter=100, estimator__max_leaf_nodes=24; total time=   0.0s
[CV] END estimator__learning_rate=0.21, estimator__max_depth=10, estimator__max_iter=100, estimator__max_leaf_nodes=24; total time=   0.0s
[CV] END estimator__learning_rate=0.21, estimator__max_depth=10, estimator__max_iter=100, estimator__max_leaf_nodes=24; total time=   0.0s
[CV] END estimator__learning_rate=0.21, estimator__max_depth=10, estimator__max_iter=100, estimator__max_leaf_nodes=24; total time=   0.0s
[CV] END estimator__learning_rate=0.22, estimator__max_depth=9, estimator__max_iter=100, estimator__max_leaf_nodes=26; total time=   0.0s
[CV] END estimator__learning_rate=0.22, estimator__max_depth=9, estimator__max_iter=100, estimator__max_leaf_nodes=26; total time=   0.0s
[CV] END estimator__learning_rate=0.22, estimator__max_depth=9, estimator__max_iter=100, estimator__max_leaf_nodes=26; total time=   0.0s
[CV] END estimator__learning_rate=0.22, estimator__max_depth=9, estimator__max_iter=100, estimator__max_leaf_nodes=27; total time=   0.0s
[CV] END estimator__learning_rate=0.22, estimator__max_depth=11, estimator__max_iter=100, estimator__max_leaf_nodes=27; total time=   0.0s
[CV] END estimator__learning_rate=0.22, estimator__max_depth=12, estimator__max_iter=100, estimator__max_leaf_nodes=27; total time=   0.0s
[CV] END estimator__learning_rate=0.22, estimator__max_depth=13, estimator__max_iter=100, estimator__max_leaf_nodes=27; total time=   0.0s
[CV] END estimator__learning_rate=0.18, estimator__max_depth=9, estimator__max_iter=100, estimator__max_leaf_nodes=26; total time=   0.0s
[CV] END estimator__learning_rate=0.18, estimator__max_depth=10, estimator__max_iter=100, estimator__max_leaf_nodes=28; total time=   0.0s
[CV] END estimator__learning_rate=0.18, estimator__max_depth=11, estimator__max_iter=100, estimator__max_leaf_nodes=25; total time=   0.0s
[CV] END estimator__learning_rate=0.18, estimator__max_depth=11, estimator__max_iter=100, estimator__max_leaf_nodes=27; total time=   0.0s
[CV] END estimator__learning_rate=0.18, estimator__max_depth=12, estimator__max_iter=100, estimator__max_leaf_nodes=25; total time=   0.0s
[CV] END estimator__learning_rate=0.18, estimator__max_depth=12, estimator__max_iter=100, estimator__max_leaf_nodes=28; total time=   0.0s
[CV] END estimator__learning_rate=0.18, estimator__max_depth=13, estimator__max_iter=100, estimator__max_leaf_nodes=27; total time=   0.0s
[CV] END estimator__learning_rate=0.19, estimator__max_depth=10, estimator__max_iter=100, estimator__max_leaf_nodes=25; total time=   0.0s
[CV] END estimator__learning_rate=0.19, estimator__max_depth=10, estimator__max_iter=100, estimator__max_leaf_nodes=25; total time=   0.0s
[CV] END estimator__learning_rate=0.19, estimator__max_depth=13, estimator__max_iter=100, estimator__max_leaf_nodes=28; total time=   0.0s
[CV] END estimator__learning_rate=0.19, estimator__max_depth=13, estimator__max_iter=100, estimator__max_leaf_nodes=28; total time=   0.0s
[CV] END estimator__learning_rate=0.2, estimator__max_depth=9, estimator__max_iter=100, estimator__max_leaf_nodes=24; total time=   0.0s
[CV] END estimator__learning_rate=0.2, estimator__max_depth=9, estimator__max_iter=100, estimator__max_leaf_nodes=24; total time=   0.0s
[CV] END estimator__learning_rate=0.2, estimator__max_depth=12, estimator__max_iter=100, estimator__max_leaf_nodes=28; total time=   0.0s
[CV] END estimator__learning_rate=0.2, estimator__max_depth=12, estimator__max_iter=100, estimator__max_leaf_nodes=28; total time=   0.0s
[CV] END estimator__learning_rate=0.2, estimator__max_depth=13, estimator__max_iter=100, estimator__max_leaf_nodes=24; total time=   0.0s
[CV] END estimator__learning_rate=0.2, estimator__max_depth=13, estimator__max_iter=100, estimator__max_leaf_nodes=24; total time=   0.0s
[CV] END estimator__learning_rate=0.21, estimator__max_depth=10, estimator__max_iter=100, estimator__max_leaf_nodes=27; total time=   0.0s
[CV] END estimator__learning_rate=0.21, estimator__max_depth=10, estimator__max_iter=100, estimator__max_leaf_nodes=27; total time=   0.0s
[CV] END estimator__learning_rate=0.21, estimator__max_depth=10, estimator__max_iter=100, estimator__max_leaf_nodes=27; total time=   0.0s
[CV] END estimator__learning_rate=0.21, estimator__max_depth=10, estimator__max_iter=100, estimator__max_leaf_nodes=27; total time=   0.0s
[CV] END estimator__learning_rate=0.22, estimator__max_depth=9, estimator__max_iter=100, estimator__max_leaf_nodes=28; total time=   0.0s
[CV] END estimator__learning_rate=0.22, estimator__max_depth=9, estimator__max_iter=100, estimator__max_leaf_nodes=28; total time=   0.0s
[CV] END estimator__learning_rate=0.22, estimator__max_depth=9, estimator__max_iter=100, estimator__max_leaf_nodes=28; total time=   0.0s
[CV] END estimator__learning_rate=0.22, estimator__max_depth=9, estimator__max_iter=100, estimator__max_leaf_nodes=28; total time=   0.0s
[CV] END estimator__learning_rate=0.22, estimator__max_depth=11, estimator__max_iter=100, estimator__max_leaf_nodes=27; total time=   0.0s
[CV] END estimator__learning_rate=0.22, estimator__max_depth=12, estimator__max_iter=100, estimator__max_leaf_nodes=27; total time=   0.0s
[CV] END estimator__learning_rate=0.22, estimator__max_depth=13, estimator__max_iter=100, estimator__max_leaf_nodes=27; total time=   0.0s
[CV] END estimator__learning_rate=0.18, estimator__max_depth=9, estimator__max_iter=100, estimator__max_leaf_nodes=27; total time=   0.0s
[CV] END estimator__learning_rate=0.18, estimator__max_depth=12, estimator__max_iter=100, estimator__max_leaf_nodes=28; total time=   0.0s
[CV] END estimator__learning_rate=0.19, estimator__max_depth=9, estimator__max_iter=100, estimator__max_leaf_nodes=24; total time=   0.0s
[CV] END estimator__learning_rate=0.19, estimator__max_depth=9, estimator__max_iter=100, estimator__max_leaf_nodes=24; total time=   0.0s
[CV] END estimator__learning_rate=0.19, estimator__max_depth=11, estimator__max_iter=100, estimator__max_leaf_nodes=25; total time=   0.0s
[CV] END estimator__learning_rate=0.19, estimator__max_depth=11, estimator__max_iter=100, estimator__max_leaf_nodes=26; total time=   0.0s
[CV] END estimator__learning_rate=0.19, estimator__max_depth=11, estimator__max_iter=100, estimator__max_leaf_nodes=26; total time=   0.0s
[CV] END estimator__learning_rate=0.19, estimator__max_depth=11, estimator__max_iter=100, estimator__max_leaf_nodes=26; total time=   0.0s
[CV] END estimator__learning_rate=0.2, estimator__max_depth=11, estimator__max_iter=100, estimator__max_leaf_nodes=24; total time=   0.0s
[CV] END estimator__learning_rate=0.2, estimator__max_depth=11, estimator__max_iter=100, estimator__max_leaf_nodes=25; total time=   0.0s
[CV] END estimator__learning_rate=0.2, estimator__max_depth=11, estimator__max_iter=100, estimator__max_leaf_nodes=25; total time=   0.0s
[CV] END estimator__learning_rate=0.2, estimator__max_depth=11, estimator__max_iter=100, estimator__max_leaf_nodes=25; total time=   0.0s
[CV] END estimator__learning_rate=0.21, estimator__max_depth=9, estimator__max_iter=100, estimator__max_leaf_nodes=26; total time=   0.0s
[CV] END estimator__learning_rate=0.21, estimator__max_depth=9, estimator__max_iter=100, estimator__max_leaf_nodes=26; total time=   0.0s
[CV] END estimator__learning_rate=0.21, estimator__max_depth=9, estimator__max_iter=100, estimator__max_leaf_nodes=27; total time=   0.0s
[CV] END estimator__learning_rate=0.21, estimator__max_depth=9, estimator__max_iter=100, estimator__max_leaf_nodes=27; total time=   0.0s
[CV] END estimator__learning_rate=0.21, estimator__max_depth=13, estimator__max_iter=100, estimator__max_leaf_nodes=27; total time=   0.0s
[CV] END estimator__learning_rate=0.21, estimator__max_depth=13, estimator__max_iter=100, estimator__max_leaf_nodes=27; total time=   0.0s
[CV] END estimator__learning_rate=0.21, estimator__max_depth=13, estimator__max_iter=100, estimator__max_leaf_nodes=27; total time=   0.0s
[CV] END estimator__learning_rate=0.21, estimator__max_depth=13, estimator__max_iter=100, estimator__max_leaf_nodes=28; total time=   0.0s
[CV] END estimator__learning_rate=0.22, estimator__max_depth=11, estimator__max_iter=100, estimator__max_leaf_nodes=27; total time=   0.0s
[CV] END estimator__learning_rate=0.22, estimator__max_depth=12, estimator__max_iter=100, estimator__max_leaf_nodes=27; total time=   0.0s
[CV] END estimator__learning_rate=0.22, estimator__max_depth=13, estimator__max_iter=100, estimator__max_leaf_nodes=27; total time=   0.0s
[CV] END estimator__learning_rate=0.18, estimator__max_depth=9, estimator__max_iter=100, estimator__max_leaf_nodes=26; total time=   0.0s
[CV] END estimator__learning_rate=0.18, estimator__max_depth=12, estimator__max_iter=100, estimator__max_leaf_nodes=27; total time=   0.0s
[CV] END estimator__learning_rate=0.18, estimator__max_depth=13, estimator__max_iter=100, estimator__max_leaf_nodes=27; total time=   0.0s
[CV] END estimator__learning_rate=0.19, estimator__max_depth=10, estimator__max_iter=100, estimator__max_leaf_nodes=26; total time=   0.0s
[CV] END estimator__learning_rate=0.19, estimator__max_depth=10, estimator__max_iter=100, estimator__max_leaf_nodes=26; total time=   0.0s
[CV] END estimator__learning_rate=0.19, estimator__max_depth=13, estimator__max_iter=100, estimator__max_leaf_nodes=27; total time=   0.0s
[CV] END estimator__learning_rate=0.19, estimator__max_depth=13, estimator__max_iter=100, estimator__max_leaf_nodes=28; total time=   0.0s
[CV] END estimator__learning_rate=0.19, estimator__max_depth=13, estimator__max_iter=100, estimator__max_leaf_nodes=28; total time=   0.0s
[CV] END estimator__learning_rate=0.19, estimator__max_depth=13, estimator__max_iter=100, estimator__max_leaf_nodes=28; total time=   0.0s
[CV] END estimator__learning_rate=0.2, estimator__max_depth=12, estimator__max_iter=100, estimator__max_leaf_nodes=27; total time=   0.0s
[CV] END estimator__learning_rate=0.2, estimator__max_depth=12, estimator__max_iter=100, estimator__max_leaf_nodes=28; total time=   0.0s
[CV] END estimator__learning_rate=0.2, estimator__max_depth=12, estimator__max_iter=100, estimator__max_leaf_nodes=28; total time=   0.0s
[CV] END estimator__learning_rate=0.2, estimator__max_depth=12, estimator__max_iter=100, estimator__max_leaf_nodes=28; total time=   0.0s
[CV] END estimator__learning_rate=0.21, estimator__max_depth=11, estimator__max_iter=100, estimator__max_leaf_nodes=28; total time=   0.0s
[CV] END estimator__learning_rate=0.21, estimator__max_depth=11, estimator__max_iter=100, estimator__max_leaf_nodes=28; total time=   0.0s
[CV] END estimator__learning_rate=0.21, estimator__max_depth=12, estimator__max_iter=100, estimator__max_leaf_nodes=24; total time=   0.0s
[CV] END estimator__learning_rate=0.21, estimator__max_depth=12, estimator__max_iter=100, estimator__max_leaf_nodes=24; total time=   0.0s
[CV] END estimator__learning_rate=0.22, estimator__max_depth=9, estimator__max_iter=100, estimator__max_leaf_nodes=27; total time=   0.0s
[CV] END estimator__learning_rate=0.22, estimator__max_depth=9, estimator__max_iter=100, estimator__max_leaf_nodes=27; total time=   0.0s
[CV] END estimator__learning_rate=0.22, estimator__max_depth=9, estimator__max_iter=100, estimator__max_leaf_nodes=27; total time=   0.0s
[CV] END estimator__learning_rate=0.22, estimator__max_depth=9, estimator__max_iter=100, estimator__max_leaf_nodes=27; total time=   0.0s
[CV] END estimator__learning_rate=0.22, estimator__max_depth=11, estimator__max_iter=100, estimator__max_leaf_nodes=28; total time=   0.0s
[CV] END estimator__learning_rate=0.22, estimator__max_depth=12, estimator__max_iter=100, estimator__max_leaf_nodes=28; total time=   0.0s
[CV] END estimator__learning_rate=0.22, estimator__max_depth=13, estimator__max_iter=100, estimator__max_leaf_nodes=28; total time=   0.0s
[CV] END estimator__learning_rate=0.18, estimator__max_depth=9, estimator__max_iter=100, estimator__max_leaf_nodes=24; total time=   0.0s
[CV] END estimator__learning_rate=0.18, estimator__max_depth=10, estimator__max_iter=100, estimator__max_leaf_nodes=26; total time=   0.0s
[CV] END estimator__learning_rate=0.18, estimator__max_depth=10, estimator__max_iter=100, estimator__max_leaf_nodes=28; total time=   0.0s
[CV] END estimator__learning_rate=0.18, estimator__max_depth=11, estimator__max_iter=100, estimator__max_leaf_nodes=25; total time=   0.0s
[CV] END estimator__learning_rate=0.18, estimator__max_depth=11, estimator__max_iter=100, estimator__max_leaf_nodes=28; total time=   0.0s
[CV] END estimator__learning_rate=0.18, estimator__max_depth=12, estimator__max_iter=100, estimator__max_leaf_nodes=26; total time=   0.0s
[CV] END estimator__learning_rate=0.18, estimator__max_depth=13, estimator__max_iter=100, estimator__max_leaf_nodes=26; total time=   0.0s
[CV] END estimator__learning_rate=0.19, estimator__max_depth=9, estimator__max_iter=100, estimator__max_leaf_nodes=24; total time=   0.0s
[CV] END estimator__learning_rate=0.19, estimator__max_depth=9, estimator__max_iter=100, estimator__max_leaf_nodes=24; total time=   0.0s
[CV] END estimator__learning_rate=0.19, estimator__max_depth=11, estimator__max_iter=100, estimator__max_leaf_nodes=27; total time=   0.0s
[CV] END estimator__learning_rate=0.19, estimator__max_depth=11, estimator__max_iter=100, estimator__max_leaf_nodes=27; total time=   0.0s
[CV] END estimator__learning_rate=0.19, estimator__max_depth=11, estimator__max_iter=100, estimator__max_leaf_nodes=27; total time=   0.0s
[CV] END estimator__learning_rate=0.19, estimator__max_depth=11, estimator__max_iter=100, estimator__max_leaf_nodes=28; total time=   0.0s
[CV] END estimator__learning_rate=0.2, estimator__max_depth=11, estimator__max_iter=100, estimator__max_leaf_nodes=25; total time=   0.0s
[CV] END estimator__learning_rate=0.2, estimator__max_depth=11, estimator__max_iter=100, estimator__max_leaf_nodes=25; total time=   0.0s
[CV] END estimator__learning_rate=0.2, estimator__max_depth=11, estimator__max_iter=100, estimator__max_leaf_nodes=26; total time=   0.0s
[CV] END estimator__learning_rate=0.2, estimator__max_depth=11, estimator__max_iter=100, estimator__max_leaf_nodes=26; total time=   0.0s
[CV] END estimator__learning_rate=0.21, estimator__max_depth=9, estimator__max_iter=100, estimator__max_leaf_nodes=25; total time=   0.0s
[CV] END estimator__learning_rate=0.21, estimator__max_depth=9, estimator__max_iter=100, estimator__max_leaf_nodes=25; total time=   0.0s
[CV] END estimator__learning_rate=0.21, estimator__max_depth=9, estimator__max_iter=100, estimator__max_leaf_nodes=25; total time=   0.0s
[CV] END estimator__learning_rate=0.21, estimator__max_depth=9, estimator__max_iter=100, estimator__max_leaf_nodes=25; total time=   0.0s
[CV] END estimator__learning_rate=0.21, estimator__max_depth=12, estimator__max_iter=100, estimator__max_leaf_nodes=27; total time=   0.0s
[CV] END estimator__learning_rate=0.21, estimator__max_depth=12, estimator__max_iter=100, estimator__max_leaf_nodes=27; total time=   0.0s
[CV] END estimator__learning_rate=0.21, estimator__max_depth=12, estimator__max_iter=100, estimator__max_leaf_nodes=28; total time=   0.0s
[CV] END estimator__learning_rate=0.21, estimator__max_depth=12, estimator__max_iter=100, estimator__max_leaf_nodes=28; total time=   0.0s
[CV] END estimator__learning_rate=0.22, estimator__max_depth=11, estimator__max_iter=100, estimator__max_leaf_nodes=25; total time=   0.0s
[CV] END estimator__learning_rate=0.22, estimator__max_depth=12, estimator__max_iter=100, estimator__max_leaf_nodes=24; total time=   0.0s
[CV] END estimator__learning_rate=0.22, estimator__max_depth=12, estimator__max_iter=100, estimator__max_leaf_nodes=28; total time=   0.0s
[CV] END estimator__learning_rate=0.22, estimator__max_depth=13, estimator__max_iter=100, estimator__max_leaf_nodes=28; total time=   0.0s
[CV] END estimator__learning_rate=0.18, estimator__max_depth=9, estimator__max_iter=100, estimator__max_leaf_nodes=24; total time=   0.0s
[CV] END estimator__learning_rate=0.18, estimator__max_depth=10, estimator__max_iter=100, estimator__max_leaf_nodes=24; total time=   0.0s
[CV] END estimator__learning_rate=0.18, estimator__max_depth=10, estimator__max_iter=100, estimator__max_leaf_nodes=25; total time=   0.0s
[CV] END estimator__learning_rate=0.18, estimator__max_depth=10, estimator__max_iter=100, estimator__max_leaf_nodes=26; total time=   0.0s
[CV] END estimator__learning_rate=0.18, estimator__max_depth=10, estimator__max_iter=100, estimator__max_leaf_nodes=28; total time=   0.0s
[CV] END estimator__learning_rate=0.18, estimator__max_depth=11, estimator__max_iter=100, estimator__max_leaf_nodes=25; total time=   0.0s
[CV] END estimator__learning_rate=0.18, estimator__max_depth=11, estimator__max_iter=100, estimator__max_leaf_nodes=27; total time=   0.0s
[CV] END estimator__learning_rate=0.18, estimator__max_depth=12, estimator__max_iter=100, estimator__max_leaf_nodes=25; total time=   0.0s
[CV] END estimator__learning_rate=0.18, estimator__max_depth=13, estimator__max_iter=100, estimator__max_leaf_nodes=24; total time=   0.0s
[CV] END estimator__learning_rate=0.19, estimator__max_depth=9, estimator__max_iter=100, estimator__max_leaf_nodes=25; total time=   0.0s
[CV] END estimator__learning_rate=0.19, estimator__max_depth=9, estimator__max_iter=100, estimator__max_leaf_nodes=25; total time=   0.0s
[CV] END estimator__learning_rate=0.19, estimator__max_depth=12, estimator__max_iter=100, estimator__max_leaf_nodes=27; total time=   0.0s
[CV] END estimator__learning_rate=0.19, estimator__max_depth=12, estimator__max_iter=100, estimator__max_leaf_nodes=27; total time=   0.0s
[CV] END estimator__learning_rate=0.19, estimator__max_depth=12, estimator__max_iter=100, estimator__max_leaf_nodes=27; total time=   0.0s
[CV] END estimator__learning_rate=0.19, estimator__max_depth=12, estimator__max_iter=100, estimator__max_leaf_nodes=27; total time=   0.0s
[CV] END estimator__learning_rate=0.2, estimator__max_depth=11, estimator__max_iter=100, estimator__max_leaf_nodes=28; total time=   0.0s
[CV] END estimator__learning_rate=0.2, estimator__max_depth=11, estimator__max_iter=100, estimator__max_leaf_nodes=28; total time=   0.0s
[CV] END estimator__learning_rate=0.2, estimator__max_depth=11, estimator__max_iter=100, estimator__max_leaf_nodes=28; total time=   0.0s
[CV] END estimator__learning_rate=0.2, estimator__max_depth=11, estimator__max_iter=100, estimator__max_leaf_nodes=28; total time=   0.0s
[CV] END estimator__learning_rate=0.21, estimator__max_depth=10, estimator__max_iter=100, estimator__max_leaf_nodes=26; total time=   0.0s
[CV] END estimator__learning_rate=0.21, estimator__max_depth=10, estimator__max_iter=100, estimator__max_leaf_nodes=26; total time=   0.0s
[CV] END estimator__learning_rate=0.21, estimator__max_depth=10, estimator__max_iter=100, estimator__max_leaf_nodes=26; total time=   0.0s
[CV] END estimator__learning_rate=0.21, estimator__max_depth=10, estimator__max_iter=100, estimator__max_leaf_nodes=27; total time=   0.0s
[CV] END estimator__learning_rate=0.22, estimator__max_depth=9, estimator__max_iter=100, estimator__max_leaf_nodes=25; total time=   0.0s
[CV] END estimator__learning_rate=0.22, estimator__max_depth=9, estimator__max_iter=100, estimator__max_leaf_nodes=25; total time=   0.0s
[CV] END estimator__learning_rate=0.22, estimator__max_depth=9, estimator__max_iter=100, estimator__max_leaf_nodes=26; total time=   0.0s
[CV] END estimator__learning_rate=0.22, estimator__max_depth=9, estimator__max_iter=100, estimator__max_leaf_nodes=26; total time=   0.0s
[CV] END estimator__learning_rate=0.22, estimator__max_depth=11, estimator__max_iter=100, estimator__max_leaf_nodes=24; total time=   0.0s
[CV] END estimator__learning_rate=0.22, estimator__max_depth=11, estimator__max_iter=100, estimator__max_leaf_nodes=26; total time=   0.0s
[CV] END estimator__learning_rate=0.22, estimator__max_depth=12, estimator__max_iter=100, estimator__max_leaf_nodes=25; total time=   0.0s
[CV] END estimator__learning_rate=0.22, estimator__max_depth=13, estimator__max_iter=100, estimator__max_leaf_nodes=25; total time=   0.0s
[CV] END estimator__learning_rate=0.22, estimator__max_depth=13, estimator__max_iter=100, estimator__max_leaf_nodes=28; total time=   0.0s
