W0419 06:40:56.406000 32204 site-packages\torch\utils\flop_counter.py:29] triton not found; flop counting will not work for triton kernels
[INFO] Loading exact-paper config | config\paper_reimplementation\rcim_ml_compensation\exact_model_bank\campaigns\2026-04-19_track1_hgbm_residual_cellwise_closure_campaign\069_track1_hgbm_phase_3_closure_attempt_03.yaml
[INFO] Exact-paper output directory | output/validation_checks/paper_reimplementation_rcim_exact_model_bank/2026-04-19-06-40-56__track1_hgbm_phase_3_closure_attempt_03_campaign_run
[INFO] Building exact-paper dataset bundle
[INFO] Exact-paper dataset ready | rows=969 targets=1 families=1 scope_mode=phases_only
[INFO] Exact-paper target scope | kinds=phase harmonics=3 preview=fft_y_Fw_filtered_phase_3
[INFO] Exact-paper search settings | mode=paper_reference_grid_search grid_search_n_jobs=24 grid_search_verbose=2 grid_search_pre_dispatch=24 families=HGBM
[INFO] Fitting family bank | HGBM
[INFO] Family fit started | family=HGBM estimator=HistGradientBoostingRegressor targets=1 threadpool_limit=1 joblib_cpu_limit=system_default os_cpu_count=32
[INFO] Family target scope | family=HGBM kinds=phase harmonics=3 preview=fft_y_Fw_filtered_phase_3
[INFO] Grid search configured | family=HGBM candidates=125 parameter_count=4 n_jobs=24 verbose=2 pre_dispatch=24
W0419 06:41:02.973000 35064 site-packages\torch\utils\flop_counter.py:29] triton not found; flop counting will not work for triton kernels
W0419 06:41:03.106000 37592 site-packages\torch\utils\flop_counter.py:29] triton not found; flop counting will not work for triton kernels
W0419 06:41:03.224000 33640 site-packages\torch\utils\flop_counter.py:29] triton not found; flop counting will not work for triton kernels
W0419 06:41:03.476000 21780 site-packages\torch\utils\flop_counter.py:29] triton not found; flop counting will not work for triton kernels
W0419 06:41:03.507000 35636 site-packages\torch\utils\flop_counter.py:29] triton not found; flop counting will not work for triton kernels
W0419 06:41:03.527000 38792 site-packages\torch\utils\flop_counter.py:29] triton not found; flop counting will not work for triton kernels
W0419 06:41:03.531000 9116 site-packages\torch\utils\flop_counter.py:29] triton not found; flop counting will not work for triton kernels
W0419 06:41:03.538000 23960 site-packages\torch\utils\flop_counter.py:29] triton not found; flop counting will not work for triton kernels
W0419 06:41:03.560000 17332 site-packages\torch\utils\flop_counter.py:29] triton not found; flop counting will not work for triton kernels
W0419 06:41:03.589000 32268 site-packages\torch\utils\flop_counter.py:29] triton not found; flop counting will not work for triton kernels
W0419 06:41:03.757000 4484 site-packages\torch\utils\flop_counter.py:29] triton not found; flop counting will not work for triton kernels
W0419 06:41:03.866000 30012 site-packages\torch\utils\flop_counter.py:29] triton not found; flop counting will not work for triton kernels
W0419 06:41:03.886000 22884 site-packages\torch\utils\flop_counter.py:29] triton not found; flop counting will not work for triton kernels
W0419 06:41:03.917000 2088 site-packages\torch\utils\flop_counter.py:29] triton not found; flop counting will not work for triton kernels
W0419 06:41:03.934000 35220 site-packages\torch\utils\flop_counter.py:29] triton not found; flop counting will not work for triton kernels
W0419 06:41:03.938000 18052 site-packages\torch\utils\flop_counter.py:29] triton not found; flop counting will not work for triton kernels
W0419 06:41:03.947000 25832 site-packages\torch\utils\flop_counter.py:29] triton not found; flop counting will not work for triton kernels
W0419 06:41:03.948000 38144 site-packages\torch\utils\flop_counter.py:29] triton not found; flop counting will not work for triton kernels
W0419 06:41:03.948000 37916 site-packages\torch\utils\flop_counter.py:29] triton not found; flop counting will not work for triton kernels
W0419 06:41:03.963000 17420 site-packages\torch\utils\flop_counter.py:29] triton not found; flop counting will not work for triton kernels
W0419 06:41:03.969000 16496 site-packages\torch\utils\flop_counter.py:29] triton not found; flop counting will not work for triton kernels
W0419 06:41:03.976000 37388 site-packages\torch\utils\flop_counter.py:29] triton not found; flop counting will not work for triton kernels
W0419 06:41:03.980000 7136 site-packages\torch\utils\flop_counter.py:29] triton not found; flop counting will not work for triton kernels
W0419 06:41:03.981000 5612 site-packages\torch\utils\flop_counter.py:29] triton not found; flop counting will not work for triton kernels
Fitting 5 folds for each of 125 candidates, totalling 625 fits
[DONE] Family fit complete | family=HGBM elapsed=12.61s best_score=0.9343925322953599 best_params={'estimator__learning_rate': 0.22, 'estimator__max_depth': 9, 'estimator__max_iter': 100, 'estimator__max_leaf_nodes': 24}
[INFO] Evaluating family bank
[INFO] Family evaluation started | family=HGBM targets=1
[DONE] Family evaluation complete | family=HGBM elapsed=0.01s mean_component_mape=1.212% mean_component_mae=0.021604
[INFO] Evaluation complete | winner=HGBM mean_component_mape=1.212%
[INFO] Exporting ONNX family bank
[INFO] Family ONNX export started | family=HGBM targets=1 estimator=HistGradientBoostingRegressor
[WARN] Target ONNX export failed | family=HGBM target=fft_y_Fw_filtered_phase_3 error='NoneType' object is not callable
[DONE] Family ONNX export complete | family=HGBM elapsed=0.00s exported=0 failed=1
[INFO] ONNX export complete | exported=0 failed=1
[DONE] Exact paper validation summary written | output/validation_checks/paper_reimplementation_rcim_exact_model_bank/2026-04-19-06-40-56__track1_hgbm_phase_3_closure_attempt_03_campaign_run/validation_summary.yaml
[DONE] Exact paper Markdown report written | doc/reports/analysis/validation_checks/2026-04-19-06-41-09_paper_reimplementation_rcim_exact_model_bank_track1_hgbm_phase_3_closure_attempt_03_campaign_run_exact_paper_model_bank_report.md
[CV] END estimator__learning_rate=0.18, estimator__max_depth=9, estimator__max_iter=100, estimator__max_leaf_nodes=25; total time=   0.0s
[CV] END estimator__learning_rate=0.18, estimator__max_depth=10, estimator__max_iter=100, estimator__max_leaf_nodes=24; total time=   0.0s
[CV] END estimator__learning_rate=0.18, estimator__max_depth=10, estimator__max_iter=100, estimator__max_leaf_nodes=25; total time=   0.0s
[CV] END estimator__learning_rate=0.18, estimator__max_depth=10, estimator__max_iter=100, estimator__max_leaf_nodes=25; total time=   0.0s
[CV] END estimator__learning_rate=0.18, estimator__max_depth=10, estimator__max_iter=100, estimator__max_leaf_nodes=26; total time=   0.0s
[CV] END estimator__learning_rate=0.18, estimator__max_depth=10, estimator__max_iter=100, estimator__max_leaf_nodes=27; total time=   0.0s
[CV] END estimator__learning_rate=0.18, estimator__max_depth=11, estimator__max_iter=100, estimator__max_leaf_nodes=24; total time=   0.0s
[CV] END estimator__learning_rate=0.18, estimator__max_depth=11, estimator__max_iter=100, estimator__max_leaf_nodes=26; total time=   0.0s
[CV] END estimator__learning_rate=0.18, estimator__max_depth=11, estimator__max_iter=100, estimator__max_leaf_nodes=28; total time=   0.0s
[CV] END estimator__learning_rate=0.18, estimator__max_depth=12, estimator__max_iter=100, estimator__max_leaf_nodes=27; total time=   0.0s
[CV] END estimator__learning_rate=0.18, estimator__max_depth=13, estimator__max_iter=100, estimator__max_leaf_nodes=27; total time=   0.0s
[CV] END estimator__learning_rate=0.19, estimator__max_depth=10, estimator__max_iter=100, estimator__max_leaf_nodes=26; total time=   0.0s
[CV] END estimator__learning_rate=0.19, estimator__max_depth=10, estimator__max_iter=100, estimator__max_leaf_nodes=26; total time=   0.0s
[CV] END estimator__learning_rate=0.2, estimator__max_depth=9, estimator__max_iter=100, estimator__max_leaf_nodes=26; total time=   0.0s
[CV] END estimator__learning_rate=0.2, estimator__max_depth=9, estimator__max_iter=100, estimator__max_leaf_nodes=26; total time=   0.0s
[CV] END estimator__learning_rate=0.2, estimator__max_depth=9, estimator__max_iter=100, estimator__max_leaf_nodes=26; total time=   0.0s
[CV] END estimator__learning_rate=0.2, estimator__max_depth=9, estimator__max_iter=100, estimator__max_leaf_nodes=26; total time=   0.0s
[CV] END estimator__learning_rate=0.2, estimator__max_depth=13, estimator__max_iter=100, estimator__max_leaf_nodes=25; total time=   0.0s
[CV] END estimator__learning_rate=0.2, estimator__max_depth=13, estimator__max_iter=100, estimator__max_leaf_nodes=25; total time=   0.0s
[CV] END estimator__learning_rate=0.2, estimator__max_depth=13, estimator__max_iter=100, estimator__max_leaf_nodes=25; total time=   0.0s
[CV] END estimator__learning_rate=0.2, estimator__max_depth=13, estimator__max_iter=100, estimator__max_leaf_nodes=25; total time=   0.0s
[CV] END estimator__learning_rate=0.21, estimator__max_depth=12, estimator__max_iter=100, estimator__max_leaf_nodes=24; total time=   0.0s
[CV] END estimator__learning_rate=0.21, estimator__max_depth=12, estimator__max_iter=100, estimator__max_leaf_nodes=24; total time=   0.0s
[CV] END estimator__learning_rate=0.21, estimator__max_depth=12, estimator__max_iter=100, estimator__max_leaf_nodes=24; total time=   0.0s
[CV] END estimator__learning_rate=0.21, estimator__max_depth=12, estimator__max_iter=100, estimator__max_leaf_nodes=25; total time=   0.0s
[CV] END estimator__learning_rate=0.22, estimator__max_depth=11, estimator__max_iter=100, estimator__max_leaf_nodes=24; total time=   0.0s
[CV] END estimator__learning_rate=0.22, estimator__max_depth=11, estimator__max_iter=100, estimator__max_leaf_nodes=24; total time=   0.0s
[CV] END estimator__learning_rate=0.22, estimator__max_depth=11, estimator__max_iter=100, estimator__max_leaf_nodes=25; total time=   0.0s
[CV] END estimator__learning_rate=0.22, estimator__max_depth=11, estimator__max_iter=100, estimator__max_leaf_nodes=27; total time=   0.0s
[CV] END estimator__learning_rate=0.22, estimator__max_depth=12, estimator__max_iter=100, estimator__max_leaf_nodes=26; total time=   0.0s
[CV] END estimator__learning_rate=0.22, estimator__max_depth=13, estimator__max_iter=100, estimator__max_leaf_nodes=26; total time=   0.0s
[CV] END estimator__learning_rate=0.18, estimator__max_depth=9, estimator__max_iter=100, estimator__max_leaf_nodes=24; total time=   0.0s
[CV] END estimator__learning_rate=0.18, estimator__max_depth=10, estimator__max_iter=100, estimator__max_leaf_nodes=27; total time=   0.0s
[CV] END estimator__learning_rate=0.18, estimator__max_depth=11, estimator__max_iter=100, estimator__max_leaf_nodes=24; total time=   0.0s
[CV] END estimator__learning_rate=0.18, estimator__max_depth=11, estimator__max_iter=100, estimator__max_leaf_nodes=26; total time=   0.0s
[CV] END estimator__learning_rate=0.18, estimator__max_depth=11, estimator__max_iter=100, estimator__max_leaf_nodes=27; total time=   0.0s
[CV] END estimator__learning_rate=0.18, estimator__max_depth=12, estimator__max_iter=100, estimator__max_leaf_nodes=26; total time=   0.0s
[CV] END estimator__learning_rate=0.18, estimator__max_depth=13, estimator__max_iter=100, estimator__max_leaf_nodes=26; total time=   0.0s
[CV] END estimator__learning_rate=0.19, estimator__max_depth=10, estimator__max_iter=100, estimator__max_leaf_nodes=25; total time=   0.0s
[CV] END estimator__learning_rate=0.19, estimator__max_depth=10, estimator__max_iter=100, estimator__max_leaf_nodes=25; total time=   0.0s
[CV] END estimator__learning_rate=0.19, estimator__max_depth=13, estimator__max_iter=100, estimator__max_leaf_nodes=24; total time=   0.0s
[CV] END estimator__learning_rate=0.19, estimator__max_depth=13, estimator__max_iter=100, estimator__max_leaf_nodes=24; total time=   0.0s
[CV] END estimator__learning_rate=0.19, estimator__max_depth=13, estimator__max_iter=100, estimator__max_leaf_nodes=25; total time=   0.0s
[CV] END estimator__learning_rate=0.19, estimator__max_depth=13, estimator__max_iter=100, estimator__max_leaf_nodes=25; total time=   0.0s
[CV] END estimator__learning_rate=0.2, estimator__max_depth=11, estimator__max_iter=100, estimator__max_leaf_nodes=26; total time=   0.0s
[CV] END estimator__learning_rate=0.2, estimator__max_depth=11, estimator__max_iter=100, estimator__max_leaf_nodes=26; total time=   0.0s
[CV] END estimator__learning_rate=0.2, estimator__max_depth=11, estimator__max_iter=100, estimator__max_leaf_nodes=26; total time=   0.0s
[CV] END estimator__learning_rate=0.2, estimator__max_depth=11, estimator__max_iter=100, estimator__max_leaf_nodes=27; total time=   0.0s
[CV] END estimator__learning_rate=0.21, estimator__max_depth=10, estimator__max_iter=100, estimator__max_leaf_nodes=24; total time=   0.0s
[CV] END estimator__learning_rate=0.21, estimator__max_depth=10, estimator__max_iter=100, estimator__max_leaf_nodes=24; total time=   0.0s
[CV] END estimator__learning_rate=0.21, estimator__max_depth=10, estimator__max_iter=100, estimator__max_leaf_nodes=24; total time=   0.0s
[CV] END estimator__learning_rate=0.21, estimator__max_depth=10, estimator__max_iter=100, estimator__max_leaf_nodes=24; total time=   0.0s
[CV] END estimator__learning_rate=0.21, estimator__max_depth=12, estimator__max_iter=100, estimator__max_leaf_nodes=28; total time=   0.0s
[CV] END estimator__learning_rate=0.21, estimator__max_depth=12, estimator__max_iter=100, estimator__max_leaf_nodes=28; total time=   0.0s
[CV] END estimator__learning_rate=0.21, estimator__max_depth=12, estimator__max_iter=100, estimator__max_leaf_nodes=28; total time=   0.0s
[CV] END estimator__learning_rate=0.21, estimator__max_depth=13, estimator__max_iter=100, estimator__max_leaf_nodes=24; total time=   0.0s
[CV] END estimator__learning_rate=0.22, estimator__max_depth=11, estimator__max_iter=100, estimator__max_leaf_nodes=25; total time=   0.0s
[CV] END estimator__learning_rate=0.22, estimator__max_depth=12, estimator__max_iter=100, estimator__max_leaf_nodes=25; total time=   0.0s
[CV] END estimator__learning_rate=0.22, estimator__max_depth=13, estimator__max_iter=100, estimator__max_leaf_nodes=25; total time=   0.0s
[CV] END estimator__learning_rate=0.18, estimator__max_depth=9, estimator__max_iter=100, estimator__max_leaf_nodes=24; total time=   0.0s
[CV] END estimator__learning_rate=0.18, estimator__max_depth=10, estimator__max_iter=100, estimator__max_leaf_nodes=28; total time=   0.0s
[CV] END estimator__learning_rate=0.18, estimator__max_depth=11, estimator__max_iter=100, estimator__max_leaf_nodes=25; total time=   0.0s
[CV] END estimator__learning_rate=0.18, estimator__max_depth=11, estimator__max_iter=100, estimator__max_leaf_nodes=27; total time=   0.0s
[CV] END estimator__learning_rate=0.18, estimator__max_depth=12, estimator__max_iter=100, estimator__max_leaf_nodes=24; total time=   0.0s
[CV] END estimator__learning_rate=0.18, estimator__max_depth=12, estimator__max_iter=100, estimator__max_leaf_nodes=28; total time=   0.0s
[CV] END estimator__learning_rate=0.18, estimator__max_depth=13, estimator__max_iter=100, estimator__max_leaf_nodes=28; total time=   0.0s
[CV] END estimator__learning_rate=0.18, estimator__max_depth=13, estimator__max_iter=100, estimator__max_leaf_nodes=28; total time=   0.0s
[CV] END estimator__learning_rate=0.19, estimator__max_depth=11, estimator__max_iter=100, estimator__max_leaf_nodes=25; total time=   0.0s
[CV] END estimator__learning_rate=0.19, estimator__max_depth=11, estimator__max_iter=100, estimator__max_leaf_nodes=25; total time=   0.0s
[CV] END estimator__learning_rate=0.19, estimator__max_depth=11, estimator__max_iter=100, estimator__max_leaf_nodes=25; total time=   0.0s
[CV] END estimator__learning_rate=0.19, estimator__max_depth=11, estimator__max_iter=100, estimator__max_leaf_nodes=25; total time=   0.0s
[CV] END estimator__learning_rate=0.2, estimator__max_depth=9, estimator__max_iter=100, estimator__max_leaf_nodes=27; total time=   0.0s
[CV] END estimator__learning_rate=0.2, estimator__max_depth=9, estimator__max_iter=100, estimator__max_leaf_nodes=27; total time=   0.0s
[CV] END estimator__learning_rate=0.2, estimator__max_depth=9, estimator__max_iter=100, estimator__max_leaf_nodes=28; total time=   0.0s
[CV] END estimator__learning_rate=0.2, estimator__max_depth=9, estimator__max_iter=100, estimator__max_leaf_nodes=28; total time=   0.0s
[CV] END estimator__learning_rate=0.2, estimator__max_depth=13, estimator__max_iter=100, estimator__max_leaf_nodes=26; total time=   0.0s
[CV] END estimator__learning_rate=0.2, estimator__max_depth=13, estimator__max_iter=100, estimator__max_leaf_nodes=26; total time=   0.0s
[CV] END estimator__learning_rate=0.2, estimator__max_depth=13, estimator__max_iter=100, estimator__max_leaf_nodes=26; total time=   0.0s
[CV] END estimator__learning_rate=0.2, estimator__max_depth=13, estimator__max_iter=100, estimator__max_leaf_nodes=26; total time=   0.0s
[CV] END estimator__learning_rate=0.21, estimator__max_depth=12, estimator__max_iter=100, estimator__max_leaf_nodes=26; total time=   0.0s
[CV] END estimator__learning_rate=0.21, estimator__max_depth=12, estimator__max_iter=100, estimator__max_leaf_nodes=27; total time=   0.0s
[CV] END estimator__learning_rate=0.21, estimator__max_depth=12, estimator__max_iter=100, estimator__max_leaf_nodes=27; total time=   0.0s
[CV] END estimator__learning_rate=0.21, estimator__max_depth=12, estimator__max_iter=100, estimator__max_leaf_nodes=27; total time=   0.0s
[CV] END estimator__learning_rate=0.22, estimator__max_depth=11, estimator__max_iter=100, estimator__max_leaf_nodes=25; total time=   0.0s
[CV] END estimator__learning_rate=0.22, estimator__max_depth=12, estimator__max_iter=100, estimator__max_leaf_nodes=24; total time=   0.0s
[CV] END estimator__learning_rate=0.22, estimator__max_depth=12, estimator__max_iter=100, estimator__max_leaf_nodes=28; total time=   0.0s
[CV] END estimator__learning_rate=0.18, estimator__max_depth=9, estimator__max_iter=100, estimator__max_leaf_nodes=27; total time=   0.0s
[CV] END estimator__learning_rate=0.18, estimator__max_depth=12, estimator__max_iter=100, estimator__max_leaf_nodes=27; total time=   0.0s
[CV] END estimator__learning_rate=0.18, estimator__max_depth=13, estimator__max_iter=100, estimator__max_leaf_nodes=27; total time=   0.0s
[CV] END estimator__learning_rate=0.19, estimator__max_depth=10, estimator__max_iter=100, estimator__max_leaf_nodes=27; total time=   0.0s
[CV] END estimator__learning_rate=0.19, estimator__max_depth=10, estimator__max_iter=100, estimator__max_leaf_nodes=27; total time=   0.0s
[CV] END estimator__learning_rate=0.19, estimator__max_depth=13, estimator__max_iter=100, estimator__max_leaf_nodes=28; total time=   0.0s
[CV] END estimator__learning_rate=0.19, estimator__max_depth=13, estimator__max_iter=100, estimator__max_leaf_nodes=28; total time=   0.0s
[CV] END estimator__learning_rate=0.2, estimator__max_depth=9, estimator__max_iter=100, estimator__max_leaf_nodes=24; total time=   0.0s
[CV] END estimator__learning_rate=0.2, estimator__max_depth=9, estimator__max_iter=100, estimator__max_leaf_nodes=24; total time=   0.0s
[CV] END estimator__learning_rate=0.2, estimator__max_depth=12, estimator__max_iter=100, estimator__max_leaf_nodes=27; total time=   0.0s
[CV] END estimator__learning_rate=0.2, estimator__max_depth=12, estimator__max_iter=100, estimator__max_leaf_nodes=28; total time=   0.0s
[CV] END estimator__learning_rate=0.2, estimator__max_depth=12, estimator__max_iter=100, estimator__max_leaf_nodes=28; total time=   0.0s
[CV] END estimator__learning_rate=0.2, estimator__max_depth=12, estimator__max_iter=100, estimator__max_leaf_nodes=28; total time=   0.0s
[CV] END estimator__learning_rate=0.21, estimator__max_depth=11, estimator__max_iter=100, estimator__max_leaf_nodes=27; total time=   0.0s
[CV] END estimator__learning_rate=0.21, estimator__max_depth=11, estimator__max_iter=100, estimator__max_leaf_nodes=28; total time=   0.0s
[CV] END estimator__learning_rate=0.21, estimator__max_depth=11, estimator__max_iter=100, estimator__max_leaf_nodes=28; total time=   0.0s
[CV] END estimator__learning_rate=0.21, estimator__max_depth=11, estimator__max_iter=100, estimator__max_leaf_nodes=28; total time=   0.0s
[CV] END estimator__learning_rate=0.21, estimator__max_depth=12, estimator__max_iter=100, estimator__max_leaf_nodes=27; total time=   0.0s
[CV] END estimator__learning_rate=0.21, estimator__max_depth=12, estimator__max_iter=100, estimator__max_leaf_nodes=27; total time=   0.0s
[CV] END estimator__learning_rate=0.21, estimator__max_depth=12, estimator__max_iter=100, estimator__max_leaf_nodes=28; total time=   0.0s
[CV] END estimator__learning_rate=0.21, estimator__max_depth=12, estimator__max_iter=100, estimator__max_leaf_nodes=28; total time=   0.0s
[CV] END estimator__learning_rate=0.22, estimator__max_depth=11, estimator__max_iter=100, estimator__max_leaf_nodes=25; total time=   0.0s
[CV] END estimator__learning_rate=0.22, estimator__max_depth=12, estimator__max_iter=100, estimator__max_leaf_nodes=25; total time=   0.0s
[CV] END estimator__learning_rate=0.22, estimator__max_depth=13, estimator__max_iter=100, estimator__max_leaf_nodes=24; total time=   0.0s
[CV] END estimator__learning_rate=0.18, estimator__max_depth=9, estimator__max_iter=100, estimator__max_leaf_nodes=25; total time=   0.0s
[CV] END estimator__learning_rate=0.18, estimator__max_depth=10, estimator__max_iter=100, estimator__max_leaf_nodes=28; total time=   0.0s
[CV] END estimator__learning_rate=0.18, estimator__max_depth=11, estimator__max_iter=100, estimator__max_leaf_nodes=25; total time=   0.0s
[CV] END estimator__learning_rate=0.18, estimator__max_depth=11, estimator__max_iter=100, estimator__max_leaf_nodes=27; total time=   0.0s
[CV] END estimator__learning_rate=0.18, estimator__max_depth=12, estimator__max_iter=100, estimator__max_leaf_nodes=25; total time=   0.0s
[CV] END estimator__learning_rate=0.18, estimator__max_depth=13, estimator__max_iter=100, estimator__max_leaf_nodes=25; total time=   0.0s
[CV] END estimator__learning_rate=0.19, estimator__max_depth=9, estimator__max_iter=100, estimator__max_leaf_nodes=27; total time=   0.0s
[CV] END estimator__learning_rate=0.19, estimator__max_depth=9, estimator__max_iter=100, estimator__max_leaf_nodes=27; total time=   0.0s
[CV] END estimator__learning_rate=0.19, estimator__max_depth=10, estimator__max_iter=100, estimator__max_leaf_nodes=27; total time=   0.0s
[CV] END estimator__learning_rate=0.19, estimator__max_depth=10, estimator__max_iter=100, estimator__max_leaf_nodes=27; total time=   0.0s
[CV] END estimator__learning_rate=0.19, estimator__max_depth=10, estimator__max_iter=100, estimator__max_leaf_nodes=28; total time=   0.0s
[CV] END estimator__learning_rate=0.19, estimator__max_depth=10, estimator__max_iter=100, estimator__max_leaf_nodes=28; total time=   0.0s
[CV] END estimator__learning_rate=0.2, estimator__max_depth=9, estimator__max_iter=100, estimator__max_leaf_nodes=26; total time=   0.0s
[CV] END estimator__learning_rate=0.2, estimator__max_depth=9, estimator__max_iter=100, estimator__max_leaf_nodes=27; total time=   0.0s
[CV] END estimator__learning_rate=0.2, estimator__max_depth=9, estimator__max_iter=100, estimator__max_leaf_nodes=27; total time=   0.0s
[CV] END estimator__learning_rate=0.2, estimator__max_depth=9, estimator__max_iter=100, estimator__max_leaf_nodes=27; total time=   0.0s
[CV] END estimator__learning_rate=0.2, estimator__max_depth=13, estimator__max_iter=100, estimator__max_leaf_nodes=26; total time=   0.0s
[CV] END estimator__learning_rate=0.2, estimator__max_depth=13, estimator__max_iter=100, estimator__max_leaf_nodes=27; total time=   0.0s
[CV] END estimator__learning_rate=0.2, estimator__max_depth=13, estimator__max_iter=100, estimator__max_leaf_nodes=27; total time=   0.0s
[CV] END estimator__learning_rate=0.2, estimator__max_depth=13, estimator__max_iter=100, estimator__max_leaf_nodes=27; total time=   0.0s
[CV] END estimator__learning_rate=0.21, estimator__max_depth=12, estimator__max_iter=100, estimator__max_leaf_nodes=26; total time=   0.0s
[CV] END estimator__learning_rate=0.21, estimator__max_depth=12, estimator__max_iter=100, estimator__max_leaf_nodes=26; total time=   0.0s
[CV] END estimator__learning_rate=0.21, estimator__max_depth=12, estimator__max_iter=100, estimator__max_leaf_nodes=26; total time=   0.0s
[CV] END estimator__learning_rate=0.21, estimator__max_depth=12, estimator__max_iter=100, estimator__max_leaf_nodes=26; total time=   0.0s
[CV] END estimator__learning_rate=0.22, estimator__max_depth=11, estimator__max_iter=100, estimator__max_leaf_nodes=24; total time=   0.0s
[CV] END estimator__learning_rate=0.22, estimator__max_depth=11, estimator__max_iter=100, estimator__max_leaf_nodes=26; total time=   0.0s
[CV] END estimator__learning_rate=0.22, estimator__max_depth=12, estimator__max_iter=100, estimator__max_leaf_nodes=25; total time=   0.0s
[CV] END estimator__learning_rate=0.22, estimator__max_depth=13, estimator__max_iter=100, estimator__max_leaf_nodes=24; total time=   0.0s
[CV] END estimator__learning_rate=0.18, estimator__max_depth=9, estimator__max_iter=100, estimator__max_leaf_nodes=26; total time=   0.0s
[CV] END estimator__learning_rate=0.18, estimator__max_depth=13, estimator__max_iter=100, estimator__max_leaf_nodes=24; total time=   0.0s
[CV] END estimator__learning_rate=0.19, estimator__max_depth=9, estimator__max_iter=100, estimator__max_leaf_nodes=25; total time=   0.0s
[CV] END estimator__learning_rate=0.19, estimator__max_depth=9, estimator__max_iter=100, estimator__max_leaf_nodes=25; total time=   0.0s
[CV] END estimator__learning_rate=0.19, estimator__max_depth=11, estimator__max_iter=100, estimator__max_leaf_nodes=27; total time=   0.0s
[CV] END estimator__learning_rate=0.19, estimator__max_depth=11, estimator__max_iter=100, estimator__max_leaf_nodes=27; total time=   0.0s
[CV] END estimator__learning_rate=0.19, estimator__max_depth=11, estimator__max_iter=100, estimator__max_leaf_nodes=27; total time=   0.0s
[CV] END estimator__learning_rate=0.19, estimator__max_depth=11, estimator__max_iter=100, estimator__max_leaf_nodes=28; total time=   0.0s
[CV] END estimator__learning_rate=0.2, estimator__max_depth=11, estimator__max_iter=100, estimator__max_leaf_nodes=25; total time=   0.0s
[CV] END estimator__learning_rate=0.2, estimator__max_depth=11, estimator__max_iter=100, estimator__max_leaf_nodes=25; total time=   0.0s
[CV] END estimator__learning_rate=0.2, estimator__max_depth=11, estimator__max_iter=100, estimator__max_leaf_nodes=26; total time=   0.0s
[CV] END estimator__learning_rate=0.2, estimator__max_depth=11, estimator__max_iter=100, estimator__max_leaf_nodes=26; total time=   0.0s
[CV] END estimator__learning_rate=0.21, estimator__max_depth=10, estimator__max_iter=100, estimator__max_leaf_nodes=28; total time=   0.0s
[CV] END estimator__learning_rate=0.21, estimator__max_depth=10, estimator__max_iter=100, estimator__max_leaf_nodes=28; total time=   0.0s
[CV] END estimator__learning_rate=0.21, estimator__max_depth=10, estimator__max_iter=100, estimator__max_leaf_nodes=28; total time=   0.0s
[CV] END estimator__learning_rate=0.21, estimator__max_depth=10, estimator__max_iter=100, estimator__max_leaf_nodes=28; total time=   0.0s
[CV] END estimator__learning_rate=0.21, estimator__max_depth=13, estimator__max_iter=100, estimator__max_leaf_nodes=28; total time=   0.0s
[CV] END estimator__learning_rate=0.21, estimator__max_depth=13, estimator__max_iter=100, estimator__max_leaf_nodes=28; total time=   0.0s
[CV] END estimator__learning_rate=0.21, estimator__max_depth=13, estimator__max_iter=100, estimator__max_leaf_nodes=28; total time=   0.0s
[CV] END estimator__learning_rate=0.21, estimator__max_depth=13, estimator__max_iter=100, estimator__max_leaf_nodes=28; total time=   0.0s
[CV] END estimator__learning_rate=0.22, estimator__max_depth=11, estimator__max_iter=100, estimator__max_leaf_nodes=25; total time=   0.0s
[CV] END estimator__learning_rate=0.22, estimator__max_depth=12, estimator__max_iter=100, estimator__max_leaf_nodes=24; total time=   0.0s
[CV] END estimator__learning_rate=0.22, estimator__max_depth=13, estimator__max_iter=100, estimator__max_leaf_nodes=24; total time=   0.0s
[CV] END estimator__learning_rate=0.18, estimator__max_depth=9, estimator__max_iter=100, estimator__max_leaf_nodes=25; total time=   0.0s
[CV] END estimator__learning_rate=0.18, estimator__max_depth=12, estimator__max_iter=100, estimator__max_leaf_nodes=26; total time=   0.0s
[CV] END estimator__learning_rate=0.18, estimator__max_depth=13, estimator__max_iter=100, estimator__max_leaf_nodes=26; total time=   0.0s
[CV] END estimator__learning_rate=0.19, estimator__max_depth=10, estimator__max_iter=100, estimator__max_leaf_nodes=25; total time=   0.0s
[CV] END estimator__learning_rate=0.19, estimator__max_depth=10, estimator__max_iter=100, estimator__max_leaf_nodes=25; total time=   0.0s
[CV] END estimator__learning_rate=0.19, estimator__max_depth=13, estimator__max_iter=100, estimator__max_leaf_nodes=26; total time=   0.0s
[CV] END estimator__learning_rate=0.19, estimator__max_depth=13, estimator__max_iter=100, estimator__max_leaf_nodes=26; total time=   0.0s
[CV] END estimator__learning_rate=0.19, estimator__max_depth=13, estimator__max_iter=100, estimator__max_leaf_nodes=26; total time=   0.0s
[CV] END estimator__learning_rate=0.19, estimator__max_depth=13, estimator__max_iter=100, estimator__max_leaf_nodes=26; total time=   0.0s
[CV] END estimator__learning_rate=0.2, estimator__max_depth=10, estimator__max_iter=100, estimator__max_leaf_nodes=27; total time=   0.0s
[CV] END estimator__learning_rate=0.2, estimator__max_depth=10, estimator__max_iter=100, estimator__max_leaf_nodes=27; total time=   0.0s
[CV] END estimator__learning_rate=0.2, estimator__max_depth=10, estimator__max_iter=100, estimator__max_leaf_nodes=27; total time=   0.0s
[CV] END estimator__learning_rate=0.2, estimator__max_depth=10, estimator__max_iter=100, estimator__max_leaf_nodes=28; total time=   0.0s
[CV] END estimator__learning_rate=0.2, estimator__max_depth=13, estimator__max_iter=100, estimator__max_leaf_nodes=28; total time=   0.0s
[CV] END estimator__learning_rate=0.2, estimator__max_depth=13, estimator__max_iter=100, estimator__max_leaf_nodes=28; total time=   0.0s
[CV] END estimator__learning_rate=0.2, estimator__max_depth=13, estimator__max_iter=100, estimator__max_leaf_nodes=28; total time=   0.0s
[CV] END estimator__learning_rate=0.21, estimator__max_depth=9, estimator__max_iter=100, estimator__max_leaf_nodes=24; total time=   0.0s
[CV] END estimator__learning_rate=0.21, estimator__max_depth=13, estimator__max_iter=100, estimator__max_leaf_nodes=25; total time=   0.0s
[CV] END estimator__learning_rate=0.21, estimator__max_depth=13, estimator__max_iter=100, estimator__max_leaf_nodes=25; total time=   0.0s
[CV] END estimator__learning_rate=0.21, estimator__max_depth=13, estimator__max_iter=100, estimator__max_leaf_nodes=25; total time=   0.0s
[CV] END estimator__learning_rate=0.21, estimator__max_depth=13, estimator__max_iter=100, estimator__max_leaf_nodes=25; total time=   0.0s
[CV] END estimator__learning_rate=0.22, estimator__max_depth=11, estimator__max_iter=100, estimator__max_leaf_nodes=28; total time=   0.0s
[CV] END estimator__learning_rate=0.22, estimator__max_depth=12, estimator__max_iter=100, estimator__max_leaf_nodes=27; total time=   0.0s
[CV] END estimator__learning_rate=0.22, estimator__max_depth=13, estimator__max_iter=100, estimator__max_leaf_nodes=25; total time=   0.0s
[CV] END estimator__learning_rate=0.18, estimator__max_depth=9, estimator__max_iter=100, estimator__max_leaf_nodes=27; total time=   0.0s
[CV] END estimator__learning_rate=0.18, estimator__max_depth=12, estimator__max_iter=100, estimator__max_leaf_nodes=26; total time=   0.0s
[CV] END estimator__learning_rate=0.18, estimator__max_depth=13, estimator__max_iter=100, estimator__max_leaf_nodes=25; total time=   0.0s
[CV] END estimator__learning_rate=0.19, estimator__max_depth=9, estimator__max_iter=100, estimator__max_leaf_nodes=27; total time=   0.0s
[CV] END estimator__learning_rate=0.19, estimator__max_depth=9, estimator__max_iter=100, estimator__max_leaf_nodes=28; total time=   0.0s
[CV] END estimator__learning_rate=0.19, estimator__max_depth=13, estimator__max_iter=100, estimator__max_leaf_nodes=25; total time=   0.0s
[CV] END estimator__learning_rate=0.19, estimator__max_depth=13, estimator__max_iter=100, estimator__max_leaf_nodes=25; total time=   0.0s
[CV] END estimator__learning_rate=0.19, estimator__max_depth=13, estimator__max_iter=100, estimator__max_leaf_nodes=25; total time=   0.0s
[CV] END estimator__learning_rate=0.19, estimator__max_depth=13, estimator__max_iter=100, estimator__max_leaf_nodes=26; total time=   0.0s
[CV] END estimator__learning_rate=0.2, estimator__max_depth=11, estimator__max_iter=100, estimator__max_leaf_nodes=28; total time=   0.0s
[CV] END estimator__learning_rate=0.2, estimator__max_depth=12, estimator__max_iter=100, estimator__max_leaf_nodes=24; total time=   0.0s
[CV] END estimator__learning_rate=0.2, estimator__max_depth=12, estimator__max_iter=100, estimator__max_leaf_nodes=24; total time=   0.0s
[CV] END estimator__learning_rate=0.2, estimator__max_depth=12, estimator__max_iter=100, estimator__max_leaf_nodes=24; total time=   0.0s
[CV] END estimator__learning_rate=0.21, estimator__max_depth=11, estimator__max_iter=100, estimator__max_leaf_nodes=26; total time=   0.0s
[CV] END estimator__learning_rate=0.21, estimator__max_depth=11, estimator__max_iter=100, estimator__max_leaf_nodes=26; total time=   0.0s
[CV] END estimator__learning_rate=0.21, estimator__max_depth=11, estimator__max_iter=100, estimator__max_leaf_nodes=26; total time=   0.0s
[CV] END estimator__learning_rate=0.21, estimator__max_depth=11, estimator__max_iter=100, estimator__max_leaf_nodes=26; total time=   0.0s
[CV] END estimator__learning_rate=0.22, estimator__max_depth=10, estimator__max_iter=100, estimator__max_leaf_nodes=26; total time=   0.0s
[CV] END estimator__learning_rate=0.22, estimator__max_depth=10, estimator__max_iter=100, estimator__max_leaf_nodes=26; total time=   0.0s
[CV] END estimator__learning_rate=0.22, estimator__max_depth=10, estimator__max_iter=100, estimator__max_leaf_nodes=26; total time=   0.0s
[CV] END estimator__learning_rate=0.22, estimator__max_depth=10, estimator__max_iter=100, estimator__max_leaf_nodes=26; total time=   0.0s
[CV] END estimator__learning_rate=0.22, estimator__max_depth=11, estimator__max_iter=100, estimator__max_leaf_nodes=28; total time=   0.0s
[CV] END estimator__learning_rate=0.22, estimator__max_depth=12, estimator__max_iter=100, estimator__max_leaf_nodes=27; total time=   0.0s
[CV] END estimator__learning_rate=0.22, estimator__max_depth=13, estimator__max_iter=100, estimator__max_leaf_nodes=27; total time=   0.0s
[CV] END estimator__learning_rate=0.18, estimator__max_depth=9, estimator__max_iter=100, estimator__max_leaf_nodes=28; total time=   0.0s
[CV] END estimator__learning_rate=0.18, estimator__max_depth=12, estimator__max_iter=100, estimator__max_leaf_nodes=27; total time=   0.0s
[CV] END estimator__learning_rate=0.18, estimator__max_depth=13, estimator__max_iter=100, estimator__max_leaf_nodes=27; total time=   0.0s
[CV] END estimator__learning_rate=0.19, estimator__max_depth=10, estimator__max_iter=100, estimator__max_leaf_nodes=26; total time=   0.0s
[CV] END estimator__learning_rate=0.19, estimator__max_depth=10, estimator__max_iter=100, estimator__max_leaf_nodes=26; total time=   0.0s
[CV] END estimator__learning_rate=0.2, estimator__max_depth=9, estimator__max_iter=100, estimator__max_leaf_nodes=24; total time=   0.0s
[CV] END estimator__learning_rate=0.2, estimator__max_depth=9, estimator__max_iter=100, estimator__max_leaf_nodes=24; total time=   0.0s
[CV] END estimator__learning_rate=0.2, estimator__max_depth=9, estimator__max_iter=100, estimator__max_leaf_nodes=24; total time=   0.0s
[CV] END estimator__learning_rate=0.2, estimator__max_depth=9, estimator__max_iter=100, estimator__max_leaf_nodes=25; total time=   0.0s
[CV] END estimator__learning_rate=0.2, estimator__max_depth=12, estimator__max_iter=100, estimator__max_leaf_nodes=28; total time=   0.0s
[CV] END estimator__learning_rate=0.2, estimator__max_depth=12, estimator__max_iter=100, estimator__max_leaf_nodes=28; total time=   0.0s
[CV] END estimator__learning_rate=0.2, estimator__max_depth=13, estimator__max_iter=100, estimator__max_leaf_nodes=24; total time=   0.0s
[CV] END estimator__learning_rate=0.2, estimator__max_depth=13, estimator__max_iter=100, estimator__max_leaf_nodes=24; total time=   0.0s
[CV] END estimator__learning_rate=0.21, estimator__max_depth=11, estimator__max_iter=100, estimator__max_leaf_nodes=28; total time=   0.0s
[CV] END estimator__learning_rate=0.21, estimator__max_depth=11, estimator__max_iter=100, estimator__max_leaf_nodes=28; total time=   0.0s
[CV] END estimator__learning_rate=0.21, estimator__max_depth=12, estimator__max_iter=100, estimator__max_leaf_nodes=24; total time=   0.0s
[CV] END estimator__learning_rate=0.21, estimator__max_depth=12, estimator__max_iter=100, estimator__max_leaf_nodes=24; total time=   0.0s
[CV] END estimator__learning_rate=0.22, estimator__max_depth=10, estimator__max_iter=100, estimator__max_leaf_nodes=27; total time=   0.0s
[CV] END estimator__learning_rate=0.22, estimator__max_depth=10, estimator__max_iter=100, estimator__max_leaf_nodes=28; total time=   0.0s
[CV] END estimator__learning_rate=0.22, estimator__max_depth=10, estimator__max_iter=100, estimator__max_leaf_nodes=28; total time=   0.0s
[CV] END estimator__learning_rate=0.22, estimator__max_depth=10, estimator__max_iter=100, estimator__max_leaf_nodes=28; total time=   0.0s
[CV] END estimator__learning_rate=0.22, estimator__max_depth=12, estimator__max_iter=100, estimator__max_leaf_nodes=27; total time=   0.0s
[CV] END estimator__learning_rate=0.22, estimator__max_depth=13, estimator__max_iter=100, estimator__max_leaf_nodes=25; total time=   0.0s
[CV] END estimator__learning_rate=0.18, estimator__max_depth=9, estimator__max_iter=100, estimator__max_leaf_nodes=24; total time=   0.0s
[CV] END estimator__learning_rate=0.18, estimator__max_depth=9, estimator__max_iter=100, estimator__max_leaf_nodes=28; total time=   0.0s
[CV] END estimator__learning_rate=0.18, estimator__max_depth=10, estimator__max_iter=100, estimator__max_leaf_nodes=24; total time=   0.0s
[CV] END estimator__learning_rate=0.18, estimator__max_depth=10, estimator__max_iter=100, estimator__max_leaf_nodes=24; total time=   0.0s
[CV] END estimator__learning_rate=0.18, estimator__max_depth=10, estimator__max_iter=100, estimator__max_leaf_nodes=24; total time=   0.0s
[CV] END estimator__learning_rate=0.18, estimator__max_depth=10, estimator__max_iter=100, estimator__max_leaf_nodes=25; total time=   0.0s
[CV] END estimator__learning_rate=0.18, estimator__max_depth=10, estimator__max_iter=100, estimator__max_leaf_nodes=25; total time=   0.0s
[CV] END estimator__learning_rate=0.18, estimator__max_depth=10, estimator__max_iter=100, estimator__max_leaf_nodes=26; total time=   0.0s
[CV] END estimator__learning_rate=0.18, estimator__max_depth=10, estimator__max_iter=100, estimator__max_leaf_nodes=28; total time=   0.0s
[CV] END estimator__learning_rate=0.18, estimator__max_depth=11, estimator__max_iter=100, estimator__max_leaf_nodes=25; total time=   0.0s
[CV] END estimator__learning_rate=0.18, estimator__max_depth=11, estimator__max_iter=100, estimator__max_leaf_nodes=28; total time=   0.0s
[CV] END estimator__learning_rate=0.18, estimator__max_depth=12, estimator__max_iter=100, estimator__max_leaf_nodes=25; total time=   0.0s
[CV] END estimator__learning_rate=0.18, estimator__max_depth=13, estimator__max_iter=100, estimator__max_leaf_nodes=24; total time=   0.0s
[CV] END estimator__learning_rate=0.19, estimator__max_depth=9, estimator__max_iter=100, estimator__max_leaf_nodes=25; total time=   0.0s
[CV] END estimator__learning_rate=0.19, estimator__max_depth=9, estimator__max_iter=100, estimator__max_leaf_nodes=26; total time=   0.0s
[CV] END estimator__learning_rate=0.19, estimator__max_depth=12, estimator__max_iter=100, estimator__max_leaf_nodes=25; total time=   0.0s
[CV] END estimator__learning_rate=0.19, estimator__max_depth=12, estimator__max_iter=100, estimator__max_leaf_nodes=25; total time=   0.0s
[CV] END estimator__learning_rate=0.19, estimator__max_depth=12, estimator__max_iter=100, estimator__max_leaf_nodes=26; total time=   0.0s
[CV] END estimator__learning_rate=0.19, estimator__max_depth=12, estimator__max_iter=100, estimator__max_leaf_nodes=26; total time=   0.0s
[CV] END estimator__learning_rate=0.2, estimator__max_depth=12, estimator__max_iter=100, estimator__max_leaf_nodes=24; total time=   0.0s
[CV] END estimator__learning_rate=0.2, estimator__max_depth=12, estimator__max_iter=100, estimator__max_leaf_nodes=24; total time=   0.0s
[CV] END estimator__learning_rate=0.2, estimator__max_depth=12, estimator__max_iter=100, estimator__max_leaf_nodes=25; total time=   0.0s
[CV] END estimator__learning_rate=0.2, estimator__max_depth=12, estimator__max_iter=100, estimator__max_leaf_nodes=25; total time=   0.0s
[CV] END estimator__learning_rate=0.21, estimator__max_depth=11, estimator__max_iter=100, estimator__max_leaf_nodes=24; total time=   0.0s
[CV] END estimator__learning_rate=0.21, estimator__max_depth=11, estimator__max_iter=100, estimator__max_leaf_nodes=24; total time=   0.0s
[CV] END estimator__learning_rate=0.21, estimator__max_depth=11, estimator__max_iter=100, estimator__max_leaf_nodes=25; total time=   0.0s
[CV] END estimator__learning_rate=0.21, estimator__max_depth=11, estimator__max_iter=100, estimator__max_leaf_nodes=25; total time=   0.0s
[CV] END estimator__learning_rate=0.22, estimator__max_depth=10, estimator__max_iter=100, estimator__max_leaf_nodes=24; total time=   0.0s
[CV] END estimator__learning_rate=0.22, estimator__max_depth=10, estimator__max_iter=100, estimator__max_leaf_nodes=24; total time=   0.0s
[CV] END estimator__learning_rate=0.22, estimator__max_depth=10, estimator__max_iter=100, estimator__max_leaf_nodes=25; total time=   0.0s
[CV] END estimator__learning_rate=0.22, estimator__max_depth=10, estimator__max_iter=100, estimator__max_leaf_nodes=25; total time=   0.0s
[CV] END estimator__learning_rate=0.22, estimator__max_depth=12, estimator__max_iter=100, estimator__max_leaf_nodes=25; total time=   0.0s
[CV] END estimator__learning_rate=0.22, estimator__max_depth=13, estimator__max_iter=100, estimator__max_leaf_nodes=25; total time=   0.0s
[CV] END estimator__learning_rate=0.18, estimator__max_depth=9, estimator__max_iter=100, estimator__max_leaf_nodes=27; total time=   0.0s
[CV] END estimator__learning_rate=0.18, estimator__max_depth=12, estimator__max_iter=100, estimator__max_leaf_nodes=24; total time=   0.0s
[CV] END estimator__learning_rate=0.18, estimator__max_depth=13, estimator__max_iter=100, estimator__max_leaf_nodes=24; total time=   0.0s
[CV] END estimator__learning_rate=0.19, estimator__max_depth=9, estimator__max_iter=100, estimator__max_leaf_nodes=25; total time=   0.0s
[CV] END estimator__learning_rate=0.19, estimator__max_depth=9, estimator__max_iter=100, estimator__max_leaf_nodes=25; total time=   0.0s
[CV] END estimator__learning_rate=0.19, estimator__max_depth=11, estimator__max_iter=100, estimator__max_leaf_nodes=28; total time=   0.0s
[CV] END estimator__learning_rate=0.19, estimator__max_depth=11, estimator__max_iter=100, estimator__max_leaf_nodes=28; total time=   0.0s
[CV] END estimator__learning_rate=0.19, estimator__max_depth=11, estimator__max_iter=100, estimator__max_leaf_nodes=28; total time=   0.0s
[CV] END estimator__learning_rate=0.19, estimator__max_depth=11, estimator__max_iter=100, estimator__max_leaf_nodes=28; total time=   0.0s
[CV] END estimator__learning_rate=0.2, estimator__max_depth=11, estimator__max_iter=100, estimator__max_leaf_nodes=28; total time=   0.0s
[CV] END estimator__learning_rate=0.2, estimator__max_depth=11, estimator__max_iter=100, estimator__max_leaf_nodes=28; total time=   0.0s
[CV] END estimator__learning_rate=0.2, estimator__max_depth=11, estimator__max_iter=100, estimator__max_leaf_nodes=28; total time=   0.0s
[CV] END estimator__learning_rate=0.2, estimator__max_depth=11, estimator__max_iter=100, estimator__max_leaf_nodes=28; total time=   0.0s
[CV] END estimator__learning_rate=0.2, estimator__max_depth=13, estimator__max_iter=100, estimator__max_leaf_nodes=27; total time=   0.0s
[CV] END estimator__learning_rate=0.2, estimator__max_depth=13, estimator__max_iter=100, estimator__max_leaf_nodes=27; total time=   0.0s
[CV] END estimator__learning_rate=0.2, estimator__max_depth=13, estimator__max_iter=100, estimator__max_leaf_nodes=28; total time=   0.0s
[CV] END estimator__learning_rate=0.2, estimator__max_depth=13, estimator__max_iter=100, estimator__max_leaf_nodes=28; total time=   0.0s
[CV] END estimator__learning_rate=0.21, estimator__max_depth=13, estimator__max_iter=100, estimator__max_leaf_nodes=27; total time=   0.0s
[CV] END estimator__learning_rate=0.21, estimator__max_depth=13, estimator__max_iter=100, estimator__max_leaf_nodes=27; total time=   0.0s
[CV] END estimator__learning_rate=0.21, estimator__max_depth=13, estimator__max_iter=100, estimator__max_leaf_nodes=27; total time=   0.0s
[CV] END estimator__learning_rate=0.21, estimator__max_depth=13, estimator__max_iter=100, estimator__max_leaf_nodes=28; total time=   0.0s
[CV] END estimator__learning_rate=0.22, estimator__max_depth=11, estimator__max_iter=100, estimator__max_leaf_nodes=28; total time=   0.0s
[CV] END estimator__learning_rate=0.22, estimator__max_depth=12, estimator__max_iter=100, estimator__max_leaf_nodes=28; total time=   0.0s
[CV] END estimator__learning_rate=0.22, estimator__max_depth=13, estimator__max_iter=100, estimator__max_leaf_nodes=28; total time=   0.0s
[CV] END estimator__learning_rate=0.18, estimator__max_depth=9, estimator__max_iter=100, estimator__max_leaf_nodes=27; total time=   0.0s
[CV] END estimator__learning_rate=0.18, estimator__max_depth=12, estimator__max_iter=100, estimator__max_leaf_nodes=26; total time=   0.0s
[CV] END estimator__learning_rate=0.18, estimator__max_depth=13, estimator__max_iter=100, estimator__max_leaf_nodes=26; total time=   0.0s
[CV] END estimator__learning_rate=0.19, estimator__max_depth=10, estimator__max_iter=100, estimator__max_leaf_nodes=24; total time=   0.0s
[CV] END estimator__learning_rate=0.19, estimator__max_depth=10, estimator__max_iter=100, estimator__max_leaf_nodes=25; total time=   0.0s
[CV] END estimator__learning_rate=0.19, estimator__max_depth=12, estimator__max_iter=100, estimator__max_leaf_nodes=28; total time=   0.0s
[CV] END estimator__learning_rate=0.19, estimator__max_depth=12, estimator__max_iter=100, estimator__max_leaf_nodes=28; total time=   0.0s
[CV] END estimator__learning_rate=0.19, estimator__max_depth=12, estimator__max_iter=100, estimator__max_leaf_nodes=28; total time=   0.0s
[CV] END estimator__learning_rate=0.19, estimator__max_depth=12, estimator__max_iter=100, estimator__max_leaf_nodes=28; total time=   0.0s
[CV] END estimator__learning_rate=0.2, estimator__max_depth=11, estimator__max_iter=100, estimator__max_leaf_nodes=24; total time=   0.0s
[CV] END estimator__learning_rate=0.2, estimator__max_depth=11, estimator__max_iter=100, estimator__max_leaf_nodes=25; total time=   0.0s
[CV] END estimator__learning_rate=0.2, estimator__max_depth=11, estimator__max_iter=100, estimator__max_leaf_nodes=25; total time=   0.0s
[CV] END estimator__learning_rate=0.2, estimator__max_depth=11, estimator__max_iter=100, estimator__max_leaf_nodes=25; total time=   0.0s
[CV] END estimator__learning_rate=0.21, estimator__max_depth=10, estimator__max_iter=100, estimator__max_leaf_nodes=25; total time=   0.0s
[CV] END estimator__learning_rate=0.21, estimator__max_depth=10, estimator__max_iter=100, estimator__max_leaf_nodes=25; total time=   0.0s
[CV] END estimator__learning_rate=0.21, estimator__max_depth=10, estimator__max_iter=100, estimator__max_leaf_nodes=26; total time=   0.0s
[CV] END estimator__learning_rate=0.21, estimator__max_depth=10, estimator__max_iter=100, estimator__max_leaf_nodes=26; total time=   0.0s
[CV] END estimator__learning_rate=0.22, estimator__max_depth=9, estimator__max_iter=100, estimator__max_leaf_nodes=26; total time=   0.0s
[CV] END estimator__learning_rate=0.22, estimator__max_depth=9, estimator__max_iter=100, estimator__max_leaf_nodes=26; total time=   0.0s
[CV] END estimator__learning_rate=0.22, estimator__max_depth=9, estimator__max_iter=100, estimator__max_leaf_nodes=26; total time=   0.0s
[CV] END estimator__learning_rate=0.22, estimator__max_depth=9, estimator__max_iter=100, estimator__max_leaf_nodes=27; total time=   0.0s
[CV] END estimator__learning_rate=0.22, estimator__max_depth=11, estimator__max_iter=100, estimator__max_leaf_nodes=27; total time=   0.0s
[CV] END estimator__learning_rate=0.22, estimator__max_depth=12, estimator__max_iter=100, estimator__max_leaf_nodes=25; total time=   0.0s
[CV] END estimator__learning_rate=0.22, estimator__max_depth=13, estimator__max_iter=100, estimator__max_leaf_nodes=25; total time=   0.0s
[CV] END estimator__learning_rate=0.18, estimator__max_depth=9, estimator__max_iter=100, estimator__max_leaf_nodes=26; total time=   0.0s
[CV] END estimator__learning_rate=0.18, estimator__max_depth=12, estimator__max_iter=100, estimator__max_leaf_nodes=25; total time=   0.0s
[CV] END estimator__learning_rate=0.18, estimator__max_depth=13, estimator__max_iter=100, estimator__max_leaf_nodes=25; total time=   0.0s
[CV] END estimator__learning_rate=0.19, estimator__max_depth=9, estimator__max_iter=100, estimator__max_leaf_nodes=28; total time=   0.0s
[CV] END estimator__learning_rate=0.19, estimator__max_depth=9, estimator__max_iter=100, estimator__max_leaf_nodes=28; total time=   0.0s
[CV] END estimator__learning_rate=0.19, estimator__max_depth=12, estimator__max_iter=100, estimator__max_leaf_nodes=26; total time=   0.0s
[CV] END estimator__learning_rate=0.19, estimator__max_depth=12, estimator__max_iter=100, estimator__max_leaf_nodes=26; total time=   0.0s
[CV] END estimator__learning_rate=0.19, estimator__max_depth=12, estimator__max_iter=100, estimator__max_leaf_nodes=26; total time=   0.0s
[CV] END estimator__learning_rate=0.19, estimator__max_depth=12, estimator__max_iter=100, estimator__max_leaf_nodes=27; total time=   0.0s
[CV] END estimator__learning_rate=0.2, estimator__max_depth=12, estimator__max_iter=100, estimator__max_leaf_nodes=25; total time=   0.0s
[CV] END estimator__learning_rate=0.2, estimator__max_depth=12, estimator__max_iter=100, estimator__max_leaf_nodes=25; total time=   0.0s
[CV] END estimator__learning_rate=0.2, estimator__max_depth=12, estimator__max_iter=100, estimator__max_leaf_nodes=25; total time=   0.0s
[CV] END estimator__learning_rate=0.2, estimator__max_depth=12, estimator__max_iter=100, estimator__max_leaf_nodes=26; total time=   0.0s
[CV] END estimator__learning_rate=0.21, estimator__max_depth=11, estimator__max_iter=100, estimator__max_leaf_nodes=27; total time=   0.0s
[CV] END estimator__learning_rate=0.21, estimator__max_depth=11, estimator__max_iter=100, estimator__max_leaf_nodes=27; total time=   0.0s
[CV] END estimator__learning_rate=0.21, estimator__max_depth=11, estimator__max_iter=100, estimator__max_leaf_nodes=27; total time=   0.0s
[CV] END estimator__learning_rate=0.21, estimator__max_depth=11, estimator__max_iter=100, estimator__max_leaf_nodes=27; total time=   0.0s
[CV] END estimator__learning_rate=0.22, estimator__max_depth=10, estimator__max_iter=100, estimator__max_leaf_nodes=27; total time=   0.0s
[CV] END estimator__learning_rate=0.22, estimator__max_depth=10, estimator__max_iter=100, estimator__max_leaf_nodes=27; total time=   0.0s
[CV] END estimator__learning_rate=0.22, estimator__max_depth=10, estimator__max_iter=100, estimator__max_leaf_nodes=27; total time=   0.0s
[CV] END estimator__learning_rate=0.22, estimator__max_depth=10, estimator__max_iter=100, estimator__max_leaf_nodes=27; total time=   0.0s
[CV] END estimator__learning_rate=0.22, estimator__max_depth=12, estimator__max_iter=100, estimator__max_leaf_nodes=28; total time=   0.0s
[CV] END estimator__learning_rate=0.22, estimator__max_depth=13, estimator__max_iter=100, estimator__max_leaf_nodes=27; total time=   0.0s
[CV] END estimator__learning_rate=0.18, estimator__max_depth=9, estimator__max_iter=100, estimator__max_leaf_nodes=27; total time=   0.0s
[CV] END estimator__learning_rate=0.18, estimator__max_depth=12, estimator__max_iter=100, estimator__max_leaf_nodes=27; total time=   0.0s
[CV] END estimator__learning_rate=0.18, estimator__max_depth=13, estimator__max_iter=100, estimator__max_leaf_nodes=26; total time=   0.0s
[CV] END estimator__learning_rate=0.19, estimator__max_depth=9, estimator__max_iter=100, estimator__max_leaf_nodes=28; total time=   0.0s
[CV] END estimator__learning_rate=0.19, estimator__max_depth=9, estimator__max_iter=100, estimator__max_leaf_nodes=28; total time=   0.0s
[CV] END estimator__learning_rate=0.19, estimator__max_depth=11, estimator__max_iter=100, estimator__max_leaf_nodes=24; total time=   0.0s
[CV] END estimator__learning_rate=0.19, estimator__max_depth=11, estimator__max_iter=100, estimator__max_leaf_nodes=24; total time=   0.0s
[CV] END estimator__learning_rate=0.19, estimator__max_depth=11, estimator__max_iter=100, estimator__max_leaf_nodes=24; total time=   0.0s
[CV] END estimator__learning_rate=0.19, estimator__max_depth=11, estimator__max_iter=100, estimator__max_leaf_nodes=24; total time=   0.0s
[CV] END estimator__learning_rate=0.2, estimator__max_depth=10, estimator__max_iter=100, estimator__max_leaf_nodes=26; total time=   0.0s
[CV] END estimator__learning_rate=0.2, estimator__max_depth=10, estimator__max_iter=100, estimator__max_leaf_nodes=26; total time=   0.0s
[CV] END estimator__learning_rate=0.2, estimator__max_depth=10, estimator__max_iter=100, estimator__max_leaf_nodes=27; total time=   0.0s
[CV] END estimator__learning_rate=0.2, estimator__max_depth=10, estimator__max_iter=100, estimator__max_leaf_nodes=27; total time=   0.0s
[CV] END estimator__learning_rate=0.21, estimator__max_depth=9, estimator__max_iter=100, estimator__max_leaf_nodes=26; total time=   0.0s
[CV] END estimator__learning_rate=0.21, estimator__max_depth=9, estimator__max_iter=100, estimator__max_leaf_nodes=26; total time=   0.0s
[CV] END estimator__learning_rate=0.21, estimator__max_depth=9, estimator__max_iter=100, estimator__max_leaf_nodes=27; total time=   0.0s
[CV] END estimator__learning_rate=0.21, estimator__max_depth=9, estimator__max_iter=100, estimator__max_leaf_nodes=27; total time=   0.0s
[CV] END estimator__learning_rate=0.22, estimator__max_depth=9, estimator__max_iter=100, estimator__max_leaf_nodes=25; total time=   0.0s
[CV] END estimator__learning_rate=0.22, estimator__max_depth=9, estimator__max_iter=100, estimator__max_leaf_nodes=25; total time=   0.0s
[CV] END estimator__learning_rate=0.22, estimator__max_depth=9, estimator__max_iter=100, estimator__max_leaf_nodes=26; total time=   0.0s
[CV] END estimator__learning_rate=0.22, estimator__max_depth=9, estimator__max_iter=100, estimator__max_leaf_nodes=26; total time=   0.0s
[CV] END estimator__learning_rate=0.22, estimator__max_depth=11, estimator__max_iter=100, estimator__max_leaf_nodes=26; total time=   0.0s
[CV] END estimator__learning_rate=0.22, estimator__max_depth=12, estimator__max_iter=100, estimator__max_leaf_nodes=26; total time=   0.0s
[CV] END estimator__learning_rate=0.22, estimator__max_depth=13, estimator__max_iter=100, estimator__max_leaf_nodes=26; total time=   0.0s
[CV] END estimator__learning_rate=0.18, estimator__max_depth=9, estimator__max_iter=100, estimator__max_leaf_nodes=28; total time=   0.0s
[CV] END estimator__learning_rate=0.18, estimator__max_depth=12, estimator__max_iter=100, estimator__max_leaf_nodes=28; total time=   0.0s
[CV] END estimator__learning_rate=0.19, estimator__max_depth=9, estimator__max_iter=100, estimator__max_leaf_nodes=24; total time=   0.0s
[CV] END estimator__learning_rate=0.19, estimator__max_depth=9, estimator__max_iter=100, estimator__max_leaf_nodes=24; total time=   0.0s
[CV] END estimator__learning_rate=0.19, estimator__max_depth=10, estimator__max_iter=100, estimator__max_leaf_nodes=28; total time=   0.0s
[CV] END estimator__learning_rate=0.19, estimator__max_depth=10, estimator__max_iter=100, estimator__max_leaf_nodes=28; total time=   0.0s
[CV] END estimator__learning_rate=0.19, estimator__max_depth=10, estimator__max_iter=100, estimator__max_leaf_nodes=28; total time=   0.0s
[CV] END estimator__learning_rate=0.19, estimator__max_depth=11, estimator__max_iter=100, estimator__max_leaf_nodes=24; total time=   0.0s
[CV] END estimator__learning_rate=0.2, estimator__max_depth=9, estimator__max_iter=100, estimator__max_leaf_nodes=28; total time=   0.0s
[CV] END estimator__learning_rate=0.2, estimator__max_depth=9, estimator__max_iter=100, estimator__max_leaf_nodes=28; total time=   0.0s
[CV] END estimator__learning_rate=0.2, estimator__max_depth=9, estimator__max_iter=100, estimator__max_leaf_nodes=28; total time=   0.0s
[CV] END estimator__learning_rate=0.2, estimator__max_depth=10, estimator__max_iter=100, estimator__max_leaf_nodes=24; total time=   0.0s
[CV] END estimator__learning_rate=0.21, estimator__max_depth=9, estimator__max_iter=100, estimator__max_leaf_nodes=25; total time=   0.0s
[CV] END estimator__learning_rate=0.21, estimator__max_depth=9, estimator__max_iter=100, estimator__max_leaf_nodes=25; total time=   0.0s
[CV] END estimator__learning_rate=0.21, estimator__max_depth=9, estimator__max_iter=100, estimator__max_leaf_nodes=25; total time=   0.0s
[CV] END estimator__learning_rate=0.21, estimator__max_depth=9, estimator__max_iter=100, estimator__max_leaf_nodes=25; total time=   0.0s
[CV] END estimator__learning_rate=0.21, estimator__max_depth=12, estimator__max_iter=100, estimator__max_leaf_nodes=25; total time=   0.0s
[CV] END estimator__learning_rate=0.21, estimator__max_depth=12, estimator__max_iter=100, estimator__max_leaf_nodes=25; total time=   0.0s
[CV] END estimator__learning_rate=0.21, estimator__max_depth=12, estimator__max_iter=100, estimator__max_leaf_nodes=25; total time=   0.0s
[CV] END estimator__learning_rate=0.21, estimator__max_depth=12, estimator__max_iter=100, estimator__max_leaf_nodes=25; total time=   0.0s
[CV] END estimator__learning_rate=0.22, estimator__max_depth=10, estimator__max_iter=100, estimator__max_leaf_nodes=28; total time=   0.0s
[CV] END estimator__learning_rate=0.22, estimator__max_depth=10, estimator__max_iter=100, estimator__max_leaf_nodes=28; total time=   0.0s
[CV] END estimator__learning_rate=0.22, estimator__max_depth=11, estimator__max_iter=100, estimator__max_leaf_nodes=24; total time=   0.0s
[CV] END estimator__learning_rate=0.22, estimator__max_depth=11, estimator__max_iter=100, estimator__max_leaf_nodes=24; total time=   0.0s
[CV] END estimator__learning_rate=0.22, estimator__max_depth=13, estimator__max_iter=100, estimator__max_leaf_nodes=26; total time=   0.0s
[CV] END estimator__learning_rate=0.18, estimator__max_depth=9, estimator__max_iter=100, estimator__max_leaf_nodes=25; total time=   0.0s
[CV] END estimator__learning_rate=0.18, estimator__max_depth=10, estimator__max_iter=100, estimator__max_leaf_nodes=24; total time=   0.0s
[CV] END estimator__learning_rate=0.18, estimator__max_depth=10, estimator__max_iter=100, estimator__max_leaf_nodes=25; total time=   0.0s
[CV] END estimator__learning_rate=0.18, estimator__max_depth=10, estimator__max_iter=100, estimator__max_leaf_nodes=26; total time=   0.0s
[CV] END estimator__learning_rate=0.18, estimator__max_depth=10, estimator__max_iter=100, estimator__max_leaf_nodes=26; total time=   0.0s
[CV] END estimator__learning_rate=0.18, estimator__max_depth=10, estimator__max_iter=100, estimator__max_leaf_nodes=28; total time=   0.0s
[CV] END estimator__learning_rate=0.18, estimator__max_depth=11, estimator__max_iter=100, estimator__max_leaf_nodes=25; total time=   0.0s
[CV] END estimator__learning_rate=0.18, estimator__max_depth=11, estimator__max_iter=100, estimator__max_leaf_nodes=27; total time=   0.0s
[CV] END estimator__learning_rate=0.18, estimator__max_depth=12, estimator__max_iter=100, estimator__max_leaf_nodes=25; total time=   0.0s
[CV] END estimator__learning_rate=0.18, estimator__max_depth=13, estimator__max_iter=100, estimator__max_leaf_nodes=25; total time=   0.0s
[CV] END estimator__learning_rate=0.19, estimator__max_depth=9, estimator__max_iter=100, estimator__max_leaf_nodes=27; total time=   0.0s
[CV] END estimator__learning_rate=0.19, estimator__max_depth=9, estimator__max_iter=100, estimator__max_leaf_nodes=27; total time=   0.0s
[CV] END estimator__learning_rate=0.19, estimator__max_depth=12, estimator__max_iter=100, estimator__max_leaf_nodes=28; total time=   0.0s
[CV] END estimator__learning_rate=0.19, estimator__max_depth=13, estimator__max_iter=100, estimator__max_leaf_nodes=24; total time=   0.0s
[CV] END estimator__learning_rate=0.19, estimator__max_depth=13, estimator__max_iter=100, estimator__max_leaf_nodes=24; total time=   0.0s
[CV] END estimator__learning_rate=0.19, estimator__max_depth=13, estimator__max_iter=100, estimator__max_leaf_nodes=24; total time=   0.0s
[CV] END estimator__learning_rate=0.2, estimator__max_depth=10, estimator__max_iter=100, estimator__max_leaf_nodes=25; total time=   0.0s
[CV] END estimator__learning_rate=0.2, estimator__max_depth=10, estimator__max_iter=100, estimator__max_leaf_nodes=25; total time=   0.0s
[CV] END estimator__learning_rate=0.2, estimator__max_depth=10, estimator__max_iter=100, estimator__max_leaf_nodes=25; total time=   0.0s
[CV] END estimator__learning_rate=0.2, estimator__max_depth=10, estimator__max_iter=100, estimator__max_leaf_nodes=25; total time=   0.0s
[CV] END estimator__learning_rate=0.21, estimator__max_depth=9, estimator__max_iter=100, estimator__max_leaf_nodes=28; total time=   0.0s
[CV] END estimator__learning_rate=0.21, estimator__max_depth=9, estimator__max_iter=100, estimator__max_leaf_nodes=28; total time=   0.0s
[CV] END estimator__learning_rate=0.21, estimator__max_depth=9, estimator__max_iter=100, estimator__max_leaf_nodes=28; total time=   0.0s
[CV] END estimator__learning_rate=0.21, estimator__max_depth=9, estimator__max_iter=100, estimator__max_leaf_nodes=28; total time=   0.0s
[CV] END estimator__learning_rate=0.21, estimator__max_depth=13, estimator__max_iter=100, estimator__max_leaf_nodes=24; total time=   0.0s
[CV] END estimator__learning_rate=0.21, estimator__max_depth=13, estimator__max_iter=100, estimator__max_leaf_nodes=24; total time=   0.0s
[CV] END estimator__learning_rate=0.21, estimator__max_depth=13, estimator__max_iter=100, estimator__max_leaf_nodes=24; total time=   0.0s
[CV] END estimator__learning_rate=0.21, estimator__max_depth=13, estimator__max_iter=100, estimator__max_leaf_nodes=24; total time=   0.0s
[CV] END estimator__learning_rate=0.22, estimator__max_depth=11, estimator__max_iter=100, estimator__max_leaf_nodes=27; total time=   0.0s
[CV] END estimator__learning_rate=0.22, estimator__max_depth=12, estimator__max_iter=100, estimator__max_leaf_nodes=26; total time=   0.0s
[CV] END estimator__learning_rate=0.22, estimator__max_depth=13, estimator__max_iter=100, estimator__max_leaf_nodes=26; total time=   0.0s
[CV] END estimator__learning_rate=0.18, estimator__max_depth=9, estimator__max_iter=100, estimator__max_leaf_nodes=25; total time=   0.0s
[CV] END estimator__learning_rate=0.18, estimator__max_depth=12, estimator__max_iter=100, estimator__max_leaf_nodes=24; total time=   0.0s
[CV] END estimator__learning_rate=0.18, estimator__max_depth=13, estimator__max_iter=100, estimator__max_leaf_nodes=24; total time=   0.0s
[CV] END estimator__learning_rate=0.19, estimator__max_depth=9, estimator__max_iter=100, estimator__max_leaf_nodes=26; total time=   0.0s
[CV] END estimator__learning_rate=0.19, estimator__max_depth=9, estimator__max_iter=100, estimator__max_leaf_nodes=26; total time=   0.0s
[CV] END estimator__learning_rate=0.19, estimator__max_depth=12, estimator__max_iter=100, estimator__max_leaf_nodes=27; total time=   0.0s
[CV] END estimator__learning_rate=0.19, estimator__max_depth=12, estimator__max_iter=100, estimator__max_leaf_nodes=27; total time=   0.0s
[CV] END estimator__learning_rate=0.19, estimator__max_depth=12, estimator__max_iter=100, estimator__max_leaf_nodes=27; total time=   0.0s
[CV] END estimator__learning_rate=0.19, estimator__max_depth=12, estimator__max_iter=100, estimator__max_leaf_nodes=27; total time=   0.0s
[CV] END estimator__learning_rate=0.2, estimator__max_depth=12, estimator__max_iter=100, estimator__max_leaf_nodes=27; total time=   0.0s
[CV] END estimator__learning_rate=0.2, estimator__max_depth=12, estimator__max_iter=100, estimator__max_leaf_nodes=27; total time=   0.0s
[CV] END estimator__learning_rate=0.2, estimator__max_depth=12, estimator__max_iter=100, estimator__max_leaf_nodes=27; total time=   0.0s
[CV] END estimator__learning_rate=0.2, estimator__max_depth=12, estimator__max_iter=100, estimator__max_leaf_nodes=27; total time=   0.0s
[CV] END estimator__learning_rate=0.21, estimator__max_depth=10, estimator__max_iter=100, estimator__max_leaf_nodes=27; total time=   0.0s
[CV] END estimator__learning_rate=0.21, estimator__max_depth=10, estimator__max_iter=100, estimator__max_leaf_nodes=27; total time=   0.0s
[CV] END estimator__learning_rate=0.21, estimator__max_depth=10, estimator__max_iter=100, estimator__max_leaf_nodes=27; total time=   0.0s
[CV] END estimator__learning_rate=0.21, estimator__max_depth=10, estimator__max_iter=100, estimator__max_leaf_nodes=27; total time=   0.0s
[CV] END estimator__learning_rate=0.22, estimator__max_depth=9, estimator__max_iter=100, estimator__max_leaf_nodes=27; total time=   0.0s
[CV] END estimator__learning_rate=0.22, estimator__max_depth=9, estimator__max_iter=100, estimator__max_leaf_nodes=27; total time=   0.0s
[CV] END estimator__learning_rate=0.22, estimator__max_depth=9, estimator__max_iter=100, estimator__max_leaf_nodes=27; total time=   0.0s
[CV] END estimator__learning_rate=0.22, estimator__max_depth=9, estimator__max_iter=100, estimator__max_leaf_nodes=27; total time=   0.0s
[CV] END estimator__learning_rate=0.22, estimator__max_depth=11, estimator__max_iter=100, estimator__max_leaf_nodes=28; total time=   0.0s
[CV] END estimator__learning_rate=0.22, estimator__max_depth=12, estimator__max_iter=100, estimator__max_leaf_nodes=28; total time=   0.0s
[CV] END estimator__learning_rate=0.22, estimator__max_depth=13, estimator__max_iter=100, estimator__max_leaf_nodes=28; total time=   0.0s
[CV] END estimator__learning_rate=0.18, estimator__max_depth=9, estimator__max_iter=100, estimator__max_leaf_nodes=28; total time=   0.0s
[CV] END estimator__learning_rate=0.18, estimator__max_depth=12, estimator__max_iter=100, estimator__max_leaf_nodes=28; total time=   0.0s
[CV] END estimator__learning_rate=0.18, estimator__max_depth=13, estimator__max_iter=100, estimator__max_leaf_nodes=28; total time=   0.0s
[CV] END estimator__learning_rate=0.19, estimator__max_depth=9, estimator__max_iter=100, estimator__max_leaf_nodes=24; total time=   0.0s
[CV] END estimator__learning_rate=0.19, estimator__max_depth=11, estimator__max_iter=100, estimator__max_leaf_nodes=25; total time=   0.0s
[CV] END estimator__learning_rate=0.19, estimator__max_depth=11, estimator__max_iter=100, estimator__max_leaf_nodes=26; total time=   0.0s
[CV] END estimator__learning_rate=0.19, estimator__max_depth=11, estimator__max_iter=100, estimator__max_leaf_nodes=26; total time=   0.0s
[CV] END estimator__learning_rate=0.19, estimator__max_depth=11, estimator__max_iter=100, estimator__max_leaf_nodes=26; total time=   0.0s
[CV] END estimator__learning_rate=0.2, estimator__max_depth=11, estimator__max_iter=100, estimator__max_leaf_nodes=24; total time=   0.0s
[CV] END estimator__learning_rate=0.2, estimator__max_depth=11, estimator__max_iter=100, estimator__max_leaf_nodes=24; total time=   0.0s
[CV] END estimator__learning_rate=0.2, estimator__max_depth=11, estimator__max_iter=100, estimator__max_leaf_nodes=24; total time=   0.0s
[CV] END estimator__learning_rate=0.2, estimator__max_depth=11, estimator__max_iter=100, estimator__max_leaf_nodes=24; total time=   0.0s
[CV] END estimator__learning_rate=0.21, estimator__max_depth=9, estimator__max_iter=100, estimator__max_leaf_nodes=24; total time=   0.0s
[CV] END estimator__learning_rate=0.21, estimator__max_depth=9, estimator__max_iter=100, estimator__max_leaf_nodes=24; total time=   0.0s
[CV] END estimator__learning_rate=0.21, estimator__max_depth=9, estimator__max_iter=100, estimator__max_leaf_nodes=24; total time=   0.0s
[CV] END estimator__learning_rate=0.21, estimator__max_depth=9, estimator__max_iter=100, estimator__max_leaf_nodes=24; total time=   0.0s
[CV] END estimator__learning_rate=0.21, estimator__max_depth=13, estimator__max_iter=100, estimator__max_leaf_nodes=25; total time=   0.0s
[CV] END estimator__learning_rate=0.21, estimator__max_depth=13, estimator__max_iter=100, estimator__max_leaf_nodes=26; total time=   0.0s
[CV] END estimator__learning_rate=0.21, estimator__max_depth=13, estimator__max_iter=100, estimator__max_leaf_nodes=26; total time=   0.0s
[CV] END estimator__learning_rate=0.21, estimator__max_depth=13, estimator__max_iter=100, estimator__max_leaf_nodes=26; total time=   0.0s
[CV] END estimator__learning_rate=0.22, estimator__max_depth=11, estimator__max_iter=100, estimator__max_leaf_nodes=26; total time=   0.0s
[CV] END estimator__learning_rate=0.22, estimator__max_depth=11, estimator__max_iter=100, estimator__max_leaf_nodes=28; total time=   0.0s
[CV] END estimator__learning_rate=0.22, estimator__max_depth=12, estimator__max_iter=100, estimator__max_leaf_nodes=26; total time=   0.0s
[CV] END estimator__learning_rate=0.22, estimator__max_depth=13, estimator__max_iter=100, estimator__max_leaf_nodes=26; total time=   0.0s
[CV] END estimator__learning_rate=0.18, estimator__max_depth=9, estimator__max_iter=100, estimator__max_leaf_nodes=26; total time=   0.0s
[CV] END estimator__learning_rate=0.18, estimator__max_depth=10, estimator__max_iter=100, estimator__max_leaf_nodes=26; total time=   0.0s
[CV] END estimator__learning_rate=0.18, estimator__max_depth=10, estimator__max_iter=100, estimator__max_leaf_nodes=28; total time=   0.0s
[CV] END estimator__learning_rate=0.18, estimator__max_depth=11, estimator__max_iter=100, estimator__max_leaf_nodes=25; total time=   0.0s
[CV] END estimator__learning_rate=0.18, estimator__max_depth=11, estimator__max_iter=100, estimator__max_leaf_nodes=28; total time=   0.0s
[CV] END estimator__learning_rate=0.18, estimator__max_depth=12, estimator__max_iter=100, estimator__max_leaf_nodes=26; total time=   0.0s
[CV] END estimator__learning_rate=0.18, estimator__max_depth=13, estimator__max_iter=100, estimator__max_leaf_nodes=27; total time=   0.0s
[CV] END estimator__learning_rate=0.19, estimator__max_depth=10, estimator__max_iter=100, estimator__max_leaf_nodes=24; total time=   0.0s
[CV] END estimator__learning_rate=0.19, estimator__max_depth=10, estimator__max_iter=100, estimator__max_leaf_nodes=24; total time=   0.0s
[CV] END estimator__learning_rate=0.19, estimator__max_depth=13, estimator__max_iter=100, estimator__max_leaf_nodes=27; total time=   0.0s
[CV] END estimator__learning_rate=0.19, estimator__max_depth=13, estimator__max_iter=100, estimator__max_leaf_nodes=28; total time=   0.0s
[CV] END estimator__learning_rate=0.19, estimator__max_depth=13, estimator__max_iter=100, estimator__max_leaf_nodes=28; total time=   0.0s
[CV] END estimator__learning_rate=0.19, estimator__max_depth=13, estimator__max_iter=100, estimator__max_leaf_nodes=28; total time=   0.0s
[CV] END estimator__learning_rate=0.2, estimator__max_depth=10, estimator__max_iter=100, estimator__max_leaf_nodes=24; total time=   0.0s
[CV] END estimator__learning_rate=0.2, estimator__max_depth=10, estimator__max_iter=100, estimator__max_leaf_nodes=24; total time=   0.0s
[CV] END estimator__learning_rate=0.2, estimator__max_depth=10, estimator__max_iter=100, estimator__max_leaf_nodes=24; total time=   0.0s
[CV] END estimator__learning_rate=0.2, estimator__max_depth=10, estimator__max_iter=100, estimator__max_leaf_nodes=24; total time=   0.0s
[CV] END estimator__learning_rate=0.21, estimator__max_depth=9, estimator__max_iter=100, estimator__max_leaf_nodes=27; total time=   0.0s
[CV] END estimator__learning_rate=0.21, estimator__max_depth=9, estimator__max_iter=100, estimator__max_leaf_nodes=27; total time=   0.0s
[CV] END estimator__learning_rate=0.21, estimator__max_depth=9, estimator__max_iter=100, estimator__max_leaf_nodes=27; total time=   0.0s
[CV] END estimator__learning_rate=0.21, estimator__max_depth=9, estimator__max_iter=100, estimator__max_leaf_nodes=28; total time=   0.0s
[CV] END estimator__learning_rate=0.21, estimator__max_depth=13, estimator__max_iter=100, estimator__max_leaf_nodes=26; total time=   0.0s
[CV] END estimator__learning_rate=0.21, estimator__max_depth=13, estimator__max_iter=100, estimator__max_leaf_nodes=26; total time=   0.0s
[CV] END estimator__learning_rate=0.21, estimator__max_depth=13, estimator__max_iter=100, estimator__max_leaf_nodes=27; total time=   0.0s
[CV] END estimator__learning_rate=0.21, estimator__max_depth=13, estimator__max_iter=100, estimator__max_leaf_nodes=27; total time=   0.0s
[CV] END estimator__learning_rate=0.22, estimator__max_depth=11, estimator__max_iter=100, estimator__max_leaf_nodes=26; total time=   0.0s
[CV] END estimator__learning_rate=0.22, estimator__max_depth=12, estimator__max_iter=100, estimator__max_leaf_nodes=26; total time=   0.0s
[CV] END estimator__learning_rate=0.22, estimator__max_depth=13, estimator__max_iter=100, estimator__max_leaf_nodes=27; total time=   0.0s
[CV] END estimator__learning_rate=0.18, estimator__max_depth=9, estimator__max_iter=100, estimator__max_leaf_nodes=26; total time=   0.0s
[CV] END estimator__learning_rate=0.18, estimator__max_depth=10, estimator__max_iter=100, estimator__max_leaf_nodes=27; total time=   0.0s
[CV] END estimator__learning_rate=0.18, estimator__max_depth=11, estimator__max_iter=100, estimator__max_leaf_nodes=24; total time=   0.0s
[CV] END estimator__learning_rate=0.18, estimator__max_depth=11, estimator__max_iter=100, estimator__max_leaf_nodes=26; total time=   0.0s
[CV] END estimator__learning_rate=0.18, estimator__max_depth=11, estimator__max_iter=100, estimator__max_leaf_nodes=28; total time=   0.0s
[CV] END estimator__learning_rate=0.18, estimator__max_depth=12, estimator__max_iter=100, estimator__max_leaf_nodes=28; total time=   0.0s
[CV] END estimator__learning_rate=0.18, estimator__max_depth=13, estimator__max_iter=100, estimator__max_leaf_nodes=27; total time=   0.0s
[CV] END estimator__learning_rate=0.19, estimator__max_depth=10, estimator__max_iter=100, estimator__max_leaf_nodes=26; total time=   0.0s
[CV] END estimator__learning_rate=0.19, estimator__max_depth=10, estimator__max_iter=100, estimator__max_leaf_nodes=27; total time=   0.0s
[CV] END estimator__learning_rate=0.2, estimator__max_depth=9, estimator__max_iter=100, estimator__max_leaf_nodes=25; total time=   0.0s
[CV] END estimator__learning_rate=0.2, estimator__max_depth=9, estimator__max_iter=100, estimator__max_leaf_nodes=25; total time=   0.0s
[CV] END estimator__learning_rate=0.2, estimator__max_depth=9, estimator__max_iter=100, estimator__max_leaf_nodes=25; total time=   0.0s
[CV] END estimator__learning_rate=0.2, estimator__max_depth=9, estimator__max_iter=100, estimator__max_leaf_nodes=25; total time=   0.0s
[CV] END estimator__learning_rate=0.2, estimator__max_depth=12, estimator__max_iter=100, estimator__max_leaf_nodes=26; total time=   0.0s
[CV] END estimator__learning_rate=0.2, estimator__max_depth=12, estimator__max_iter=100, estimator__max_leaf_nodes=26; total time=   0.0s
[CV] END estimator__learning_rate=0.2, estimator__max_depth=12, estimator__max_iter=100, estimator__max_leaf_nodes=26; total time=   0.0s
[CV] END estimator__learning_rate=0.2, estimator__max_depth=12, estimator__max_iter=100, estimator__max_leaf_nodes=26; total time=   0.0s
[CV] END estimator__learning_rate=0.21, estimator__max_depth=11, estimator__max_iter=100, estimator__max_leaf_nodes=25; total time=   0.0s
[CV] END estimator__learning_rate=0.21, estimator__max_depth=11, estimator__max_iter=100, estimator__max_leaf_nodes=25; total time=   0.0s
[CV] END estimator__learning_rate=0.21, estimator__max_depth=11, estimator__max_iter=100, estimator__max_leaf_nodes=25; total time=   0.0s
[CV] END estimator__learning_rate=0.21, estimator__max_depth=11, estimator__max_iter=100, estimator__max_leaf_nodes=26; total time=   0.0s
[CV] END estimator__learning_rate=0.22, estimator__max_depth=10, estimator__max_iter=100, estimator__max_leaf_nodes=25; total time=   0.0s
[CV] END estimator__learning_rate=0.22, estimator__max_depth=10, estimator__max_iter=100, estimator__max_leaf_nodes=25; total time=   0.0s
[CV] END estimator__learning_rate=0.22, estimator__max_depth=10, estimator__max_iter=100, estimator__max_leaf_nodes=25; total time=   0.0s
[CV] END estimator__learning_rate=0.22, estimator__max_depth=10, estimator__max_iter=100, estimator__max_leaf_nodes=26; total time=   0.0s
[CV] END estimator__learning_rate=0.22, estimator__max_depth=11, estimator__max_iter=100, estimator__max_leaf_nodes=27; total time=   0.0s
[CV] END estimator__learning_rate=0.22, estimator__max_depth=12, estimator__max_iter=100, estimator__max_leaf_nodes=27; total time=   0.0s
[CV] END estimator__learning_rate=0.22, estimator__max_depth=13, estimator__max_iter=100, estimator__max_leaf_nodes=27; total time=   0.0s
[CV] END estimator__learning_rate=0.18, estimator__max_depth=9, estimator__max_iter=100, estimator__max_leaf_nodes=24; total time=   0.0s
[CV] END estimator__learning_rate=0.18, estimator__max_depth=10, estimator__max_iter=100, estimator__max_leaf_nodes=27; total time=   0.0s
[CV] END estimator__learning_rate=0.18, estimator__max_depth=11, estimator__max_iter=100, estimator__max_leaf_nodes=24; total time=   0.0s
[CV] END estimator__learning_rate=0.18, estimator__max_depth=11, estimator__max_iter=100, estimator__max_leaf_nodes=26; total time=   0.0s
[CV] END estimator__learning_rate=0.18, estimator__max_depth=11, estimator__max_iter=100, estimator__max_leaf_nodes=28; total time=   0.0s
[CV] END estimator__learning_rate=0.18, estimator__max_depth=12, estimator__max_iter=100, estimator__max_leaf_nodes=25; total time=   0.0s
[CV] END estimator__learning_rate=0.18, estimator__max_depth=13, estimator__max_iter=100, estimator__max_leaf_nodes=26; total time=   0.0s
[CV] END estimator__learning_rate=0.19, estimator__max_depth=10, estimator__max_iter=100, estimator__max_leaf_nodes=24; total time=   0.0s
[CV] END estimator__learning_rate=0.19, estimator__max_depth=10, estimator__max_iter=100, estimator__max_leaf_nodes=24; total time=   0.0s
[CV] END estimator__learning_rate=0.19, estimator__max_depth=13, estimator__max_iter=100, estimator__max_leaf_nodes=27; total time=   0.0s
[CV] END estimator__learning_rate=0.19, estimator__max_depth=13, estimator__max_iter=100, estimator__max_leaf_nodes=27; total time=   0.0s
[CV] END estimator__learning_rate=0.19, estimator__max_depth=13, estimator__max_iter=100, estimator__max_leaf_nodes=27; total time=   0.0s
[CV] END estimator__learning_rate=0.19, estimator__max_depth=13, estimator__max_iter=100, estimator__max_leaf_nodes=27; total time=   0.0s
[CV] END estimator__learning_rate=0.2, estimator__max_depth=13, estimator__max_iter=100, estimator__max_leaf_nodes=24; total time=   0.0s
[CV] END estimator__learning_rate=0.2, estimator__max_depth=13, estimator__max_iter=100, estimator__max_leaf_nodes=24; total time=   0.0s
[CV] END estimator__learning_rate=0.2, estimator__max_depth=13, estimator__max_iter=100, estimator__max_leaf_nodes=24; total time=   0.0s
[CV] END estimator__learning_rate=0.2, estimator__max_depth=13, estimator__max_iter=100, estimator__max_leaf_nodes=25; total time=   0.0s
[CV] END estimator__learning_rate=0.21, estimator__max_depth=10, estimator__max_iter=100, estimator__max_leaf_nodes=24; total time=   0.0s
[CV] END estimator__learning_rate=0.21, estimator__max_depth=10, estimator__max_iter=100, estimator__max_leaf_nodes=25; total time=   0.0s
[CV] END estimator__learning_rate=0.21, estimator__max_depth=10, estimator__max_iter=100, estimator__max_leaf_nodes=25; total time=   0.0s
[CV] END estimator__learning_rate=0.21, estimator__max_depth=10, estimator__max_iter=100, estimator__max_leaf_nodes=25; total time=   0.0s
[CV] END estimator__learning_rate=0.22, estimator__max_depth=9, estimator__max_iter=100, estimator__max_leaf_nodes=24; total time=   0.0s
[CV] END estimator__learning_rate=0.22, estimator__max_depth=9, estimator__max_iter=100, estimator__max_leaf_nodes=25; total time=   0.0s
[CV] END estimator__learning_rate=0.22, estimator__max_depth=9, estimator__max_iter=100, estimator__max_leaf_nodes=25; total time=   0.0s
[CV] END estimator__learning_rate=0.22, estimator__max_depth=9, estimator__max_iter=100, estimator__max_leaf_nodes=25; total time=   0.0s
[CV] END estimator__learning_rate=0.22, estimator__max_depth=11, estimator__max_iter=100, estimator__max_leaf_nodes=27; total time=   0.0s
[CV] END estimator__learning_rate=0.22, estimator__max_depth=12, estimator__max_iter=100, estimator__max_leaf_nodes=27; total time=   0.0s
[CV] END estimator__learning_rate=0.22, estimator__max_depth=13, estimator__max_iter=100, estimator__max_leaf_nodes=27; total time=   0.0s
[CV] END estimator__learning_rate=0.18, estimator__max_depth=9, estimator__max_iter=100, estimator__max_leaf_nodes=28; total time=   0.0s
[CV] END estimator__learning_rate=0.18, estimator__max_depth=13, estimator__max_iter=100, estimator__max_leaf_nodes=24; total time=   0.0s
[CV] END estimator__learning_rate=0.19, estimator__max_depth=9, estimator__max_iter=100, estimator__max_leaf_nodes=24; total time=   0.0s
[CV] END estimator__learning_rate=0.19, estimator__max_depth=9, estimator__max_iter=100, estimator__max_leaf_nodes=24; total time=   0.0s
[CV] END estimator__learning_rate=0.19, estimator__max_depth=11, estimator__max_iter=100, estimator__max_leaf_nodes=26; total time=   0.0s
[CV] END estimator__learning_rate=0.19, estimator__max_depth=11, estimator__max_iter=100, estimator__max_leaf_nodes=26; total time=   0.0s
[CV] END estimator__learning_rate=0.19, estimator__max_depth=11, estimator__max_iter=100, estimator__max_leaf_nodes=27; total time=   0.0s
[CV] END estimator__learning_rate=0.19, estimator__max_depth=11, estimator__max_iter=100, estimator__max_leaf_nodes=27; total time=   0.0s
[CV] END estimator__learning_rate=0.2, estimator__max_depth=10, estimator__max_iter=100, estimator__max_leaf_nodes=28; total time=   0.0s
[CV] END estimator__learning_rate=0.2, estimator__max_depth=10, estimator__max_iter=100, estimator__max_leaf_nodes=28; total time=   0.0s
[CV] END estimator__learning_rate=0.2, estimator__max_depth=10, estimator__max_iter=100, estimator__max_leaf_nodes=28; total time=   0.0s
[CV] END estimator__learning_rate=0.2, estimator__max_depth=10, estimator__max_iter=100, estimator__max_leaf_nodes=28; total time=   0.0s
[CV] END estimator__learning_rate=0.21, estimator__max_depth=10, estimator__max_iter=100, estimator__max_leaf_nodes=26; total time=   0.0s
[CV] END estimator__learning_rate=0.21, estimator__max_depth=10, estimator__max_iter=100, estimator__max_leaf_nodes=26; total time=   0.0s
[CV] END estimator__learning_rate=0.21, estimator__max_depth=10, estimator__max_iter=100, estimator__max_leaf_nodes=26; total time=   0.0s
[CV] END estimator__learning_rate=0.21, estimator__max_depth=10, estimator__max_iter=100, estimator__max_leaf_nodes=27; total time=   0.0s
[CV] END estimator__learning_rate=0.22, estimator__max_depth=9, estimator__max_iter=100, estimator__max_leaf_nodes=28; total time=   0.0s
[CV] END estimator__learning_rate=0.22, estimator__max_depth=10, estimator__max_iter=100, estimator__max_leaf_nodes=24; total time=   0.0s
[CV] END estimator__learning_rate=0.22, estimator__max_depth=10, estimator__max_iter=100, estimator__max_leaf_nodes=24; total time=   0.0s
[CV] END estimator__learning_rate=0.22, estimator__max_depth=10, estimator__max_iter=100, estimator__max_leaf_nodes=24; total time=   0.0s
[CV] END estimator__learning_rate=0.22, estimator__max_depth=12, estimator__max_iter=100, estimator__max_leaf_nodes=24; total time=   0.0s
[CV] END estimator__learning_rate=0.22, estimator__max_depth=13, estimator__max_iter=100, estimator__max_leaf_nodes=24; total time=   0.0s
[CV] END estimator__learning_rate=0.22, estimator__max_depth=13, estimator__max_iter=100, estimator__max_leaf_nodes=28; total time=   0.0s
[CV] END estimator__learning_rate=0.18, estimator__max_depth=9, estimator__max_iter=100, estimator__max_leaf_nodes=24; total time=   0.0s
[CV] END estimator__learning_rate=0.18, estimator__max_depth=11, estimator__max_iter=100, estimator__max_leaf_nodes=26; total time=   0.0s
[CV] END estimator__learning_rate=0.18, estimator__max_depth=12, estimator__max_iter=100, estimator__max_leaf_nodes=24; total time=   0.0s
[CV] END estimator__learning_rate=0.18, estimator__max_depth=12, estimator__max_iter=100, estimator__max_leaf_nodes=28; total time=   0.0s
[CV] END estimator__learning_rate=0.18, estimator__max_depth=13, estimator__max_iter=100, estimator__max_leaf_nodes=28; total time=   0.0s
[CV] END estimator__learning_rate=0.18, estimator__max_depth=13, estimator__max_iter=100, estimator__max_leaf_nodes=28; total time=   0.0s
[CV] END estimator__learning_rate=0.19, estimator__max_depth=12, estimator__max_iter=100, estimator__max_leaf_nodes=24; total time=   0.0s
[CV] END estimator__learning_rate=0.19, estimator__max_depth=12, estimator__max_iter=100, estimator__max_leaf_nodes=25; total time=   0.0s
[CV] END estimator__learning_rate=0.19, estimator__max_depth=12, estimator__max_iter=100, estimator__max_leaf_nodes=25; total time=   0.0s
[CV] END estimator__learning_rate=0.19, estimator__max_depth=12, estimator__max_iter=100, estimator__max_leaf_nodes=25; total time=   0.0s
[CV] END estimator__learning_rate=0.2, estimator__max_depth=10, estimator__max_iter=100, estimator__max_leaf_nodes=25; total time=   0.0s
[CV] END estimator__learning_rate=0.2, estimator__max_depth=10, estimator__max_iter=100, estimator__max_leaf_nodes=26; total time=   0.0s
[CV] END estimator__learning_rate=0.2, estimator__max_depth=10, estimator__max_iter=100, estimator__max_leaf_nodes=26; total time=   0.0s
[CV] END estimator__learning_rate=0.2, estimator__max_depth=10, estimator__max_iter=100, estimator__max_leaf_nodes=26; total time=   0.0s
[CV] END estimator__learning_rate=0.21, estimator__max_depth=9, estimator__max_iter=100, estimator__max_leaf_nodes=25; total time=   0.0s
[CV] END estimator__learning_rate=0.21, estimator__max_depth=9, estimator__max_iter=100, estimator__max_leaf_nodes=26; total time=   0.0s
[CV] END estimator__learning_rate=0.21, estimator__max_depth=9, estimator__max_iter=100, estimator__max_leaf_nodes=26; total time=   0.0s
[CV] END estimator__learning_rate=0.21, estimator__max_depth=9, estimator__max_iter=100, estimator__max_leaf_nodes=26; total time=   0.0s
[CV] END estimator__learning_rate=0.22, estimator__max_depth=9, estimator__max_iter=100, estimator__max_leaf_nodes=24; total time=   0.0s
[CV] END estimator__learning_rate=0.22, estimator__max_depth=9, estimator__max_iter=100, estimator__max_leaf_nodes=24; total time=   0.0s
[CV] END estimator__learning_rate=0.22, estimator__max_depth=9, estimator__max_iter=100, estimator__max_leaf_nodes=24; total time=   0.0s
[CV] END estimator__learning_rate=0.22, estimator__max_depth=9, estimator__max_iter=100, estimator__max_leaf_nodes=24; total time=   0.0s
[CV] END estimator__learning_rate=0.22, estimator__max_depth=11, estimator__max_iter=100, estimator__max_leaf_nodes=26; total time=   0.0s
[CV] END estimator__learning_rate=0.22, estimator__max_depth=12, estimator__max_iter=100, estimator__max_leaf_nodes=24; total time=   0.0s
[CV] END estimator__learning_rate=0.22, estimator__max_depth=13, estimator__max_iter=100, estimator__max_leaf_nodes=24; total time=   0.0s
[CV] END estimator__learning_rate=0.22, estimator__max_depth=13, estimator__max_iter=100, estimator__max_leaf_nodes=28; total time=   0.0s
[CV] END estimator__learning_rate=0.18, estimator__max_depth=9, estimator__max_iter=100, estimator__max_leaf_nodes=26; total time=   0.0s
[CV] END estimator__learning_rate=0.18, estimator__max_depth=10, estimator__max_iter=100, estimator__max_leaf_nodes=27; total time=   0.0s
[CV] END estimator__learning_rate=0.18, estimator__max_depth=11, estimator__max_iter=100, estimator__max_leaf_nodes=24; total time=   0.0s
[CV] END estimator__learning_rate=0.18, estimator__max_depth=11, estimator__max_iter=100, estimator__max_leaf_nodes=27; total time=   0.0s
[CV] END estimator__learning_rate=0.18, estimator__max_depth=12, estimator__max_iter=100, estimator__max_leaf_nodes=24; total time=   0.0s
[CV] END estimator__learning_rate=0.18, estimator__max_depth=12, estimator__max_iter=100, estimator__max_leaf_nodes=27; total time=   0.0s
[CV] END estimator__learning_rate=0.18, estimator__max_depth=13, estimator__max_iter=100, estimator__max_leaf_nodes=25; total time=   0.0s
[CV] END estimator__learning_rate=0.19, estimator__max_depth=9, estimator__max_iter=100, estimator__max_leaf_nodes=26; total time=   0.0s
[CV] END estimator__learning_rate=0.19, estimator__max_depth=9, estimator__max_iter=100, estimator__max_leaf_nodes=26; total time=   0.0s
[CV] END estimator__learning_rate=0.19, estimator__max_depth=12, estimator__max_iter=100, estimator__max_leaf_nodes=24; total time=   0.0s
[CV] END estimator__learning_rate=0.19, estimator__max_depth=12, estimator__max_iter=100, estimator__max_leaf_nodes=24; total time=   0.0s
[CV] END estimator__learning_rate=0.19, estimator__max_depth=12, estimator__max_iter=100, estimator__max_leaf_nodes=24; total time=   0.0s
[CV] END estimator__learning_rate=0.19, estimator__max_depth=12, estimator__max_iter=100, estimator__max_leaf_nodes=24; total time=   0.0s
[CV] END estimator__learning_rate=0.2, estimator__max_depth=11, estimator__max_iter=100, estimator__max_leaf_nodes=27; total time=   0.0s
[CV] END estimator__learning_rate=0.2, estimator__max_depth=11, estimator__max_iter=100, estimator__max_leaf_nodes=27; total time=   0.0s
[CV] END estimator__learning_rate=0.2, estimator__max_depth=11, estimator__max_iter=100, estimator__max_leaf_nodes=27; total time=   0.0s
[CV] END estimator__learning_rate=0.2, estimator__max_depth=11, estimator__max_iter=100, estimator__max_leaf_nodes=27; total time=   0.0s
[CV] END estimator__learning_rate=0.21, estimator__max_depth=10, estimator__max_iter=100, estimator__max_leaf_nodes=28; total time=   0.0s
[CV] END estimator__learning_rate=0.21, estimator__max_depth=11, estimator__max_iter=100, estimator__max_leaf_nodes=24; total time=   0.0s
[CV] END estimator__learning_rate=0.21, estimator__max_depth=11, estimator__max_iter=100, estimator__max_leaf_nodes=24; total time=   0.0s
[CV] END estimator__learning_rate=0.21, estimator__max_depth=11, estimator__max_iter=100, estimator__max_leaf_nodes=24; total time=   0.0s
[CV] END estimator__learning_rate=0.22, estimator__max_depth=9, estimator__max_iter=100, estimator__max_leaf_nodes=28; total time=   0.0s
[CV] END estimator__learning_rate=0.22, estimator__max_depth=9, estimator__max_iter=100, estimator__max_leaf_nodes=28; total time=   0.0s
[CV] END estimator__learning_rate=0.22, estimator__max_depth=9, estimator__max_iter=100, estimator__max_leaf_nodes=28; total time=   0.0s
[CV] END estimator__learning_rate=0.22, estimator__max_depth=9, estimator__max_iter=100, estimator__max_leaf_nodes=28; total time=   0.0s
[CV] END estimator__learning_rate=0.22, estimator__max_depth=12, estimator__max_iter=100, estimator__max_leaf_nodes=24; total time=   0.0s
[CV] END estimator__learning_rate=0.22, estimator__max_depth=12, estimator__max_iter=100, estimator__max_leaf_nodes=28; total time=   0.0s
[CV] END estimator__learning_rate=0.22, estimator__max_depth=13, estimator__max_iter=100, estimator__max_leaf_nodes=28; total time=   0.0s
