W0419 06:48:24.211000 21984 site-packages\torch\utils\flop_counter.py:29] triton not found; flop counting will not work for triton kernels
[INFO] Loading exact-paper config | config\paper_reimplementation\rcim_ml_compensation\exact_model_bank\campaigns\2026-04-19_track1_hgbm_residual_cellwise_closure_campaign\092_track1_hgbm_phase_81_closure_attempt_02.yaml
[INFO] Exact-paper output directory | output/validation_checks/paper_reimplementation_rcim_exact_model_bank/2026-04-19-06-48-24__track1_hgbm_phase_81_closure_attempt_02_campaign_run
[INFO] Building exact-paper dataset bundle
[INFO] Exact-paper dataset ready | rows=969 targets=1 families=1 scope_mode=phases_only
[INFO] Exact-paper target scope | kinds=phase harmonics=81 preview=fft_y_Fw_filtered_phase_81
[INFO] Exact-paper search settings | mode=paper_reference_grid_search grid_search_n_jobs=24 grid_search_verbose=2 grid_search_pre_dispatch=24 families=HGBM
[INFO] Fitting family bank | HGBM
[INFO] Family fit started | family=HGBM estimator=HistGradientBoostingRegressor targets=1 threadpool_limit=1 joblib_cpu_limit=system_default os_cpu_count=32
[INFO] Family target scope | family=HGBM kinds=phase harmonics=81 preview=fft_y_Fw_filtered_phase_81
[INFO] Grid search configured | family=HGBM candidates=125 parameter_count=4 n_jobs=24 verbose=2 pre_dispatch=24
W0419 06:48:31.094000 30404 site-packages\torch\utils\flop_counter.py:29] triton not found; flop counting will not work for triton kernels
W0419 06:48:31.361000 6472 site-packages\torch\utils\flop_counter.py:29] triton not found; flop counting will not work for triton kernels
W0419 06:48:31.376000 16072 site-packages\torch\utils\flop_counter.py:29] triton not found; flop counting will not work for triton kernels
W0419 06:48:31.452000 11388 site-packages\torch\utils\flop_counter.py:29] triton not found; flop counting will not work for triton kernels
W0419 06:48:31.510000 12612 site-packages\torch\utils\flop_counter.py:29] triton not found; flop counting will not work for triton kernels
W0419 06:48:31.538000 17144 site-packages\torch\utils\flop_counter.py:29] triton not found; flop counting will not work for triton kernels
W0419 06:48:31.538000 20864 site-packages\torch\utils\flop_counter.py:29] triton not found; flop counting will not work for triton kernels
W0419 06:48:31.549000 38324 site-packages\torch\utils\flop_counter.py:29] triton not found; flop counting will not work for triton kernels
W0419 06:48:31.631000 36516 site-packages\torch\utils\flop_counter.py:29] triton not found; flop counting will not work for triton kernels
W0419 06:48:31.666000 37956 site-packages\torch\utils\flop_counter.py:29] triton not found; flop counting will not work for triton kernels
W0419 06:48:31.689000 27088 site-packages\torch\utils\flop_counter.py:29] triton not found; flop counting will not work for triton kernels
W0419 06:48:31.847000 6096 site-packages\torch\utils\flop_counter.py:29] triton not found; flop counting will not work for triton kernels
W0419 06:48:31.895000 24480 site-packages\torch\utils\flop_counter.py:29] triton not found; flop counting will not work for triton kernels
W0419 06:48:31.960000 38680 site-packages\torch\utils\flop_counter.py:29] triton not found; flop counting will not work for triton kernels
W0419 06:48:31.970000 8140 site-packages\torch\utils\flop_counter.py:29] triton not found; flop counting will not work for triton kernels
W0419 06:48:31.978000 14004 site-packages\torch\utils\flop_counter.py:29] triton not found; flop counting will not work for triton kernels
W0419 06:48:31.984000 25588 site-packages\torch\utils\flop_counter.py:29] triton not found; flop counting will not work for triton kernels
W0419 06:48:31.991000 18064 site-packages\torch\utils\flop_counter.py:29] triton not found; flop counting will not work for triton kernels
W0419 06:48:31.998000 7620 site-packages\torch\utils\flop_counter.py:29] triton not found; flop counting will not work for triton kernels
W0419 06:48:31.998000 34596 site-packages\torch\utils\flop_counter.py:29] triton not found; flop counting will not work for triton kernels
W0419 06:48:32.006000 37004 site-packages\torch\utils\flop_counter.py:29] triton not found; flop counting will not work for triton kernels
W0419 06:48:32.013000 36692 site-packages\torch\utils\flop_counter.py:29] triton not found; flop counting will not work for triton kernels
W0419 06:48:32.016000 34820 site-packages\torch\utils\flop_counter.py:29] triton not found; flop counting will not work for triton kernels
W0419 06:48:32.025000 5040 site-packages\torch\utils\flop_counter.py:29] triton not found; flop counting will not work for triton kernels
Fitting 5 folds for each of 125 candidates, totalling 625 fits
[DONE] Family fit complete | family=HGBM elapsed=12.82s best_score=0.9639493073115425 best_params={'estimator__learning_rate': 0.22, 'estimator__max_depth': 13, 'estimator__max_iter': 100, 'estimator__max_leaf_nodes': 24}
[INFO] Evaluating family bank
[INFO] Family evaluation started | family=HGBM targets=1
[DONE] Family evaluation complete | family=HGBM elapsed=0.01s mean_component_mape=5.944% mean_component_mae=0.053798
[INFO] Evaluation complete | winner=HGBM mean_component_mape=5.944%
[INFO] Exporting ONNX family bank
[INFO] Family ONNX export started | family=HGBM targets=1 estimator=HistGradientBoostingRegressor
[WARN] Target ONNX export failed | family=HGBM target=fft_y_Fw_filtered_phase_81 error='NoneType' object is not callable
[DONE] Family ONNX export complete | family=HGBM elapsed=0.00s exported=0 failed=1
[INFO] ONNX export complete | exported=0 failed=1
[DONE] Exact paper validation summary written | output/validation_checks/paper_reimplementation_rcim_exact_model_bank/2026-04-19-06-48-24__track1_hgbm_phase_81_closure_attempt_02_campaign_run/validation_summary.yaml
[DONE] Exact paper Markdown report written | doc/reports/analysis/validation_checks/2026-04-19-06-48-37_paper_reimplementation_rcim_exact_model_bank_track1_hgbm_phase_81_closure_attempt_02_campaign_run_exact_paper_model_bank_report.md
[CV] END estimator__learning_rate=0.18, estimator__max_depth=9, estimator__max_iter=100, estimator__max_leaf_nodes=25; total time=   0.0s
[CV] END estimator__learning_rate=0.18, estimator__max_depth=10, estimator__max_iter=100, estimator__max_leaf_nodes=26; total time=   0.0s
[CV] END estimator__learning_rate=0.18, estimator__max_depth=10, estimator__max_iter=100, estimator__max_leaf_nodes=28; total time=   0.0s
[CV] END estimator__learning_rate=0.18, estimator__max_depth=11, estimator__max_iter=100, estimator__max_leaf_nodes=25; total time=   0.0s
[CV] END estimator__learning_rate=0.18, estimator__max_depth=11, estimator__max_iter=100, estimator__max_leaf_nodes=26; total time=   0.0s
[CV] END estimator__learning_rate=0.18, estimator__max_depth=12, estimator__max_iter=100, estimator__max_leaf_nodes=24; total time=   0.0s
[CV] END estimator__learning_rate=0.18, estimator__max_depth=13, estimator__max_iter=100, estimator__max_leaf_nodes=24; total time=   0.0s
[CV] END estimator__learning_rate=0.19, estimator__max_depth=9, estimator__max_iter=100, estimator__max_leaf_nodes=26; total time=   0.0s
[CV] END estimator__learning_rate=0.19, estimator__max_depth=9, estimator__max_iter=100, estimator__max_leaf_nodes=26; total time=   0.0s
[CV] END estimator__learning_rate=0.19, estimator__max_depth=12, estimator__max_iter=100, estimator__max_leaf_nodes=26; total time=   0.0s
[CV] END estimator__learning_rate=0.19, estimator__max_depth=12, estimator__max_iter=100, estimator__max_leaf_nodes=26; total time=   0.0s
[CV] END estimator__learning_rate=0.19, estimator__max_depth=12, estimator__max_iter=100, estimator__max_leaf_nodes=26; total time=   0.0s
[CV] END estimator__learning_rate=0.19, estimator__max_depth=12, estimator__max_iter=100, estimator__max_leaf_nodes=27; total time=   0.0s
[CV] END estimator__learning_rate=0.2, estimator__max_depth=11, estimator__max_iter=100, estimator__max_leaf_nodes=27; total time=   0.0s
[CV] END estimator__learning_rate=0.2, estimator__max_depth=11, estimator__max_iter=100, estimator__max_leaf_nodes=27; total time=   0.0s
[CV] END estimator__learning_rate=0.2, estimator__max_depth=11, estimator__max_iter=100, estimator__max_leaf_nodes=27; total time=   0.0s
[CV] END estimator__learning_rate=0.2, estimator__max_depth=11, estimator__max_iter=100, estimator__max_leaf_nodes=27; total time=   0.0s
[CV] END estimator__learning_rate=0.21, estimator__max_depth=10, estimator__max_iter=100, estimator__max_leaf_nodes=28; total time=   0.0s
[CV] END estimator__learning_rate=0.21, estimator__max_depth=10, estimator__max_iter=100, estimator__max_leaf_nodes=28; total time=   0.0s
[CV] END estimator__learning_rate=0.21, estimator__max_depth=10, estimator__max_iter=100, estimator__max_leaf_nodes=28; total time=   0.0s
[CV] END estimator__learning_rate=0.21, estimator__max_depth=10, estimator__max_iter=100, estimator__max_leaf_nodes=28; total time=   0.0s
[CV] END estimator__learning_rate=0.22, estimator__max_depth=9, estimator__max_iter=100, estimator__max_leaf_nodes=28; total time=   0.0s
[CV] END estimator__learning_rate=0.22, estimator__max_depth=9, estimator__max_iter=100, estimator__max_leaf_nodes=28; total time=   0.0s
[CV] END estimator__learning_rate=0.22, estimator__max_depth=9, estimator__max_iter=100, estimator__max_leaf_nodes=28; total time=   0.0s
[CV] END estimator__learning_rate=0.22, estimator__max_depth=9, estimator__max_iter=100, estimator__max_leaf_nodes=28; total time=   0.0s
[CV] END estimator__learning_rate=0.22, estimator__max_depth=12, estimator__max_iter=100, estimator__max_leaf_nodes=24; total time=   0.0s
[CV] END estimator__learning_rate=0.22, estimator__max_depth=13, estimator__max_iter=100, estimator__max_leaf_nodes=24; total time=   0.0s
[CV] END estimator__learning_rate=0.18, estimator__max_depth=9, estimator__max_iter=100, estimator__max_leaf_nodes=24; total time=   0.0s
[CV] END estimator__learning_rate=0.18, estimator__max_depth=10, estimator__max_iter=100, estimator__max_leaf_nodes=26; total time=   0.0s
[CV] END estimator__learning_rate=0.18, estimator__max_depth=10, estimator__max_iter=100, estimator__max_leaf_nodes=28; total time=   0.0s
[CV] END estimator__learning_rate=0.18, estimator__max_depth=11, estimator__max_iter=100, estimator__max_leaf_nodes=25; total time=   0.0s
[CV] END estimator__learning_rate=0.18, estimator__max_depth=11, estimator__max_iter=100, estimator__max_leaf_nodes=28; total time=   0.0s
[CV] END estimator__learning_rate=0.18, estimator__max_depth=12, estimator__max_iter=100, estimator__max_leaf_nodes=26; total time=   0.0s
[CV] END estimator__learning_rate=0.18, estimator__max_depth=13, estimator__max_iter=100, estimator__max_leaf_nodes=26; total time=   0.0s
[CV] END estimator__learning_rate=0.19, estimator__max_depth=10, estimator__max_iter=100, estimator__max_leaf_nodes=24; total time=   0.0s
[CV] END estimator__learning_rate=0.19, estimator__max_depth=10, estimator__max_iter=100, estimator__max_leaf_nodes=24; total time=   0.0s
[CV] END estimator__learning_rate=0.19, estimator__max_depth=12, estimator__max_iter=100, estimator__max_leaf_nodes=28; total time=   0.0s
[CV] END estimator__learning_rate=0.19, estimator__max_depth=13, estimator__max_iter=100, estimator__max_leaf_nodes=24; total time=   0.0s
[CV] END estimator__learning_rate=0.19, estimator__max_depth=13, estimator__max_iter=100, estimator__max_leaf_nodes=24; total time=   0.0s
[CV] END estimator__learning_rate=0.19, estimator__max_depth=13, estimator__max_iter=100, estimator__max_leaf_nodes=24; total time=   0.0s
[CV] END estimator__learning_rate=0.2, estimator__max_depth=10, estimator__max_iter=100, estimator__max_leaf_nodes=28; total time=   0.0s
[CV] END estimator__learning_rate=0.2, estimator__max_depth=10, estimator__max_iter=100, estimator__max_leaf_nodes=28; total time=   0.0s
[CV] END estimator__learning_rate=0.2, estimator__max_depth=10, estimator__max_iter=100, estimator__max_leaf_nodes=28; total time=   0.0s
[CV] END estimator__learning_rate=0.2, estimator__max_depth=10, estimator__max_iter=100, estimator__max_leaf_nodes=28; total time=   0.0s
[CV] END estimator__learning_rate=0.21, estimator__max_depth=9, estimator__max_iter=100, estimator__max_leaf_nodes=28; total time=   0.0s
[CV] END estimator__learning_rate=0.21, estimator__max_depth=9, estimator__max_iter=100, estimator__max_leaf_nodes=28; total time=   0.0s
[CV] END estimator__learning_rate=0.21, estimator__max_depth=9, estimator__max_iter=100, estimator__max_leaf_nodes=28; total time=   0.0s
[CV] END estimator__learning_rate=0.21, estimator__max_depth=9, estimator__max_iter=100, estimator__max_leaf_nodes=28; total time=   0.0s
[CV] END estimator__learning_rate=0.22, estimator__max_depth=9, estimator__max_iter=100, estimator__max_leaf_nodes=24; total time=   0.0s
[CV] END estimator__learning_rate=0.22, estimator__max_depth=9, estimator__max_iter=100, estimator__max_leaf_nodes=24; total time=   0.0s
[CV] END estimator__learning_rate=0.22, estimator__max_depth=9, estimator__max_iter=100, estimator__max_leaf_nodes=24; total time=   0.0s
[CV] END estimator__learning_rate=0.22, estimator__max_depth=9, estimator__max_iter=100, estimator__max_leaf_nodes=24; total time=   0.0s
[CV] END estimator__learning_rate=0.22, estimator__max_depth=11, estimator__max_iter=100, estimator__max_leaf_nodes=28; total time=   0.0s
[CV] END estimator__learning_rate=0.22, estimator__max_depth=12, estimator__max_iter=100, estimator__max_leaf_nodes=27; total time=   0.0s
[CV] END estimator__learning_rate=0.22, estimator__max_depth=13, estimator__max_iter=100, estimator__max_leaf_nodes=24; total time=   0.0s
[CV] END estimator__learning_rate=0.18, estimator__max_depth=9, estimator__max_iter=100, estimator__max_leaf_nodes=26; total time=   0.0s
[CV] END estimator__learning_rate=0.18, estimator__max_depth=12, estimator__max_iter=100, estimator__max_leaf_nodes=27; total time=   0.0s
[CV] END estimator__learning_rate=0.18, estimator__max_depth=13, estimator__max_iter=100, estimator__max_leaf_nodes=25; total time=   0.0s
[CV] END estimator__learning_rate=0.19, estimator__max_depth=9, estimator__max_iter=100, estimator__max_leaf_nodes=27; total time=   0.0s
[CV] END estimator__learning_rate=0.19, estimator__max_depth=9, estimator__max_iter=100, estimator__max_leaf_nodes=27; total time=   0.0s
[CV] END estimator__learning_rate=0.19, estimator__max_depth=12, estimator__max_iter=100, estimator__max_leaf_nodes=27; total time=   0.0s
[CV] END estimator__learning_rate=0.19, estimator__max_depth=12, estimator__max_iter=100, estimator__max_leaf_nodes=27; total time=   0.0s
[CV] END estimator__learning_rate=0.19, estimator__max_depth=12, estimator__max_iter=100, estimator__max_leaf_nodes=27; total time=   0.0s
[CV] END estimator__learning_rate=0.19, estimator__max_depth=12, estimator__max_iter=100, estimator__max_leaf_nodes=27; total time=   0.0s
[CV] END estimator__learning_rate=0.2, estimator__max_depth=12, estimator__max_iter=100, estimator__max_leaf_nodes=25; total time=   0.0s
[CV] END estimator__learning_rate=0.2, estimator__max_depth=12, estimator__max_iter=100, estimator__max_leaf_nodes=25; total time=   0.0s
[CV] END estimator__learning_rate=0.2, estimator__max_depth=12, estimator__max_iter=100, estimator__max_leaf_nodes=25; total time=   0.0s
[CV] END estimator__learning_rate=0.2, estimator__max_depth=12, estimator__max_iter=100, estimator__max_leaf_nodes=26; total time=   0.0s
[CV] END estimator__learning_rate=0.21, estimator__max_depth=10, estimator__max_iter=100, estimator__max_leaf_nodes=26; total time=   0.0s
[CV] END estimator__learning_rate=0.21, estimator__max_depth=10, estimator__max_iter=100, estimator__max_leaf_nodes=26; total time=   0.0s
[CV] END estimator__learning_rate=0.21, estimator__max_depth=10, estimator__max_iter=100, estimator__max_leaf_nodes=26; total time=   0.0s
[CV] END estimator__learning_rate=0.21, estimator__max_depth=10, estimator__max_iter=100, estimator__max_leaf_nodes=27; total time=   0.0s
[CV] END estimator__learning_rate=0.22, estimator__max_depth=9, estimator__max_iter=100, estimator__max_leaf_nodes=25; total time=   0.0s
[CV] END estimator__learning_rate=0.22, estimator__max_depth=9, estimator__max_iter=100, estimator__max_leaf_nodes=25; total time=   0.0s
[CV] END estimator__learning_rate=0.22, estimator__max_depth=9, estimator__max_iter=100, estimator__max_leaf_nodes=26; total time=   0.0s
[CV] END estimator__learning_rate=0.22, estimator__max_depth=9, estimator__max_iter=100, estimator__max_leaf_nodes=26; total time=   0.0s
[CV] END estimator__learning_rate=0.22, estimator__max_depth=11, estimator__max_iter=100, estimator__max_leaf_nodes=27; total time=   0.0s
[CV] END estimator__learning_rate=0.22, estimator__max_depth=12, estimator__max_iter=100, estimator__max_leaf_nodes=26; total time=   0.0s
[CV] END estimator__learning_rate=0.22, estimator__max_depth=13, estimator__max_iter=100, estimator__max_leaf_nodes=25; total time=   0.0s
[CV] END estimator__learning_rate=0.18, estimator__max_depth=9, estimator__max_iter=100, estimator__max_leaf_nodes=27; total time=   0.0s
[CV] END estimator__learning_rate=0.18, estimator__max_depth=12, estimator__max_iter=100, estimator__max_leaf_nodes=28; total time=   0.0s
[CV] END estimator__learning_rate=0.18, estimator__max_depth=13, estimator__max_iter=100, estimator__max_leaf_nodes=27; total time=   0.0s
[CV] END estimator__learning_rate=0.19, estimator__max_depth=10, estimator__max_iter=100, estimator__max_leaf_nodes=26; total time=   0.0s
[CV] END estimator__learning_rate=0.19, estimator__max_depth=10, estimator__max_iter=100, estimator__max_leaf_nodes=27; total time=   0.0s
[CV] END estimator__learning_rate=0.2, estimator__max_depth=9, estimator__max_iter=100, estimator__max_leaf_nodes=25; total time=   0.0s
[CV] END estimator__learning_rate=0.2, estimator__max_depth=9, estimator__max_iter=100, estimator__max_leaf_nodes=25; total time=   0.0s
[CV] END estimator__learning_rate=0.2, estimator__max_depth=9, estimator__max_iter=100, estimator__max_leaf_nodes=25; total time=   0.0s
[CV] END estimator__learning_rate=0.2, estimator__max_depth=9, estimator__max_iter=100, estimator__max_leaf_nodes=25; total time=   0.0s
[CV] END estimator__learning_rate=0.2, estimator__max_depth=11, estimator__max_iter=100, estimator__max_leaf_nodes=24; total time=   0.0s
[CV] END estimator__learning_rate=0.2, estimator__max_depth=11, estimator__max_iter=100, estimator__max_leaf_nodes=25; total time=   0.0s
[CV] END estimator__learning_rate=0.2, estimator__max_depth=11, estimator__max_iter=100, estimator__max_leaf_nodes=25; total time=   0.0s
[CV] END estimator__learning_rate=0.2, estimator__max_depth=11, estimator__max_iter=100, estimator__max_leaf_nodes=25; total time=   0.0s
[CV] END estimator__learning_rate=0.21, estimator__max_depth=10, estimator__max_iter=100, estimator__max_leaf_nodes=24; total time=   0.0s
[CV] END estimator__learning_rate=0.21, estimator__max_depth=10, estimator__max_iter=100, estimator__max_leaf_nodes=25; total time=   0.0s
[CV] END estimator__learning_rate=0.21, estimator__max_depth=10, estimator__max_iter=100, estimator__max_leaf_nodes=25; total time=   0.0s
[CV] END estimator__learning_rate=0.21, estimator__max_depth=10, estimator__max_iter=100, estimator__max_leaf_nodes=25; total time=   0.0s
[CV] END estimator__learning_rate=0.21, estimator__max_depth=12, estimator__max_iter=100, estimator__max_leaf_nodes=26; total time=   0.0s
[CV] END estimator__learning_rate=0.21, estimator__max_depth=12, estimator__max_iter=100, estimator__max_leaf_nodes=27; total time=   0.0s
[CV] END estimator__learning_rate=0.21, estimator__max_depth=12, estimator__max_iter=100, estimator__max_leaf_nodes=27; total time=   0.0s
[CV] END estimator__learning_rate=0.21, estimator__max_depth=12, estimator__max_iter=100, estimator__max_leaf_nodes=27; total time=   0.0s
[CV] END estimator__learning_rate=0.22, estimator__max_depth=11, estimator__max_iter=100, estimator__max_leaf_nodes=26; total time=   0.0s
[CV] END estimator__learning_rate=0.22, estimator__max_depth=12, estimator__max_iter=100, estimator__max_leaf_nodes=24; total time=   0.0s
[CV] END estimator__learning_rate=0.22, estimator__max_depth=13, estimator__max_iter=100, estimator__max_leaf_nodes=25; total time=   0.0s
[CV] END estimator__learning_rate=0.18, estimator__max_depth=9, estimator__max_iter=100, estimator__max_leaf_nodes=27; total time=   0.0s
[CV] END estimator__learning_rate=0.18, estimator__max_depth=12, estimator__max_iter=100, estimator__max_leaf_nodes=27; total time=   0.0s
[CV] END estimator__learning_rate=0.18, estimator__max_depth=13, estimator__max_iter=100, estimator__max_leaf_nodes=27; total time=   0.0s
[CV] END estimator__learning_rate=0.19, estimator__max_depth=10, estimator__max_iter=100, estimator__max_leaf_nodes=26; total time=   0.0s
[CV] END estimator__learning_rate=0.19, estimator__max_depth=10, estimator__max_iter=100, estimator__max_leaf_nodes=26; total time=   0.0s
[CV] END estimator__learning_rate=0.19, estimator__max_depth=13, estimator__max_iter=100, estimator__max_leaf_nodes=28; total time=   0.0s
[CV] END estimator__learning_rate=0.19, estimator__max_depth=13, estimator__max_iter=100, estimator__max_leaf_nodes=28; total time=   0.0s
[CV] END estimator__learning_rate=0.2, estimator__max_depth=9, estimator__max_iter=100, estimator__max_leaf_nodes=24; total time=   0.0s
[CV] END estimator__learning_rate=0.2, estimator__max_depth=9, estimator__max_iter=100, estimator__max_leaf_nodes=24; total time=   0.0s
[CV] END estimator__learning_rate=0.2, estimator__max_depth=13, estimator__max_iter=100, estimator__max_leaf_nodes=24; total time=   0.0s
[CV] END estimator__learning_rate=0.2, estimator__max_depth=13, estimator__max_iter=100, estimator__max_leaf_nodes=24; total time=   0.0s
[CV] END estimator__learning_rate=0.2, estimator__max_depth=13, estimator__max_iter=100, estimator__max_leaf_nodes=24; total time=   0.0s
[CV] END estimator__learning_rate=0.2, estimator__max_depth=13, estimator__max_iter=100, estimator__max_leaf_nodes=25; total time=   0.0s
[CV] END estimator__learning_rate=0.21, estimator__max_depth=11, estimator__max_iter=100, estimator__max_leaf_nodes=28; total time=   0.0s
[CV] END estimator__learning_rate=0.21, estimator__max_depth=11, estimator__max_iter=100, estimator__max_leaf_nodes=28; total time=   0.0s
[CV] END estimator__learning_rate=0.21, estimator__max_depth=12, estimator__max_iter=100, estimator__max_leaf_nodes=24; total time=   0.0s
[CV] END estimator__learning_rate=0.21, estimator__max_depth=12, estimator__max_iter=100, estimator__max_leaf_nodes=24; total time=   0.0s
[CV] END estimator__learning_rate=0.22, estimator__max_depth=10, estimator__max_iter=100, estimator__max_leaf_nodes=27; total time=   0.0s
[CV] END estimator__learning_rate=0.22, estimator__max_depth=10, estimator__max_iter=100, estimator__max_leaf_nodes=28; total time=   0.0s
[CV] END estimator__learning_rate=0.22, estimator__max_depth=10, estimator__max_iter=100, estimator__max_leaf_nodes=28; total time=   0.0s
[CV] END estimator__learning_rate=0.22, estimator__max_depth=10, estimator__max_iter=100, estimator__max_leaf_nodes=28; total time=   0.0s
[CV] END estimator__learning_rate=0.22, estimator__max_depth=13, estimator__max_iter=100, estimator__max_leaf_nodes=24; total time=   0.0s
[CV] END estimator__learning_rate=0.18, estimator__max_depth=9, estimator__max_iter=100, estimator__max_leaf_nodes=26; total time=   0.0s
[CV] END estimator__learning_rate=0.18, estimator__max_depth=10, estimator__max_iter=100, estimator__max_leaf_nodes=24; total time=   0.0s
[CV] END estimator__learning_rate=0.18, estimator__max_depth=10, estimator__max_iter=100, estimator__max_leaf_nodes=25; total time=   0.0s
[CV] END estimator__learning_rate=0.18, estimator__max_depth=10, estimator__max_iter=100, estimator__max_leaf_nodes=26; total time=   0.0s
[CV] END estimator__learning_rate=0.18, estimator__max_depth=11, estimator__max_iter=100, estimator__max_leaf_nodes=24; total time=   0.0s
[CV] END estimator__learning_rate=0.18, estimator__max_depth=11, estimator__max_iter=100, estimator__max_leaf_nodes=26; total time=   0.0s
[CV] END estimator__learning_rate=0.18, estimator__max_depth=11, estimator__max_iter=100, estimator__max_leaf_nodes=28; total time=   0.0s
[CV] END estimator__learning_rate=0.18, estimator__max_depth=12, estimator__max_iter=100, estimator__max_leaf_nodes=28; total time=   0.0s
[CV] END estimator__learning_rate=0.18, estimator__max_depth=13, estimator__max_iter=100, estimator__max_leaf_nodes=28; total time=   0.0s
[CV] END estimator__learning_rate=0.18, estimator__max_depth=13, estimator__max_iter=100, estimator__max_leaf_nodes=28; total time=   0.0s
[CV] END estimator__learning_rate=0.19, estimator__max_depth=11, estimator__max_iter=100, estimator__max_leaf_nodes=28; total time=   0.0s
[CV] END estimator__learning_rate=0.19, estimator__max_depth=11, estimator__max_iter=100, estimator__max_leaf_nodes=28; total time=   0.0s
[CV] END estimator__learning_rate=0.19, estimator__max_depth=11, estimator__max_iter=100, estimator__max_leaf_nodes=28; total time=   0.0s
[CV] END estimator__learning_rate=0.19, estimator__max_depth=11, estimator__max_iter=100, estimator__max_leaf_nodes=28; total time=   0.0s
[CV] END estimator__learning_rate=0.2, estimator__max_depth=11, estimator__max_iter=100, estimator__max_leaf_nodes=28; total time=   0.0s
[CV] END estimator__learning_rate=0.2, estimator__max_depth=11, estimator__max_iter=100, estimator__max_leaf_nodes=28; total time=   0.0s
[CV] END estimator__learning_rate=0.2, estimator__max_depth=11, estimator__max_iter=100, estimator__max_leaf_nodes=28; total time=   0.0s
[CV] END estimator__learning_rate=0.2, estimator__max_depth=11, estimator__max_iter=100, estimator__max_leaf_nodes=28; total time=   0.0s
[CV] END estimator__learning_rate=0.21, estimator__max_depth=10, estimator__max_iter=100, estimator__max_leaf_nodes=27; total time=   0.0s
[CV] END estimator__learning_rate=0.21, estimator__max_depth=10, estimator__max_iter=100, estimator__max_leaf_nodes=27; total time=   0.0s
[CV] END estimator__learning_rate=0.21, estimator__max_depth=10, estimator__max_iter=100, estimator__max_leaf_nodes=27; total time=   0.0s
[CV] END estimator__learning_rate=0.21, estimator__max_depth=10, estimator__max_iter=100, estimator__max_leaf_nodes=27; total time=   0.0s
[CV] END estimator__learning_rate=0.22, estimator__max_depth=9, estimator__max_iter=100, estimator__max_leaf_nodes=28; total time=   0.0s
[CV] END estimator__learning_rate=0.22, estimator__max_depth=10, estimator__max_iter=100, estimator__max_leaf_nodes=24; total time=   0.0s
[CV] END estimator__learning_rate=0.22, estimator__max_depth=10, estimator__max_iter=100, estimator__max_leaf_nodes=24; total time=   0.0s
[CV] END estimator__learning_rate=0.22, estimator__max_depth=10, estimator__max_iter=100, estimator__max_leaf_nodes=24; total time=   0.0s
[CV] END estimator__learning_rate=0.22, estimator__max_depth=12, estimator__max_iter=100, estimator__max_leaf_nodes=25; total time=   0.0s
[CV] END estimator__learning_rate=0.22, estimator__max_depth=13, estimator__max_iter=100, estimator__max_leaf_nodes=24; total time=   0.0s
[CV] END estimator__learning_rate=0.18, estimator__max_depth=9, estimator__max_iter=100, estimator__max_leaf_nodes=26; total time=   0.0s
[CV] END estimator__learning_rate=0.18, estimator__max_depth=13, estimator__max_iter=100, estimator__max_leaf_nodes=24; total time=   0.0s
[CV] END estimator__learning_rate=0.19, estimator__max_depth=9, estimator__max_iter=100, estimator__max_leaf_nodes=25; total time=   0.0s
[CV] END estimator__learning_rate=0.19, estimator__max_depth=9, estimator__max_iter=100, estimator__max_leaf_nodes=25; total time=   0.0s
[CV] END estimator__learning_rate=0.19, estimator__max_depth=11, estimator__max_iter=100, estimator__max_leaf_nodes=25; total time=   0.0s
[CV] END estimator__learning_rate=0.19, estimator__max_depth=11, estimator__max_iter=100, estimator__max_leaf_nodes=25; total time=   0.0s
[CV] END estimator__learning_rate=0.19, estimator__max_depth=11, estimator__max_iter=100, estimator__max_leaf_nodes=25; total time=   0.0s
[CV] END estimator__learning_rate=0.19, estimator__max_depth=11, estimator__max_iter=100, estimator__max_leaf_nodes=25; total time=   0.0s
[CV] END estimator__learning_rate=0.2, estimator__max_depth=9, estimator__max_iter=100, estimator__max_leaf_nodes=28; total time=   0.0s
[CV] END estimator__learning_rate=0.2, estimator__max_depth=9, estimator__max_iter=100, estimator__max_leaf_nodes=28; total time=   0.0s
[CV] END estimator__learning_rate=0.2, estimator__max_depth=9, estimator__max_iter=100, estimator__max_leaf_nodes=28; total time=   0.0s
[CV] END estimator__learning_rate=0.2, estimator__max_depth=10, estimator__max_iter=100, estimator__max_leaf_nodes=24; total time=   0.0s
[CV] END estimator__learning_rate=0.21, estimator__max_depth=9, estimator__max_iter=100, estimator__max_leaf_nodes=25; total time=   0.0s
[CV] END estimator__learning_rate=0.21, estimator__max_depth=9, estimator__max_iter=100, estimator__max_leaf_nodes=25; total time=   0.0s
[CV] END estimator__learning_rate=0.21, estimator__max_depth=9, estimator__max_iter=100, estimator__max_leaf_nodes=25; total time=   0.0s
[CV] END estimator__learning_rate=0.21, estimator__max_depth=9, estimator__max_iter=100, estimator__max_leaf_nodes=25; total time=   0.0s
[CV] END estimator__learning_rate=0.21, estimator__max_depth=13, estimator__max_iter=100, estimator__max_leaf_nodes=26; total time=   0.0s
[CV] END estimator__learning_rate=0.21, estimator__max_depth=13, estimator__max_iter=100, estimator__max_leaf_nodes=26; total time=   0.0s
[CV] END estimator__learning_rate=0.21, estimator__max_depth=13, estimator__max_iter=100, estimator__max_leaf_nodes=27; total time=   0.0s
[CV] END estimator__learning_rate=0.21, estimator__max_depth=13, estimator__max_iter=100, estimator__max_leaf_nodes=27; total time=   0.0s
[CV] END estimator__learning_rate=0.22, estimator__max_depth=11, estimator__max_iter=100, estimator__max_leaf_nodes=28; total time=   0.0s
[CV] END estimator__learning_rate=0.22, estimator__max_depth=12, estimator__max_iter=100, estimator__max_leaf_nodes=26; total time=   0.0s
[CV] END estimator__learning_rate=0.22, estimator__max_depth=13, estimator__max_iter=100, estimator__max_leaf_nodes=25; total time=   0.0s
[CV] END estimator__learning_rate=0.18, estimator__max_depth=9, estimator__max_iter=100, estimator__max_leaf_nodes=24; total time=   0.0s
[CV] END estimator__learning_rate=0.18, estimator__max_depth=10, estimator__max_iter=100, estimator__max_leaf_nodes=25; total time=   0.0s
[CV] END estimator__learning_rate=0.18, estimator__max_depth=10, estimator__max_iter=100, estimator__max_leaf_nodes=28; total time=   0.0s
[CV] END estimator__learning_rate=0.18, estimator__max_depth=11, estimator__max_iter=100, estimator__max_leaf_nodes=24; total time=   0.0s
[CV] END estimator__learning_rate=0.18, estimator__max_depth=11, estimator__max_iter=100, estimator__max_leaf_nodes=27; total time=   0.0s
[CV] END estimator__learning_rate=0.18, estimator__max_depth=12, estimator__max_iter=100, estimator__max_leaf_nodes=25; total time=   0.0s
[CV] END estimator__learning_rate=0.18, estimator__max_depth=13, estimator__max_iter=100, estimator__max_leaf_nodes=24; total time=   0.0s
[CV] END estimator__learning_rate=0.19, estimator__max_depth=9, estimator__max_iter=100, estimator__max_leaf_nodes=25; total time=   0.0s
[CV] END estimator__learning_rate=0.19, estimator__max_depth=9, estimator__max_iter=100, estimator__max_leaf_nodes=25; total time=   0.0s
[CV] END estimator__learning_rate=0.19, estimator__max_depth=10, estimator__max_iter=100, estimator__max_leaf_nodes=28; total time=   0.0s
[CV] END estimator__learning_rate=0.19, estimator__max_depth=10, estimator__max_iter=100, estimator__max_leaf_nodes=28; total time=   0.0s
[CV] END estimator__learning_rate=0.19, estimator__max_depth=10, estimator__max_iter=100, estimator__max_leaf_nodes=28; total time=   0.0s
[CV] END estimator__learning_rate=0.19, estimator__max_depth=11, estimator__max_iter=100, estimator__max_leaf_nodes=24; total time=   0.0s
[CV] END estimator__learning_rate=0.2, estimator__max_depth=10, estimator__max_iter=100, estimator__max_leaf_nodes=24; total time=   0.0s
[CV] END estimator__learning_rate=0.2, estimator__max_depth=10, estimator__max_iter=100, estimator__max_leaf_nodes=24; total time=   0.0s
[CV] END estimator__learning_rate=0.2, estimator__max_depth=10, estimator__max_iter=100, estimator__max_leaf_nodes=24; total time=   0.0s
[CV] END estimator__learning_rate=0.2, estimator__max_depth=10, estimator__max_iter=100, estimator__max_leaf_nodes=24; total time=   0.0s
[CV] END estimator__learning_rate=0.2, estimator__max_depth=13, estimator__max_iter=100, estimator__max_leaf_nodes=26; total time=   0.0s
[CV] END estimator__learning_rate=0.2, estimator__max_depth=13, estimator__max_iter=100, estimator__max_leaf_nodes=27; total time=   0.0s
[CV] END estimator__learning_rate=0.2, estimator__max_depth=13, estimator__max_iter=100, estimator__max_leaf_nodes=27; total time=   0.0s
[CV] END estimator__learning_rate=0.2, estimator__max_depth=13, estimator__max_iter=100, estimator__max_leaf_nodes=27; total time=   0.0s
[CV] END estimator__learning_rate=0.21, estimator__max_depth=12, estimator__max_iter=100, estimator__max_leaf_nodes=25; total time=   0.0s
[CV] END estimator__learning_rate=0.21, estimator__max_depth=12, estimator__max_iter=100, estimator__max_leaf_nodes=25; total time=   0.0s
[CV] END estimator__learning_rate=0.21, estimator__max_depth=12, estimator__max_iter=100, estimator__max_leaf_nodes=25; total time=   0.0s
[CV] END estimator__learning_rate=0.21, estimator__max_depth=12, estimator__max_iter=100, estimator__max_leaf_nodes=25; total time=   0.0s
[CV] END estimator__learning_rate=0.22, estimator__max_depth=11, estimator__max_iter=100, estimator__max_leaf_nodes=24; total time=   0.0s
[CV] END estimator__learning_rate=0.22, estimator__max_depth=11, estimator__max_iter=100, estimator__max_leaf_nodes=25; total time=   0.0s
[CV] END estimator__learning_rate=0.22, estimator__max_depth=11, estimator__max_iter=100, estimator__max_leaf_nodes=27; total time=   0.0s
[CV] END estimator__learning_rate=0.22, estimator__max_depth=12, estimator__max_iter=100, estimator__max_leaf_nodes=26; total time=   0.0s
[CV] END estimator__learning_rate=0.22, estimator__max_depth=13, estimator__max_iter=100, estimator__max_leaf_nodes=26; total time=   0.0s
[CV] END estimator__learning_rate=0.18, estimator__max_depth=9, estimator__max_iter=100, estimator__max_leaf_nodes=25; total time=   0.0s
[CV] END estimator__learning_rate=0.18, estimator__max_depth=10, estimator__max_iter=100, estimator__max_leaf_nodes=27; total time=   0.0s
[CV] END estimator__learning_rate=0.18, estimator__max_depth=11, estimator__max_iter=100, estimator__max_leaf_nodes=24; total time=   0.0s
[CV] END estimator__learning_rate=0.18, estimator__max_depth=11, estimator__max_iter=100, estimator__max_leaf_nodes=27; total time=   0.0s
[CV] END estimator__learning_rate=0.18, estimator__max_depth=12, estimator__max_iter=100, estimator__max_leaf_nodes=25; total time=   0.0s
[CV] END estimator__learning_rate=0.18, estimator__max_depth=13, estimator__max_iter=100, estimator__max_leaf_nodes=25; total time=   0.0s
[CV] END estimator__learning_rate=0.19, estimator__max_depth=9, estimator__max_iter=100, estimator__max_leaf_nodes=27; total time=   0.0s
[CV] END estimator__learning_rate=0.19, estimator__max_depth=9, estimator__max_iter=100, estimator__max_leaf_nodes=27; total time=   0.0s
[CV] END estimator__learning_rate=0.19, estimator__max_depth=13, estimator__max_iter=100, estimator__max_leaf_nodes=24; total time=   0.0s
[CV] END estimator__learning_rate=0.19, estimator__max_depth=13, estimator__max_iter=100, estimator__max_leaf_nodes=24; total time=   0.0s
[CV] END estimator__learning_rate=0.19, estimator__max_depth=13, estimator__max_iter=100, estimator__max_leaf_nodes=25; total time=   0.0s
[CV] END estimator__learning_rate=0.19, estimator__max_depth=13, estimator__max_iter=100, estimator__max_leaf_nodes=25; total time=   0.0s
[CV] END estimator__learning_rate=0.2, estimator__max_depth=12, estimator__max_iter=100, estimator__max_leaf_nodes=27; total time=   0.0s
[CV] END estimator__learning_rate=0.2, estimator__max_depth=12, estimator__max_iter=100, estimator__max_leaf_nodes=28; total time=   0.0s
[CV] END estimator__learning_rate=0.2, estimator__max_depth=12, estimator__max_iter=100, estimator__max_leaf_nodes=28; total time=   0.0s
[CV] END estimator__learning_rate=0.2, estimator__max_depth=12, estimator__max_iter=100, estimator__max_leaf_nodes=28; total time=   0.0s
[CV] END estimator__learning_rate=0.21, estimator__max_depth=11, estimator__max_iter=100, estimator__max_leaf_nodes=25; total time=   0.0s
[CV] END estimator__learning_rate=0.21, estimator__max_depth=11, estimator__max_iter=100, estimator__max_leaf_nodes=25; total time=   0.0s
[CV] END estimator__learning_rate=0.21, estimator__max_depth=11, estimator__max_iter=100, estimator__max_leaf_nodes=25; total time=   0.0s
[CV] END estimator__learning_rate=0.21, estimator__max_depth=11, estimator__max_iter=100, estimator__max_leaf_nodes=26; total time=   0.0s
[CV] END estimator__learning_rate=0.22, estimator__max_depth=9, estimator__max_iter=100, estimator__max_leaf_nodes=27; total time=   0.0s
[CV] END estimator__learning_rate=0.22, estimator__max_depth=9, estimator__max_iter=100, estimator__max_leaf_nodes=27; total time=   0.0s
[CV] END estimator__learning_rate=0.22, estimator__max_depth=9, estimator__max_iter=100, estimator__max_leaf_nodes=27; total time=   0.0s
[CV] END estimator__learning_rate=0.22, estimator__max_depth=9, estimator__max_iter=100, estimator__max_leaf_nodes=27; total time=   0.0s
[CV] END estimator__learning_rate=0.22, estimator__max_depth=11, estimator__max_iter=100, estimator__max_leaf_nodes=26; total time=   0.0s
[CV] END estimator__learning_rate=0.22, estimator__max_depth=12, estimator__max_iter=100, estimator__max_leaf_nodes=25; total time=   0.0s
[CV] END estimator__learning_rate=0.22, estimator__max_depth=13, estimator__max_iter=100, estimator__max_leaf_nodes=25; total time=   0.0s
[CV] END estimator__learning_rate=0.18, estimator__max_depth=9, estimator__max_iter=100, estimator__max_leaf_nodes=26; total time=   0.0s
[CV] END estimator__learning_rate=0.18, estimator__max_depth=10, estimator__max_iter=100, estimator__max_leaf_nodes=25; total time=   0.0s
[CV] END estimator__learning_rate=0.18, estimator__max_depth=10, estimator__max_iter=100, estimator__max_leaf_nodes=27; total time=   0.0s
[CV] END estimator__learning_rate=0.18, estimator__max_depth=11, estimator__max_iter=100, estimator__max_leaf_nodes=24; total time=   0.0s
[CV] END estimator__learning_rate=0.18, estimator__max_depth=11, estimator__max_iter=100, estimator__max_leaf_nodes=26; total time=   0.0s
[CV] END estimator__learning_rate=0.18, estimator__max_depth=12, estimator__max_iter=100, estimator__max_leaf_nodes=24; total time=   0.0s
[CV] END estimator__learning_rate=0.18, estimator__max_depth=12, estimator__max_iter=100, estimator__max_leaf_nodes=28; total time=   0.0s
[CV] END estimator__learning_rate=0.18, estimator__max_depth=13, estimator__max_iter=100, estimator__max_leaf_nodes=28; total time=   0.0s
[CV] END estimator__learning_rate=0.18, estimator__max_depth=13, estimator__max_iter=100, estimator__max_leaf_nodes=28; total time=   0.0s
[CV] END estimator__learning_rate=0.19, estimator__max_depth=11, estimator__max_iter=100, estimator__max_leaf_nodes=27; total time=   0.0s
[CV] END estimator__learning_rate=0.19, estimator__max_depth=11, estimator__max_iter=100, estimator__max_leaf_nodes=27; total time=   0.0s
[CV] END estimator__learning_rate=0.19, estimator__max_depth=11, estimator__max_iter=100, estimator__max_leaf_nodes=27; total time=   0.0s
[CV] END estimator__learning_rate=0.19, estimator__max_depth=11, estimator__max_iter=100, estimator__max_leaf_nodes=28; total time=   0.0s
[CV] END estimator__learning_rate=0.2, estimator__max_depth=10, estimator__max_iter=100, estimator__max_leaf_nodes=25; total time=   0.0s
[CV] END estimator__learning_rate=0.2, estimator__max_depth=10, estimator__max_iter=100, estimator__max_leaf_nodes=26; total time=   0.0s
[CV] END estimator__learning_rate=0.2, estimator__max_depth=10, estimator__max_iter=100, estimator__max_leaf_nodes=26; total time=   0.0s
[CV] END estimator__learning_rate=0.2, estimator__max_depth=10, estimator__max_iter=100, estimator__max_leaf_nodes=26; total time=   0.0s
[CV] END estimator__learning_rate=0.21, estimator__max_depth=9, estimator__max_iter=100, estimator__max_leaf_nodes=24; total time=   0.0s
[CV] END estimator__learning_rate=0.21, estimator__max_depth=9, estimator__max_iter=100, estimator__max_leaf_nodes=24; total time=   0.0s
[CV] END estimator__learning_rate=0.21, estimator__max_depth=9, estimator__max_iter=100, estimator__max_leaf_nodes=24; total time=   0.0s
[CV] END estimator__learning_rate=0.21, estimator__max_depth=9, estimator__max_iter=100, estimator__max_leaf_nodes=24; total time=   0.0s
[CV] END estimator__learning_rate=0.21, estimator__max_depth=13, estimator__max_iter=100, estimator__max_leaf_nodes=24; total time=   0.0s
[CV] END estimator__learning_rate=0.21, estimator__max_depth=13, estimator__max_iter=100, estimator__max_leaf_nodes=24; total time=   0.0s
[CV] END estimator__learning_rate=0.21, estimator__max_depth=13, estimator__max_iter=100, estimator__max_leaf_nodes=24; total time=   0.0s
[CV] END estimator__learning_rate=0.21, estimator__max_depth=13, estimator__max_iter=100, estimator__max_leaf_nodes=24; total time=   0.0s
[CV] END estimator__learning_rate=0.22, estimator__max_depth=11, estimator__max_iter=100, estimator__max_leaf_nodes=26; total time=   0.0s
[CV] END estimator__learning_rate=0.22, estimator__max_depth=12, estimator__max_iter=100, estimator__max_leaf_nodes=25; total time=   0.0s
[CV] END estimator__learning_rate=0.22, estimator__max_depth=13, estimator__max_iter=100, estimator__max_leaf_nodes=25; total time=   0.0s
[CV] END estimator__learning_rate=0.18, estimator__max_depth=9, estimator__max_iter=100, estimator__max_leaf_nodes=25; total time=   0.0s
[CV] END estimator__learning_rate=0.18, estimator__max_depth=11, estimator__max_iter=100, estimator__max_leaf_nodes=27; total time=   0.0s
[CV] END estimator__learning_rate=0.18, estimator__max_depth=12, estimator__max_iter=100, estimator__max_leaf_nodes=24; total time=   0.0s
[CV] END estimator__learning_rate=0.18, estimator__max_depth=13, estimator__max_iter=100, estimator__max_leaf_nodes=24; total time=   0.0s
[CV] END estimator__learning_rate=0.19, estimator__max_depth=9, estimator__max_iter=100, estimator__max_leaf_nodes=24; total time=   0.0s
[CV] END estimator__learning_rate=0.19, estimator__max_depth=9, estimator__max_iter=100, estimator__max_leaf_nodes=24; total time=   0.0s
[CV] END estimator__learning_rate=0.19, estimator__max_depth=10, estimator__max_iter=100, estimator__max_leaf_nodes=27; total time=   0.0s
[CV] END estimator__learning_rate=0.19, estimator__max_depth=10, estimator__max_iter=100, estimator__max_leaf_nodes=27; total time=   0.0s
[CV] END estimator__learning_rate=0.19, estimator__max_depth=10, estimator__max_iter=100, estimator__max_leaf_nodes=28; total time=   0.0s
[CV] END estimator__learning_rate=0.19, estimator__max_depth=10, estimator__max_iter=100, estimator__max_leaf_nodes=28; total time=   0.0s
[CV] END estimator__learning_rate=0.2, estimator__max_depth=10, estimator__max_iter=100, estimator__max_leaf_nodes=25; total time=   0.0s
[CV] END estimator__learning_rate=0.2, estimator__max_depth=10, estimator__max_iter=100, estimator__max_leaf_nodes=25; total time=   0.0s
[CV] END estimator__learning_rate=0.2, estimator__max_depth=10, estimator__max_iter=100, estimator__max_leaf_nodes=25; total time=   0.0s
[CV] END estimator__learning_rate=0.2, estimator__max_depth=10, estimator__max_iter=100, estimator__max_leaf_nodes=25; total time=   0.0s
[CV] END estimator__learning_rate=0.21, estimator__max_depth=9, estimator__max_iter=100, estimator__max_leaf_nodes=26; total time=   0.0s
[CV] END estimator__learning_rate=0.21, estimator__max_depth=9, estimator__max_iter=100, estimator__max_leaf_nodes=26; total time=   0.0s
[CV] END estimator__learning_rate=0.21, estimator__max_depth=9, estimator__max_iter=100, estimator__max_leaf_nodes=27; total time=   0.0s
[CV] END estimator__learning_rate=0.21, estimator__max_depth=9, estimator__max_iter=100, estimator__max_leaf_nodes=27; total time=   0.0s
[CV] END estimator__learning_rate=0.21, estimator__max_depth=13, estimator__max_iter=100, estimator__max_leaf_nodes=27; total time=   0.0s
[CV] END estimator__learning_rate=0.21, estimator__max_depth=13, estimator__max_iter=100, estimator__max_leaf_nodes=27; total time=   0.0s
[CV] END estimator__learning_rate=0.21, estimator__max_depth=13, estimator__max_iter=100, estimator__max_leaf_nodes=27; total time=   0.0s
[CV] END estimator__learning_rate=0.21, estimator__max_depth=13, estimator__max_iter=100, estimator__max_leaf_nodes=28; total time=   0.0s
[CV] END estimator__learning_rate=0.22, estimator__max_depth=11, estimator__max_iter=100, estimator__max_leaf_nodes=27; total time=   0.0s
[CV] END estimator__learning_rate=0.22, estimator__max_depth=12, estimator__max_iter=100, estimator__max_leaf_nodes=25; total time=   0.0s
[CV] END estimator__learning_rate=0.22, estimator__max_depth=13, estimator__max_iter=100, estimator__max_leaf_nodes=26; total time=   0.0s
[CV] END estimator__learning_rate=0.18, estimator__max_depth=9, estimator__max_iter=100, estimator__max_leaf_nodes=24; total time=   0.0s
[CV] END estimator__learning_rate=0.18, estimator__max_depth=10, estimator__max_iter=100, estimator__max_leaf_nodes=27; total time=   0.0s
[CV] END estimator__learning_rate=0.18, estimator__max_depth=11, estimator__max_iter=100, estimator__max_leaf_nodes=25; total time=   0.0s
[CV] END estimator__learning_rate=0.18, estimator__max_depth=11, estimator__max_iter=100, estimator__max_leaf_nodes=28; total time=   0.0s
[CV] END estimator__learning_rate=0.18, estimator__max_depth=12, estimator__max_iter=100, estimator__max_leaf_nodes=26; total time=   0.0s
[CV] END estimator__learning_rate=0.18, estimator__max_depth=13, estimator__max_iter=100, estimator__max_leaf_nodes=26; total time=   0.0s
[CV] END estimator__learning_rate=0.19, estimator__max_depth=10, estimator__max_iter=100, estimator__max_leaf_nodes=24; total time=   0.0s
[CV] END estimator__learning_rate=0.19, estimator__max_depth=10, estimator__max_iter=100, estimator__max_leaf_nodes=24; total time=   0.0s
[CV] END estimator__learning_rate=0.19, estimator__max_depth=12, estimator__max_iter=100, estimator__max_leaf_nodes=24; total time=   0.0s
[CV] END estimator__learning_rate=0.19, estimator__max_depth=12, estimator__max_iter=100, estimator__max_leaf_nodes=24; total time=   0.0s
[CV] END estimator__learning_rate=0.19, estimator__max_depth=12, estimator__max_iter=100, estimator__max_leaf_nodes=24; total time=   0.0s
[CV] END estimator__learning_rate=0.19, estimator__max_depth=12, estimator__max_iter=100, estimator__max_leaf_nodes=24; total time=   0.0s
[CV] END estimator__learning_rate=0.2, estimator__max_depth=10, estimator__max_iter=100, estimator__max_leaf_nodes=26; total time=   0.0s
[CV] END estimator__learning_rate=0.2, estimator__max_depth=10, estimator__max_iter=100, estimator__max_leaf_nodes=26; total time=   0.0s
[CV] END estimator__learning_rate=0.2, estimator__max_depth=10, estimator__max_iter=100, estimator__max_leaf_nodes=27; total time=   0.0s
[CV] END estimator__learning_rate=0.2, estimator__max_depth=10, estimator__max_iter=100, estimator__max_leaf_nodes=27; total time=   0.0s
[CV] END estimator__learning_rate=0.2, estimator__max_depth=13, estimator__max_iter=100, estimator__max_leaf_nodes=28; total time=   0.0s
[CV] END estimator__learning_rate=0.2, estimator__max_depth=13, estimator__max_iter=100, estimator__max_leaf_nodes=28; total time=   0.0s
[CV] END estimator__learning_rate=0.2, estimator__max_depth=13, estimator__max_iter=100, estimator__max_leaf_nodes=28; total time=   0.0s
[CV] END estimator__learning_rate=0.21, estimator__max_depth=9, estimator__max_iter=100, estimator__max_leaf_nodes=24; total time=   0.0s
[CV] END estimator__learning_rate=0.21, estimator__max_depth=13, estimator__max_iter=100, estimator__max_leaf_nodes=25; total time=   0.0s
[CV] END estimator__learning_rate=0.21, estimator__max_depth=13, estimator__max_iter=100, estimator__max_leaf_nodes=25; total time=   0.0s
[CV] END estimator__learning_rate=0.21, estimator__max_depth=13, estimator__max_iter=100, estimator__max_leaf_nodes=25; total time=   0.0s
[CV] END estimator__learning_rate=0.21, estimator__max_depth=13, estimator__max_iter=100, estimator__max_leaf_nodes=25; total time=   0.0s
[CV] END estimator__learning_rate=0.22, estimator__max_depth=11, estimator__max_iter=100, estimator__max_leaf_nodes=26; total time=   0.0s
[CV] END estimator__learning_rate=0.22, estimator__max_depth=12, estimator__max_iter=100, estimator__max_leaf_nodes=25; total time=   0.0s
[CV] END estimator__learning_rate=0.22, estimator__max_depth=13, estimator__max_iter=100, estimator__max_leaf_nodes=26; total time=   0.0s
[CV] END estimator__learning_rate=0.18, estimator__max_depth=9, estimator__max_iter=100, estimator__max_leaf_nodes=28; total time=   0.0s
[CV] END estimator__learning_rate=0.18, estimator__max_depth=12, estimator__max_iter=100, estimator__max_leaf_nodes=27; total time=   0.0s
[CV] END estimator__learning_rate=0.18, estimator__max_depth=13, estimator__max_iter=100, estimator__max_leaf_nodes=27; total time=   0.0s
[CV] END estimator__learning_rate=0.19, estimator__max_depth=10, estimator__max_iter=100, estimator__max_leaf_nodes=27; total time=   0.0s
[CV] END estimator__learning_rate=0.19, estimator__max_depth=10, estimator__max_iter=100, estimator__max_leaf_nodes=27; total time=   0.0s
[CV] END estimator__learning_rate=0.2, estimator__max_depth=9, estimator__max_iter=100, estimator__max_leaf_nodes=26; total time=   0.0s
[CV] END estimator__learning_rate=0.2, estimator__max_depth=9, estimator__max_iter=100, estimator__max_leaf_nodes=26; total time=   0.0s
[CV] END estimator__learning_rate=0.2, estimator__max_depth=9, estimator__max_iter=100, estimator__max_leaf_nodes=26; total time=   0.0s
[CV] END estimator__learning_rate=0.2, estimator__max_depth=9, estimator__max_iter=100, estimator__max_leaf_nodes=26; total time=   0.0s
[CV] END estimator__learning_rate=0.2, estimator__max_depth=12, estimator__max_iter=100, estimator__max_leaf_nodes=28; total time=   0.0s
[CV] END estimator__learning_rate=0.2, estimator__max_depth=12, estimator__max_iter=100, estimator__max_leaf_nodes=28; total time=   0.0s
[CV] END estimator__learning_rate=0.2, estimator__max_depth=13, estimator__max_iter=100, estimator__max_leaf_nodes=24; total time=   0.0s
[CV] END estimator__learning_rate=0.2, estimator__max_depth=13, estimator__max_iter=100, estimator__max_leaf_nodes=24; total time=   0.0s
[CV] END estimator__learning_rate=0.21, estimator__max_depth=10, estimator__max_iter=100, estimator__max_leaf_nodes=24; total time=   0.0s
[CV] END estimator__learning_rate=0.21, estimator__max_depth=10, estimator__max_iter=100, estimator__max_leaf_nodes=24; total time=   0.0s
[CV] END estimator__learning_rate=0.21, estimator__max_depth=10, estimator__max_iter=100, estimator__max_leaf_nodes=24; total time=   0.0s
[CV] END estimator__learning_rate=0.21, estimator__max_depth=10, estimator__max_iter=100, estimator__max_leaf_nodes=24; total time=   0.0s
[CV] END estimator__learning_rate=0.21, estimator__max_depth=12, estimator__max_iter=100, estimator__max_leaf_nodes=28; total time=   0.0s
[CV] END estimator__learning_rate=0.21, estimator__max_depth=12, estimator__max_iter=100, estimator__max_leaf_nodes=28; total time=   0.0s
[CV] END estimator__learning_rate=0.21, estimator__max_depth=12, estimator__max_iter=100, estimator__max_leaf_nodes=28; total time=   0.0s
[CV] END estimator__learning_rate=0.21, estimator__max_depth=13, estimator__max_iter=100, estimator__max_leaf_nodes=24; total time=   0.0s
[CV] END estimator__learning_rate=0.22, estimator__max_depth=11, estimator__max_iter=100, estimator__max_leaf_nodes=25; total time=   0.0s
[CV] END estimator__learning_rate=0.22, estimator__max_depth=11, estimator__max_iter=100, estimator__max_leaf_nodes=28; total time=   0.0s
[CV] END estimator__learning_rate=0.22, estimator__max_depth=12, estimator__max_iter=100, estimator__max_leaf_nodes=26; total time=   0.0s
[CV] END estimator__learning_rate=0.22, estimator__max_depth=13, estimator__max_iter=100, estimator__max_leaf_nodes=26; total time=   0.0s
[CV] END estimator__learning_rate=0.18, estimator__max_depth=9, estimator__max_iter=100, estimator__max_leaf_nodes=24; total time=   0.0s
[CV] END estimator__learning_rate=0.18, estimator__max_depth=10, estimator__max_iter=100, estimator__max_leaf_nodes=26; total time=   0.0s
[CV] END estimator__learning_rate=0.18, estimator__max_depth=10, estimator__max_iter=100, estimator__max_leaf_nodes=28; total time=   0.0s
[CV] END estimator__learning_rate=0.18, estimator__max_depth=11, estimator__max_iter=100, estimator__max_leaf_nodes=26; total time=   0.0s
[CV] END estimator__learning_rate=0.18, estimator__max_depth=11, estimator__max_iter=100, estimator__max_leaf_nodes=28; total time=   0.0s
[CV] END estimator__learning_rate=0.18, estimator__max_depth=12, estimator__max_iter=100, estimator__max_leaf_nodes=27; total time=   0.0s
[CV] END estimator__learning_rate=0.18, estimator__max_depth=13, estimator__max_iter=100, estimator__max_leaf_nodes=27; total time=   0.0s
[CV] END estimator__learning_rate=0.19, estimator__max_depth=10, estimator__max_iter=100, estimator__max_leaf_nodes=25; total time=   0.0s
[CV] END estimator__learning_rate=0.19, estimator__max_depth=10, estimator__max_iter=100, estimator__max_leaf_nodes=25; total time=   0.0s
[CV] END estimator__learning_rate=0.19, estimator__max_depth=13, estimator__max_iter=100, estimator__max_leaf_nodes=26; total time=   0.0s
[CV] END estimator__learning_rate=0.19, estimator__max_depth=13, estimator__max_iter=100, estimator__max_leaf_nodes=26; total time=   0.0s
[CV] END estimator__learning_rate=0.19, estimator__max_depth=13, estimator__max_iter=100, estimator__max_leaf_nodes=26; total time=   0.0s
[CV] END estimator__learning_rate=0.19, estimator__max_depth=13, estimator__max_iter=100, estimator__max_leaf_nodes=26; total time=   0.0s
[CV] END estimator__learning_rate=0.2, estimator__max_depth=12, estimator__max_iter=100, estimator__max_leaf_nodes=27; total time=   0.0s
[CV] END estimator__learning_rate=0.2, estimator__max_depth=12, estimator__max_iter=100, estimator__max_leaf_nodes=27; total time=   0.0s
[CV] END estimator__learning_rate=0.2, estimator__max_depth=12, estimator__max_iter=100, estimator__max_leaf_nodes=27; total time=   0.0s
[CV] END estimator__learning_rate=0.2, estimator__max_depth=12, estimator__max_iter=100, estimator__max_leaf_nodes=27; total time=   0.0s
[CV] END estimator__learning_rate=0.21, estimator__max_depth=11, estimator__max_iter=100, estimator__max_leaf_nodes=27; total time=   0.0s
[CV] END estimator__learning_rate=0.21, estimator__max_depth=11, estimator__max_iter=100, estimator__max_leaf_nodes=27; total time=   0.0s
[CV] END estimator__learning_rate=0.21, estimator__max_depth=11, estimator__max_iter=100, estimator__max_leaf_nodes=27; total time=   0.0s
[CV] END estimator__learning_rate=0.21, estimator__max_depth=11, estimator__max_iter=100, estimator__max_leaf_nodes=27; total time=   0.0s
[CV] END estimator__learning_rate=0.22, estimator__max_depth=10, estimator__max_iter=100, estimator__max_leaf_nodes=24; total time=   0.0s
[CV] END estimator__learning_rate=0.22, estimator__max_depth=10, estimator__max_iter=100, estimator__max_leaf_nodes=24; total time=   0.0s
[CV] END estimator__learning_rate=0.22, estimator__max_depth=10, estimator__max_iter=100, estimator__max_leaf_nodes=25; total time=   0.0s
[CV] END estimator__learning_rate=0.22, estimator__max_depth=10, estimator__max_iter=100, estimator__max_leaf_nodes=25; total time=   0.0s
[CV] END estimator__learning_rate=0.22, estimator__max_depth=12, estimator__max_iter=100, estimator__max_leaf_nodes=27; total time=   0.0s
[CV] END estimator__learning_rate=0.22, estimator__max_depth=13, estimator__max_iter=100, estimator__max_leaf_nodes=26; total time=   0.0s
[CV] END estimator__learning_rate=0.18, estimator__max_depth=9, estimator__max_iter=100, estimator__max_leaf_nodes=27; total time=   0.0s
[CV] END estimator__learning_rate=0.18, estimator__max_depth=11, estimator__max_iter=100, estimator__max_leaf_nodes=27; total time=   0.0s
[CV] END estimator__learning_rate=0.18, estimator__max_depth=12, estimator__max_iter=100, estimator__max_leaf_nodes=25; total time=   0.0s
[CV] END estimator__learning_rate=0.18, estimator__max_depth=13, estimator__max_iter=100, estimator__max_leaf_nodes=25; total time=   0.0s
[CV] END estimator__learning_rate=0.19, estimator__max_depth=9, estimator__max_iter=100, estimator__max_leaf_nodes=28; total time=   0.0s
[CV] END estimator__learning_rate=0.19, estimator__max_depth=9, estimator__max_iter=100, estimator__max_leaf_nodes=28; total time=   0.0s
[CV] END estimator__learning_rate=0.19, estimator__max_depth=12, estimator__max_iter=100, estimator__max_leaf_nodes=24; total time=   0.0s
[CV] END estimator__learning_rate=0.19, estimator__max_depth=12, estimator__max_iter=100, estimator__max_leaf_nodes=25; total time=   0.0s
[CV] END estimator__learning_rate=0.19, estimator__max_depth=12, estimator__max_iter=100, estimator__max_leaf_nodes=25; total time=   0.0s
[CV] END estimator__learning_rate=0.19, estimator__max_depth=12, estimator__max_iter=100, estimator__max_leaf_nodes=25; total time=   0.0s
[CV] END estimator__learning_rate=0.2, estimator__max_depth=10, estimator__max_iter=100, estimator__max_leaf_nodes=27; total time=   0.0s
[CV] END estimator__learning_rate=0.2, estimator__max_depth=10, estimator__max_iter=100, estimator__max_leaf_nodes=27; total time=   0.0s
[CV] END estimator__learning_rate=0.2, estimator__max_depth=10, estimator__max_iter=100, estimator__max_leaf_nodes=27; total time=   0.0s
[CV] END estimator__learning_rate=0.2, estimator__max_depth=10, estimator__max_iter=100, estimator__max_leaf_nodes=28; total time=   0.0s
[CV] END estimator__learning_rate=0.21, estimator__max_depth=9, estimator__max_iter=100, estimator__max_leaf_nodes=27; total time=   0.0s
[CV] END estimator__learning_rate=0.21, estimator__max_depth=9, estimator__max_iter=100, estimator__max_leaf_nodes=27; total time=   0.0s
[CV] END estimator__learning_rate=0.21, estimator__max_depth=9, estimator__max_iter=100, estimator__max_leaf_nodes=27; total time=   0.0s
[CV] END estimator__learning_rate=0.21, estimator__max_depth=9, estimator__max_iter=100, estimator__max_leaf_nodes=28; total time=   0.0s
[CV] END estimator__learning_rate=0.22, estimator__max_depth=9, estimator__max_iter=100, estimator__max_leaf_nodes=24; total time=   0.0s
[CV] END estimator__learning_rate=0.22, estimator__max_depth=9, estimator__max_iter=100, estimator__max_leaf_nodes=25; total time=   0.0s
[CV] END estimator__learning_rate=0.22, estimator__max_depth=9, estimator__max_iter=100, estimator__max_leaf_nodes=25; total time=   0.0s
[CV] END estimator__learning_rate=0.22, estimator__max_depth=9, estimator__max_iter=100, estimator__max_leaf_nodes=25; total time=   0.0s
[CV] END estimator__learning_rate=0.22, estimator__max_depth=11, estimator__max_iter=100, estimator__max_leaf_nodes=25; total time=   0.0s
[CV] END estimator__learning_rate=0.22, estimator__max_depth=12, estimator__max_iter=100, estimator__max_leaf_nodes=24; total time=   0.0s
[CV] END estimator__learning_rate=0.22, estimator__max_depth=12, estimator__max_iter=100, estimator__max_leaf_nodes=28; total time=   0.0s
[CV] END estimator__learning_rate=0.22, estimator__max_depth=13, estimator__max_iter=100, estimator__max_leaf_nodes=28; total time=   0.0s
[CV] END estimator__learning_rate=0.18, estimator__max_depth=9, estimator__max_iter=100, estimator__max_leaf_nodes=24; total time=   0.0s
[CV] END estimator__learning_rate=0.18, estimator__max_depth=9, estimator__max_iter=100, estimator__max_leaf_nodes=28; total time=   0.0s
[CV] END estimator__learning_rate=0.18, estimator__max_depth=10, estimator__max_iter=100, estimator__max_leaf_nodes=24; total time=   0.0s
[CV] END estimator__learning_rate=0.18, estimator__max_depth=10, estimator__max_iter=100, estimator__max_leaf_nodes=24; total time=   0.0s
[CV] END estimator__learning_rate=0.18, estimator__max_depth=10, estimator__max_iter=100, estimator__max_leaf_nodes=24; total time=   0.0s
[CV] END estimator__learning_rate=0.18, estimator__max_depth=10, estimator__max_iter=100, estimator__max_leaf_nodes=25; total time=   0.0s
[CV] END estimator__learning_rate=0.18, estimator__max_depth=10, estimator__max_iter=100, estimator__max_leaf_nodes=27; total time=   0.0s
[CV] END estimator__learning_rate=0.18, estimator__max_depth=11, estimator__max_iter=100, estimator__max_leaf_nodes=24; total time=   0.0s
[CV] END estimator__learning_rate=0.18, estimator__max_depth=11, estimator__max_iter=100, estimator__max_leaf_nodes=26; total time=   0.0s
[CV] END estimator__learning_rate=0.18, estimator__max_depth=12, estimator__max_iter=100, estimator__max_leaf_nodes=24; total time=   0.0s
[CV] END estimator__learning_rate=0.18, estimator__max_depth=12, estimator__max_iter=100, estimator__max_leaf_nodes=28; total time=   0.0s
[CV] END estimator__learning_rate=0.19, estimator__max_depth=9, estimator__max_iter=100, estimator__max_leaf_nodes=24; total time=   0.0s
[CV] END estimator__learning_rate=0.19, estimator__max_depth=9, estimator__max_iter=100, estimator__max_leaf_nodes=24; total time=   0.0s
[CV] END estimator__learning_rate=0.19, estimator__max_depth=11, estimator__max_iter=100, estimator__max_leaf_nodes=25; total time=   0.0s
[CV] END estimator__learning_rate=0.19, estimator__max_depth=11, estimator__max_iter=100, estimator__max_leaf_nodes=26; total time=   0.0s
[CV] END estimator__learning_rate=0.19, estimator__max_depth=11, estimator__max_iter=100, estimator__max_leaf_nodes=26; total time=   0.0s
[CV] END estimator__learning_rate=0.19, estimator__max_depth=11, estimator__max_iter=100, estimator__max_leaf_nodes=26; total time=   0.0s
[CV] END estimator__learning_rate=0.2, estimator__max_depth=9, estimator__max_iter=100, estimator__max_leaf_nodes=27; total time=   0.0s
[CV] END estimator__learning_rate=0.2, estimator__max_depth=9, estimator__max_iter=100, estimator__max_leaf_nodes=27; total time=   0.0s
[CV] END estimator__learning_rate=0.2, estimator__max_depth=9, estimator__max_iter=100, estimator__max_leaf_nodes=28; total time=   0.0s
[CV] END estimator__learning_rate=0.2, estimator__max_depth=9, estimator__max_iter=100, estimator__max_leaf_nodes=28; total time=   0.0s
[CV] END estimator__learning_rate=0.2, estimator__max_depth=13, estimator__max_iter=100, estimator__max_leaf_nodes=27; total time=   0.0s
[CV] END estimator__learning_rate=0.2, estimator__max_depth=13, estimator__max_iter=100, estimator__max_leaf_nodes=27; total time=   0.0s
[CV] END estimator__learning_rate=0.2, estimator__max_depth=13, estimator__max_iter=100, estimator__max_leaf_nodes=28; total time=   0.0s
[CV] END estimator__learning_rate=0.2, estimator__max_depth=13, estimator__max_iter=100, estimator__max_leaf_nodes=28; total time=   0.0s
[CV] END estimator__learning_rate=0.21, estimator__max_depth=12, estimator__max_iter=100, estimator__max_leaf_nodes=27; total time=   0.0s
[CV] END estimator__learning_rate=0.21, estimator__max_depth=12, estimator__max_iter=100, estimator__max_leaf_nodes=27; total time=   0.0s
[CV] END estimator__learning_rate=0.21, estimator__max_depth=12, estimator__max_iter=100, estimator__max_leaf_nodes=28; total time=   0.0s
[CV] END estimator__learning_rate=0.21, estimator__max_depth=12, estimator__max_iter=100, estimator__max_leaf_nodes=28; total time=   0.0s
[CV] END estimator__learning_rate=0.22, estimator__max_depth=11, estimator__max_iter=100, estimator__max_leaf_nodes=24; total time=   0.0s
[CV] END estimator__learning_rate=0.22, estimator__max_depth=11, estimator__max_iter=100, estimator__max_leaf_nodes=27; total time=   0.0s
[CV] END estimator__learning_rate=0.22, estimator__max_depth=12, estimator__max_iter=100, estimator__max_leaf_nodes=26; total time=   0.0s
[CV] END estimator__learning_rate=0.22, estimator__max_depth=13, estimator__max_iter=100, estimator__max_leaf_nodes=24; total time=   0.0s
[CV] END estimator__learning_rate=0.22, estimator__max_depth=13, estimator__max_iter=100, estimator__max_leaf_nodes=28; total time=   0.0s
[CV] END estimator__learning_rate=0.18, estimator__max_depth=9, estimator__max_iter=100, estimator__max_leaf_nodes=28; total time=   0.0s
[CV] END estimator__learning_rate=0.18, estimator__max_depth=12, estimator__max_iter=100, estimator__max_leaf_nodes=28; total time=   0.0s
[CV] END estimator__learning_rate=0.18, estimator__max_depth=13, estimator__max_iter=100, estimator__max_leaf_nodes=28; total time=   0.0s
[CV] END estimator__learning_rate=0.19, estimator__max_depth=9, estimator__max_iter=100, estimator__max_leaf_nodes=24; total time=   0.0s
[CV] END estimator__learning_rate=0.19, estimator__max_depth=11, estimator__max_iter=100, estimator__max_leaf_nodes=24; total time=   0.0s
[CV] END estimator__learning_rate=0.19, estimator__max_depth=11, estimator__max_iter=100, estimator__max_leaf_nodes=24; total time=   0.0s
[CV] END estimator__learning_rate=0.19, estimator__max_depth=11, estimator__max_iter=100, estimator__max_leaf_nodes=24; total time=   0.0s
[CV] END estimator__learning_rate=0.19, estimator__max_depth=11, estimator__max_iter=100, estimator__max_leaf_nodes=24; total time=   0.0s
[CV] END estimator__learning_rate=0.2, estimator__max_depth=9, estimator__max_iter=100, estimator__max_leaf_nodes=26; total time=   0.0s
[CV] END estimator__learning_rate=0.2, estimator__max_depth=9, estimator__max_iter=100, estimator__max_leaf_nodes=27; total time=   0.0s
[CV] END estimator__learning_rate=0.2, estimator__max_depth=9, estimator__max_iter=100, estimator__max_leaf_nodes=27; total time=   0.0s
[CV] END estimator__learning_rate=0.2, estimator__max_depth=9, estimator__max_iter=100, estimator__max_leaf_nodes=27; total time=   0.0s
[CV] END estimator__learning_rate=0.2, estimator__max_depth=13, estimator__max_iter=100, estimator__max_leaf_nodes=26; total time=   0.0s
[CV] END estimator__learning_rate=0.2, estimator__max_depth=13, estimator__max_iter=100, estimator__max_leaf_nodes=26; total time=   0.0s
[CV] END estimator__learning_rate=0.2, estimator__max_depth=13, estimator__max_iter=100, estimator__max_leaf_nodes=26; total time=   0.0s
[CV] END estimator__learning_rate=0.2, estimator__max_depth=13, estimator__max_iter=100, estimator__max_leaf_nodes=26; total time=   0.0s
[CV] END estimator__learning_rate=0.21, estimator__max_depth=12, estimator__max_iter=100, estimator__max_leaf_nodes=26; total time=   0.0s
[CV] END estimator__learning_rate=0.21, estimator__max_depth=12, estimator__max_iter=100, estimator__max_leaf_nodes=26; total time=   0.0s
[CV] END estimator__learning_rate=0.21, estimator__max_depth=12, estimator__max_iter=100, estimator__max_leaf_nodes=26; total time=   0.0s
[CV] END estimator__learning_rate=0.21, estimator__max_depth=12, estimator__max_iter=100, estimator__max_leaf_nodes=26; total time=   0.0s
[CV] END estimator__learning_rate=0.22, estimator__max_depth=11, estimator__max_iter=100, estimator__max_leaf_nodes=24; total time=   0.0s
[CV] END estimator__learning_rate=0.22, estimator__max_depth=11, estimator__max_iter=100, estimator__max_leaf_nodes=25; total time=   0.0s
[CV] END estimator__learning_rate=0.22, estimator__max_depth=11, estimator__max_iter=100, estimator__max_leaf_nodes=28; total time=   0.0s
[CV] END estimator__learning_rate=0.22, estimator__max_depth=12, estimator__max_iter=100, estimator__max_leaf_nodes=27; total time=   0.0s
[CV] END estimator__learning_rate=0.22, estimator__max_depth=13, estimator__max_iter=100, estimator__max_leaf_nodes=27; total time=   0.0s
[CV] END estimator__learning_rate=0.18, estimator__max_depth=9, estimator__max_iter=100, estimator__max_leaf_nodes=27; total time=   0.0s
[CV] END estimator__learning_rate=0.18, estimator__max_depth=12, estimator__max_iter=100, estimator__max_leaf_nodes=25; total time=   0.0s
[CV] END estimator__learning_rate=0.18, estimator__max_depth=13, estimator__max_iter=100, estimator__max_leaf_nodes=25; total time=   0.0s
[CV] END estimator__learning_rate=0.19, estimator__max_depth=9, estimator__max_iter=100, estimator__max_leaf_nodes=27; total time=   0.0s
[CV] END estimator__learning_rate=0.19, estimator__max_depth=9, estimator__max_iter=100, estimator__max_leaf_nodes=28; total time=   0.0s
[CV] END estimator__learning_rate=0.19, estimator__max_depth=12, estimator__max_iter=100, estimator__max_leaf_nodes=28; total time=   0.0s
[CV] END estimator__learning_rate=0.19, estimator__max_depth=12, estimator__max_iter=100, estimator__max_leaf_nodes=28; total time=   0.0s
[CV] END estimator__learning_rate=0.19, estimator__max_depth=12, estimator__max_iter=100, estimator__max_leaf_nodes=28; total time=   0.0s
[CV] END estimator__learning_rate=0.19, estimator__max_depth=12, estimator__max_iter=100, estimator__max_leaf_nodes=28; total time=   0.0s
[CV] END estimator__learning_rate=0.2, estimator__max_depth=12, estimator__max_iter=100, estimator__max_leaf_nodes=26; total time=   0.0s
[CV] END estimator__learning_rate=0.2, estimator__max_depth=12, estimator__max_iter=100, estimator__max_leaf_nodes=26; total time=   0.0s
[CV] END estimator__learning_rate=0.2, estimator__max_depth=12, estimator__max_iter=100, estimator__max_leaf_nodes=26; total time=   0.0s
[CV] END estimator__learning_rate=0.2, estimator__max_depth=12, estimator__max_iter=100, estimator__max_leaf_nodes=26; total time=   0.0s
[CV] END estimator__learning_rate=0.21, estimator__max_depth=11, estimator__max_iter=100, estimator__max_leaf_nodes=27; total time=   0.0s
[CV] END estimator__learning_rate=0.21, estimator__max_depth=11, estimator__max_iter=100, estimator__max_leaf_nodes=28; total time=   0.0s
[CV] END estimator__learning_rate=0.21, estimator__max_depth=11, estimator__max_iter=100, estimator__max_leaf_nodes=28; total time=   0.0s
[CV] END estimator__learning_rate=0.21, estimator__max_depth=11, estimator__max_iter=100, estimator__max_leaf_nodes=28; total time=   0.0s
[CV] END estimator__learning_rate=0.22, estimator__max_depth=10, estimator__max_iter=100, estimator__max_leaf_nodes=26; total time=   0.0s
[CV] END estimator__learning_rate=0.22, estimator__max_depth=10, estimator__max_iter=100, estimator__max_leaf_nodes=26; total time=   0.0s
[CV] END estimator__learning_rate=0.22, estimator__max_depth=10, estimator__max_iter=100, estimator__max_leaf_nodes=26; total time=   0.0s
[CV] END estimator__learning_rate=0.22, estimator__max_depth=10, estimator__max_iter=100, estimator__max_leaf_nodes=26; total time=   0.0s
[CV] END estimator__learning_rate=0.22, estimator__max_depth=12, estimator__max_iter=100, estimator__max_leaf_nodes=27; total time=   0.0s
[CV] END estimator__learning_rate=0.22, estimator__max_depth=13, estimator__max_iter=100, estimator__max_leaf_nodes=27; total time=   0.0s
[CV] END estimator__learning_rate=0.18, estimator__max_depth=9, estimator__max_iter=100, estimator__max_leaf_nodes=25; total time=   0.0s
[CV] END estimator__learning_rate=0.18, estimator__max_depth=12, estimator__max_iter=100, estimator__max_leaf_nodes=24; total time=   0.0s
[CV] END estimator__learning_rate=0.18, estimator__max_depth=13, estimator__max_iter=100, estimator__max_leaf_nodes=24; total time=   0.0s
[CV] END estimator__learning_rate=0.19, estimator__max_depth=9, estimator__max_iter=100, estimator__max_leaf_nodes=26; total time=   0.0s
[CV] END estimator__learning_rate=0.19, estimator__max_depth=9, estimator__max_iter=100, estimator__max_leaf_nodes=26; total time=   0.0s
[CV] END estimator__learning_rate=0.19, estimator__max_depth=11, estimator__max_iter=100, estimator__max_leaf_nodes=26; total time=   0.0s
[CV] END estimator__learning_rate=0.19, estimator__max_depth=11, estimator__max_iter=100, estimator__max_leaf_nodes=26; total time=   0.0s
[CV] END estimator__learning_rate=0.19, estimator__max_depth=11, estimator__max_iter=100, estimator__max_leaf_nodes=27; total time=   0.0s
[CV] END estimator__learning_rate=0.19, estimator__max_depth=11, estimator__max_iter=100, estimator__max_leaf_nodes=27; total time=   0.0s
[CV] END estimator__learning_rate=0.2, estimator__max_depth=11, estimator__max_iter=100, estimator__max_leaf_nodes=25; total time=   0.0s
[CV] END estimator__learning_rate=0.2, estimator__max_depth=11, estimator__max_iter=100, estimator__max_leaf_nodes=25; total time=   0.0s
[CV] END estimator__learning_rate=0.2, estimator__max_depth=11, estimator__max_iter=100, estimator__max_leaf_nodes=26; total time=   0.0s
[CV] END estimator__learning_rate=0.2, estimator__max_depth=11, estimator__max_iter=100, estimator__max_leaf_nodes=26; total time=   0.0s
[CV] END estimator__learning_rate=0.21, estimator__max_depth=10, estimator__max_iter=100, estimator__max_leaf_nodes=25; total time=   0.0s
[CV] END estimator__learning_rate=0.21, estimator__max_depth=10, estimator__max_iter=100, estimator__max_leaf_nodes=25; total time=   0.0s
[CV] END estimator__learning_rate=0.21, estimator__max_depth=10, estimator__max_iter=100, estimator__max_leaf_nodes=26; total time=   0.0s
[CV] END estimator__learning_rate=0.21, estimator__max_depth=10, estimator__max_iter=100, estimator__max_leaf_nodes=26; total time=   0.0s
[CV] END estimator__learning_rate=0.21, estimator__max_depth=13, estimator__max_iter=100, estimator__max_leaf_nodes=25; total time=   0.0s
[CV] END estimator__learning_rate=0.21, estimator__max_depth=13, estimator__max_iter=100, estimator__max_leaf_nodes=26; total time=   0.0s
[CV] END estimator__learning_rate=0.21, estimator__max_depth=13, estimator__max_iter=100, estimator__max_leaf_nodes=26; total time=   0.0s
[CV] END estimator__learning_rate=0.21, estimator__max_depth=13, estimator__max_iter=100, estimator__max_leaf_nodes=26; total time=   0.0s
[CV] END estimator__learning_rate=0.22, estimator__max_depth=11, estimator__max_iter=100, estimator__max_leaf_nodes=25; total time=   0.0s
[CV] END estimator__learning_rate=0.22, estimator__max_depth=11, estimator__max_iter=100, estimator__max_leaf_nodes=27; total time=   0.0s
[CV] END estimator__learning_rate=0.22, estimator__max_depth=12, estimator__max_iter=100, estimator__max_leaf_nodes=24; total time=   0.0s
[CV] END estimator__learning_rate=0.22, estimator__max_depth=12, estimator__max_iter=100, estimator__max_leaf_nodes=28; total time=   0.0s
[CV] END estimator__learning_rate=0.22, estimator__max_depth=13, estimator__max_iter=100, estimator__max_leaf_nodes=28; total time=   0.0s
[CV] END estimator__learning_rate=0.18, estimator__max_depth=9, estimator__max_iter=100, estimator__max_leaf_nodes=27; total time=   0.0s
[CV] END estimator__learning_rate=0.18, estimator__max_depth=10, estimator__max_iter=100, estimator__max_leaf_nodes=28; total time=   0.0s
[CV] END estimator__learning_rate=0.18, estimator__max_depth=11, estimator__max_iter=100, estimator__max_leaf_nodes=25; total time=   0.0s
[CV] END estimator__learning_rate=0.18, estimator__max_depth=11, estimator__max_iter=100, estimator__max_leaf_nodes=28; total time=   0.0s
[CV] END estimator__learning_rate=0.18, estimator__max_depth=12, estimator__max_iter=100, estimator__max_leaf_nodes=27; total time=   0.0s
[CV] END estimator__learning_rate=0.18, estimator__max_depth=13, estimator__max_iter=100, estimator__max_leaf_nodes=26; total time=   0.0s
[CV] END estimator__learning_rate=0.19, estimator__max_depth=10, estimator__max_iter=100, estimator__max_leaf_nodes=25; total time=   0.0s
[CV] END estimator__learning_rate=0.19, estimator__max_depth=10, estimator__max_iter=100, estimator__max_leaf_nodes=25; total time=   0.0s
[CV] END estimator__learning_rate=0.19, estimator__max_depth=13, estimator__max_iter=100, estimator__max_leaf_nodes=27; total time=   0.0s
[CV] END estimator__learning_rate=0.19, estimator__max_depth=13, estimator__max_iter=100, estimator__max_leaf_nodes=28; total time=   0.0s
[CV] END estimator__learning_rate=0.19, estimator__max_depth=13, estimator__max_iter=100, estimator__max_leaf_nodes=28; total time=   0.0s
[CV] END estimator__learning_rate=0.19, estimator__max_depth=13, estimator__max_iter=100, estimator__max_leaf_nodes=28; total time=   0.0s
[CV] END estimator__learning_rate=0.2, estimator__max_depth=13, estimator__max_iter=100, estimator__max_leaf_nodes=25; total time=   0.0s
[CV] END estimator__learning_rate=0.2, estimator__max_depth=13, estimator__max_iter=100, estimator__max_leaf_nodes=25; total time=   0.0s
[CV] END estimator__learning_rate=0.2, estimator__max_depth=13, estimator__max_iter=100, estimator__max_leaf_nodes=25; total time=   0.0s
[CV] END estimator__learning_rate=0.2, estimator__max_depth=13, estimator__max_iter=100, estimator__max_leaf_nodes=25; total time=   0.0s
[CV] END estimator__learning_rate=0.21, estimator__max_depth=12, estimator__max_iter=100, estimator__max_leaf_nodes=24; total time=   0.0s
[CV] END estimator__learning_rate=0.21, estimator__max_depth=12, estimator__max_iter=100, estimator__max_leaf_nodes=24; total time=   0.0s
[CV] END estimator__learning_rate=0.21, estimator__max_depth=12, estimator__max_iter=100, estimator__max_leaf_nodes=24; total time=   0.0s
[CV] END estimator__learning_rate=0.21, estimator__max_depth=12, estimator__max_iter=100, estimator__max_leaf_nodes=25; total time=   0.0s
[CV] END estimator__learning_rate=0.22, estimator__max_depth=10, estimator__max_iter=100, estimator__max_leaf_nodes=28; total time=   0.0s
[CV] END estimator__learning_rate=0.22, estimator__max_depth=10, estimator__max_iter=100, estimator__max_leaf_nodes=28; total time=   0.0s
[CV] END estimator__learning_rate=0.22, estimator__max_depth=11, estimator__max_iter=100, estimator__max_leaf_nodes=24; total time=   0.0s
[CV] END estimator__learning_rate=0.22, estimator__max_depth=11, estimator__max_iter=100, estimator__max_leaf_nodes=24; total time=   0.0s
[CV] END estimator__learning_rate=0.22, estimator__max_depth=13, estimator__max_iter=100, estimator__max_leaf_nodes=27; total time=   0.0s
[CV] END estimator__learning_rate=0.18, estimator__max_depth=9, estimator__max_iter=100, estimator__max_leaf_nodes=26; total time=   0.0s
[CV] END estimator__learning_rate=0.18, estimator__max_depth=12, estimator__max_iter=100, estimator__max_leaf_nodes=26; total time=   0.0s
[CV] END estimator__learning_rate=0.18, estimator__max_depth=13, estimator__max_iter=100, estimator__max_leaf_nodes=26; total time=   0.0s
[CV] END estimator__learning_rate=0.19, estimator__max_depth=10, estimator__max_iter=100, estimator__max_leaf_nodes=26; total time=   0.0s
[CV] END estimator__learning_rate=0.19, estimator__max_depth=10, estimator__max_iter=100, estimator__max_leaf_nodes=26; total time=   0.0s
[CV] END estimator__learning_rate=0.2, estimator__max_depth=9, estimator__max_iter=100, estimator__max_leaf_nodes=24; total time=   0.0s
[CV] END estimator__learning_rate=0.2, estimator__max_depth=9, estimator__max_iter=100, estimator__max_leaf_nodes=24; total time=   0.0s
[CV] END estimator__learning_rate=0.2, estimator__max_depth=9, estimator__max_iter=100, estimator__max_leaf_nodes=24; total time=   0.0s
[CV] END estimator__learning_rate=0.2, estimator__max_depth=9, estimator__max_iter=100, estimator__max_leaf_nodes=25; total time=   0.0s
[CV] END estimator__learning_rate=0.2, estimator__max_depth=11, estimator__max_iter=100, estimator__max_leaf_nodes=26; total time=   0.0s
[CV] END estimator__learning_rate=0.2, estimator__max_depth=11, estimator__max_iter=100, estimator__max_leaf_nodes=26; total time=   0.0s
[CV] END estimator__learning_rate=0.2, estimator__max_depth=11, estimator__max_iter=100, estimator__max_leaf_nodes=26; total time=   0.0s
[CV] END estimator__learning_rate=0.2, estimator__max_depth=11, estimator__max_iter=100, estimator__max_leaf_nodes=27; total time=   0.0s
[CV] END estimator__learning_rate=0.21, estimator__max_depth=11, estimator__max_iter=100, estimator__max_leaf_nodes=24; total time=   0.0s
[CV] END estimator__learning_rate=0.21, estimator__max_depth=11, estimator__max_iter=100, estimator__max_leaf_nodes=24; total time=   0.0s
[CV] END estimator__learning_rate=0.21, estimator__max_depth=11, estimator__max_iter=100, estimator__max_leaf_nodes=25; total time=   0.0s
[CV] END estimator__learning_rate=0.21, estimator__max_depth=11, estimator__max_iter=100, estimator__max_leaf_nodes=25; total time=   0.0s
[CV] END estimator__learning_rate=0.22, estimator__max_depth=10, estimator__max_iter=100, estimator__max_leaf_nodes=25; total time=   0.0s
[CV] END estimator__learning_rate=0.22, estimator__max_depth=10, estimator__max_iter=100, estimator__max_leaf_nodes=25; total time=   0.0s
[CV] END estimator__learning_rate=0.22, estimator__max_depth=10, estimator__max_iter=100, estimator__max_leaf_nodes=25; total time=   0.0s
[CV] END estimator__learning_rate=0.22, estimator__max_depth=10, estimator__max_iter=100, estimator__max_leaf_nodes=26; total time=   0.0s
[CV] END estimator__learning_rate=0.22, estimator__max_depth=12, estimator__max_iter=100, estimator__max_leaf_nodes=27; total time=   0.0s
[CV] END estimator__learning_rate=0.22, estimator__max_depth=13, estimator__max_iter=100, estimator__max_leaf_nodes=27; total time=   0.0s
[CV] END estimator__learning_rate=0.18, estimator__max_depth=9, estimator__max_iter=100, estimator__max_leaf_nodes=28; total time=   0.0s
[CV] END estimator__learning_rate=0.18, estimator__max_depth=12, estimator__max_iter=100, estimator__max_leaf_nodes=26; total time=   0.0s
[CV] END estimator__learning_rate=0.18, estimator__max_depth=13, estimator__max_iter=100, estimator__max_leaf_nodes=27; total time=   0.0s
[CV] END estimator__learning_rate=0.19, estimator__max_depth=10, estimator__max_iter=100, estimator__max_leaf_nodes=24; total time=   0.0s
[CV] END estimator__learning_rate=0.19, estimator__max_depth=10, estimator__max_iter=100, estimator__max_leaf_nodes=25; total time=   0.0s
[CV] END estimator__learning_rate=0.19, estimator__max_depth=13, estimator__max_iter=100, estimator__max_leaf_nodes=27; total time=   0.0s
[CV] END estimator__learning_rate=0.19, estimator__max_depth=13, estimator__max_iter=100, estimator__max_leaf_nodes=27; total time=   0.0s
[CV] END estimator__learning_rate=0.19, estimator__max_depth=13, estimator__max_iter=100, estimator__max_leaf_nodes=27; total time=   0.0s
[CV] END estimator__learning_rate=0.19, estimator__max_depth=13, estimator__max_iter=100, estimator__max_leaf_nodes=27; total time=   0.0s
[CV] END estimator__learning_rate=0.2, estimator__max_depth=11, estimator__max_iter=100, estimator__max_leaf_nodes=28; total time=   0.0s
[CV] END estimator__learning_rate=0.2, estimator__max_depth=12, estimator__max_iter=100, estimator__max_leaf_nodes=24; total time=   0.0s
[CV] END estimator__learning_rate=0.2, estimator__max_depth=12, estimator__max_iter=100, estimator__max_leaf_nodes=24; total time=   0.0s
[CV] END estimator__learning_rate=0.2, estimator__max_depth=12, estimator__max_iter=100, estimator__max_leaf_nodes=24; total time=   0.0s
[CV] END estimator__learning_rate=0.21, estimator__max_depth=10, estimator__max_iter=100, estimator__max_leaf_nodes=28; total time=   0.0s
[CV] END estimator__learning_rate=0.21, estimator__max_depth=11, estimator__max_iter=100, estimator__max_leaf_nodes=24; total time=   0.0s
[CV] END estimator__learning_rate=0.21, estimator__max_depth=11, estimator__max_iter=100, estimator__max_leaf_nodes=24; total time=   0.0s
[CV] END estimator__learning_rate=0.21, estimator__max_depth=11, estimator__max_iter=100, estimator__max_leaf_nodes=24; total time=   0.0s
[CV] END estimator__learning_rate=0.22, estimator__max_depth=9, estimator__max_iter=100, estimator__max_leaf_nodes=26; total time=   0.0s
[CV] END estimator__learning_rate=0.22, estimator__max_depth=9, estimator__max_iter=100, estimator__max_leaf_nodes=26; total time=   0.0s
[CV] END estimator__learning_rate=0.22, estimator__max_depth=9, estimator__max_iter=100, estimator__max_leaf_nodes=26; total time=   0.0s
[CV] END estimator__learning_rate=0.22, estimator__max_depth=9, estimator__max_iter=100, estimator__max_leaf_nodes=27; total time=   0.0s
[CV] END estimator__learning_rate=0.22, estimator__max_depth=12, estimator__max_iter=100, estimator__max_leaf_nodes=24; total time=   0.0s
[CV] END estimator__learning_rate=0.22, estimator__max_depth=12, estimator__max_iter=100, estimator__max_leaf_nodes=28; total time=   0.0s
[CV] END estimator__learning_rate=0.22, estimator__max_depth=13, estimator__max_iter=100, estimator__max_leaf_nodes=27; total time=   0.0s
[CV] END estimator__learning_rate=0.18, estimator__max_depth=9, estimator__max_iter=100, estimator__max_leaf_nodes=25; total time=   0.0s
[CV] END estimator__learning_rate=0.18, estimator__max_depth=10, estimator__max_iter=100, estimator__max_leaf_nodes=24; total time=   0.0s
[CV] END estimator__learning_rate=0.18, estimator__max_depth=10, estimator__max_iter=100, estimator__max_leaf_nodes=25; total time=   0.0s
[CV] END estimator__learning_rate=0.18, estimator__max_depth=10, estimator__max_iter=100, estimator__max_leaf_nodes=26; total time=   0.0s
[CV] END estimator__learning_rate=0.18, estimator__max_depth=10, estimator__max_iter=100, estimator__max_leaf_nodes=27; total time=   0.0s
[CV] END estimator__learning_rate=0.18, estimator__max_depth=11, estimator__max_iter=100, estimator__max_leaf_nodes=25; total time=   0.0s
[CV] END estimator__learning_rate=0.18, estimator__max_depth=11, estimator__max_iter=100, estimator__max_leaf_nodes=27; total time=   0.0s
[CV] END estimator__learning_rate=0.18, estimator__max_depth=12, estimator__max_iter=100, estimator__max_leaf_nodes=25; total time=   0.0s
[CV] END estimator__learning_rate=0.18, estimator__max_depth=13, estimator__max_iter=100, estimator__max_leaf_nodes=25; total time=   0.0s
[CV] END estimator__learning_rate=0.19, estimator__max_depth=9, estimator__max_iter=100, estimator__max_leaf_nodes=25; total time=   0.0s
[CV] END estimator__learning_rate=0.19, estimator__max_depth=9, estimator__max_iter=100, estimator__max_leaf_nodes=26; total time=   0.0s
[CV] END estimator__learning_rate=0.19, estimator__max_depth=12, estimator__max_iter=100, estimator__max_leaf_nodes=25; total time=   0.0s
[CV] END estimator__learning_rate=0.19, estimator__max_depth=12, estimator__max_iter=100, estimator__max_leaf_nodes=25; total time=   0.0s
[CV] END estimator__learning_rate=0.19, estimator__max_depth=12, estimator__max_iter=100, estimator__max_leaf_nodes=26; total time=   0.0s
[CV] END estimator__learning_rate=0.19, estimator__max_depth=12, estimator__max_iter=100, estimator__max_leaf_nodes=26; total time=   0.0s
[CV] END estimator__learning_rate=0.2, estimator__max_depth=11, estimator__max_iter=100, estimator__max_leaf_nodes=24; total time=   0.0s
[CV] END estimator__learning_rate=0.2, estimator__max_depth=11, estimator__max_iter=100, estimator__max_leaf_nodes=24; total time=   0.0s
[CV] END estimator__learning_rate=0.2, estimator__max_depth=11, estimator__max_iter=100, estimator__max_leaf_nodes=24; total time=   0.0s
[CV] END estimator__learning_rate=0.2, estimator__max_depth=11, estimator__max_iter=100, estimator__max_leaf_nodes=24; total time=   0.0s
[CV] END estimator__learning_rate=0.21, estimator__max_depth=9, estimator__max_iter=100, estimator__max_leaf_nodes=25; total time=   0.0s
[CV] END estimator__learning_rate=0.21, estimator__max_depth=9, estimator__max_iter=100, estimator__max_leaf_nodes=26; total time=   0.0s
[CV] END estimator__learning_rate=0.21, estimator__max_depth=9, estimator__max_iter=100, estimator__max_leaf_nodes=26; total time=   0.0s
[CV] END estimator__learning_rate=0.21, estimator__max_depth=9, estimator__max_iter=100, estimator__max_leaf_nodes=26; total time=   0.0s
[CV] END estimator__learning_rate=0.21, estimator__max_depth=13, estimator__max_iter=100, estimator__max_leaf_nodes=28; total time=   0.0s
[CV] END estimator__learning_rate=0.21, estimator__max_depth=13, estimator__max_iter=100, estimator__max_leaf_nodes=28; total time=   0.0s
[CV] END estimator__learning_rate=0.21, estimator__max_depth=13, estimator__max_iter=100, estimator__max_leaf_nodes=28; total time=   0.0s
[CV] END estimator__learning_rate=0.21, estimator__max_depth=13, estimator__max_iter=100, estimator__max_leaf_nodes=28; total time=   0.0s
[CV] END estimator__learning_rate=0.22, estimator__max_depth=11, estimator__max_iter=100, estimator__max_leaf_nodes=26; total time=   0.0s
[CV] END estimator__learning_rate=0.22, estimator__max_depth=11, estimator__max_iter=100, estimator__max_leaf_nodes=28; total time=   0.0s
[CV] END estimator__learning_rate=0.22, estimator__max_depth=12, estimator__max_iter=100, estimator__max_leaf_nodes=28; total time=   0.0s
[CV] END estimator__learning_rate=0.22, estimator__max_depth=13, estimator__max_iter=100, estimator__max_leaf_nodes=28; total time=   0.0s
[CV] END estimator__learning_rate=0.18, estimator__max_depth=9, estimator__max_iter=100, estimator__max_leaf_nodes=28; total time=   0.0s
[CV] END estimator__learning_rate=0.18, estimator__max_depth=12, estimator__max_iter=100, estimator__max_leaf_nodes=26; total time=   0.0s
[CV] END estimator__learning_rate=0.18, estimator__max_depth=13, estimator__max_iter=100, estimator__max_leaf_nodes=26; total time=   0.0s
[CV] END estimator__learning_rate=0.19, estimator__max_depth=9, estimator__max_iter=100, estimator__max_leaf_nodes=28; total time=   0.0s
[CV] END estimator__learning_rate=0.19, estimator__max_depth=9, estimator__max_iter=100, estimator__max_leaf_nodes=28; total time=   0.0s
[CV] END estimator__learning_rate=0.19, estimator__max_depth=13, estimator__max_iter=100, estimator__max_leaf_nodes=25; total time=   0.0s
[CV] END estimator__learning_rate=0.19, estimator__max_depth=13, estimator__max_iter=100, estimator__max_leaf_nodes=25; total time=   0.0s
[CV] END estimator__learning_rate=0.19, estimator__max_depth=13, estimator__max_iter=100, estimator__max_leaf_nodes=25; total time=   0.0s
[CV] END estimator__learning_rate=0.19, estimator__max_depth=13, estimator__max_iter=100, estimator__max_leaf_nodes=26; total time=   0.0s
[CV] END estimator__learning_rate=0.2, estimator__max_depth=12, estimator__max_iter=100, estimator__max_leaf_nodes=24; total time=   0.0s
[CV] END estimator__learning_rate=0.2, estimator__max_depth=12, estimator__max_iter=100, estimator__max_leaf_nodes=24; total time=   0.0s
[CV] END estimator__learning_rate=0.2, estimator__max_depth=12, estimator__max_iter=100, estimator__max_leaf_nodes=25; total time=   0.0s
[CV] END estimator__learning_rate=0.2, estimator__max_depth=12, estimator__max_iter=100, estimator__max_leaf_nodes=25; total time=   0.0s
[CV] END estimator__learning_rate=0.21, estimator__max_depth=11, estimator__max_iter=100, estimator__max_leaf_nodes=26; total time=   0.0s
[CV] END estimator__learning_rate=0.21, estimator__max_depth=11, estimator__max_iter=100, estimator__max_leaf_nodes=26; total time=   0.0s
[CV] END estimator__learning_rate=0.21, estimator__max_depth=11, estimator__max_iter=100, estimator__max_leaf_nodes=26; total time=   0.0s
[CV] END estimator__learning_rate=0.21, estimator__max_depth=11, estimator__max_iter=100, estimator__max_leaf_nodes=26; total time=   0.0s
[CV] END estimator__learning_rate=0.22, estimator__max_depth=10, estimator__max_iter=100, estimator__max_leaf_nodes=27; total time=   0.0s
[CV] END estimator__learning_rate=0.22, estimator__max_depth=10, estimator__max_iter=100, estimator__max_leaf_nodes=27; total time=   0.0s
[CV] END estimator__learning_rate=0.22, estimator__max_depth=10, estimator__max_iter=100, estimator__max_leaf_nodes=27; total time=   0.0s
[CV] END estimator__learning_rate=0.22, estimator__max_depth=10, estimator__max_iter=100, estimator__max_leaf_nodes=27; total time=   0.0s
[CV] END estimator__learning_rate=0.22, estimator__max_depth=12, estimator__max_iter=100, estimator__max_leaf_nodes=28; total time=   0.0s
[CV] END estimator__learning_rate=0.22, estimator__max_depth=13, estimator__max_iter=100, estimator__max_leaf_nodes=28; total time=   0.0s
