W0429 04:43:15.820000 13416 site-packages\torch\utils\flop_counter.py:29] triton not found; flop counting will not work for triton kernels
[INFO] Loading original-dataset exact config | R:\config\paper_reimplementation\rcim_ml_compensation\original_dataset_exact_model_bank\campaigns\track1\exact_paper\forward_maxi_last_non_green_cells\xgbm\2026-04-29_track1_forward_xgbm_ampl_h240_maxi_last_non_green_cells\021_track1_forward_xgbm_ampl_h240_maxi_last_non_green_cells_attempt_21.yaml
[INFO] Building original-dataset exact bundle
[INFO] Original-dataset exact bundle ready | direction=forward rows=969 targets=1 families=1
[INFO] Family fit started | family=XGBM estimator=XGBRegressor targets=1 threadpool_limit=1 joblib_cpu_limit=system_default os_cpu_count=32
[INFO] Family target scope | family=XGBM kinds=ampl harmonics=240 preview=fft_y_Fw_filtered_ampl_240
[INFO] Grid search configured | family=XGBM candidates=36 parameter_count=3 n_jobs=-1 verbose=2 pre_dispatch=2*n_jobs
W0429 04:44:01.200000 34084 site-packages\torch\utils\flop_counter.py:29] triton not found; flop counting will not work for triton kernels
W0429 04:44:01.202000 10448 site-packages\torch\utils\flop_counter.py:29] triton not found; flop counting will not work for triton kernels
W0429 04:44:01.220000 35116 site-packages\torch\utils\flop_counter.py:29] triton not found; flop counting will not work for triton kernels
W0429 04:44:01.323000 35224 site-packages\torch\utils\flop_counter.py:29] triton not found; flop counting will not work for triton kernels
W0429 04:44:01.466000 20988 site-packages\torch\utils\flop_counter.py:29] triton not found; flop counting will not work for triton kernels
W0429 04:44:01.472000 45044 site-packages\torch\utils\flop_counter.py:29] triton not found; flop counting will not work for triton kernels
W0429 04:44:01.590000 44260 site-packages\torch\utils\flop_counter.py:29] triton not found; flop counting will not work for triton kernels
W0429 04:44:01.646000 29576 site-packages\torch\utils\flop_counter.py:29] triton not found; flop counting will not work for triton kernels
W0429 04:44:01.712000 37680 site-packages\torch\utils\flop_counter.py:29] triton not found; flop counting will not work for triton kernels
W0429 04:44:01.739000 1636 site-packages\torch\utils\flop_counter.py:29] triton not found; flop counting will not work for triton kernels
W0429 04:44:01.829000 14860 site-packages\torch\utils\flop_counter.py:29] triton not found; flop counting will not work for triton kernels
W0429 04:44:01.878000 33992 site-packages\torch\utils\flop_counter.py:29] triton not found; flop counting will not work for triton kernels
W0429 04:44:01.953000 38836 site-packages\torch\utils\flop_counter.py:29] triton not found; flop counting will not work for triton kernels
W0429 04:44:01.953000 33064 site-packages\torch\utils\flop_counter.py:29] triton not found; flop counting will not work for triton kernels
W0429 04:44:02.066000 44180 site-packages\torch\utils\flop_counter.py:29] triton not found; flop counting will not work for triton kernels
W0429 04:44:02.211000 4704 site-packages\torch\utils\flop_counter.py:29] triton not found; flop counting will not work for triton kernels
W0429 04:44:02.238000 45880 site-packages\torch\utils\flop_counter.py:29] triton not found; flop counting will not work for triton kernels
W0429 04:44:02.323000 42860 site-packages\torch\utils\flop_counter.py:29] triton not found; flop counting will not work for triton kernels
W0429 04:44:02.326000 26792 site-packages\torch\utils\flop_counter.py:29] triton not found; flop counting will not work for triton kernels
W0429 04:44:02.389000 10840 site-packages\torch\utils\flop_counter.py:29] triton not found; flop counting will not work for triton kernels
W0429 04:44:02.436000 12988 site-packages\torch\utils\flop_counter.py:29] triton not found; flop counting will not work for triton kernels
W0429 04:44:02.487000 36364 site-packages\torch\utils\flop_counter.py:29] triton not found; flop counting will not work for triton kernels
W0429 04:44:02.494000 3020 site-packages\torch\utils\flop_counter.py:29] triton not found; flop counting will not work for triton kernels
W0429 04:44:02.497000 42336 site-packages\torch\utils\flop_counter.py:29] triton not found; flop counting will not work for triton kernels
W0429 04:44:02.497000 26636 site-packages\torch\utils\flop_counter.py:29] triton not found; flop counting will not work for triton kernels
W0429 04:44:02.497000 9696 site-packages\torch\utils\flop_counter.py:29] triton not found; flop counting will not work for triton kernels
W0429 04:44:02.497000 44800 site-packages\torch\utils\flop_counter.py:29] triton not found; flop counting will not work for triton kernels
W0429 04:44:02.497000 30488 site-packages\torch\utils\flop_counter.py:29] triton not found; flop counting will not work for triton kernels
W0429 04:44:02.508000 45396 site-packages\torch\utils\flop_counter.py:29] triton not found; flop counting will not work for triton kernels
W0429 04:44:02.508000 42776 site-packages\torch\utils\flop_counter.py:29] triton not found; flop counting will not work for triton kernels
W0429 04:44:02.510000 31312 site-packages\torch\utils\flop_counter.py:29] triton not found; flop counting will not work for triton kernels
W0429 04:44:02.510000 44040 site-packages\torch\utils\flop_counter.py:29] triton not found; flop counting will not work for triton kernels
Fitting 5 folds for each of 36 candidates, totalling 180 fits
[DONE] Family fit complete | family=XGBM elapsed=9.69s best_score=0.5822835206985474 best_params={'estimator__colsample_bytree': 0.3, 'estimator__learning_rate': 0.5, 'estimator__max_depth': 14}
[INFO] Family evaluation started | family=XGBM targets=1
[DONE] Family evaluation complete | family=XGBM elapsed=0.00s mean_component_mape=43.954% mean_component_mae=0.000180
[INFO] Family ONNX export started | family=XGBM targets=1 estimator=XGBRegressor
[DONE] Family ONNX export complete | family=XGBM elapsed=0.02s exported=1 failed=0
[DONE] Original-dataset exact validation complete | summary=output/validation_checks/paper_reimplementation_rcim_original_dataset_exact_model_bank_forward_maxi_last_non_green_cells/2026-04-29-04-43-16__track1_forward_xgbm_ampl_h240_maxi_last_non_green_cells_attempt_21_campaign_run/validation_summary.yaml report=doc/reports/analysis/validation_checks/2026-04-29-04-44-03_paper_reimplementation_rcim_original_dataset_exact_model_bank_forward_maxi_last_non_green_cells_track1_forward_xgbm_ampl_h240_maxi_last_non_green_cells_attempt_21_campaign_run_original_dataset_exact_model_bank_report.md
[CV] END estimator__colsample_bytree=0.3, estimator__learning_rate=0.01, estimator__max_depth=14; total time=   0.0s
[CV] END estimator__colsample_bytree=0.3, estimator__learning_rate=0.3, estimator__max_depth=14; total time=   0.0s
[CV] END estimator__colsample_bytree=0.3, estimator__learning_rate=0.3, estimator__max_depth=14; total time=   0.0s
[CV] END estimator__colsample_bytree=0.3, estimator__learning_rate=0.3, estimator__max_depth=16; total time=   0.0s
[CV] END estimator__colsample_bytree=0.3, estimator__learning_rate=0.3, estimator__max_depth=18; total time=   0.0s
[CV] END estimator__colsample_bytree=0.5, estimator__learning_rate=0.01, estimator__max_depth=14; total time=   0.0s
[CV] END estimator__colsample_bytree=0.5, estimator__learning_rate=0.01, estimator__max_depth=16; total time=   0.0s
[CV] END estimator__colsample_bytree=0.5, estimator__learning_rate=0.01, estimator__max_depth=16; total time=   0.0s
[CV] END estimator__colsample_bytree=0.5, estimator__learning_rate=0.01, estimator__max_depth=18; total time=   0.0s
[CV] END estimator__colsample_bytree=0.5, estimator__learning_rate=0.2, estimator__max_depth=14; total time=   0.0s
[CV] END estimator__colsample_bytree=0.5, estimator__learning_rate=0.2, estimator__max_depth=16; total time=   0.0s
[CV] END estimator__colsample_bytree=0.5, estimator__learning_rate=0.2, estimator__max_depth=18; total time=   0.0s
[CV] END estimator__colsample_bytree=0.5, estimator__learning_rate=0.5, estimator__max_depth=14; total time=   0.0s
[CV] END estimator__colsample_bytree=0.5, estimator__learning_rate=0.5, estimator__max_depth=14; total time=   0.0s
[CV] END estimator__colsample_bytree=0.5, estimator__learning_rate=0.5, estimator__max_depth=16; total time=   0.0s
[CV] END estimator__colsample_bytree=0.5, estimator__learning_rate=0.3, estimator__max_depth=14; total time=   0.0s
[CV] END estimator__colsample_bytree=0.5, estimator__learning_rate=0.3, estimator__max_depth=14; total time=   0.0s
[CV] END estimator__colsample_bytree=0.5, estimator__learning_rate=0.3, estimator__max_depth=18; total time=   0.0s
[CV] END estimator__colsample_bytree=0.8, estimator__learning_rate=0.01, estimator__max_depth=14; total time=   0.0s
[CV] END estimator__colsample_bytree=0.8, estimator__learning_rate=0.01, estimator__max_depth=16; total time=   0.0s
[CV] END estimator__colsample_bytree=0.8, estimator__learning_rate=0.01, estimator__max_depth=18; total time=   0.0s
[CV] END estimator__colsample_bytree=0.8, estimator__learning_rate=0.2, estimator__max_depth=16; total time=   0.0s
[CV] END estimator__colsample_bytree=0.8, estimator__learning_rate=0.2, estimator__max_depth=18; total time=   0.0s
[CV] END estimator__colsample_bytree=0.8, estimator__learning_rate=0.5, estimator__max_depth=14; total time=   0.0s
[CV] END estimator__colsample_bytree=0.8, estimator__learning_rate=0.5, estimator__max_depth=18; total time=   0.0s
[CV] END estimator__colsample_bytree=0.8, estimator__learning_rate=0.3, estimator__max_depth=14; total time=   0.0s
[CV] END estimator__colsample_bytree=0.8, estimator__learning_rate=0.3, estimator__max_depth=16; total time=   0.0s
[CV] END estimator__colsample_bytree=0.3, estimator__learning_rate=0.01, estimator__max_depth=14; total time=   0.0s
[CV] END estimator__colsample_bytree=0.3, estimator__learning_rate=0.5, estimator__max_depth=16; total time=   0.0s
[CV] END estimator__colsample_bytree=0.3, estimator__learning_rate=0.5, estimator__max_depth=18; total time=   0.0s
[CV] END estimator__colsample_bytree=0.3, estimator__learning_rate=0.3, estimator__max_depth=14; total time=   0.0s
[CV] END estimator__colsample_bytree=0.3, estimator__learning_rate=0.3, estimator__max_depth=16; total time=   0.0s
[CV] END estimator__colsample_bytree=0.3, estimator__learning_rate=0.3, estimator__max_depth=18; total time=   0.0s
[CV] END estimator__colsample_bytree=0.3, estimator__learning_rate=0.3, estimator__max_depth=18; total time=   0.0s
[CV] END estimator__colsample_bytree=0.5, estimator__learning_rate=0.01, estimator__max_depth=14; total time=   0.0s
[CV] END estimator__colsample_bytree=0.5, estimator__learning_rate=0.01, estimator__max_depth=16; total time=   0.0s
[CV] END estimator__colsample_bytree=0.5, estimator__learning_rate=0.01, estimator__max_depth=18; total time=   0.0s
[CV] END estimator__colsample_bytree=0.5, estimator__learning_rate=0.01, estimator__max_depth=18; total time=   0.0s
[CV] END estimator__colsample_bytree=0.5, estimator__learning_rate=0.2, estimator__max_depth=14; total time=   0.0s
[CV] END estimator__colsample_bytree=0.5, estimator__learning_rate=0.2, estimator__max_depth=16; total time=   0.0s
[CV] END estimator__colsample_bytree=0.5, estimator__learning_rate=0.2, estimator__max_depth=18; total time=   0.0s
[CV] END estimator__colsample_bytree=0.5, estimator__learning_rate=0.2, estimator__max_depth=18; total time=   0.0s
[CV] END estimator__colsample_bytree=0.5, estimator__learning_rate=0.5, estimator__max_depth=14; total time=   0.0s
[CV] END estimator__colsample_bytree=0.5, estimator__learning_rate=0.5, estimator__max_depth=16; total time=   0.0s
[CV] END estimator__colsample_bytree=0.5, estimator__learning_rate=0.5, estimator__max_depth=18; total time=   0.0s
[CV] END estimator__colsample_bytree=0.5, estimator__learning_rate=0.3, estimator__max_depth=16; total time=   0.0s
[CV] END estimator__colsample_bytree=0.5, estimator__learning_rate=0.3, estimator__max_depth=18; total time=   0.0s
[CV] END estimator__colsample_bytree=0.8, estimator__learning_rate=0.01, estimator__max_depth=14; total time=   0.0s
[CV] END estimator__colsample_bytree=0.8, estimator__learning_rate=0.01, estimator__max_depth=16; total time=   0.0s
[CV] END estimator__colsample_bytree=0.8, estimator__learning_rate=0.2, estimator__max_depth=14; total time=   0.0s
[CV] END estimator__colsample_bytree=0.8, estimator__learning_rate=0.2, estimator__max_depth=16; total time=   0.0s
[CV] END estimator__colsample_bytree=0.8, estimator__learning_rate=0.2, estimator__max_depth=18; total time=   0.0s
[CV] END estimator__colsample_bytree=0.8, estimator__learning_rate=0.5, estimator__max_depth=14; total time=   0.0s
[CV] END estimator__colsample_bytree=0.8, estimator__learning_rate=0.5, estimator__max_depth=16; total time=   0.0s
[CV] END estimator__colsample_bytree=0.8, estimator__learning_rate=0.3, estimator__max_depth=14; total time=   0.0s
[CV] END estimator__colsample_bytree=0.8, estimator__learning_rate=0.3, estimator__max_depth=16; total time=   0.0s
[CV] END estimator__colsample_bytree=0.3, estimator__learning_rate=0.01, estimator__max_depth=16; total time=   0.1s
[CV] END estimator__colsample_bytree=0.3, estimator__learning_rate=0.5, estimator__max_depth=14; total time=   0.0s
[CV] END estimator__colsample_bytree=0.3, estimator__learning_rate=0.5, estimator__max_depth=16; total time=   0.0s
[CV] END estimator__colsample_bytree=0.3, estimator__learning_rate=0.5, estimator__max_depth=16; total time=   0.0s
[CV] END estimator__colsample_bytree=0.3, estimator__learning_rate=0.5, estimator__max_depth=18; total time=   0.0s
[CV] END estimator__colsample_bytree=0.3, estimator__learning_rate=0.5, estimator__max_depth=18; total time=   0.0s
[CV] END estimator__colsample_bytree=0.3, estimator__learning_rate=0.3, estimator__max_depth=14; total time=   0.0s
[CV] END estimator__colsample_bytree=0.3, estimator__learning_rate=0.3, estimator__max_depth=16; total time=   0.0s
[CV] END estimator__colsample_bytree=0.3, estimator__learning_rate=0.3, estimator__max_depth=16; total time=   0.0s
[CV] END estimator__colsample_bytree=0.3, estimator__learning_rate=0.3, estimator__max_depth=18; total time=   0.0s
[CV] END estimator__colsample_bytree=0.5, estimator__learning_rate=0.01, estimator__max_depth=14; total time=   0.0s
[CV] END estimator__colsample_bytree=0.5, estimator__learning_rate=0.01, estimator__max_depth=16; total time=   0.0s
[CV] END estimator__colsample_bytree=0.5, estimator__learning_rate=0.01, estimator__max_depth=18; total time=   0.0s
[CV] END estimator__colsample_bytree=0.5, estimator__learning_rate=0.2, estimator__max_depth=14; total time=   0.0s
[CV] END estimator__colsample_bytree=0.5, estimator__learning_rate=0.2, estimator__max_depth=16; total time=   0.0s
[CV] END estimator__colsample_bytree=0.5, estimator__learning_rate=0.2, estimator__max_depth=16; total time=   0.0s
[CV] END estimator__colsample_bytree=0.5, estimator__learning_rate=0.2, estimator__max_depth=18; total time=   0.0s
[CV] END estimator__colsample_bytree=0.5, estimator__learning_rate=0.5, estimator__max_depth=14; total time=   0.0s
[CV] END estimator__colsample_bytree=0.5, estimator__learning_rate=0.5, estimator__max_depth=18; total time=   0.0s
[CV] END estimator__colsample_bytree=0.5, estimator__learning_rate=0.3, estimator__max_depth=14; total time=   0.0s
[CV] END estimator__colsample_bytree=0.5, estimator__learning_rate=0.3, estimator__max_depth=16; total time=   0.0s
[CV] END estimator__colsample_bytree=0.8, estimator__learning_rate=0.01, estimator__max_depth=14; total time=   0.0s
[CV] END estimator__colsample_bytree=0.8, estimator__learning_rate=0.01, estimator__max_depth=16; total time=   0.0s
[CV] END estimator__colsample_bytree=0.8, estimator__learning_rate=0.01, estimator__max_depth=18; total time=   0.0s
[CV] END estimator__colsample_bytree=0.8, estimator__learning_rate=0.2, estimator__max_depth=14; total time=   0.0s
[CV] END estimator__colsample_bytree=0.8, estimator__learning_rate=0.2, estimator__max_depth=16; total time=   0.0s
[CV] END estimator__colsample_bytree=0.8, estimator__learning_rate=0.2, estimator__max_depth=18; total time=   0.0s
[CV] END estimator__colsample_bytree=0.8, estimator__learning_rate=0.5, estimator__max_depth=16; total time=   0.0s
[CV] END estimator__colsample_bytree=0.8, estimator__learning_rate=0.5, estimator__max_depth=18; total time=   0.0s
[CV] END estimator__colsample_bytree=0.8, estimator__learning_rate=0.3, estimator__max_depth=14; total time=   0.0s
[CV] END estimator__colsample_bytree=0.8, estimator__learning_rate=0.3, estimator__max_depth=18; total time=   0.0s
[CV] END estimator__colsample_bytree=0.3, estimator__learning_rate=0.2, estimator__max_depth=14; total time=   0.0s
[CV] END estimator__colsample_bytree=0.3, estimator__learning_rate=0.01, estimator__max_depth=16; total time=   0.0s
[CV] END estimator__colsample_bytree=0.5, estimator__learning_rate=0.5, estimator__max_depth=16; total time=   0.0s
[CV] END estimator__colsample_bytree=0.5, estimator__learning_rate=0.5, estimator__max_depth=18; total time=   0.0s
[CV] END estimator__colsample_bytree=0.5, estimator__learning_rate=0.3, estimator__max_depth=16; total time=   0.0s
[CV] END estimator__colsample_bytree=0.5, estimator__learning_rate=0.3, estimator__max_depth=18; total time=   0.0s
[CV] END estimator__colsample_bytree=0.8, estimator__learning_rate=0.01, estimator__max_depth=14; total time=   0.0s
[CV] END estimator__colsample_bytree=0.8, estimator__learning_rate=0.01, estimator__max_depth=16; total time=   0.0s
[CV] END estimator__colsample_bytree=0.8, estimator__learning_rate=0.01, estimator__max_depth=18; total time=   0.0s
[CV] END estimator__colsample_bytree=0.8, estimator__learning_rate=0.2, estimator__max_depth=14; total time=   0.0s
[CV] END estimator__colsample_bytree=0.8, estimator__learning_rate=0.2, estimator__max_depth=18; total time=   0.0s
[CV] END estimator__colsample_bytree=0.8, estimator__learning_rate=0.5, estimator__max_depth=14; total time=   0.0s
[CV] END estimator__colsample_bytree=0.8, estimator__learning_rate=0.5, estimator__max_depth=16; total time=   0.0s
[CV] END estimator__colsample_bytree=0.8, estimator__learning_rate=0.5, estimator__max_depth=18; total time=   0.0s
[CV] END estimator__colsample_bytree=0.8, estimator__learning_rate=0.3, estimator__max_depth=14; total time=   0.0s
[CV] END estimator__colsample_bytree=0.8, estimator__learning_rate=0.3, estimator__max_depth=18; total time=   0.0s
[CV] END estimator__colsample_bytree=0.3, estimator__learning_rate=0.01, estimator__max_depth=16; total time=   0.0s
[CV] END estimator__colsample_bytree=0.5, estimator__learning_rate=0.5, estimator__max_depth=16; total time=   0.0s
[CV] END estimator__colsample_bytree=0.5, estimator__learning_rate=0.5, estimator__max_depth=18; total time=   0.0s
[CV] END estimator__colsample_bytree=0.5, estimator__learning_rate=0.3, estimator__max_depth=14; total time=   0.0s
[CV] END estimator__colsample_bytree=0.5, estimator__learning_rate=0.3, estimator__max_depth=16; total time=   0.0s
[CV] END estimator__colsample_bytree=0.5, estimator__learning_rate=0.3, estimator__max_depth=18; total time=   0.0s
[CV] END estimator__colsample_bytree=0.8, estimator__learning_rate=0.01, estimator__max_depth=16; total time=   0.0s
[CV] END estimator__colsample_bytree=0.8, estimator__learning_rate=0.01, estimator__max_depth=18; total time=   0.0s
[CV] END estimator__colsample_bytree=0.8, estimator__learning_rate=0.2, estimator__max_depth=14; total time=   0.0s
[CV] END estimator__colsample_bytree=0.8, estimator__learning_rate=0.2, estimator__max_depth=16; total time=   0.0s
[CV] END estimator__colsample_bytree=0.8, estimator__learning_rate=0.5, estimator__max_depth=14; total time=   0.0s
[CV] END estimator__colsample_bytree=0.8, estimator__learning_rate=0.5, estimator__max_depth=16; total time=   0.0s
[CV] END estimator__colsample_bytree=0.8, estimator__learning_rate=0.5, estimator__max_depth=18; total time=   0.0s
[CV] END estimator__colsample_bytree=0.8, estimator__learning_rate=0.3, estimator__max_depth=16; total time=   0.0s
[CV] END estimator__colsample_bytree=0.8, estimator__learning_rate=0.3, estimator__max_depth=18; total time=   0.0s
[CV] END estimator__colsample_bytree=0.3, estimator__learning_rate=0.01, estimator__max_depth=14; total time=   0.1s
[CV] END estimator__colsample_bytree=0.3, estimator__learning_rate=0.5, estimator__max_depth=14; total time=   0.0s
[CV] END estimator__colsample_bytree=0.3, estimator__learning_rate=0.5, estimator__max_depth=14; total time=   0.0s
[CV] END estimator__colsample_bytree=0.3, estimator__learning_rate=0.5, estimator__max_depth=16; total time=   0.0s
[CV] END estimator__colsample_bytree=0.3, estimator__learning_rate=0.5, estimator__max_depth=16; total time=   0.0s
[CV] END estimator__colsample_bytree=0.3, estimator__learning_rate=0.5, estimator__max_depth=18; total time=   0.0s
[CV] END estimator__colsample_bytree=0.3, estimator__learning_rate=0.5, estimator__max_depth=18; total time=   0.0s
[CV] END estimator__colsample_bytree=0.3, estimator__learning_rate=0.3, estimator__max_depth=14; total time=   0.0s
[CV] END estimator__colsample_bytree=0.3, estimator__learning_rate=0.3, estimator__max_depth=16; total time=   0.0s
[CV] END estimator__colsample_bytree=0.3, estimator__learning_rate=0.3, estimator__max_depth=18; total time=   0.0s
[CV] END estimator__colsample_bytree=0.5, estimator__learning_rate=0.01, estimator__max_depth=14; total time=   0.0s
[CV] END estimator__colsample_bytree=0.5, estimator__learning_rate=0.01, estimator__max_depth=14; total time=   0.0s
[CV] END estimator__colsample_bytree=0.5, estimator__learning_rate=0.01, estimator__max_depth=16; total time=   0.0s
[CV] END estimator__colsample_bytree=0.5, estimator__learning_rate=0.01, estimator__max_depth=18; total time=   0.0s
[CV] END estimator__colsample_bytree=0.5, estimator__learning_rate=0.2, estimator__max_depth=14; total time=   0.0s
[CV] END estimator__colsample_bytree=0.5, estimator__learning_rate=0.2, estimator__max_depth=14; total time=   0.0s
[CV] END estimator__colsample_bytree=0.5, estimator__learning_rate=0.2, estimator__max_depth=16; total time=   0.0s
[CV] END estimator__colsample_bytree=0.5, estimator__learning_rate=0.2, estimator__max_depth=18; total time=   0.0s
[CV] END estimator__colsample_bytree=0.5, estimator__learning_rate=0.5, estimator__max_depth=14; total time=   0.0s
[CV] END estimator__colsample_bytree=0.5, estimator__learning_rate=0.5, estimator__max_depth=16; total time=   0.0s
[CV] END estimator__colsample_bytree=0.5, estimator__learning_rate=0.5, estimator__max_depth=18; total time=   0.0s
[CV] END estimator__colsample_bytree=0.5, estimator__learning_rate=0.3, estimator__max_depth=14; total time=   0.0s
[CV] END estimator__colsample_bytree=0.5, estimator__learning_rate=0.3, estimator__max_depth=16; total time=   0.0s
[CV] END estimator__colsample_bytree=0.5, estimator__learning_rate=0.3, estimator__max_depth=18; total time=   0.0s
[CV] END estimator__colsample_bytree=0.8, estimator__learning_rate=0.01, estimator__max_depth=14; total time=   0.0s
[CV] END estimator__colsample_bytree=0.8, estimator__learning_rate=0.01, estimator__max_depth=18; total time=   0.0s
[CV] END estimator__colsample_bytree=0.8, estimator__learning_rate=0.2, estimator__max_depth=14; total time=   0.0s
[CV] END estimator__colsample_bytree=0.8, estimator__learning_rate=0.2, estimator__max_depth=16; total time=   0.0s
[CV] END estimator__colsample_bytree=0.8, estimator__learning_rate=0.2, estimator__max_depth=18; total time=   0.0s
[CV] END estimator__colsample_bytree=0.8, estimator__learning_rate=0.5, estimator__max_depth=14; total time=   0.0s
[CV] END estimator__colsample_bytree=0.8, estimator__learning_rate=0.5, estimator__max_depth=16; total time=   0.0s
[CV] END estimator__colsample_bytree=0.8, estimator__learning_rate=0.3, estimator__max_depth=14; total time=   0.0s
[CV] END estimator__colsample_bytree=0.8, estimator__learning_rate=0.3, estimator__max_depth=16; total time=   0.0s
[CV] END estimator__colsample_bytree=0.8, estimator__learning_rate=0.3, estimator__max_depth=18; total time=   0.0s
[CV] END estimator__colsample_bytree=0.3, estimator__learning_rate=0.01, estimator__max_depth=18; total time=   0.0s
[CV] END estimator__colsample_bytree=0.8, estimator__learning_rate=0.5, estimator__max_depth=18; total time=   0.0s
[CV] END estimator__colsample_bytree=0.8, estimator__learning_rate=0.3, estimator__max_depth=16; total time=   0.0s
[CV] END estimator__colsample_bytree=0.8, estimator__learning_rate=0.3, estimator__max_depth=18; total time=   0.0s
[CV] END estimator__colsample_bytree=0.3, estimator__learning_rate=0.01, estimator__max_depth=16; total time=   0.0s
[CV] END estimator__colsample_bytree=0.3, estimator__learning_rate=0.01, estimator__max_depth=18; total time=   0.0s
[CV] END estimator__colsample_bytree=0.3, estimator__learning_rate=0.01, estimator__max_depth=14; total time=   0.0s
[CV] END estimator__colsample_bytree=0.3, estimator__learning_rate=0.01, estimator__max_depth=16; total time=   0.0s
[CV] END estimator__colsample_bytree=0.3, estimator__learning_rate=0.01, estimator__max_depth=18; total time=   0.0s
[CV] END estimator__colsample_bytree=0.3, estimator__learning_rate=0.2, estimator__max_depth=14; total time=   0.0s
[CV] END estimator__colsample_bytree=0.3, estimator__learning_rate=0.2, estimator__max_depth=18; total time=   0.0s
[CV] END estimator__colsample_bytree=0.3, estimator__learning_rate=0.2, estimator__max_depth=14; total time=   0.0s
[CV] END estimator__colsample_bytree=0.3, estimator__learning_rate=0.01, estimator__max_depth=18; total time=   0.0s
[CV] END estimator__colsample_bytree=0.3, estimator__learning_rate=0.2, estimator__max_depth=16; total time=   0.0s
[CV] END estimator__colsample_bytree=0.3, estimator__learning_rate=0.5, estimator__max_depth=14; total time=   0.0s
[CV] END estimator__colsample_bytree=0.3, estimator__learning_rate=0.2, estimator__max_depth=16; total time=   0.0s
[CV] END estimator__colsample_bytree=0.3, estimator__learning_rate=0.01, estimator__max_depth=14; total time=   0.0s
[CV] END estimator__colsample_bytree=0.3, estimator__learning_rate=0.2, estimator__max_depth=16; total time=   0.0s
[CV] END estimator__colsample_bytree=0.3, estimator__learning_rate=0.5, estimator__max_depth=14; total time=   0.1s
[CV] END estimator__colsample_bytree=0.3, estimator__learning_rate=0.2, estimator__max_depth=14; total time=   0.2s
[CV] END estimator__colsample_bytree=0.3, estimator__learning_rate=0.2, estimator__max_depth=14; total time=   0.2s
[CV] END estimator__colsample_bytree=0.3, estimator__learning_rate=0.2, estimator__max_depth=18; total time=   0.2s
[CV] END estimator__colsample_bytree=0.3, estimator__learning_rate=0.2, estimator__max_depth=18; total time=   0.2s
[CV] END estimator__colsample_bytree=0.3, estimator__learning_rate=0.2, estimator__max_depth=18; total time=   0.2s
[CV] END estimator__colsample_bytree=0.3, estimator__learning_rate=0.01, estimator__max_depth=18; total time=   0.2s
[CV] END estimator__colsample_bytree=0.3, estimator__learning_rate=0.2, estimator__max_depth=16; total time=   0.2s
[CV] END estimator__colsample_bytree=0.3, estimator__learning_rate=0.2, estimator__max_depth=16; total time=   0.2s
[CV] END estimator__colsample_bytree=0.3, estimator__learning_rate=0.2, estimator__max_depth=18; total time=   0.2s
