W0422 09:21:44.788000 30016 site-packages\torch\utils\flop_counter.py:29] triton not found; flop counting will not work for triton kernels
[INFO] Loading exact-paper config | config\paper_reimplementation\rcim_ml_compensation\exact_model_bank\campaigns\2026-04-22_track1_svm_remaining_yellow_cell_campaign\031_track1_svm_amplitude_40_yellow_cell_attempt_31.yaml
[INFO] Exact-paper output directory | output/validation_checks/paper_reimplementation_rcim_exact_model_bank/2026-04-22-09-21-44__track1_svm_amplitude_40_yellow_cell_attempt_31_campaign_run
[INFO] Building exact-paper dataset bundle
[INFO] Exact-paper dataset ready | rows=969 targets=1 families=1 scope_mode=amplitudes_only
[INFO] Exact-paper target scope | kinds=ampl harmonics=40 preview=fft_y_Fw_filtered_ampl_40
[INFO] Exact-paper search settings | mode=paper_reference_grid_search grid_search_n_jobs=24 grid_search_verbose=2 grid_search_pre_dispatch=24 families=SVR
[INFO] Fitting family bank | SVR
[INFO] Family fit started | family=SVR estimator=SVR targets=1 threadpool_limit=1 joblib_cpu_limit=system_default os_cpu_count=32
[INFO] Family target scope | family=SVR kinds=ampl harmonics=40 preview=fft_y_Fw_filtered_ampl_40
[INFO] Grid search configured | family=SVR candidates=40 parameter_count=4 n_jobs=24 verbose=2 pre_dispatch=24
W0422 09:21:51.402000 38352 site-packages\torch\utils\flop_counter.py:29] triton not found; flop counting will not work for triton kernels
W0422 09:21:51.409000 5024 site-packages\torch\utils\flop_counter.py:29] triton not found; flop counting will not work for triton kernels
W0422 09:21:51.604000 37420 site-packages\torch\utils\flop_counter.py:29] triton not found; flop counting will not work for triton kernels
W0422 09:21:51.752000 22088 site-packages\torch\utils\flop_counter.py:29] triton not found; flop counting will not work for triton kernels
W0422 09:21:51.779000 17308 site-packages\torch\utils\flop_counter.py:29] triton not found; flop counting will not work for triton kernels
W0422 09:21:51.790000 10416 site-packages\torch\utils\flop_counter.py:29] triton not found; flop counting will not work for triton kernels
W0422 09:21:51.800000 30420 site-packages\torch\utils\flop_counter.py:29] triton not found; flop counting will not work for triton kernels
W0422 09:21:51.821000 19800 site-packages\torch\utils\flop_counter.py:29] triton not found; flop counting will not work for triton kernels
W0422 09:21:51.843000 36256 site-packages\torch\utils\flop_counter.py:29] triton not found; flop counting will not work for triton kernels
W0422 09:21:51.961000 13704 site-packages\torch\utils\flop_counter.py:29] triton not found; flop counting will not work for triton kernels
[CV] END estimator__C=0.001, estimator__epsilon=0.001, estimator__gamma=1.1e-06, estimator__kernel=rbf; total time=   0.0s
[CV] END estimator__C=0.001, estimator__epsilon=1e-05, estimator__gamma=1.1e-06, estimator__kernel=rbf; total time=   0.0s
[CV] END estimator__C=0.001, estimator__epsilon=1e-05, estimator__gamma=1.1e-06, estimator__kernel=linear; total time=   0.0s
[CV] END estimator__C=0.001, estimator__epsilon=1e-05, estimator__gamma=1.1e-06, estimator__kernel=linear; total time=   0.0s
[CV] END estimator__C=0.001, estimator__epsilon=1e-05, estimator__gamma=1.1e-06, estimator__kernel=linear; total time=   0.0s
[CV] END estimator__C=0.001, estimator__epsilon=1e-05, estimator__gamma=1.1e-06, estimator__kernel=linear; total time=   0.0s
[CV] END estimator__C=0.001, estimator__epsilon=1e-05, estimator__gamma=1.1e-06, estimator__kernel=linear; total time=   0.0s
[CV] END estimator__C=0.001, estimator__epsilon=1e-06, estimator__gamma=1.1e-06, estimator__kernel=rbf; total time=   0.0s
[CV] END estimator__C=0.001, estimator__epsilon=1e-06, estimator__gamma=1.1e-06, estimator__kernel=rbf; total time=   0.0s
[CV] END estimator__C=0.001, estimator__epsilon=1e-06, estimator__gamma=1.1e-06, estimator__kernel=rbf; total time=   0.0s
[CV] END estimator__C=0.001, estimator__epsilon=1e-06, estimator__gamma=1.1e-06, estimator__kernel=rbf; total time=   0.0s
[CV] END estimator__C=0.001, estimator__epsilon=1e-06, estimator__gamma=1.1e-06, estimator__kernel=rbf; total time=   0.0s
[CV] END estimator__C=0.001, estimator__epsilon=1e-06, estimator__gamma=1.1e-06, estimator__kernel=linear; total time=   0.0s
[CV] END estimator__C=0.001, estimator__epsilon=1e-06, estimator__gamma=1.1e-06, estimator__kernel=linear; total time=   0.0s
[CV] END estimator__C=0.001, estimator__epsilon=1e-06, estimator__gamma=1.1e-06, estimator__kernel=linear; total time=   0.0s
[CV] END estimator__C=0.01, estimator__epsilon=0.001, estimator__gamma=1.1e-06, estimator__kernel=rbf; total time=   0.0s
[CV] END estimator__C=0.01, estimator__epsilon=0.001, estimator__gamma=1.1e-06, estimator__kernel=rbf; total time=   0.0s
[CV] END estimator__C=0.01, estimator__epsilon=0.001, estimator__gamma=1.1e-06, estimator__kernel=linear; total time=   0.0s
[CV] END estimator__C=0.01, estimator__epsilon=0.001, estimator__gamma=1.1e-06, estimator__kernel=linear; total time=   0.0s
[CV] END estimator__C=0.01, estimator__epsilon=0.0001, estimator__gamma=1.1e-06, estimator__kernel=rbf; total time=   0.0s
[CV] END estimator__C=0.01, estimator__epsilon=0.0001, estimator__gamma=1.1e-06, estimator__kernel=rbf; total time=   0.0s
[CV] END estimator__C=0.01, estimator__epsilon=0.0001, estimator__gamma=1.1e-06, estimator__kernel=rbf; total time=   0.0s
[CV] END estimator__C=0.01, estimator__epsilon=0.0001, estimator__gamma=1.1e-06, estimator__kernel=linear; total time=   0.0s
[CV] END estimator__C=0.01, estimator__epsilon=0.0001, estimator__gamma=1.1e-06, estimator__kernel=linear; total time=   0.0s
[CV] END estimator__C=0.01, estimator__epsilon=0.0001, estimator__gamma=1.1e-06, estimator__kernel=linear; total time=   0.0s
[CV] END estimator__C=0.01, estimator__epsilon=1e-05, estimator__gamma=1.1e-06, estimator__kernel=rbf; total time=   0.0s
[CV] END estimator__C=0.01, estimator__epsilon=1e-05, estimator__gamma=1.1e-06, estimator__kernel=rbf; total time=   0.0s
[CV] END estimator__C=0.01, estimator__epsilon=1e-05, estimator__gamma=1.1e-06, estimator__kernel=linear; total time=   0.0s
[CV] END estimator__C=0.01, estimator__epsilon=1e-05, estimator__gamma=1.1e-06, estimator__kernel=linear; total time=   0.0s
[CV] END estimator__C=0.01, estimator__epsilon=1e-06, estimator__gamma=1.1e-06, estimator__kernel=rbf; total time=   0.0s
[CV] END estimator__C=0.01, estimator__epsilon=1e-06, estimator__gamma=1.1e-06, estimator__kernel=rbf; total time=   0.0s
[CV] END estimator__C=0.01, estimator__epsilon=1e-06, estimator__gamma=1.1e-06, estimator__kernel=rbf; total time=   0.0s
[CV] END estimator__C=0.01, estimator__epsilon=1e-06, estimator__gamma=1.1e-06, estimator__kernel=linear; total time=   0.0s
[CV] END estimator__C=0.01, estimator__epsilon=1e-06, estimator__gamma=1.1e-06, estimator__kernel=linear; total time=   0.0s
[CV] END estimator__C=0.01, estimator__epsilon=1e-06, estimator__gamma=1.1e-06, estimator__kernel=linear; total time=   0.0s
[CV] END estimator__C=0.1, estimator__epsilon=0.001, estimator__gamma=1.1e-06, estimator__kernel=rbf; total time=   0.0s
[CV] END estimator__C=0.1, estimator__epsilon=0.001, estimator__gamma=1.1e-06, estimator__kernel=rbf; total time=   0.0s
[CV] END estimator__C=0.1, estimator__epsilon=0.001, estimator__gamma=1.1e-06, estimator__kernel=linear; total time=   0.0s
[CV] END estimator__C=0.1, estimator__epsilon=0.001, estimator__gamma=1.1e-06, estimator__kernel=linear; total time=   0.0s
[CV] END estimator__C=0.1, estimator__epsilon=0.0001, estimator__gamma=1.1e-06, estimator__kernel=rbf; total time=   0.0s
[CV] END estimator__C=0.1, estimator__epsilon=0.0001, estimator__gamma=1.1e-06, estimator__kernel=rbf; total time=   0.0s
[CV] END estimator__C=0.1, estimator__epsilon=0.0001, estimator__gamma=1.1e-06, estimator__kernel=rbf; total time=   0.0s
[CV] END estimator__C=0.1, estimator__epsilon=0.0001, estimator__gamma=1.1e-06, estimator__kernel=linear; total time=   0.0s
[CV] END estimator__C=0.1, estimator__epsilon=1e-05, estimator__gamma=1.1e-06, estimator__kernel=rbf; total time=   0.0s
[CV] END estimator__C=0.1, estimator__epsilon=1e-05, estimator__gamma=1.1e-06, estimator__kernel=rbf; total time=   0.0s
[CV] END estimator__C=0.1, estimator__epsilon=1e-05, estimator__gamma=1.1e-06, estimator__kernel=rbf; total time=   0.0s
[CV] END estimator__C=0.1, estimator__epsilon=1e-05, estimator__gamma=1.1e-06, estimator__kernel=rbf; total time=   0.0s
[CV] END estimator__C=0.1, estimator__epsilon=1e-05, estimator__gamma=1.1e-06, estimator__kernel=linear; total time=   0.0s
[CV] END estimator__C=0.1, estimator__epsilon=1e-05, estimator__gamma=1.1e-06, estimator__kernel=linear; total time=   0.0s
[CV] END estimator__C=0.1, estimator__epsilon=1e-06, estimator__gamma=1.1e-06, estimator__kernel=rbf; total time=   0.0s
[CV] END estimator__C=0.1, estimator__epsilon=1e-06, estimator__gamma=1.1e-06, estimator__kernel=rbf; total time=   0.0s
[CV] END estimator__C=0.1, estimator__epsilon=1e-06, estimator__gamma=1.1e-06, estimator__kernel=linear; total time=   0.0s
[CV] END estimator__C=0.1, estimator__epsilon=1e-06, estimator__gamma=1.1e-06, estimator__kernel=linear; total time=   0.0s
[CV] END estimator__C=0.1, estimator__epsilon=1e-06, estimator__gamma=1.1e-06, estimator__kernel=linear; total time=   0.0s
[CV] END estimator__C=0.1, estimator__epsilon=1e-06, estimator__gamma=1.1e-06, estimator__kernel=linear; total time=   0.0s
[CV] END estimator__C=0.3, estimator__epsilon=0.001, estimator__gamma=1.1e-06, estimator__kernel=rbf; total time=   0.0s
[CV] END estimator__C=0.3, estimator__epsilon=0.001, estimator__gamma=1.1e-06, estimator__kernel=linear; total time=   0.0s
[CV] END estimator__C=0.3, estimator__epsilon=0.001, estimator__gamma=1.1e-06, estimator__kernel=linear; total time=   0.0s
[CV] END estimator__C=0.3, estimator__epsilon=0.001, estimator__gamma=1.1e-06, estimator__kernel=linear; total time=   0.0s
[CV] END estimator__C=0.3, estimator__epsilon=0.0001, estimator__gamma=1.1e-06, estimator__kernel=linear; total time=   0.0s
[CV] END estimator__C=0.3, estimator__epsilon=0.0001, estimator__gamma=1.1e-06, estimator__kernel=linear; total time=   0.0s
[CV] END estimator__C=0.3, estimator__epsilon=0.0001, estimator__gamma=1.1e-06, estimator__kernel=linear; total time=   0.0s
[CV] END estimator__C=0.3, estimator__epsilon=0.0001, estimator__gamma=1.1e-06, estimator__kernel=linear; total time=   0.0s
[CV] END estimator__C=0.3, estimator__epsilon=1e-05, estimator__gamma=1.1e-06, estimator__kernel=linear; total time=   0.0s
[CV] END estimator__C=0.3, estimator__epsilon=1e-05, estimator__gamma=1.1e-06, estimator__kernel=linear; total time=   0.0s
W0422 09:21:52.087000 28288 site-packages\torch\utils\flop_counter.py:29] triton not found; flop counting will not work for triton kernels
W0422 09:21:52.093000 35232 site-packages\torch\utils\flop_counter.py:29] triton not found; flop counting will not work for triton kernels
W0422 09:21:52.127000 37508 site-packages\torch\utils\flop_counter.py:29] triton not found; flop counting will not work for triton kernels
[CV] END estimator__C=0.3, estimator__epsilon=1e-06, estimator__gamma=1.1e-06, estimator__kernel=rbf; total time=   0.0s[CV] END estimator__C=0.001, estimator__epsilon=0.001, estimator__gamma=1.1e-06, estimator__kernel=linear; total time=   0.0s
[CV] END estimator__C=0.001, estimator__epsilon=1e-06, estimator__gamma=1.1e-06, estimator__kernel=linear; total time=   0.0s
[CV] END estimator__C=0.001, estimator__epsilon=1e-06, estimator__gamma=1.1e-06, estimator__kernel=linear; total time=   0.0s
[CV] END estimator__C=0.01, estimator__epsilon=0.001, estimator__gamma=1.1e-06, estimator__kernel=rbf; total time=   0.0s
[CV] END estimator__C=0.01, estimator__epsilon=0.001, estimator__gamma=1.1e-06, estimator__kernel=rbf; total time=   0.0s
[CV] END estimator__C=0.01, estimator__epsilon=0.001, estimator__gamma=1.1e-06, estimator__kernel=rbf; total time=   0.0s
[CV] END estimator__C=0.01, estimator__epsilon=0.001, estimator__gamma=1.1e-06, estimator__kernel=linear; total time=   0.0s
[CV] END estimator__C=0.01, estimator__epsilon=0.001, estimator__gamma=1.1e-06, estimator__kernel=linear; total time=   0.0s
[CV] END estimator__C=0.01, estimator__epsilon=0.001, estimator__gamma=1.1e-06, estimator__kernel=linear; total time=   0.0s
[CV] END estimator__C=0.01, estimator__epsilon=0.0001, estimator__gamma=1.1e-06, estimator__kernel=rbf; total time=   0.0s
[CV] END estimator__C=0.01, estimator__epsilon=0.0001, estimator__gamma=1.1e-06, estimator__kernel=rbf; total time=   0.0s
[CV] END estimator__C=0.01, estimator__epsilon=0.0001, estimator__gamma=1.1e-06, estimator__kernel=linear; total time=   0.0s
[CV] END estimator__C=0.01, estimator__epsilon=0.0001, estimator__gamma=1.1e-06, estimator__kernel=linear; total time=   0.0s
[CV] END estimator__C=0.01, estimator__epsilon=1e-05, estimator__gamma=1.1e-06, estimator__kernel=rbf; total time=   0.0s
[CV] END estimator__C=0.01, estimator__epsilon=1e-05, estimator__gamma=1.1e-06, estimator__kernel=rbf; total time=   0.0s
[CV] END estimator__C=0.01, estimator__epsilon=1e-05, estimator__gamma=1.1e-06, estimator__kernel=rbf; total time=   0.0s
[CV] END estimator__C=0.01, estimator__epsilon=1e-05, estimator__gamma=1.1e-06, estimator__kernel=linear; total time=   0.0s
[CV] END estimator__C=0.01, estimator__epsilon=1e-05, estimator__gamma=1.1e-06, estimator__kernel=linear; total time=   0.0s
[CV] END estimator__C=0.01, estimator__epsilon=1e-05, estimator__gamma=1.1e-06, estimator__kernel=linear; total time=   0.0s
[CV] END estimator__C=0.01, estimator__epsilon=1e-06, estimator__gamma=1.1e-06, estimator__kernel=rbf; total time=   0.0s
[CV] END estimator__C=0.01, estimator__epsilon=1e-06, estimator__gamma=1.1e-06, estimator__kernel=rbf; total time=   0.0s
[CV] END estimator__C=0.01, estimator__epsilon=1e-06, estimator__gamma=1.1e-06, estimator__kernel=linear; total time=   0.0s
[CV] END estimator__C=0.01, estimator__epsilon=1e-06, estimator__gamma=1.1e-06, estimator__kernel=linear; total time=   0.0s
[CV] END estimator__C=0.1, estimator__epsilon=0.001, estimator__gamma=1.1e-06, estimator__kernel=rbf; total time=   0.0s
[CV] END estimator__C=0.1, estimator__epsilon=0.001, estimator__gamma=1.1e-06, estimator__kernel=rbf; total time=   0.0s
[CV] END estimator__C=0.1, estimator__epsilon=0.001, estimator__gamma=1.1e-06, estimator__kernel=rbf; total time=   0.0s
[CV] END estimator__C=0.1, estimator__epsilon=0.001, estimator__gamma=1.1e-06, estimator__kernel=linear; total time=   0.0s
[CV] END estimator__C=0.1, estimator__epsilon=0.001, estimator__gamma=1.1e-06, estimator__kernel=linear; total time=   0.0s
[CV] END estimator__C=0.1, estimator__epsilon=0.001, estimator__gamma=1.1e-06, estimator__kernel=linear; total time=   0.0s
[CV] END estimator__C=0.1, estimator__epsilon=0.0001, estimator__gamma=1.1e-06, estimator__kernel=rbf; total time=   0.0s
[CV] END estimator__C=0.1, estimator__epsilon=0.0001, estimator__gamma=1.1e-06, estimator__kernel=rbf; total time=   0.0s
[CV] END estimator__C=0.1, estimator__epsilon=0.0001, estimator__gamma=1.1e-06, estimator__kernel=linear; total time=   0.0s
[CV] END estimator__C=0.1, estimator__epsilon=0.0001, estimator__gamma=1.1e-06, estimator__kernel=linear; total time=   0.0s
[CV] END estimator__C=0.1, estimator__epsilon=0.0001, estimator__gamma=1.1e-06, estimator__kernel=linear; total time=   0.0s
[CV] END estimator__C=0.1, estimator__epsilon=0.0001, estimator__gamma=1.1e-06, estimator__kernel=linear; total time=   0.0s
[CV] END estimator__C=0.1, estimator__epsilon=1e-05, estimator__gamma=1.1e-06, estimator__kernel=rbf; total time=   0.0s
[CV] END estimator__C=0.1, estimator__epsilon=1e-05, estimator__gamma=1.1e-06, estimator__kernel=linear; total time=   0.0s
[CV] END estimator__C=0.1, estimator__epsilon=1e-05, estimator__gamma=1.1e-06, estimator__kernel=linear; total time=   0.0s
[CV] END estimator__C=0.1, estimator__epsilon=1e-05, estimator__gamma=1.1e-06, estimator__kernel=linear; total time=   0.0s
[CV] END estimator__C=0.1, estimator__epsilon=1e-06, estimator__gamma=1.1e-06, estimator__kernel=rbf; total time=   0.0s
[CV] END estimator__C=0.1, estimator__epsilon=1e-06, estimator__gamma=1.1e-06, estimator__kernel=rbf; total time=   0.0s
[CV] END estimator__C=0.1, estimator__epsilon=1e-06, estimator__gamma=1.1e-06, estimator__kernel=rbf; total time=   0.0s
[CV] END estimator__C=0.1, estimator__epsilon=1e-06, estimator__gamma=1.1e-06, estimator__kernel=linear; total time=   0.0s
[CV] END estimator__C=0.3, estimator__epsilon=0.001, estimator__gamma=1.1e-06, estimator__kernel=rbf; total time=   0.0s
[CV] END estimator__C=0.3, estimator__epsilon=0.001, estimator__gamma=1.1e-06, estimator__kernel=rbf; total time=   0.0s
[CV] END estimator__C=0.3, estimator__epsilon=0.001, estimator__gamma=1.1e-06, estimator__kernel=rbf; total time=   0.0s
[CV] END estimator__C=0.3, estimator__epsilon=0.001, estimator__gamma=1.1e-06, estimator__kernel=rbf; total time=   0.0s
[CV] END estimator__C=0.3, estimator__epsilon=0.0001, estimator__gamma=1.1e-06, estimator__kernel=rbf; total time=   0.0s
[CV] END estimator__C=0.3, estimator__epsilon=0.0001, estimator__gamma=1.1e-06, estimator__kernel=rbf; total time=   0.0s
[CV] END estimator__C=0.3, estimator__epsilon=0.0001, estimator__gamma=1.1e-06, estimator__kernel=rbf; total time=   0.0s
[CV] END estimator__C=0.3, estimator__epsilon=0.0001, estimator__gamma=1.1e-06, estimator__kernel=linear; total time=   0.0s
[CV] END estimator__C=0.3, estimator__epsilon=1e-05, estimator__gamma=1.1e-06, estimator__kernel=rbf; total time=   0.0s
[CV] END estimator__C=0.3, estimator__epsilon=1e-05, estimator__gamma=1.1e-06, estimator__kernel=linear; total time=   0.0s
[CV] END estimator__C=0.3, estimator__epsilon=1e-05, estimator__gamma=1.1e-06, estimator__kernel=linear; total time=   0.0s
[CV] END estimator__C=0.3, estimator__epsilon=1e-05, estimator__gamma=1.1e-06, estimator__kernel=linear; total time=   0.0s
[CV] END estimator__C=0.3, estimator__epsilon=1e-06, estimator__gamma=1.1e-06, estimator__kernel=linear; total time=   0.0s
[CV] END estimator__C=0.3, estimator__epsilon=1e-06, estimator__gamma=1.1e-06, estimator__kernel=linear; total time=   0.0s
[CV] END estimator__C=0.3, estimator__epsilon=1e-06, estimator__gamma=1.1e-06, estimator__kernel=linear; total time=   0.0s
[CV] END estimator__C=0.3, estimator__epsilon=1e-06, estimator__gamma=1.1e-06, estimator__kernel=linear; total time=   0.0s
[CV] END estimator__C=1.0, estimator__epsilon=0.001, estimator__gamma=1.1e-06, estimator__kernel=linear; total time=   0.0s
[CV] END estimator__C=1.0, estimator__epsilon=0.001, estimator__gamma=1.1e-06, estimator__kernel=linear; total time=   0.0s
[CV] END estimator__C=1.0, estimator__epsilon=0.0001, estimator__gamma=1.1e-06, estimator__kernel=rbf; total time=   0.0s
[CV] END estimator__C=1.0, estimator__epsilon=0.0001, estimator__gamma=1.1e-06, estimator__kernel=rbf; total time=   0.0s
[CV] END estimator__C=1.0, estimator__epsilon=1e-05, estimator__gamma=1.1e-06, estimator__kernel=rbf; total time=   0.0s
[CV] END estimator__C=1.0, estimator__epsilon=1e-05, estimator__gamma=1.1e-06, estimator__kernel=linear; total time=   0.0s
W0422 09:21:52.267000 35512 site-packages\torch\utils\flop_counter.py:29] triton not found; flop counting will not work for triton kernels
W0422 09:21:52.267000 38336 site-packages\torch\utils\flop_counter.py:29] triton not found; flop counting will not work for triton kernels
W0422 09:21:52.277000 17508 site-packages\torch\utils\flop_counter.py:29] triton not found; flop counting will not work for triton kernels
W0422 09:21:52.277000 32472 site-packages\torch\utils\flop_counter.py:29] triton not found; flop counting will not work for triton kernels
W0422 09:21:52.289000 33904 site-packages\torch\utils\flop_counter.py:29] triton not found; flop counting will not work for triton kernels
W0422 09:21:52.304000 34912 site-packages\torch\utils\flop_counter.py:29] triton not found; flop counting will not work for triton kernels
W0422 09:21:52.310000 32956 site-packages\torch\utils\flop_counter.py:29] triton not found; flop counting will not work for triton kernels
W0422 09:21:52.310000 33012 site-packages\torch\utils\flop_counter.py:29] triton not found; flop counting will not work for triton kernels
W0422 09:21:52.312000 7076 site-packages\torch\utils\flop_counter.py:29] triton not found; flop counting will not work for triton kernels
W0422 09:21:52.312000 32776 site-packages\torch\utils\flop_counter.py:29] triton not found; flop counting will not work for triton kernels
W0422 09:21:52.318000 17080 site-packages\torch\utils\flop_counter.py:29] triton not found; flop counting will not work for triton kernels
[CV] END estimator__C=1.0, estimator__epsilon=1e-05, estimator__gamma=1.1e-06, estimator__kernel=linear; total time=   0.0sFitting 5 folds for each of 40 candidates, totalling 200 fits
[DONE] Family fit complete | family=SVR elapsed=7.51s best_score=-0.3977784676179126 best_params={'estimator__C': 0.001, 'estimator__epsilon': 1e-06, 'estimator__gamma': 1.1e-06, 'estimator__kernel': 'rbf'}
[INFO] Evaluating family bank
[INFO] Family evaluation started | family=SVR targets=1
[DONE] Family evaluation complete | family=SVR elapsed=0.00s mean_component_mape=10.665% mean_component_mae=0.000085
[INFO] Evaluation complete | winner=SVR mean_component_mape=10.665%
[INFO] Exporting ONNX family bank
[INFO] Family ONNX export started | family=SVR targets=1 estimator=SVR
[WARN] Target ONNX export failed | family=SVR target=fft_y_Fw_filtered_ampl_40 error='NoneType' object is not callable
[DONE] Family ONNX export complete | family=SVR elapsed=0.00s exported=0 failed=1
[INFO] ONNX export complete | exported=0 failed=1
[DONE] Exact paper validation summary written | output/validation_checks/paper_reimplementation_rcim_exact_model_bank/2026-04-22-09-21-44__track1_svm_amplitude_40_yellow_cell_attempt_31_campaign_run/validation_summary.yaml
[DONE] Exact paper Markdown report written | doc/reports/analysis/validation_checks/2026-04-22-09-21-52_paper_reimplementation_rcim_exact_model_bank_track1_svm_amplitude_40_yellow_cell_attempt_31_campaign_run_exact_paper_model_bank_report.md
[CV] END estimator__C=0.001, estimator__epsilon=0.001, estimator__gamma=1.1e-06, estimator__kernel=rbf; total time=   0.0s
[CV] END estimator__C=1.0, estimator__epsilon=1e-05, estimator__gamma=1.1e-06, estimator__kernel=rbf; total time=   0.0s
[CV] END estimator__C=1.0, estimator__epsilon=1e-05, estimator__gamma=1.1e-06, estimator__kernel=rbf; total time=   0.0s
[CV] END estimator__C=1.0, estimator__epsilon=1e-05, estimator__gamma=1.1e-06, estimator__kernel=rbf; total time=   0.0s
[CV] END estimator__C=1.0, estimator__epsilon=1e-05, estimator__gamma=1.1e-06, estimator__kernel=rbf; total time=   0.0s
[CV] END estimator__C=1.0, estimator__epsilon=1e-06, estimator__gamma=1.1e-06, estimator__kernel=rbf; total time=   0.0s
[CV] END estimator__C=1.0, estimator__epsilon=1e-06, estimator__gamma=1.1e-06, estimator__kernel=linear; total time=   0.0s
[CV] END estimator__C=0.001, estimator__epsilon=0.001, estimator__gamma=1.1e-06, estimator__kernel=linear; total time=   0.0s
[CV] END estimator__C=0.3, estimator__epsilon=0.001, estimator__gamma=1.1e-06, estimator__kernel=linear; total time=   0.0s
[CV] END estimator__C=0.3, estimator__epsilon=0.001, estimator__gamma=1.1e-06, estimator__kernel=linear; total time=   0.0s
[CV] END estimator__C=0.3, estimator__epsilon=0.0001, estimator__gamma=1.1e-06, estimator__kernel=rbf; total time=   0.0s
[CV] END estimator__C=0.3, estimator__epsilon=0.0001, estimator__gamma=1.1e-06, estimator__kernel=rbf; total time=   0.0s
[CV] END estimator__C=0.3, estimator__epsilon=1e-05, estimator__gamma=1.1e-06, estimator__kernel=rbf; total time=   0.0s
[CV] END estimator__C=0.3, estimator__epsilon=1e-05, estimator__gamma=1.1e-06, estimator__kernel=rbf; total time=   0.0s
[CV] END estimator__C=0.3, estimator__epsilon=1e-05, estimator__gamma=1.1e-06, estimator__kernel=rbf; total time=   0.0s
[CV] END estimator__C=0.3, estimator__epsilon=1e-05, estimator__gamma=1.1e-06, estimator__kernel=rbf; total time=   0.0s
[CV] END estimator__C=0.3, estimator__epsilon=1e-06, estimator__gamma=1.1e-06, estimator__kernel=rbf; total time=   0.0s
[CV] END estimator__C=0.3, estimator__epsilon=1e-06, estimator__gamma=1.1e-06, estimator__kernel=rbf; total time=   0.0s
[CV] END estimator__C=0.3, estimator__epsilon=1e-06, estimator__gamma=1.1e-06, estimator__kernel=rbf; total time=   0.0s
[CV] END estimator__C=0.3, estimator__epsilon=1e-06, estimator__gamma=1.1e-06, estimator__kernel=linear; total time=   0.0s
[CV] END estimator__C=1.0, estimator__epsilon=0.001, estimator__gamma=1.1e-06, estimator__kernel=rbf; total time=   0.0s
[CV] END estimator__C=1.0, estimator__epsilon=0.001, estimator__gamma=1.1e-06, estimator__kernel=linear; total time=   0.0s
[CV] END estimator__C=1.0, estimator__epsilon=0.001, estimator__gamma=1.1e-06, estimator__kernel=linear; total time=   0.0s
[CV] END estimator__C=1.0, estimator__epsilon=0.001, estimator__gamma=1.1e-06, estimator__kernel=linear; total time=   0.0s
[CV] END estimator__C=1.0, estimator__epsilon=0.0001, estimator__gamma=1.1e-06, estimator__kernel=linear; total time=   0.0s
[CV] END estimator__C=1.0, estimator__epsilon=0.0001, estimator__gamma=1.1e-06, estimator__kernel=linear; total time=   0.0s
[CV] END estimator__C=1.0, estimator__epsilon=0.0001, estimator__gamma=1.1e-06, estimator__kernel=linear; total time=   0.0s
[CV] END estimator__C=1.0, estimator__epsilon=0.0001, estimator__gamma=1.1e-06, estimator__kernel=linear; total time=   0.0s
[CV] END estimator__C=1.0, estimator__epsilon=1e-06, estimator__gamma=1.1e-06, estimator__kernel=rbf; total time=   0.0s
[CV] END estimator__C=1.0, estimator__epsilon=1e-06, estimator__gamma=1.1e-06, estimator__kernel=rbf; total time=   0.0s
[CV] END estimator__C=1.0, estimator__epsilon=1e-06, estimator__gamma=1.1e-06, estimator__kernel=linear; total time=   0.0s
[CV] END estimator__C=1.0, estimator__epsilon=1e-05, estimator__gamma=1.1e-06, estimator__kernel=linear; total time=   0.0s
[CV] END estimator__C=1.0, estimator__epsilon=1e-06, estimator__gamma=1.1e-06, estimator__kernel=linear; total time=   0.0s
[CV] END estimator__C=0.3, estimator__epsilon=1e-06, estimator__gamma=1.1e-06, estimator__kernel=rbf; total time=   0.0s
[CV] END estimator__C=1.0, estimator__epsilon=0.001, estimator__gamma=1.1e-06, estimator__kernel=rbf; total time=   0.0s
[CV] END estimator__C=1.0, estimator__epsilon=0.001, estimator__gamma=1.1e-06, estimator__kernel=rbf; total time=   0.0s
[CV] END estimator__C=1.0, estimator__epsilon=0.001, estimator__gamma=1.1e-06, estimator__kernel=rbf; total time=   0.0s
[CV] END estimator__C=1.0, estimator__epsilon=0.001, estimator__gamma=1.1e-06, estimator__kernel=rbf; total time=   0.0s
[CV] END estimator__C=1.0, estimator__epsilon=0.0001, estimator__gamma=1.1e-06, estimator__kernel=rbf; total time=   0.0s
[CV] END estimator__C=1.0, estimator__epsilon=0.0001, estimator__gamma=1.1e-06, estimator__kernel=rbf; total time=   0.0s
[CV] END estimator__C=1.0, estimator__epsilon=0.0001, estimator__gamma=1.1e-06, estimator__kernel=rbf; total time=   0.0s
[CV] END estimator__C=1.0, estimator__epsilon=0.0001, estimator__gamma=1.1e-06, estimator__kernel=linear; total time=   0.0s
[CV] END estimator__C=1.0, estimator__epsilon=1e-05, estimator__gamma=1.1e-06, estimator__kernel=linear; total time=   0.0s
[CV] END estimator__C=1.0, estimator__epsilon=1e-05, estimator__gamma=1.1e-06, estimator__kernel=linear; total time=   0.0s
[CV] END estimator__C=1.0, estimator__epsilon=1e-06, estimator__gamma=1.1e-06, estimator__kernel=rbf; total time=   0.0s
[CV] END estimator__C=1.0, estimator__epsilon=1e-06, estimator__gamma=1.1e-06, estimator__kernel=rbf; total time=   0.0s
[CV] END estimator__C=1.0, estimator__epsilon=1e-06, estimator__gamma=1.1e-06, estimator__kernel=linear; total time=   0.0s
[CV] END estimator__C=0.001, estimator__epsilon=0.001, estimator__gamma=1.1e-06, estimator__kernel=rbf; total time=   0.0s
[CV] END estimator__C=1.0, estimator__epsilon=1e-06, estimator__gamma=1.1e-06, estimator__kernel=linear; total time=   0.0s
[CV] END estimator__C=0.001, estimator__epsilon=0.0001, estimator__gamma=1.1e-06, estimator__kernel=rbf; total time=   0.0s
[CV] END estimator__C=0.001, estimator__epsilon=0.001, estimator__gamma=1.1e-06, estimator__kernel=rbf; total time=   0.0s
[CV] END estimator__C=0.001, estimator__epsilon=0.0001, estimator__gamma=1.1e-06, estimator__kernel=rbf; total time=   0.0s
[CV] END estimator__C=0.001, estimator__epsilon=1e-05, estimator__gamma=1.1e-06, estimator__kernel=rbf; total time=   0.0s
[CV] END estimator__C=0.001, estimator__epsilon=0.001, estimator__gamma=1.1e-06, estimator__kernel=linear; total time=   0.0s
[CV] END estimator__C=0.001, estimator__epsilon=0.0001, estimator__gamma=1.1e-06, estimator__kernel=rbf; total time=   0.0s
[CV] END estimator__C=0.001, estimator__epsilon=0.0001, estimator__gamma=1.1e-06, estimator__kernel=rbf; total time=   0.0s
[CV] END estimator__C=0.001, estimator__epsilon=0.001, estimator__gamma=1.1e-06, estimator__kernel=rbf; total time=   0.0s
[CV] END estimator__C=0.001, estimator__epsilon=1e-05, estimator__gamma=1.1e-06, estimator__kernel=rbf; total time=   0.0s
[CV] END estimator__C=0.001, estimator__epsilon=1e-05, estimator__gamma=1.1e-06, estimator__kernel=rbf; total time=   0.0s
[CV] END estimator__C=0.001, estimator__epsilon=0.0001, estimator__gamma=1.1e-06, estimator__kernel=linear; total time=   0.0s
[CV] END estimator__C=0.001, estimator__epsilon=0.0001, estimator__gamma=1.1e-06, estimator__kernel=rbf; total time=   0.0s
[CV] END estimator__C=0.001, estimator__epsilon=0.001, estimator__gamma=1.1e-06, estimator__kernel=linear; total time=   0.0s
[CV] END estimator__C=0.001, estimator__epsilon=0.0001, estimator__gamma=1.1e-06, estimator__kernel=linear; total time=   0.0s
[CV] END estimator__C=0.001, estimator__epsilon=0.0001, estimator__gamma=1.1e-06, estimator__kernel=linear; total time=   0.0s
[CV] END estimator__C=0.001, estimator__epsilon=1e-05, estimator__gamma=1.1e-06, estimator__kernel=rbf; total time=   0.0s
[CV] END estimator__C=0.001, estimator__epsilon=0.0001, estimator__gamma=1.1e-06, estimator__kernel=linear; total time=   0.0s
[CV] END estimator__C=0.001, estimator__epsilon=0.001, estimator__gamma=1.1e-06, estimator__kernel=linear; total time=   0.0s
[CV] END estimator__C=0.001, estimator__epsilon=0.0001, estimator__gamma=1.1e-06, estimator__kernel=linear; total time=   0.0s
