W0423 14:36:24.102000 33620 site-packages\torch\utils\flop_counter.py:29] triton not found; flop counting will not work for triton kernels
[INFO] Loading exact-paper config | config\paper_reimplementation\rcim_ml_compensation\exact_model_bank\campaigns\2026-04-22_track1_svm_remaining_yellow_cell_campaign\073_track1_svm_amplitude_240_yellow_cell_attempt_13.yaml
[INFO] Exact-paper output directory | output/validation_checks/paper_reimplementation_rcim_exact_model_bank/2026-04-23-14-36-24__track1_svm_amplitude_240_yellow_cell_attempt_13_campaign_run
[INFO] Building exact-paper dataset bundle
[INFO] Exact-paper dataset ready | rows=969 targets=1 families=1 scope_mode=amplitudes_only
[INFO] Exact-paper target scope | kinds=ampl harmonics=240 preview=fft_y_Fw_filtered_ampl_240
[INFO] Exact-paper search settings | mode=paper_reference_grid_search grid_search_n_jobs=24 grid_search_verbose=2 grid_search_pre_dispatch=24 families=SVR
[INFO] Fitting family bank | SVR
[INFO] Family fit started | family=SVR estimator=SVR targets=1 threadpool_limit=1 joblib_cpu_limit=system_default os_cpu_count=32
[INFO] Family target scope | family=SVR kinds=ampl harmonics=240 preview=fft_y_Fw_filtered_ampl_240
[INFO] Grid search configured | family=SVR candidates=40 parameter_count=4 n_jobs=24 verbose=2 pre_dispatch=24
W0423 14:36:30.614000 38104 site-packages\torch\utils\flop_counter.py:29] triton not found; flop counting will not work for triton kernels
W0423 14:36:30.749000 22484 site-packages\torch\utils\flop_counter.py:29] triton not found; flop counting will not work for triton kernels
W0423 14:36:30.860000 37836 site-packages\torch\utils\flop_counter.py:29] triton not found; flop counting will not work for triton kernels
W0423 14:36:30.860000 32936 site-packages\torch\utils\flop_counter.py:29] triton not found; flop counting will not work for triton kernels
W0423 14:36:30.939000 16996 site-packages\torch\utils\flop_counter.py:29] triton not found; flop counting will not work for triton kernels
W0423 14:36:30.951000 23800 site-packages\torch\utils\flop_counter.py:29] triton not found; flop counting will not work for triton kernels
W0423 14:36:30.998000 23632 site-packages\torch\utils\flop_counter.py:29] triton not found; flop counting will not work for triton kernels
W0423 14:36:31.093000 37216 site-packages\torch\utils\flop_counter.py:29] triton not found; flop counting will not work for triton kernels
W0423 14:36:31.199000 31484 site-packages\torch\utils\flop_counter.py:29] triton not found; flop counting will not work for triton kernels
W0423 14:36:31.242000 20228 site-packages\torch\utils\flop_counter.py:29] triton not found; flop counting will not work for triton kernels
W0423 14:36:31.275000 29172 site-packages\torch\utils\flop_counter.py:29] triton not found; flop counting will not work for triton kernels
W0423 14:36:31.293000 34340 site-packages\torch\utils\flop_counter.py:29] triton not found; flop counting will not work for triton kernels
W0423 14:36:31.301000 34392 site-packages\torch\utils\flop_counter.py:29] triton not found; flop counting will not work for triton kernels
W0423 14:36:31.446000 7476 site-packages\torch\utils\flop_counter.py:29] triton not found; flop counting will not work for triton kernels
W0423 14:36:31.478000 37880 site-packages\torch\utils\flop_counter.py:29] triton not found; flop counting will not work for triton kernels
W0423 14:36:31.480000 13448 site-packages\torch\utils\flop_counter.py:29] triton not found; flop counting will not work for triton kernels
W0423 14:36:31.489000 37160 site-packages\torch\utils\flop_counter.py:29] triton not found; flop counting will not work for triton kernels
W0423 14:36:31.504000 12320 site-packages\torch\utils\flop_counter.py:29] triton not found; flop counting will not work for triton kernels
W0423 14:36:31.528000 6176 site-packages\torch\utils\flop_counter.py:29] triton not found; flop counting will not work for triton kernels
W0423 14:36:31.528000 35108 site-packages\torch\utils\flop_counter.py:29] triton not found; flop counting will not work for triton kernels
W0423 14:36:31.528000 20636 site-packages\torch\utils\flop_counter.py:29] triton not found; flop counting will not work for triton kernels
W0423 14:36:31.528000 35388 site-packages\torch\utils\flop_counter.py:29] triton not found; flop counting will not work for triton kernels
W0423 14:36:31.533000 37664 site-packages\torch\utils\flop_counter.py:29] triton not found; flop counting will not work for triton kernels
W0423 14:36:31.545000 1896 site-packages\torch\utils\flop_counter.py:29] triton not found; flop counting will not work for triton kernels
[CV] END estimator__C=0.001, estimator__epsilon=0.001, estimator__gamma=1.1e-06, estimator__kernel=rbf; total time=   0.0s
[CV] END estimator__C=0.001, estimator__epsilon=1e-05, estimator__gamma=1.1e-06, estimator__kernel=linear; total time=   4.0s
[CV] END estimator__C=0.01, estimator__epsilon=1e-05, estimator__gamma=1.1e-06, estimator__kernel=rbf; total time=   0.0s
[CV] END estimator__C=0.01, estimator__epsilon=1e-05, estimator__gamma=1.1e-06, estimator__kernel=rbf; total time=   0.0s
[CV] END estimator__C=0.01, estimator__epsilon=1e-05, estimator__gamma=1.1e-06, estimator__kernel=rbf; total time=   0.0s
[CV] END estimator__C=0.01, estimator__epsilon=1e-05, estimator__gamma=1.1e-06, estimator__kernel=rbf; total time=   0.0s
[CV] END estimator__C=0.01, estimator__epsilon=1e-05, estimator__gamma=1.1e-06, estimator__kernel=rbf; total time=   0.0s
[CV] END estimator__C=0.01, estimator__epsilon=1e-05, estimator__gamma=1.1e-06, estimator__kernel=linear; total time=  42.8s
[CV] END estimator__C=0.1, estimator__epsilon=1e-06, estimator__gamma=1.1e-06, estimator__kernel=linear; total time= 8.0min
[CV] END estimator__C=0.3, estimator__epsilon=1e-06, estimator__gamma=1.1e-06, estimator__kernel=linear; total time=28.5min
[CV] END estimator__C=0.001, estimator__epsilon=0.001, estimator__gamma=1.1e-06, estimator__kernel=rbf; total time=   0.0s
[CV] END estimator__C=0.001, estimator__epsilon=1e-05, estimator__gamma=1.1e-06, estimator__kernel=linear; total time=   5.7s
[CV] END estimator__C=0.01, estimator__epsilon=1e-06, estimator__gamma=1.1e-06, estimator__kernel=linear; total time=  36.2s
[CV] END estimator__C=0.1, estimator__epsilon=1e-05, estimator__gamma=1.1e-06, estimator__kernel=linear; total time= 8.2min
[CV] END estimator__C=0.3, estimator__epsilon=1e-06, estimator__gamma=1.1e-06, estimator__kernel=linear; total time=31.3min
[CV] END estimator__C=0.001, estimator__epsilon=0.001, estimator__gamma=1.1e-06, estimator__kernel=rbf; total time=   0.0s
[CV] END estimator__C=0.001, estimator__epsilon=1e-05, estimator__gamma=1.1e-06, estimator__kernel=rbf; total time=   0.0s
[CV] END estimator__C=0.001, estimator__epsilon=1e-05, estimator__gamma=1.1e-06, estimator__kernel=linear; total time=   4.1s
[CV] END estimator__C=0.01, estimator__epsilon=0.0001, estimator__gamma=1.1e-06, estimator__kernel=linear; total time=  34.3s
[CV] END estimator__C=0.1, estimator__epsilon=0.0001, estimator__gamma=1.1e-06, estimator__kernel=linear; total time= 6.5min
[CV] END estimator__C=0.3, estimator__epsilon=1e-05, estimator__gamma=1.1e-06, estimator__kernel=linear; total time=35.6min
[CV] END estimator__C=0.001, estimator__epsilon=0.0001, estimator__gamma=1.1e-06, estimator__kernel=linear; total time=   3.9s
[CV] END estimator__C=0.01, estimator__epsilon=1e-05, estimator__gamma=1.1e-06, estimator__kernel=linear; total time=  35.9s
[CV] END estimator__C=0.1, estimator__epsilon=1e-05, estimator__gamma=1.1e-06, estimator__kernel=rbf; total time=   0.0s
[CV] END estimator__C=0.1, estimator__epsilon=1e-05, estimator__gamma=1.1e-06, estimator__kernel=rbf; total time=   0.0s
[CV] END estimator__C=0.1, estimator__epsilon=1e-05, estimator__gamma=1.1e-06, estimator__kernel=rbf; total time=   0.0s
[CV] END estimator__C=0.1, estimator__epsilon=1e-05, estimator__gamma=1.1e-06, estimator__kernel=rbf; total time=   0.0s
[CV] END estimator__C=0.1, estimator__epsilon=1e-05, estimator__gamma=1.1e-06, estimator__kernel=rbf; total time=   0.0s
[CV] END estimator__C=0.1, estimator__epsilon=1e-05, estimator__gamma=1.1e-06, estimator__kernel=linear; total time= 8.1min
[CV] END estimator__C=0.3, estimator__epsilon=1e-06, estimator__gamma=1.1e-06, estimator__kernel=linear; total time=48.5min
[CV] END estimator__C=0.001, estimator__epsilon=1e-05, estimator__gamma=1.1e-06, estimator__kernel=rbf; total time=   0.0s
[CV] END estimator__C=0.01, estimator__epsilon=0.001, estimator__gamma=1.1e-06, estimator__kernel=linear; total time= 1.0min
[CV] END estimator__C=0.3, estimator__epsilon=0.001, estimator__gamma=1.1e-06, estimator__kernel=linear; total time=18.9min
[CV] END estimator__C=1.0, estimator__epsilon=0.0001, estimator__gamma=1.1e-06, estimator__kernel=rbf; total time=   0.0s
[CV] END estimator__C=1.0, estimator__epsilon=0.0001, estimator__gamma=1.1e-06, estimator__kernel=rbf; total time=   0.0s
[CV] END estimator__C=1.0, estimator__epsilon=0.0001, estimator__gamma=1.1e-06, estimator__kernel=rbf; total time=   0.0s
[CV] END estimator__C=1.0, estimator__epsilon=0.0001, estimator__gamma=1.1e-06, estimator__kernel=rbf; total time=   0.0s
[CV] END estimator__C=1.0, estimator__epsilon=0.0001, estimator__gamma=1.1e-06, estimator__kernel=rbf; total time=   0.0s
[CV] END estimator__C=1.0, estimator__epsilon=0.0001, estimator__gamma=1.1e-06, estimator__kernel=linear; total time=47.3min
[CV] END estimator__C=0.001, estimator__epsilon=0.0001, estimator__gamma=1.1e-06, estimator__kernel=rbf; total time=   0.0s
[CV] END estimator__C=0.01, estimator__epsilon=0.001, estimator__gamma=1.1e-06, estimator__kernel=linear; total time=  37.1s
[CV] END estimator__C=0.1, estimator__epsilon=0.0001, estimator__gamma=1.1e-06, estimator__kernel=linear; total time= 4.1min
[CV] END estimator__C=0.3, estimator__epsilon=0.0001, estimator__gamma=1.1e-06, estimator__kernel=rbf; total time=   0.0s
[CV] END estimator__C=0.3, estimator__epsilon=0.0001, estimator__gamma=1.1e-06, estimator__kernel=rbf; total time=   0.0s
[CV] END estimator__C=0.3, estimator__epsilon=0.0001, estimator__gamma=1.1e-06, estimator__kernel=rbf; total time=   0.0s
[CV] END estimator__C=0.3, estimator__epsilon=0.0001, estimator__gamma=1.1e-06, estimator__kernel=rbf; total time=   0.0s
[CV] END estimator__C=0.3, estimator__epsilon=0.0001, estimator__gamma=1.1e-06, estimator__kernel=rbf; total time=   0.0s
[CV] END estimator__C=0.3, estimator__epsilon=0.0001, estimator__gamma=1.1e-06, estimator__kernel=linear; total time=15.8min
[CV] END estimator__C=1.0, estimator__epsilon=0.0001, estimator__gamma=1.1e-06, estimator__kernel=linear; total time=46.9min
[CV] END estimator__C=0.001, estimator__epsilon=0.001, estimator__gamma=1.1e-06, estimator__kernel=linear; total time=   3.8s
[CV] END estimator__C=0.01, estimator__epsilon=0.0001, estimator__gamma=1.1e-06, estimator__kernel=linear; total time=  36.7s
[CV] END estimator__C=0.1, estimator__epsilon=1e-05, estimator__gamma=1.1e-06, estimator__kernel=linear; total time=13.4min
[CV] END estimator__C=1.0, estimator__epsilon=0.001, estimator__gamma=1.1e-06, estimator__kernel=linear; total time=57.4min
[CV] END estimator__C=0.001, estimator__epsilon=1e-05, estimator__gamma=1.1e-06, estimator__kernel=rbf; total time=   0.0s
[CV] END estimator__C=0.001, estimator__epsilon=1e-06, estimator__gamma=1.1e-06, estimator__kernel=linear; total time=   5.4s
[CV] END estimator__C=0.01, estimator__epsilon=1e-06, estimator__gamma=1.1e-06, estimator__kernel=linear; total time=  45.4s
[CV] END estimator__C=0.1, estimator__epsilon=1e-06, estimator__gamma=1.1e-06, estimator__kernel=linear; total time= 9.8min
[CV] END estimator__C=1.0, estimator__epsilon=0.001, estimator__gamma=1.1e-06, estimator__kernel=linear; total time=62.1min
[CV] END estimator__C=0.001, estimator__epsilon=0.0001, estimator__gamma=1.1e-06, estimator__kernel=linear; total time=   3.5s
[CV] END estimator__C=0.01, estimator__epsilon=1e-05, estimator__gamma=1.1e-06, estimator__kernel=linear; total time=  51.8s
[CV] END estimator__C=0.3, estimator__epsilon=0.001, estimator__gamma=1.1e-06, estimator__kernel=rbf; total time=   0.0s
[CV] END estimator__C=0.3, estimator__epsilon=0.001, estimator__gamma=1.1e-06, estimator__kernel=rbf; total time=   0.0s
[CV] END estimator__C=0.3, estimator__epsilon=0.001, estimator__gamma=1.1e-06, estimator__kernel=rbf; total time=   0.0s
[CV] END estimator__C=0.3, estimator__epsilon=0.001, estimator__gamma=1.1e-06, estimator__kernel=rbf; total time=   0.0s
[CV] END estimator__C=0.3, estimator__epsilon=0.001, estimator__gamma=1.1e-06, estimator__kernel=rbf; total time=   0.0s
[CV] END estimator__C=0.3, estimator__epsilon=0.001, estimator__gamma=1.1e-06, estimator__kernel=linear; total time=21.6min
[CV] END estimator__C=1.0, estimator__epsilon=0.0001, estimator__gamma=1.1e-06, estimator__kernel=linear; total time=51.3min
[CV] END estimator__C=0.001, estimator__epsilon=0.0001, estimator__gamma=1.1e-06, estimator__kernel=linear; total time=   2.6s
[CV] END estimator__C=0.01, estimator__epsilon=0.0001, estimator__gamma=1.1e-06, estimator__kernel=rbf; total time=   0.0s
[CV] END estimator__C=0.01, estimator__epsilon=0.0001, estimator__gamma=1.1e-06, estimator__kernel=rbf; total time=   0.0s
[CV] END estimator__C=0.01, estimator__epsilon=0.0001, estimator__gamma=1.1e-06, estimator__kernel=rbf; total time=   0.0s
[CV] END estimator__C=0.01, estimator__epsilon=0.0001, estimator__gamma=1.1e-06, estimator__kernel=rbf; total time=   0.0s
[CV] END estimator__C=0.01, estimator__epsilon=0.0001, estimator__gamma=1.1e-06, estimator__kernel=rbf; total time=   0.0s
[CV] END estimator__C=0.01, estimator__epsilon=0.0001, estimator__gamma=1.1e-06, estimator__kernel=linear; total time=  23.3s
[CV] END estimator__C=0.1, estimator__epsilon=0.001, estimator__gamma=1.1e-06, estimator__kernel=linear; total time=10.0min
[CV] END estimator__C=1.0, estimator__epsilon=0.001, estimator__gamma=1.1e-06, estimator__kernel=rbf; total time=   0.0s
[CV] END estimator__C=1.0, estimator__epsilon=0.001, estimator__gamma=1.1e-06, estimator__kernel=rbf; total time=   0.0s
[CV] END estimator__C=1.0, estimator__epsilon=0.001, estimator__gamma=1.1e-06, estimator__kernel=rbf; total time=   0.0s
[CV] END estimator__C=1.0, estimator__epsilon=0.001, estimator__gamma=1.1e-06, estimator__kernel=rbf; total time=   0.0s
[CV] END estimator__C=1.0, estimator__epsilon=0.001, estimator__gamma=1.1e-06, estimator__kernel=rbf; total time=   0.0s
[CV] END estimator__C=1.0, estimator__epsilon=0.001, estimator__gamma=1.1e-06, estimator__kernel=linear; total time=69.8min
[CV] END estimator__C=0.001, estimator__epsilon=0.001, estimator__gamma=1.1e-06, estimator__kernel=rbf; total time=   0.0s
[CV] END estimator__C=0.001, estimator__epsilon=1e-05, estimator__gamma=1.1e-06, estimator__kernel=linear; total time=   5.5s
[CV] END estimator__C=0.01, estimator__epsilon=1e-06, estimator__gamma=1.1e-06, estimator__kernel=linear; total time= 1.1min
[CV] END estimator__C=0.3, estimator__epsilon=0.001, estimator__gamma=1.1e-06, estimator__kernel=linear; total time=21.8min
[CV] END estimator__C=1.0, estimator__epsilon=0.0001, estimator__gamma=1.1e-06, estimator__kernel=linear; total time=59.9min
[CV] END estimator__C=0.001, estimator__epsilon=0.001, estimator__gamma=1.1e-06, estimator__kernel=linear; total time=   3.8s
[CV] END estimator__C=0.01, estimator__epsilon=0.0001, estimator__gamma=1.1e-06, estimator__kernel=linear; total time=  37.1s
[CV] END estimator__C=0.1, estimator__epsilon=1e-05, estimator__gamma=1.1e-06, estimator__kernel=linear; total time= 6.9min
[CV] END estimator__C=0.3, estimator__epsilon=1e-06, estimator__gamma=1.1e-06, estimator__kernel=rbf; total time=   0.0s
[CV] END estimator__C=0.3, estimator__epsilon=1e-06, estimator__gamma=1.1e-06, estimator__kernel=rbf; total time=   0.0s
[CV] END estimator__C=0.3, estimator__epsilon=1e-06, estimator__gamma=1.1e-06, estimator__kernel=rbf; total time=   0.0s
[CV] END estimator__C=0.3, estimator__epsilon=1e-06, estimator__gamma=1.1e-06, estimator__kernel=rbf; total time=   0.0s
[CV] END estimator__C=0.3, estimator__epsilon=1e-06, estimator__gamma=1.1e-06, estimator__kernel=rbf; total time=   0.0s
[CV] END estimator__C=0.3, estimator__epsilon=1e-06, estimator__gamma=1.1e-06, estimator__kernel=linear; total time=18.3min
[CV] END estimator__C=1.0, estimator__epsilon=1e-05, estimator__gamma=1.1e-06, estimator__kernel=linear; total time=57.1min
[CV] END estimator__C=0.001, estimator__epsilon=0.0001, estimator__gamma=1.1e-06, estimator__kernel=rbf; total time=   0.0s
[CV] END estimator__C=0.001, estimator__epsilon=1e-06, estimator__gamma=1.1e-06, estimator__kernel=linear; total time=   5.9s
[CV] END estimator__C=0.1, estimator__epsilon=0.001, estimator__gamma=1.1e-06, estimator__kernel=linear; total time= 6.8min
[CV] END estimator__C=0.3, estimator__epsilon=1e-05, estimator__gamma=1.1e-06, estimator__kernel=linear; total time=21.3min
[CV] END estimator__C=1.0, estimator__epsilon=1e-06, estimator__gamma=1.1e-06, estimator__kernel=rbf; total time=   0.0s
[CV] END estimator__C=1.0, estimator__epsilon=1e-06, estimator__gamma=1.1e-06, estimator__kernel=rbf; total time=   0.0s
[CV] END estimator__C=1.0, estimator__epsilon=1e-06, estimator__gamma=1.1e-06, estimator__kernel=rbf; total time=   0.0s
[CV] END estimator__C=1.0, estimator__epsilon=1e-06, estimator__gamma=1.1e-06, estimator__kernel=rbf; total time=   0.0s
[CV] END estimator__C=1.0, estimator__epsilon=1e-06, estimator__gamma=1.1e-06, estimator__kernel=rbf; total time=   0.0s
[CV] END estimator__C=1.0, estimator__epsilon=1e-06, estimator__gamma=1.1e-06, estimator__kernel=linear; total time=55.2min
[CV] END estimator__C=0.001, estimator__epsilon=0.001, estimator__gamma=1.1e-06, estimator__kernel=linear; total time=   4.1s
[CV] END estimator__C=0.01, estimator__epsilon=1e-05, estimator__gamma=1.1e-06, estimator__kernel=linear; total time=  46.3s
[CV] END estimator__C=0.1, estimator__epsilon=1e-06, estimator__gamma=1.1e-06, estimator__kernel=linear; total time= 7.1min
[CV] END estimator__C=0.3, estimator__epsilon=1e-06, estimator__gamma=1.1e-06, estimator__kernel=linear; total time=16.5min
[CV] END estimator__C=1.0, estimator__epsilon=0.0001, estimator__gamma=1.1e-06, estimator__kernel=linear; total time=61.6min
[CV] END estimator__C=0.001, estimator__epsilon=0.001, estimator__gamma=1.1e-06, estimator__kernel=linear; total time=   4.4s
[CV] END estimator__C=0.01, estimator__epsilon=1e-05, estimator__gamma=1.1e-06, estimator__kernel=linear; total time=  42.3s
[CV] END estimator__C=0.1, estimator__epsilon=1e-06, estimator__gamma=1.1e-06, estimator__kernel=rbf; total time=   0.0s
[CV] END estimator__C=0.1, estimator__epsilon=1e-06, estimator__gamma=1.1e-06, estimator__kernel=rbf; total time=   0.0s
[CV] END estimator__C=0.1, estimator__epsilon=1e-06, estimator__gamma=1.1e-06, estimator__kernel=rbf; total time=   0.0s
[CV] END estimator__C=0.1, estimator__epsilon=1e-06, estimator__gamma=1.1e-06, estimator__kernel=rbf; total time=   0.0s
[CV] END estimator__C=0.1, estimator__epsilon=1e-06, estimator__gamma=1.1e-06, estimator__kernel=rbf; total time=   0.0s
[CV] END estimator__C=0.1, estimator__epsilon=1e-06, estimator__gamma=1.1e-06, estimator__kernel=linear; total time=11.6min
[CV] END estimator__C=1.0, estimator__epsilon=0.001, estimator__gamma=1.1e-06, estimator__kernel=linear; total time=75.6min
[CV] END estimator__C=0.001, estimator__epsilon=0.0001, estimator__gamma=1.1e-06, estimator__kernel=rbf; total time=   0.0s
[CV] END estimator__C=0.001, estimator__epsilon=1e-06, estimator__gamma=1.1e-06, estimator__kernel=linear; total time=   4.7s
[CV] END estimator__C=0.01, estimator__epsilon=1e-06, estimator__gamma=1.1e-06, estimator__kernel=rbf; total time=   0.0s
[CV] END estimator__C=0.01, estimator__epsilon=1e-06, estimator__gamma=1.1e-06, estimator__kernel=rbf; total time=   0.0s
[CV] END estimator__C=0.01, estimator__epsilon=1e-06, estimator__gamma=1.1e-06, estimator__kernel=rbf; total time=   0.0s
[CV] END estimator__C=0.01, estimator__epsilon=1e-06, estimator__gamma=1.1e-06, estimator__kernel=rbf; total time=   0.0s
[CV] END estimator__C=0.01, estimator__epsilon=1e-06, estimator__gamma=1.1e-06, estimator__kernel=rbf; total time=   0.0s
[CV] END estimator__C=0.01, estimator__epsilon=1e-06, estimator__gamma=1.1e-06, estimator__kernel=linear; total time= 1.0min
[CV] END estimator__C=0.3, estimator__epsilon=0.001, estimator__gamma=1.1e-06, estimator__kernel=linear; total time=24.8min
[CV] END estimator__C=1.0, estimator__epsilon=1e-05, estimator__gamma=1.1e-06, estimator__kernel=linear; total time=62.1min
[CV] END estimator__C=0.001, estimator__epsilon=1e-05, estimator__gamma=1.1e-06, estimator__kernel=rbf; total time=   0.0s
[CV] END estimator__C=0.01, estimator__epsilon=0.001, estimator__gamma=1.1e-06, estimator__kernel=rbf; total time=   0.0s
[CV] END estimator__C=0.01, estimator__epsilon=0.001, estimator__gamma=1.1e-06, estimator__kernel=rbf; total time=   0.0s
[CV] END estimator__C=0.01, estimator__epsilon=0.001, estimator__gamma=1.1e-06, estimator__kernel=rbf; total time=   0.0s
[CV] END estimator__C=0.01, estimator__epsilon=0.001, estimator__gamma=1.1e-06, estimator__kernel=rbf; total time=   0.0s
[CV] END estimator__C=0.01, estimator__epsilon=0.001, estimator__gamma=1.1e-06, estimator__kernel=rbf; total time=   0.0s
[CV] END estimator__C=0.01, estimator__epsilon=0.001, estimator__gamma=1.1e-06, estimator__kernel=linear; total time=  37.9s
[CV] END estimator__C=0.1, estimator__epsilon=0.0001, estimator__gamma=1.1e-06, estimator__kernel=linear; total time= 5.7min
[CV] END estimator__C=0.3, estimator__epsilon=0.0001, estimator__gamma=1.1e-06, estimator__kernel=linear; total time=19.0min
[CV] END estimator__C=1.0, estimator__epsilon=1e-05, estimator__gamma=1.1e-06, estimator__kernel=rbf; total time=   0.0s
[CV] END estimator__C=1.0, estimator__epsilon=1e-05, estimator__gamma=1.1e-06, estimator__kernel=rbf; total time=   0.0s
[CV] END estimator__C=1.0, estimator__epsilon=1e-05, estimator__gamma=1.1e-06, estimator__kernel=rbf; total time=   0.0s
[CV] END estimator__C=1.0, estimator__epsilon=1e-05, estimator__gamma=1.1e-06, estimator__kernel=rbf; total time=   0.0s
[CV] END estimator__C=1.0, estimator__epsilon=1e-05, estimator__gamma=1.1e-06, estimator__kernel=rbf; total time=   0.0s
[CV] END estimator__C=1.0, estimator__epsilon=1e-05, estimator__gamma=1.1e-06, estimator__kernel=linear; total time=64.7min
[CV] END estimator__C=0.001, estimator__epsilon=0.0001, estimator__gamma=1.1e-06, estimator__kernel=linear; total time=   2.8s
[CV] END estimator__C=0.01, estimator__epsilon=0.001, estimator__gamma=1.1e-06, estimator__kernel=linear; total time=  37.3s
[CV] END estimator__C=0.1, estimator__epsilon=1e-05, estimator__gamma=1.1e-06, estimator__kernel=linear; total time= 5.3min
[CV] END estimator__C=0.3, estimator__epsilon=0.0001, estimator__gamma=1.1e-06, estimator__kernel=linear; total time=13.4min
[CV] END estimator__C=1.0, estimator__epsilon=0.001, estimator__gamma=1.1e-06, estimator__kernel=linear; total time=74.2min
[CV] END estimator__C=0.001, estimator__epsilon=0.0001, estimator__gamma=1.1e-06, estimator__kernel=rbf; total time=   0.0s
[CV] END estimator__C=0.001, estimator__epsilon=1e-06, estimator__gamma=1.1e-06, estimator__kernel=rbf; total time=   0.0s
[CV] END estimator__C=0.001, estimator__epsilon=1e-06, estimator__gamma=1.1e-06, estimator__kernel=linear; total time=   5.9s
[CV] END estimator__C=0.1, estimator__epsilon=0.001, estimator__gamma=1.1e-06, estimator__kernel=rbf; total time=   0.0s
[CV] END estimator__C=0.1, estimator__epsilon=0.001, estimator__gamma=1.1e-06, estimator__kernel=rbf; total time=   0.0s
[CV] END estimator__C=0.1, estimator__epsilon=0.001, estimator__gamma=1.1e-06, estimator__kernel=rbf; total time=   0.0s
[CV] END estimator__C=0.1, estimator__epsilon=0.001, estimator__gamma=1.1e-06, estimator__kernel=rbf; total time=   0.0s
[CV] END estimator__C=0.1, estimator__epsilon=0.001, estimator__gamma=1.1e-06, estimator__kernel=rbf; total time=   0.0s
[CV] END estimator__C=0.1, estimator__epsilon=0.001, estimator__gamma=1.1e-06, estimator__kernel=linear; total time= 6.7min
[CV] END estimator__C=0.3, estimator__epsilon=1e-05, estimator__gamma=1.1e-06, estimator__kernel=rbf; total time=   0.0s
[CV] END estimator__C=0.3, estimator__epsilon=1e-05, estimator__gamma=1.1e-06, estimator__kernel=rbf; total time=   0.0s
[CV] END estimator__C=0.3, estimator__epsilon=1e-05, estimator__gamma=1.1e-06, estimator__kernel=rbf; total time=   0.0s
[CV] END estimator__C=0.3, estimator__epsilon=1e-05, estimator__gamma=1.1e-06, estimator__kernel=rbf; total time=   0.0s
[CV] END estimator__C=0.3, estimator__epsilon=1e-05, estimator__gamma=1.1e-06, estimator__kernel=rbf; total time=   0.0s
[CV] END estimator__C=0.3, estimator__epsilon=1e-05, estimator__gamma=1.1e-06, estimator__kernel=linear; total time=19.2min
[CV] END estimator__C=1.0, estimator__epsilon=1e-05, estimator__gamma=1.1e-06, estimator__kernel=linear; total time=68.8min
[CV] END estimator__C=0.001, estimator__epsilon=0.0001, estimator__gamma=1.1e-06, estimator__kernel=linear; total time=   2.6s
[CV] END estimator__C=0.01, estimator__epsilon=0.0001, estimator__gamma=1.1e-06, estimator__kernel=linear; total time=  25.1s
[CV] END estimator__C=0.1, estimator__epsilon=0.0001, estimator__gamma=1.1e-06, estimator__kernel=rbf; total time=   0.0s
[CV] END estimator__C=0.1, estimator__epsilon=0.0001, estimator__gamma=1.1e-06, estimator__kernel=rbf; total time=   0.0s
[CV] END estimator__C=0.1, estimator__epsilon=0.0001, estimator__gamma=1.1e-06, estimator__kernel=rbf; total time=   0.0s
[CV] END estimator__C=0.1, estimator__epsilon=0.0001, estimator__gamma=1.1e-06, estimator__kernel=rbf; total time=   0.0s
[CV] END estimator__C=0.1, estimator__epsilon=0.0001, estimator__gamma=1.1e-06, estimator__kernel=rbf; total time=   0.0s
[CV] END estimator__C=0.1, estimator__epsilon=0.0001, estimator__gamma=1.1e-06, estimator__kernel=linear; total time= 4.0min
[CV] END estimator__C=0.3, estimator__epsilon=0.001, estimator__gamma=1.1e-06, estimator__kernel=linear; total time=25.5min
[CV] END estimator__C=1.0, estimator__epsilon=1e-06, estimator__gamma=1.1e-06, estimator__kernel=linear; total time=66.7min
[CV] END estimator__C=0.001, estimator__epsilon=1e-05, estimator__gamma=1.1e-06, estimator__kernel=rbf; total time=   0.0s
[CV] END estimator__C=0.01, estimator__epsilon=0.001, estimator__gamma=1.1e-06, estimator__kernel=linear; total time=  38.6s
[CV] END estimator__C=0.1, estimator__epsilon=0.0001, estimator__gamma=1.1e-06, estimator__kernel=linear; total time= 6.5min
[CV] END estimator__C=0.3, estimator__epsilon=1e-05, estimator__gamma=1.1e-06, estimator__kernel=linear; total time=21.9min
[CV] END estimator__C=1.0, estimator__epsilon=1e-06, estimator__gamma=1.1e-06, estimator__kernel=linear; total time=73.8min
[CV] END estimator__C=0.001, estimator__epsilon=0.001, estimator__gamma=1.1e-06, estimator__kernel=rbf; total time=   0.0s
[CV] END estimator__C=0.001, estimator__epsilon=1e-05, estimator__gamma=1.1e-06, estimator__kernel=linear; total time=   6.2s
[CV] END estimator__C=0.1, estimator__epsilon=0.001, estimator__gamma=1.1e-06, estimator__kernel=linear; total time= 6.6min
[CV] END estimator__C=0.3, estimator__epsilon=0.0001, estimator__gamma=1.1e-06, estimator__kernel=linear; total time=19.8min
[CV] END estimator__C=1.0, estimator__epsilon=1e-05, estimator__gamma=1.1e-06, estimator__kernel=linear; total time=79.7min
Fitting 5 folds for each of 40 candidates, totalling 200 fits
[DONE] Family fit complete | family=SVR elapsed=7070.33s best_score=0.1599503098664692 best_params={'estimator__C': 0.3, 'estimator__epsilon': 1e-06, 'estimator__gamma': 1.1e-06, 'estimator__kernel': 'rbf'}
[INFO] Evaluating family bank
[INFO] Family evaluation started | family=SVR targets=1
[DONE] Family evaluation complete | family=SVR elapsed=0.01s mean_component_mape=77.057% mean_component_mae=0.000302
[INFO] Evaluation complete | winner=SVR mean_component_mape=77.057%
[INFO] Exporting ONNX family bank
[INFO] Family ONNX export started | family=SVR targets=1 estimator=SVR
[WARN] Target ONNX export failed | family=SVR target=fft_y_Fw_filtered_ampl_240 error='NoneType' object is not callable
[DONE] Family ONNX export complete | family=SVR elapsed=0.00s exported=0 failed=1
[INFO] ONNX export complete | exported=0 failed=1
[DONE] Exact paper validation summary written | output/validation_checks/paper_reimplementation_rcim_exact_model_bank/2026-04-23-14-36-24__track1_svm_amplitude_240_yellow_cell_attempt_13_campaign_run/validation_summary.yaml
[DONE] Exact paper Markdown report written | doc/reports/analysis/validation_checks/2026-04-23-16-34-14_paper_reimplementation_rcim_exact_model_bank_track1_svm_amplitude_240_yellow_cell_attempt_13_campaign_run_exact_paper_model_bank_report.md
[CV] END estimator__C=0.001, estimator__epsilon=0.001, estimator__gamma=1.1e-06, estimator__kernel=linear; total time=   6.1s
[CV] END estimator__C=0.1, estimator__epsilon=0.001, estimator__gamma=1.1e-06, estimator__kernel=linear; total time= 6.6min
[CV] END estimator__C=0.3, estimator__epsilon=0.0001, estimator__gamma=1.1e-06, estimator__kernel=linear; total time=24.2min
[CV] END estimator__C=1.0, estimator__epsilon=1e-06, estimator__gamma=1.1e-06, estimator__kernel=linear; total time=84.8min
[CV] END estimator__C=0.001, estimator__epsilon=0.0001, estimator__gamma=1.1e-06, estimator__kernel=rbf; total time=   0.0s
[CV] END estimator__C=0.001, estimator__epsilon=1e-06, estimator__gamma=1.1e-06, estimator__kernel=rbf; total time=   0.0s
[CV] END estimator__C=0.001, estimator__epsilon=1e-06, estimator__gamma=1.1e-06, estimator__kernel=rbf; total time=   0.0s
[CV] END estimator__C=0.001, estimator__epsilon=1e-06, estimator__gamma=1.1e-06, estimator__kernel=rbf; total time=   0.0s
[CV] END estimator__C=0.001, estimator__epsilon=1e-06, estimator__gamma=1.1e-06, estimator__kernel=rbf; total time=   0.0s
[CV] END estimator__C=0.001, estimator__epsilon=1e-06, estimator__gamma=1.1e-06, estimator__kernel=linear; total time=   4.8s
[CV] END estimator__C=0.01, estimator__epsilon=1e-06, estimator__gamma=1.1e-06, estimator__kernel=linear; total time=  44.2s
[CV] END estimator__C=0.1, estimator__epsilon=1e-06, estimator__gamma=1.1e-06, estimator__kernel=linear; total time= 6.6min
[CV] END estimator__C=0.3, estimator__epsilon=1e-05, estimator__gamma=1.1e-06, estimator__kernel=linear; total time=26.4min
[CV] END estimator__C=1.0, estimator__epsilon=1e-06, estimator__gamma=1.1e-06, estimator__kernel=linear; total time=83.9min
