W0424 02:31:28.195000 31564 site-packages\torch\utils\flop_counter.py:29] triton not found; flop counting will not work for triton kernels
[INFO] Loading exact-paper config | config\paper_reimplementation\rcim_ml_compensation\exact_model_bank\campaigns\2026-04-22_track1_svm_remaining_yellow_cell_campaign\078_track1_svm_amplitude_240_yellow_cell_attempt_18.yaml
[INFO] Exact-paper output directory | output/validation_checks/paper_reimplementation_rcim_exact_model_bank/2026-04-24-02-31-28__track1_svm_amplitude_240_yellow_cell_attempt_18_campaign_run
[INFO] Building exact-paper dataset bundle
[INFO] Exact-paper dataset ready | rows=969 targets=1 families=1 scope_mode=amplitudes_only
[INFO] Exact-paper target scope | kinds=ampl harmonics=240 preview=fft_y_Fw_filtered_ampl_240
[INFO] Exact-paper search settings | mode=paper_reference_grid_search grid_search_n_jobs=24 grid_search_verbose=2 grid_search_pre_dispatch=24 families=SVR
[INFO] Fitting family bank | SVR
[INFO] Family fit started | family=SVR estimator=SVR targets=1 threadpool_limit=1 joblib_cpu_limit=system_default os_cpu_count=32
[INFO] Family target scope | family=SVR kinds=ampl harmonics=240 preview=fft_y_Fw_filtered_ampl_240
[INFO] Grid search configured | family=SVR candidates=40 parameter_count=4 n_jobs=24 verbose=2 pre_dispatch=24
W0424 02:31:35.251000 30884 site-packages\torch\utils\flop_counter.py:29] triton not found; flop counting will not work for triton kernels
W0424 02:31:35.258000 15344 site-packages\torch\utils\flop_counter.py:29] triton not found; flop counting will not work for triton kernels
W0424 02:31:35.390000 18644 site-packages\torch\utils\flop_counter.py:29] triton not found; flop counting will not work for triton kernels
W0424 02:31:35.609000 30368 site-packages\torch\utils\flop_counter.py:29] triton not found; flop counting will not work for triton kernels
W0424 02:31:35.661000 38552 site-packages\torch\utils\flop_counter.py:29] triton not found; flop counting will not work for triton kernels
W0424 02:31:35.684000 38304 site-packages\torch\utils\flop_counter.py:29] triton not found; flop counting will not work for triton kernels
W0424 02:31:35.686000 23880 site-packages\torch\utils\flop_counter.py:29] triton not found; flop counting will not work for triton kernels
W0424 02:31:35.738000 20560 site-packages\torch\utils\flop_counter.py:29] triton not found; flop counting will not work for triton kernels
W0424 02:31:35.780000 35860 site-packages\torch\utils\flop_counter.py:29] triton not found; flop counting will not work for triton kernels
W0424 02:31:35.800000 10772 site-packages\torch\utils\flop_counter.py:29] triton not found; flop counting will not work for triton kernels
W0424 02:31:35.829000 35744 site-packages\torch\utils\flop_counter.py:29] triton not found; flop counting will not work for triton kernels
W0424 02:31:35.851000 35768 site-packages\torch\utils\flop_counter.py:29] triton not found; flop counting will not work for triton kernels
W0424 02:31:35.861000 3488 site-packages\torch\utils\flop_counter.py:29] triton not found; flop counting will not work for triton kernels
W0424 02:31:35.895000 38680 site-packages\torch\utils\flop_counter.py:29] triton not found; flop counting will not work for triton kernels
W0424 02:31:35.927000 3576 site-packages\torch\utils\flop_counter.py:29] triton not found; flop counting will not work for triton kernels
W0424 02:31:35.993000 29968 site-packages\torch\utils\flop_counter.py:29] triton not found; flop counting will not work for triton kernels
W0424 02:31:35.995000 36928 site-packages\torch\utils\flop_counter.py:29] triton not found; flop counting will not work for triton kernels
W0424 02:31:36.003000 7224 site-packages\torch\utils\flop_counter.py:29] triton not found; flop counting will not work for triton kernels
W0424 02:31:36.004000 17504 site-packages\torch\utils\flop_counter.py:29] triton not found; flop counting will not work for triton kernels
W0424 02:31:36.004000 24320 site-packages\torch\utils\flop_counter.py:29] triton not found; flop counting will not work for triton kernels
W0424 02:31:36.032000 9552 site-packages\torch\utils\flop_counter.py:29] triton not found; flop counting will not work for triton kernels
W0424 02:31:36.032000 35512 site-packages\torch\utils\flop_counter.py:29] triton not found; flop counting will not work for triton kernels
W0424 02:31:36.036000 38588 site-packages\torch\utils\flop_counter.py:29] triton not found; flop counting will not work for triton kernels
W0424 02:31:36.038000 24024 site-packages\torch\utils\flop_counter.py:29] triton not found; flop counting will not work for triton kernels
[CV] END estimator__C=0.001, estimator__epsilon=0.0001, estimator__gamma=1.1e-06, estimator__kernel=linear; total time=   2.4s
[CV] END estimator__C=0.01, estimator__epsilon=0.001, estimator__gamma=1.1e-06, estimator__kernel=linear; total time=  48.8s
[CV] END estimator__C=0.1, estimator__epsilon=1e-06, estimator__gamma=1.1e-06, estimator__kernel=rbf; total time=   0.0s
[CV] END estimator__C=0.1, estimator__epsilon=1e-06, estimator__gamma=1.1e-06, estimator__kernel=rbf; total time=   0.0s
[CV] END estimator__C=0.1, estimator__epsilon=1e-06, estimator__gamma=1.1e-06, estimator__kernel=rbf; total time=   0.0s
[CV] END estimator__C=0.1, estimator__epsilon=1e-06, estimator__gamma=1.1e-06, estimator__kernel=rbf; total time=   0.0s
[CV] END estimator__C=0.1, estimator__epsilon=1e-06, estimator__gamma=1.1e-06, estimator__kernel=rbf; total time=   0.0s
[CV] END estimator__C=0.1, estimator__epsilon=1e-06, estimator__gamma=1.1e-06, estimator__kernel=linear; total time= 9.3min
[CV] END estimator__C=0.3, estimator__epsilon=1e-06, estimator__gamma=1.1e-06, estimator__kernel=linear; total time=34.9min
[CV] END estimator__C=0.001, estimator__epsilon=0.001, estimator__gamma=1.1e-06, estimator__kernel=rbf; total time=   0.0s
[CV] END estimator__C=0.001, estimator__epsilon=1e-06, estimator__gamma=1.1e-06, estimator__kernel=linear; total time=   6.5s
[CV] END estimator__C=0.1, estimator__epsilon=0.001, estimator__gamma=1.1e-06, estimator__kernel=rbf; total time=   0.0s
[CV] END estimator__C=0.1, estimator__epsilon=0.001, estimator__gamma=1.1e-06, estimator__kernel=rbf; total time=   0.0s
[CV] END estimator__C=0.1, estimator__epsilon=0.001, estimator__gamma=1.1e-06, estimator__kernel=rbf; total time=   0.0s
[CV] END estimator__C=0.1, estimator__epsilon=0.001, estimator__gamma=1.1e-06, estimator__kernel=rbf; total time=   0.0s
[CV] END estimator__C=0.1, estimator__epsilon=0.001, estimator__gamma=1.1e-06, estimator__kernel=rbf; total time=   0.0s
[CV] END estimator__C=0.1, estimator__epsilon=0.001, estimator__gamma=1.1e-06, estimator__kernel=linear; total time= 6.7min
[CV] END estimator__C=0.3, estimator__epsilon=1e-05, estimator__gamma=1.1e-06, estimator__kernel=rbf; total time=   0.0s
[CV] END estimator__C=0.3, estimator__epsilon=1e-05, estimator__gamma=1.1e-06, estimator__kernel=rbf; total time=   0.0s
[CV] END estimator__C=0.3, estimator__epsilon=1e-05, estimator__gamma=1.1e-06, estimator__kernel=rbf; total time=   0.0s
[CV] END estimator__C=0.3, estimator__epsilon=1e-05, estimator__gamma=1.1e-06, estimator__kernel=rbf; total time=   0.0s
[CV] END estimator__C=0.3, estimator__epsilon=1e-05, estimator__gamma=1.1e-06, estimator__kernel=rbf; total time=   0.0s
[CV] END estimator__C=0.3, estimator__epsilon=1e-05, estimator__gamma=1.1e-06, estimator__kernel=linear; total time=39.9min
[CV] END estimator__C=0.001, estimator__epsilon=1e-05, estimator__gamma=1.1e-06, estimator__kernel=rbf; total time=   0.0s
[CV] END estimator__C=0.01, estimator__epsilon=0.001, estimator__gamma=1.1e-06, estimator__kernel=linear; total time=  29.5s
[CV] END estimator__C=0.1, estimator__epsilon=0.001, estimator__gamma=1.1e-06, estimator__kernel=linear; total time=10.3min
[CV] END estimator__C=0.3, estimator__epsilon=1e-06, estimator__gamma=1.1e-06, estimator__kernel=linear; total time=42.0min
[CV] END estimator__C=0.001, estimator__epsilon=0.001, estimator__gamma=1.1e-06, estimator__kernel=rbf; total time=   0.0s
[CV] END estimator__C=0.001, estimator__epsilon=1e-06, estimator__gamma=1.1e-06, estimator__kernel=rbf; total time=   0.0s
[CV] END estimator__C=0.001, estimator__epsilon=1e-06, estimator__gamma=1.1e-06, estimator__kernel=rbf; total time=   0.0s
[CV] END estimator__C=0.001, estimator__epsilon=1e-06, estimator__gamma=1.1e-06, estimator__kernel=rbf; total time=   0.0s
[CV] END estimator__C=0.001, estimator__epsilon=1e-06, estimator__gamma=1.1e-06, estimator__kernel=linear; total time=   5.6s
[CV] END estimator__C=0.01, estimator__epsilon=1e-05, estimator__gamma=1.1e-06, estimator__kernel=linear; total time=  31.3s
[CV] END estimator__C=0.1, estimator__epsilon=0.0001, estimator__gamma=1.1e-06, estimator__kernel=linear; total time= 7.7min
[CV] END estimator__C=0.3, estimator__epsilon=1e-05, estimator__gamma=1.1e-06, estimator__kernel=linear; total time=46.8min
[CV] END estimator__C=0.001, estimator__epsilon=0.001, estimator__gamma=1.1e-06, estimator__kernel=rbf; total time=   0.0s
[CV] END estimator__C=0.001, estimator__epsilon=1e-05, estimator__gamma=1.1e-06, estimator__kernel=linear; total time=   6.5s
[CV] END estimator__C=0.01, estimator__epsilon=1e-06, estimator__gamma=1.1e-06, estimator__kernel=linear; total time=  42.2s
[CV] END estimator__C=0.1, estimator__epsilon=1e-05, estimator__gamma=1.1e-06, estimator__kernel=linear; total time=13.3min
[CV] END estimator__C=1.0, estimator__epsilon=0.001, estimator__gamma=1.1e-06, estimator__kernel=linear; total time=46.0min
[CV] END estimator__C=0.001, estimator__epsilon=0.0001, estimator__gamma=1.1e-06, estimator__kernel=rbf; total time=   0.0s
[CV] END estimator__C=0.001, estimator__epsilon=1e-05, estimator__gamma=1.1e-06, estimator__kernel=linear; total time=   3.1s
[CV] END estimator__C=0.01, estimator__epsilon=0.0001, estimator__gamma=1.1e-06, estimator__kernel=linear; total time=  33.6s
[CV] END estimator__C=0.1, estimator__epsilon=0.0001, estimator__gamma=1.1e-06, estimator__kernel=linear; total time= 5.2min
[CV] END estimator__C=0.3, estimator__epsilon=0.0001, estimator__gamma=1.1e-06, estimator__kernel=linear; total time=16.7min
[CV] END estimator__C=1.0, estimator__epsilon=0.0001, estimator__gamma=1.1e-06, estimator__kernel=linear; total time=51.2min
[CV] END estimator__C=0.001, estimator__epsilon=1e-05, estimator__gamma=1.1e-06, estimator__kernel=rbf; total time=   0.0s
[CV] END estimator__C=0.001, estimator__epsilon=1e-06, estimator__gamma=1.1e-06, estimator__kernel=rbf; total time=   0.0s
[CV] END estimator__C=0.001, estimator__epsilon=1e-06, estimator__gamma=1.1e-06, estimator__kernel=rbf; total time=   0.0s
[CV] END estimator__C=0.001, estimator__epsilon=1e-06, estimator__gamma=1.1e-06, estimator__kernel=linear; total time=   6.0s
[CV] END estimator__C=0.01, estimator__epsilon=1e-06, estimator__gamma=1.1e-06, estimator__kernel=linear; total time=  58.5s
[CV] END estimator__C=0.3, estimator__epsilon=0.001, estimator__gamma=1.1e-06, estimator__kernel=rbf; total time=   0.0s
[CV] END estimator__C=0.3, estimator__epsilon=0.001, estimator__gamma=1.1e-06, estimator__kernel=rbf; total time=   0.0s
[CV] END estimator__C=0.3, estimator__epsilon=0.001, estimator__gamma=1.1e-06, estimator__kernel=rbf; total time=   0.0s
[CV] END estimator__C=0.3, estimator__epsilon=0.001, estimator__gamma=1.1e-06, estimator__kernel=rbf; total time=   0.0s
[CV] END estimator__C=0.3, estimator__epsilon=0.001, estimator__gamma=1.1e-06, estimator__kernel=rbf; total time=   0.0s
[CV] END estimator__C=0.3, estimator__epsilon=0.001, estimator__gamma=1.1e-06, estimator__kernel=linear; total time=23.6min
[CV] END estimator__C=1.0, estimator__epsilon=0.0001, estimator__gamma=1.1e-06, estimator__kernel=linear; total time=49.0min
[CV] END estimator__C=0.001, estimator__epsilon=0.001, estimator__gamma=1.1e-06, estimator__kernel=rbf; total time=   0.0s
[CV] END estimator__C=0.001, estimator__epsilon=1e-06, estimator__gamma=1.1e-06, estimator__kernel=linear; total time=   3.2s
[CV] END estimator__C=0.01, estimator__epsilon=1e-05, estimator__gamma=1.1e-06, estimator__kernel=rbf; total time=   0.0s
[CV] END estimator__C=0.01, estimator__epsilon=1e-05, estimator__gamma=1.1e-06, estimator__kernel=rbf; total time=   0.0s
[CV] END estimator__C=0.01, estimator__epsilon=1e-05, estimator__gamma=1.1e-06, estimator__kernel=rbf; total time=   0.0s
[CV] END estimator__C=0.01, estimator__epsilon=1e-05, estimator__gamma=1.1e-06, estimator__kernel=rbf; total time=   0.0s
[CV] END estimator__C=0.01, estimator__epsilon=1e-05, estimator__gamma=1.1e-06, estimator__kernel=rbf; total time=   0.0s
[CV] END estimator__C=0.01, estimator__epsilon=1e-05, estimator__gamma=1.1e-06, estimator__kernel=linear; total time=  55.5s
[CV] END estimator__C=0.1, estimator__epsilon=1e-06, estimator__gamma=1.1e-06, estimator__kernel=linear; total time=20.2min
[CV] END estimator__C=1.0, estimator__epsilon=0.0001, estimator__gamma=1.1e-06, estimator__kernel=rbf; total time=   0.0s
[CV] END estimator__C=1.0, estimator__epsilon=0.0001, estimator__gamma=1.1e-06, estimator__kernel=rbf; total time=   0.0s
[CV] END estimator__C=1.0, estimator__epsilon=0.0001, estimator__gamma=1.1e-06, estimator__kernel=rbf; total time=   0.0s
[CV] END estimator__C=1.0, estimator__epsilon=0.0001, estimator__gamma=1.1e-06, estimator__kernel=rbf; total time=   0.0s
[CV] END estimator__C=1.0, estimator__epsilon=0.0001, estimator__gamma=1.1e-06, estimator__kernel=rbf; total time=   0.0s
[CV] END estimator__C=1.0, estimator__epsilon=0.0001, estimator__gamma=1.1e-06, estimator__kernel=linear; total time=55.6min
[CV] END estimator__C=0.001, estimator__epsilon=0.001, estimator__gamma=1.1e-06, estimator__kernel=linear; total time=   3.2s
[CV] END estimator__C=0.01, estimator__epsilon=0.0001, estimator__gamma=1.1e-06, estimator__kernel=linear; total time=  28.8s
[CV] END estimator__C=0.1, estimator__epsilon=0.0001, estimator__gamma=1.1e-06, estimator__kernel=rbf; total time=   0.0s
[CV] END estimator__C=0.1, estimator__epsilon=0.0001, estimator__gamma=1.1e-06, estimator__kernel=rbf; total time=   0.0s
[CV] END estimator__C=0.1, estimator__epsilon=0.0001, estimator__gamma=1.1e-06, estimator__kernel=rbf; total time=   0.0s
[CV] END estimator__C=0.1, estimator__epsilon=0.0001, estimator__gamma=1.1e-06, estimator__kernel=rbf; total time=   0.0s
[CV] END estimator__C=0.1, estimator__epsilon=0.0001, estimator__gamma=1.1e-06, estimator__kernel=rbf; total time=   0.0s
[CV] END estimator__C=0.1, estimator__epsilon=0.0001, estimator__gamma=1.1e-06, estimator__kernel=linear; total time= 6.0min
[CV] END estimator__C=0.3, estimator__epsilon=0.0001, estimator__gamma=1.1e-06, estimator__kernel=linear; total time=15.2min
[CV] END estimator__C=1.0, estimator__epsilon=0.0001, estimator__gamma=1.1e-06, estimator__kernel=linear; total time=57.9min
[CV] END estimator__C=0.001, estimator__epsilon=0.001, estimator__gamma=1.1e-06, estimator__kernel=linear; total time=   5.5s
[CV] END estimator__C=0.01, estimator__epsilon=1e-06, estimator__gamma=1.1e-06, estimator__kernel=rbf; total time=   0.0s
[CV] END estimator__C=0.01, estimator__epsilon=1e-06, estimator__gamma=1.1e-06, estimator__kernel=linear; total time=  50.9s
[CV] END estimator__C=0.1, estimator__epsilon=1e-06, estimator__gamma=1.1e-06, estimator__kernel=linear; total time=14.4min
[CV] END estimator__C=1.0, estimator__epsilon=0.001, estimator__gamma=1.1e-06, estimator__kernel=linear; total time=72.7min
[CV] END estimator__C=0.001, estimator__epsilon=1e-05, estimator__gamma=1.1e-06, estimator__kernel=rbf; total time=   0.0s
[CV] END estimator__C=0.01, estimator__epsilon=0.001, estimator__gamma=1.1e-06, estimator__kernel=linear; total time=  51.7s
[CV] END estimator__C=0.1, estimator__epsilon=1e-06, estimator__gamma=1.1e-06, estimator__kernel=linear; total time=12.3min
[CV] END estimator__C=1.0, estimator__epsilon=0.001, estimator__gamma=1.1e-06, estimator__kernel=rbf; total time=   0.0s
[CV] END estimator__C=1.0, estimator__epsilon=0.001, estimator__gamma=1.1e-06, estimator__kernel=rbf; total time=   0.0s
[CV] END estimator__C=1.0, estimator__epsilon=0.001, estimator__gamma=1.1e-06, estimator__kernel=rbf; total time=   0.0s
[CV] END estimator__C=1.0, estimator__epsilon=0.001, estimator__gamma=1.1e-06, estimator__kernel=rbf; total time=   0.0s
[CV] END estimator__C=1.0, estimator__epsilon=0.001, estimator__gamma=1.1e-06, estimator__kernel=rbf; total time=   0.0s
[CV] END estimator__C=1.0, estimator__epsilon=0.001, estimator__gamma=1.1e-06, estimator__kernel=linear; total time=77.4min
[CV] END estimator__C=0.001, estimator__epsilon=0.0001, estimator__gamma=1.1e-06, estimator__kernel=rbf; total time=   0.0s
[CV] END estimator__C=0.001, estimator__epsilon=1e-06, estimator__gamma=1.1e-06, estimator__kernel=linear; total time=   6.8s
[CV] END estimator__C=0.1, estimator__epsilon=0.001, estimator__gamma=1.1e-06, estimator__kernel=linear; total time= 5.1min
[CV] END estimator__C=0.3, estimator__epsilon=0.0001, estimator__gamma=1.1e-06, estimator__kernel=linear; total time=17.3min
[CV] END estimator__C=1.0, estimator__epsilon=0.0001, estimator__gamma=1.1e-06, estimator__kernel=linear; total time=68.1min
[CV] END estimator__C=0.001, estimator__epsilon=0.0001, estimator__gamma=1.1e-06, estimator__kernel=linear; total time=   4.1s
[CV] END estimator__C=0.01, estimator__epsilon=1e-05, estimator__gamma=1.1e-06, estimator__kernel=linear; total time=  58.8s
[CV] END estimator__C=0.1, estimator__epsilon=1e-06, estimator__gamma=1.1e-06, estimator__kernel=linear; total time= 7.7min
[CV] END estimator__C=0.3, estimator__epsilon=1e-05, estimator__gamma=1.1e-06, estimator__kernel=linear; total time=35.7min
[CV] END estimator__C=1.0, estimator__epsilon=1e-06, estimator__gamma=1.1e-06, estimator__kernel=linear; total time=50.8min
[CV] END estimator__C=0.001, estimator__epsilon=0.0001, estimator__gamma=1.1e-06, estimator__kernel=linear; total time=   4.0s
[CV] END estimator__C=0.01, estimator__epsilon=1e-05, estimator__gamma=1.1e-06, estimator__kernel=linear; total time= 1.1min
[CV] END estimator__C=0.3, estimator__epsilon=0.001, estimator__gamma=1.1e-06, estimator__kernel=linear; total time=15.7min
[CV] END estimator__C=1.0, estimator__epsilon=0.001, estimator__gamma=1.1e-06, estimator__kernel=linear; total time=87.4min
[CV] END estimator__C=0.001, estimator__epsilon=0.001, estimator__gamma=1.1e-06, estimator__kernel=linear; total time=   3.5s
[CV] END estimator__C=0.01, estimator__epsilon=0.0001, estimator__gamma=1.1e-06, estimator__kernel=linear; total time=  33.8s
[CV] END estimator__C=0.1, estimator__epsilon=0.0001, estimator__gamma=1.1e-06, estimator__kernel=linear; total time= 5.5min
[CV] END estimator__C=0.3, estimator__epsilon=0.0001, estimator__gamma=1.1e-06, estimator__kernel=linear; total time=24.5min
[CV] END estimator__C=1.0, estimator__epsilon=1e-05, estimator__gamma=1.1e-06, estimator__kernel=linear; total time=79.1min
[CV] END estimator__C=0.001, estimator__epsilon=0.001, estimator__gamma=1.1e-06, estimator__kernel=linear; total time=   6.3s
[CV] END estimator__C=0.01, estimator__epsilon=1e-06, estimator__gamma=1.1e-06, estimator__kernel=linear; total time= 1.1min
[CV] END estimator__C=0.3, estimator__epsilon=0.001, estimator__gamma=1.1e-06, estimator__kernel=linear; total time=15.7min
[CV] END estimator__C=1.0, estimator__epsilon=0.001, estimator__gamma=1.1e-06, estimator__kernel=linear; total time=93.6min
[CV] END estimator__C=0.001, estimator__epsilon=0.0001, estimator__gamma=1.1e-06, estimator__kernel=linear; total time=   3.3s
[CV] END estimator__C=0.01, estimator__epsilon=1e-05, estimator__gamma=1.1e-06, estimator__kernel=linear; total time=  44.5s
[CV] END estimator__C=0.1, estimator__epsilon=1e-05, estimator__gamma=1.1e-06, estimator__kernel=linear; total time= 8.3min
[CV] END estimator__C=0.3, estimator__epsilon=1e-05, estimator__gamma=1.1e-06, estimator__kernel=linear; total time=29.4min
[CV] END estimator__C=1.0, estimator__epsilon=1e-06, estimator__gamma=1.1e-06, estimator__kernel=linear; total time=75.5min
[CV] END estimator__C=0.001, estimator__epsilon=0.0001, estimator__gamma=1.1e-06, estimator__kernel=rbf; total time=   0.0s
[CV] END estimator__C=0.001, estimator__epsilon=1e-05, estimator__gamma=1.1e-06, estimator__kernel=linear; total time=   7.6s
[CV] END estimator__C=0.1, estimator__epsilon=0.001, estimator__gamma=1.1e-06, estimator__kernel=linear; total time= 4.6min
[CV] END estimator__C=0.3, estimator__epsilon=0.001, estimator__gamma=1.1e-06, estimator__kernel=linear; total time=25.6min
[CV] END estimator__C=1.0, estimator__epsilon=1e-05, estimator__gamma=1.1e-06, estimator__kernel=rbf; total time=   0.0s
[CV] END estimator__C=1.0, estimator__epsilon=1e-05, estimator__gamma=1.1e-06, estimator__kernel=rbf; total time=   0.0s
[CV] END estimator__C=1.0, estimator__epsilon=1e-05, estimator__gamma=1.1e-06, estimator__kernel=rbf; total time=   0.0s
[CV] END estimator__C=1.0, estimator__epsilon=1e-05, estimator__gamma=1.1e-06, estimator__kernel=linear; total time=84.2min
[CV] END estimator__C=0.001, estimator__epsilon=1e-05, estimator__gamma=1.1e-06, estimator__kernel=rbf; total time=   0.0s
[CV] END estimator__C=0.01, estimator__epsilon=0.001, estimator__gamma=1.1e-06, estimator__kernel=rbf; total time=   0.0s
[CV] END estimator__C=0.01, estimator__epsilon=0.001, estimator__gamma=1.1e-06, estimator__kernel=rbf; total time=   0.0s
[CV] END estimator__C=0.01, estimator__epsilon=0.001, estimator__gamma=1.1e-06, estimator__kernel=rbf; total time=   0.0s
[CV] END estimator__C=0.01, estimator__epsilon=0.001, estimator__gamma=1.1e-06, estimator__kernel=rbf; total time=   0.0s
[CV] END estimator__C=0.01, estimator__epsilon=0.001, estimator__gamma=1.1e-06, estimator__kernel=rbf; total time=   0.0s
[CV] END estimator__C=0.01, estimator__epsilon=0.001, estimator__gamma=1.1e-06, estimator__kernel=linear; total time=  40.9s
[CV] END estimator__C=0.1, estimator__epsilon=1e-05, estimator__gamma=1.1e-06, estimator__kernel=rbf; total time=   0.0s
[CV] END estimator__C=0.1, estimator__epsilon=1e-05, estimator__gamma=1.1e-06, estimator__kernel=rbf; total time=   0.0s
[CV] END estimator__C=0.1, estimator__epsilon=1e-05, estimator__gamma=1.1e-06, estimator__kernel=rbf; total time=   0.0s
[CV] END estimator__C=0.1, estimator__epsilon=1e-05, estimator__gamma=1.1e-06, estimator__kernel=rbf; total time=   0.0s
[CV] END estimator__C=0.1, estimator__epsilon=1e-05, estimator__gamma=1.1e-06, estimator__kernel=rbf; total time=   0.0s
[CV] END estimator__C=0.1, estimator__epsilon=1e-05, estimator__gamma=1.1e-06, estimator__kernel=linear; total time=11.0min
[CV] END estimator__C=0.3, estimator__epsilon=1e-06, estimator__gamma=1.1e-06, estimator__kernel=linear; total time=25.4min
[CV] END estimator__C=1.0, estimator__epsilon=1e-05, estimator__gamma=1.1e-06, estimator__kernel=linear; total time=89.7min
[CV] END estimator__C=0.001, estimator__epsilon=0.0001, estimator__gamma=1.1e-06, estimator__kernel=rbf; total time=   0.0s
[CV] END estimator__C=0.01, estimator__epsilon=0.001, estimator__gamma=1.1e-06, estimator__kernel=linear; total time=  41.1s
[CV] END estimator__C=0.1, estimator__epsilon=1e-05, estimator__gamma=1.1e-06, estimator__kernel=linear; total time= 9.0min
[CV] END estimator__C=0.3, estimator__epsilon=1e-06, estimator__gamma=1.1e-06, estimator__kernel=linear; total time=34.2min
[CV] END estimator__C=1.0, estimator__epsilon=1e-06, estimator__gamma=1.1e-06, estimator__kernel=linear; total time=97.9min
[CV] END estimator__C=0.001, estimator__epsilon=0.0001, estimator__gamma=1.1e-06, estimator__kernel=linear; total time=   2.6s
[CV] END estimator__C=0.01, estimator__epsilon=0.0001, estimator__gamma=1.1e-06, estimator__kernel=rbf; total time=   0.0s
[CV] END estimator__C=0.01, estimator__epsilon=0.0001, estimator__gamma=1.1e-06, estimator__kernel=rbf; total time=   0.0s
[CV] END estimator__C=0.01, estimator__epsilon=0.0001, estimator__gamma=1.1e-06, estimator__kernel=rbf; total time=   0.0s
[CV] END estimator__C=0.01, estimator__epsilon=0.0001, estimator__gamma=1.1e-06, estimator__kernel=rbf; total time=   0.0s
[CV] END estimator__C=0.01, estimator__epsilon=0.0001, estimator__gamma=1.1e-06, estimator__kernel=rbf; total time=   0.0s
[CV] END estimator__C=0.01, estimator__epsilon=0.0001, estimator__gamma=1.1e-06, estimator__kernel=linear; total time=  37.3s
[CV] END estimator__C=0.1, estimator__epsilon=0.0001, estimator__gamma=1.1e-06, estimator__kernel=linear; total time= 4.4min
[CV] END estimator__C=0.3, estimator__epsilon=0.0001, estimator__gamma=1.1e-06, estimator__kernel=rbf; total time=   0.0s
[CV] END estimator__C=0.3, estimator__epsilon=0.0001, estimator__gamma=1.1e-06, estimator__kernel=rbf; total time=   0.0s
[CV] END estimator__C=0.3, estimator__epsilon=0.0001, estimator__gamma=1.1e-06, estimator__kernel=rbf; total time=   0.0s
[CV] END estimator__C=0.3, estimator__epsilon=0.0001, estimator__gamma=1.1e-06, estimator__kernel=rbf; total time=   0.0s
[CV] END estimator__C=0.3, estimator__epsilon=0.0001, estimator__gamma=1.1e-06, estimator__kernel=rbf; total time=   0.0s
[CV] END estimator__C=0.3, estimator__epsilon=0.0001, estimator__gamma=1.1e-06, estimator__kernel=linear; total time=25.2min
[CV] END estimator__C=1.0, estimator__epsilon=1e-05, estimator__gamma=1.1e-06, estimator__kernel=rbf; total time=   0.0s
[CV] END estimator__C=1.0, estimator__epsilon=1e-05, estimator__gamma=1.1e-06, estimator__kernel=rbf; total time=   0.0s
[CV] END estimator__C=1.0, estimator__epsilon=1e-05, estimator__gamma=1.1e-06, estimator__kernel=linear; total time=111.6min
[CV] END estimator__C=0.001, estimator__epsilon=0.001, estimator__gamma=1.1e-06, estimator__kernel=linear; total time=   3.7s
[CV] END estimator__C=0.01, estimator__epsilon=0.0001, estimator__gamma=1.1e-06, estimator__kernel=linear; total time=  46.3s
[CV] END estimator__C=0.1, estimator__epsilon=1e-05, estimator__gamma=1.1e-06, estimator__kernel=linear; total time= 6.0min
[CV] END estimator__C=0.3, estimator__epsilon=1e-05, estimator__gamma=1.1e-06, estimator__kernel=linear; total time=30.4min
[CV] END estimator__C=1.0, estimator__epsilon=1e-06, estimator__gamma=1.1e-06, estimator__kernel=rbf; total time=   0.0s
[CV] END estimator__C=1.0, estimator__epsilon=1e-06, estimator__gamma=1.1e-06, estimator__kernel=rbf; total time=   0.0s
[CV] END estimator__C=1.0, estimator__epsilon=1e-06, estimator__gamma=1.1e-06, estimator__kernel=rbf; total time=   0.0s
[CV] END estimator__C=1.0, estimator__epsilon=1e-06, estimator__gamma=1.1e-06, estimator__kernel=rbf; total time=   0.0s
[CV] END estimator__C=1.0, estimator__epsilon=1e-06, estimator__gamma=1.1e-06, estimator__kernel=rbf; total time=   0.0s
[CV] END estimator__C=1.0, estimator__epsilon=1e-06, estimator__gamma=1.1e-06, estimator__kernel=linear; total time=106.7min
[CV] END estimator__C=0.001, estimator__epsilon=0.0001, estimator__gamma=1.1e-06, estimator__kernel=rbf; total time=   0.0s
[CV] END estimator__C=0.001, estimator__epsilon=1e-05, estimator__gamma=1.1e-06, estimator__kernel=rbf; total time=   0.0s
[CV] END estimator__C=0.001, estimator__epsilon=1e-05, estimator__gamma=1.1e-06, estimator__kernel=linear; total time=   6.1s
[CV] END estimator__C=0.01, estimator__epsilon=1e-06, estimator__gamma=1.1e-06, estimator__kernel=rbf; total time=   0.0s
[CV] END estimator__C=0.01, estimator__epsilon=1e-06, estimator__gamma=1.1e-06, estimator__kernel=rbf; total time=   0.0s
[CV] END estimator__C=0.01, estimator__epsilon=1e-06, estimator__gamma=1.1e-06, estimator__kernel=rbf; total time=   0.0s
[CV] END estimator__C=0.01, estimator__epsilon=1e-06, estimator__gamma=1.1e-06, estimator__kernel=rbf; total time=   0.0s
[CV] END estimator__C=0.01, estimator__epsilon=1e-06, estimator__gamma=1.1e-06, estimator__kernel=linear; total time= 1.2min
[CV] END estimator__C=0.3, estimator__epsilon=0.001, estimator__gamma=1.1e-06, estimator__kernel=linear; total time=31.5min
[CV] END estimator__C=1.0, estimator__epsilon=1e-05, estimator__gamma=1.1e-06, estimator__kernel=linear; total time=111.8min
Fitting 5 folds for each of 40 candidates, totalling 200 fits
[DONE] Family fit complete | family=SVR elapsed=9256.98s best_score=0.182337410501143 best_params={'estimator__C': 0.3, 'estimator__epsilon': 1e-06, 'estimator__gamma': 1.1e-06, 'estimator__kernel': 'rbf'}
[INFO] Evaluating family bank
[INFO] Family evaluation started | family=SVR targets=1
[DONE] Family evaluation complete | family=SVR elapsed=0.01s mean_component_mape=55.017% mean_component_mae=0.000281
[INFO] Evaluation complete | winner=SVR mean_component_mape=55.017%
[INFO] Exporting ONNX family bank
[INFO] Family ONNX export started | family=SVR targets=1 estimator=SVR
[WARN] Target ONNX export failed | family=SVR target=fft_y_Fw_filtered_ampl_240 error='NoneType' object is not callable
[DONE] Family ONNX export complete | family=SVR elapsed=0.00s exported=0 failed=1
[INFO] ONNX export complete | exported=0 failed=1
[DONE] Exact paper validation summary written | output/validation_checks/paper_reimplementation_rcim_exact_model_bank/2026-04-24-02-31-28__track1_svm_amplitude_240_yellow_cell_attempt_18_campaign_run/validation_summary.yaml
[DONE] Exact paper Markdown report written | doc/reports/analysis/validation_checks/2026-04-24-05-05-45_paper_reimplementation_rcim_exact_model_bank_track1_svm_amplitude_240_yellow_cell_attempt_18_campaign_run_exact_paper_model_bank_report.md
[CV] END estimator__C=0.001, estimator__epsilon=0.001, estimator__gamma=1.1e-06, estimator__kernel=rbf; total time=   0.0s
[CV] END estimator__C=0.001, estimator__epsilon=1e-05, estimator__gamma=1.1e-06, estimator__kernel=linear; total time=   8.7s
[CV] END estimator__C=0.1, estimator__epsilon=0.001, estimator__gamma=1.1e-06, estimator__kernel=linear; total time= 9.0min
[CV] END estimator__C=0.3, estimator__epsilon=1e-06, estimator__gamma=1.1e-06, estimator__kernel=rbf; total time=   0.0s
[CV] END estimator__C=0.3, estimator__epsilon=1e-06, estimator__gamma=1.1e-06, estimator__kernel=rbf; total time=   0.0s
[CV] END estimator__C=0.3, estimator__epsilon=1e-06, estimator__gamma=1.1e-06, estimator__kernel=rbf; total time=   0.0s
[CV] END estimator__C=0.3, estimator__epsilon=1e-06, estimator__gamma=1.1e-06, estimator__kernel=rbf; total time=   0.0s
[CV] END estimator__C=0.3, estimator__epsilon=1e-06, estimator__gamma=1.1e-06, estimator__kernel=rbf; total time=   0.0s
[CV] END estimator__C=0.3, estimator__epsilon=1e-06, estimator__gamma=1.1e-06, estimator__kernel=linear; total time=34.3min
[CV] END estimator__C=1.0, estimator__epsilon=1e-06, estimator__gamma=1.1e-06, estimator__kernel=linear; total time=110.7min
