W0419 07:21:01.709000 32172 site-packages\torch\utils\flop_counter.py:29] triton not found; flop counting will not work for triton kernels
[INFO] Loading exact-paper config | config\paper_reimplementation\rcim_ml_compensation\exact_model_bank\campaigns\2026-04-19_track1_xgbm_residual_cellwise_closure_campaign\057_track1_xgbm_amplitude_240_closure_attempt_03.yaml
[INFO] Exact-paper output directory | output/validation_checks/paper_reimplementation_rcim_exact_model_bank/2026-04-19-07-21-01__track1_xgbm_amplitude_240_closure_attempt_03_campaign_run
[INFO] Building exact-paper dataset bundle
[INFO] Exact-paper dataset ready | rows=969 targets=1 families=1 scope_mode=amplitudes_only
[INFO] Exact-paper target scope | kinds=ampl harmonics=240 preview=fft_y_Fw_filtered_ampl_240
[INFO] Exact-paper search settings | mode=paper_reference_grid_search grid_search_n_jobs=24 grid_search_verbose=2 grid_search_pre_dispatch=24 families=XGBM
[INFO] Fitting family bank | XGBM
[INFO] Family fit started | family=XGBM estimator=XGBRegressor targets=1 threadpool_limit=1 joblib_cpu_limit=system_default os_cpu_count=32
[INFO] Family target scope | family=XGBM kinds=ampl harmonics=240 preview=fft_y_Fw_filtered_ampl_240
[INFO] Grid search configured | family=XGBM candidates=36 parameter_count=3 n_jobs=24 verbose=2 pre_dispatch=24
W0419 07:21:08.419000 15576 site-packages\torch\utils\flop_counter.py:29] triton not found; flop counting will not work for triton kernels
W0419 07:21:08.572000 8596 site-packages\torch\utils\flop_counter.py:29] triton not found; flop counting will not work for triton kernels
W0419 07:21:08.759000 23308 site-packages\torch\utils\flop_counter.py:29] triton not found; flop counting will not work for triton kernels
W0419 07:21:08.792000 17264 site-packages\torch\utils\flop_counter.py:29] triton not found; flop counting will not work for triton kernels
W0419 07:21:08.843000 7760 site-packages\torch\utils\flop_counter.py:29] triton not found; flop counting will not work for triton kernels
W0419 07:21:08.855000 36512 site-packages\torch\utils\flop_counter.py:29] triton not found; flop counting will not work for triton kernels
W0419 07:21:08.944000 24140 site-packages\torch\utils\flop_counter.py:29] triton not found; flop counting will not work for triton kernels
W0419 07:21:09.017000 38104 site-packages\torch\utils\flop_counter.py:29] triton not found; flop counting will not work for triton kernels
W0419 07:21:09.027000 28700 site-packages\torch\utils\flop_counter.py:29] triton not found; flop counting will not work for triton kernels
W0419 07:21:09.097000 5952 site-packages\torch\utils\flop_counter.py:29] triton not found; flop counting will not work for triton kernels
W0419 07:21:09.214000 38416 site-packages\torch\utils\flop_counter.py:29] triton not found; flop counting will not work for triton kernels
W0419 07:21:09.380000 38824 site-packages\torch\utils\flop_counter.py:29] triton not found; flop counting will not work for triton kernels
W0419 07:21:09.390000 18064 site-packages\torch\utils\flop_counter.py:29] triton not found; flop counting will not work for triton kernels
W0419 07:21:09.435000 14100 site-packages\torch\utils\flop_counter.py:29] triton not found; flop counting will not work for triton kernels
W0419 07:21:09.450000 4144 site-packages\torch\utils\flop_counter.py:29] triton not found; flop counting will not work for triton kernels
W0419 07:21:09.450000 6764 site-packages\torch\utils\flop_counter.py:29] triton not found; flop counting will not work for triton kernels
W0419 07:21:09.463000 8216 site-packages\torch\utils\flop_counter.py:29] triton not found; flop counting will not work for triton kernels
W0419 07:21:09.485000 12492 site-packages\torch\utils\flop_counter.py:29] triton not found; flop counting will not work for triton kernels
W0419 07:21:09.487000 24696 site-packages\torch\utils\flop_counter.py:29] triton not found; flop counting will not work for triton kernels
W0419 07:21:09.492000 17996 site-packages\torch\utils\flop_counter.py:29] triton not found; flop counting will not work for triton kernels
W0419 07:21:09.492000 11672 site-packages\torch\utils\flop_counter.py:29] triton not found; flop counting will not work for triton kernels
W0419 07:21:09.492000 26032 site-packages\torch\utils\flop_counter.py:29] triton not found; flop counting will not work for triton kernels
W0419 07:21:09.502000 19252 site-packages\torch\utils\flop_counter.py:29] triton not found; flop counting will not work for triton kernels
W0419 07:21:09.509000 3244 site-packages\torch\utils\flop_counter.py:29] triton not found; flop counting will not work for triton kernels
Fitting 5 folds for each of 36 candidates, totalling 180 fits
[DONE] Family fit complete | family=XGBM elapsed=8.13s best_score=0.7558903217315673 best_params={'estimator__colsample_bytree': 0.8, 'estimator__learning_rate': 0.2, 'estimator__max_depth': 14}
[INFO] Evaluating family bank
[INFO] Family evaluation started | family=XGBM targets=1
[DONE] Family evaluation complete | family=XGBM elapsed=0.00s mean_component_mape=77.480% mean_component_mae=0.000151
[INFO] Evaluation complete | winner=XGBM mean_component_mape=77.480%
[INFO] Exporting ONNX family bank
[INFO] Family ONNX export started | family=XGBM targets=1 estimator=XGBRegressor
[WARN] Target ONNX export failed | family=XGBM target=fft_y_Fw_filtered_ampl_240 error='NoneType' object is not callable
[DONE] Family ONNX export complete | family=XGBM elapsed=0.00s exported=0 failed=1
[INFO] ONNX export complete | exported=0 failed=1
[DONE] Exact paper validation summary written | output/validation_checks/paper_reimplementation_rcim_exact_model_bank/2026-04-19-07-21-01__track1_xgbm_amplitude_240_closure_attempt_03_campaign_run/validation_summary.yaml
[DONE] Exact paper Markdown report written | doc/reports/analysis/validation_checks/2026-04-19-07-21-10_paper_reimplementation_rcim_exact_model_bank_track1_xgbm_amplitude_240_closure_attempt_03_campaign_run_exact_paper_model_bank_report.md
[CV] END estimator__colsample_bytree=0.3, estimator__learning_rate=0.01, estimator__max_depth=14; total time=   0.0s
[CV] END estimator__colsample_bytree=0.5, estimator__learning_rate=0.01, estimator__max_depth=18; total time=   0.0s
[CV] END estimator__colsample_bytree=0.5, estimator__learning_rate=0.01, estimator__max_depth=18; total time=   0.0s
[CV] END estimator__colsample_bytree=0.5, estimator__learning_rate=0.2, estimator__max_depth=16; total time=   0.0s
[CV] END estimator__colsample_bytree=0.5, estimator__learning_rate=0.2, estimator__max_depth=16; total time=   0.0s
[CV] END estimator__colsample_bytree=0.5, estimator__learning_rate=0.5, estimator__max_depth=14; total time=   0.0s
[CV] END estimator__colsample_bytree=0.5, estimator__learning_rate=0.5, estimator__max_depth=14; total time=   0.0s
[CV] END estimator__colsample_bytree=0.5, estimator__learning_rate=0.5, estimator__max_depth=16; total time=   0.0s
[CV] END estimator__colsample_bytree=0.5, estimator__learning_rate=0.3, estimator__max_depth=14; total time=   0.0s
[CV] END estimator__colsample_bytree=0.5, estimator__learning_rate=0.3, estimator__max_depth=16; total time=   0.0s
[CV] END estimator__colsample_bytree=0.5, estimator__learning_rate=0.3, estimator__max_depth=18; total time=   0.0s
[CV] END estimator__colsample_bytree=0.8, estimator__learning_rate=0.01, estimator__max_depth=14; total time=   0.0s
[CV] END estimator__colsample_bytree=0.8, estimator__learning_rate=0.01, estimator__max_depth=18; total time=   0.0s
[CV] END estimator__colsample_bytree=0.8, estimator__learning_rate=0.2, estimator__max_depth=14; total time=   0.0s
[CV] END estimator__colsample_bytree=0.8, estimator__learning_rate=0.2, estimator__max_depth=18; total time=   0.0s
[CV] END estimator__colsample_bytree=0.8, estimator__learning_rate=0.5, estimator__max_depth=14; total time=   0.0s
[CV] END estimator__colsample_bytree=0.8, estimator__learning_rate=0.5, estimator__max_depth=18; total time=   0.0s
[CV] END estimator__colsample_bytree=0.8, estimator__learning_rate=0.3, estimator__max_depth=16; total time=   0.0s
[CV] END estimator__colsample_bytree=0.3, estimator__learning_rate=0.01, estimator__max_depth=18; total time=   0.0s
[CV] END estimator__colsample_bytree=0.8, estimator__learning_rate=0.5, estimator__max_depth=18; total time=   0.0s
[CV] END estimator__colsample_bytree=0.8, estimator__learning_rate=0.3, estimator__max_depth=16; total time=   0.0s
[CV] END estimator__colsample_bytree=0.3, estimator__learning_rate=0.01, estimator__max_depth=14; total time=   0.0s
[CV] END estimator__colsample_bytree=0.8, estimator__learning_rate=0.01, estimator__max_depth=14; total time=   0.0s
[CV] END estimator__colsample_bytree=0.8, estimator__learning_rate=0.01, estimator__max_depth=16; total time=   0.0s
[CV] END estimator__colsample_bytree=0.8, estimator__learning_rate=0.01, estimator__max_depth=18; total time=   0.0s
[CV] END estimator__colsample_bytree=0.8, estimator__learning_rate=0.2, estimator__max_depth=16; total time=   0.0s
[CV] END estimator__colsample_bytree=0.8, estimator__learning_rate=0.2, estimator__max_depth=18; total time=   0.0s
[CV] END estimator__colsample_bytree=0.8, estimator__learning_rate=0.5, estimator__max_depth=14; total time=   0.0s
[CV] END estimator__colsample_bytree=0.8, estimator__learning_rate=0.5, estimator__max_depth=18; total time=   0.0s
[CV] END estimator__colsample_bytree=0.8, estimator__learning_rate=0.3, estimator__max_depth=16; total time=   0.0s
[CV] END estimator__colsample_bytree=0.3, estimator__learning_rate=0.01, estimator__max_depth=14; total time=   0.0s
[CV] END estimator__colsample_bytree=0.3, estimator__learning_rate=0.5, estimator__max_depth=18; total time=   0.0s
[CV] END estimator__colsample_bytree=0.3, estimator__learning_rate=0.5, estimator__max_depth=18; total time=   0.0s
[CV] END estimator__colsample_bytree=0.3, estimator__learning_rate=0.5, estimator__max_depth=18; total time=   0.0s
[CV] END estimator__colsample_bytree=0.3, estimator__learning_rate=0.3, estimator__max_depth=14; total time=   0.0s
[CV] END estimator__colsample_bytree=0.3, estimator__learning_rate=0.3, estimator__max_depth=14; total time=   0.0s
[CV] END estimator__colsample_bytree=0.3, estimator__learning_rate=0.3, estimator__max_depth=14; total time=   0.0s
[CV] END estimator__colsample_bytree=0.3, estimator__learning_rate=0.3, estimator__max_depth=16; total time=   0.0s
[CV] END estimator__colsample_bytree=0.3, estimator__learning_rate=0.3, estimator__max_depth=18; total time=   0.0s
[CV] END estimator__colsample_bytree=0.3, estimator__learning_rate=0.3, estimator__max_depth=18; total time=   0.0s
[CV] END estimator__colsample_bytree=0.3, estimator__learning_rate=0.3, estimator__max_depth=18; total time=   0.0s
[CV] END estimator__colsample_bytree=0.5, estimator__learning_rate=0.01, estimator__max_depth=14; total time=   0.0s
[CV] END estimator__colsample_bytree=0.5, estimator__learning_rate=0.01, estimator__max_depth=14; total time=   0.0s
[CV] END estimator__colsample_bytree=0.5, estimator__learning_rate=0.01, estimator__max_depth=16; total time=   0.0s
[CV] END estimator__colsample_bytree=0.5, estimator__learning_rate=0.01, estimator__max_depth=16; total time=   0.0s
[CV] END estimator__colsample_bytree=0.5, estimator__learning_rate=0.01, estimator__max_depth=16; total time=   0.0s
[CV] END estimator__colsample_bytree=0.5, estimator__learning_rate=0.01, estimator__max_depth=16; total time=   0.0s
[CV] END estimator__colsample_bytree=0.5, estimator__learning_rate=0.2, estimator__max_depth=14; total time=   0.0s
[CV] END estimator__colsample_bytree=0.5, estimator__learning_rate=0.2, estimator__max_depth=14; total time=   0.0s
[CV] END estimator__colsample_bytree=0.5, estimator__learning_rate=0.2, estimator__max_depth=16; total time=   0.0s
[CV] END estimator__colsample_bytree=0.5, estimator__learning_rate=0.2, estimator__max_depth=18; total time=   0.0s
[CV] END estimator__colsample_bytree=0.5, estimator__learning_rate=0.5, estimator__max_depth=16; total time=   0.0s
[CV] END estimator__colsample_bytree=0.5, estimator__learning_rate=0.5, estimator__max_depth=18; total time=   0.0s
[CV] END estimator__colsample_bytree=0.5, estimator__learning_rate=0.3, estimator__max_depth=16; total time=   0.0s
[CV] END estimator__colsample_bytree=0.5, estimator__learning_rate=0.3, estimator__max_depth=16; total time=   0.0s
[CV] END estimator__colsample_bytree=0.8, estimator__learning_rate=0.01, estimator__max_depth=14; total time=   0.0s
[CV] END estimator__colsample_bytree=0.8, estimator__learning_rate=0.01, estimator__max_depth=16; total time=   0.0s
[CV] END estimator__colsample_bytree=0.8, estimator__learning_rate=0.2, estimator__max_depth=14; total time=   0.0s
[CV] END estimator__colsample_bytree=0.8, estimator__learning_rate=0.2, estimator__max_depth=16; total time=   0.0s
[CV] END estimator__colsample_bytree=0.8, estimator__learning_rate=0.5, estimator__max_depth=14; total time=   0.0s
[CV] END estimator__colsample_bytree=0.8, estimator__learning_rate=0.5, estimator__max_depth=16; total time=   0.0s
[CV] END estimator__colsample_bytree=0.8, estimator__learning_rate=0.3, estimator__max_depth=14; total time=   0.0s
[CV] END estimator__colsample_bytree=0.8, estimator__learning_rate=0.3, estimator__max_depth=16; total time=   0.0s
[CV] END estimator__colsample_bytree=0.3, estimator__learning_rate=0.01, estimator__max_depth=16; total time=   0.0s
[CV] END estimator__colsample_bytree=0.5, estimator__learning_rate=0.2, estimator__max_depth=18; total time=   0.0s
[CV] END estimator__colsample_bytree=0.5, estimator__learning_rate=0.2, estimator__max_depth=18; total time=   0.0s
[CV] END estimator__colsample_bytree=0.5, estimator__learning_rate=0.5, estimator__max_depth=16; total time=   0.0s
[CV] END estimator__colsample_bytree=0.5, estimator__learning_rate=0.5, estimator__max_depth=18; total time=   0.0s
[CV] END estimator__colsample_bytree=0.5, estimator__learning_rate=0.3, estimator__max_depth=14; total time=   0.0s
[CV] END estimator__colsample_bytree=0.5, estimator__learning_rate=0.3, estimator__max_depth=18; total time=   0.0s
[CV] END estimator__colsample_bytree=0.8, estimator__learning_rate=0.01, estimator__max_depth=14; total time=   0.0s
[CV] END estimator__colsample_bytree=0.8, estimator__learning_rate=0.01, estimator__max_depth=18; total time=   0.0s
[CV] END estimator__colsample_bytree=0.8, estimator__learning_rate=0.2, estimator__max_depth=14; total time=   0.0s
[CV] END estimator__colsample_bytree=0.8, estimator__learning_rate=0.2, estimator__max_depth=18; total time=   0.0s
[CV] END estimator__colsample_bytree=0.8, estimator__learning_rate=0.5, estimator__max_depth=14; total time=   0.0s
[CV] END estimator__colsample_bytree=0.8, estimator__learning_rate=0.5, estimator__max_depth=16; total time=   0.0s
[CV] END estimator__colsample_bytree=0.8, estimator__learning_rate=0.3, estimator__max_depth=14; total time=   0.0s
[CV] END estimator__colsample_bytree=0.8, estimator__learning_rate=0.3, estimator__max_depth=18; total time=   0.0s
[CV] END estimator__colsample_bytree=0.3, estimator__learning_rate=0.2, estimator__max_depth=16; total time=   0.0s
[CV] END estimator__colsample_bytree=0.8, estimator__learning_rate=0.5, estimator__max_depth=16; total time=   0.0s
[CV] END estimator__colsample_bytree=0.8, estimator__learning_rate=0.3, estimator__max_depth=14; total time=   0.0s
[CV] END estimator__colsample_bytree=0.8, estimator__learning_rate=0.3, estimator__max_depth=18; total time=   0.0s
[CV] END estimator__colsample_bytree=0.3, estimator__learning_rate=0.01, estimator__max_depth=18; total time=   0.0s
[CV] END estimator__colsample_bytree=0.5, estimator__learning_rate=0.5, estimator__max_depth=14; total time=   0.0s
[CV] END estimator__colsample_bytree=0.5, estimator__learning_rate=0.5, estimator__max_depth=14; total time=   0.0s
[CV] END estimator__colsample_bytree=0.5, estimator__learning_rate=0.5, estimator__max_depth=18; total time=   0.0s
[CV] END estimator__colsample_bytree=0.5, estimator__learning_rate=0.3, estimator__max_depth=14; total time=   0.0s
[CV] END estimator__colsample_bytree=0.5, estimator__learning_rate=0.3, estimator__max_depth=16; total time=   0.0s
[CV] END estimator__colsample_bytree=0.5, estimator__learning_rate=0.3, estimator__max_depth=18; total time=   0.0s
[CV] END estimator__colsample_bytree=0.8, estimator__learning_rate=0.01, estimator__max_depth=16; total time=   0.0s
[CV] END estimator__colsample_bytree=0.8, estimator__learning_rate=0.01, estimator__max_depth=18; total time=   0.0s
[CV] END estimator__colsample_bytree=0.8, estimator__learning_rate=0.2, estimator__max_depth=14; total time=   0.0s
[CV] END estimator__colsample_bytree=0.8, estimator__learning_rate=0.2, estimator__max_depth=16; total time=   0.0s
[CV] END estimator__colsample_bytree=0.8, estimator__learning_rate=0.2, estimator__max_depth=18; total time=   0.0s
[CV] END estimator__colsample_bytree=0.8, estimator__learning_rate=0.5, estimator__max_depth=16; total time=   0.0s
[CV] END estimator__colsample_bytree=0.8, estimator__learning_rate=0.3, estimator__max_depth=14; total time=   0.0s
[CV] END estimator__colsample_bytree=0.8, estimator__learning_rate=0.3, estimator__max_depth=18; total time=   0.0s
[CV] END estimator__colsample_bytree=0.3, estimator__learning_rate=0.01, estimator__max_depth=16; total time=   0.0s
[CV] END estimator__colsample_bytree=0.3, estimator__learning_rate=0.2, estimator__max_depth=16; total time=   0.0s
[CV] END estimator__colsample_bytree=0.3, estimator__learning_rate=0.2, estimator__max_depth=18; total time=   0.0s
[CV] END estimator__colsample_bytree=0.3, estimator__learning_rate=0.2, estimator__max_depth=18; total time=   0.0s
[CV] END estimator__colsample_bytree=0.3, estimator__learning_rate=0.2, estimator__max_depth=18; total time=   0.0s
[CV] END estimator__colsample_bytree=0.3, estimator__learning_rate=0.2, estimator__max_depth=18; total time=   0.0s
[CV] END estimator__colsample_bytree=0.3, estimator__learning_rate=0.2, estimator__max_depth=18; total time=   0.0s
[CV] END estimator__colsample_bytree=0.3, estimator__learning_rate=0.5, estimator__max_depth=14; total time=   0.0s
[CV] END estimator__colsample_bytree=0.3, estimator__learning_rate=0.5, estimator__max_depth=14; total time=   0.0s
[CV] END estimator__colsample_bytree=0.3, estimator__learning_rate=0.5, estimator__max_depth=14; total time=   0.0s
[CV] END estimator__colsample_bytree=0.3, estimator__learning_rate=0.5, estimator__max_depth=14; total time=   0.0s
[CV] END estimator__colsample_bytree=0.3, estimator__learning_rate=0.5, estimator__max_depth=14; total time=   0.0s
[CV] END estimator__colsample_bytree=0.3, estimator__learning_rate=0.5, estimator__max_depth=16; total time=   0.0s
[CV] END estimator__colsample_bytree=0.3, estimator__learning_rate=0.5, estimator__max_depth=16; total time=   0.0s
[CV] END estimator__colsample_bytree=0.3, estimator__learning_rate=0.5, estimator__max_depth=16; total time=   0.0s
[CV] END estimator__colsample_bytree=0.3, estimator__learning_rate=0.5, estimator__max_depth=16; total time=   0.0s
[CV] END estimator__colsample_bytree=0.3, estimator__learning_rate=0.5, estimator__max_depth=16; total time=   0.0s
[CV] END estimator__colsample_bytree=0.3, estimator__learning_rate=0.5, estimator__max_depth=18; total time=   0.0s
[CV] END estimator__colsample_bytree=0.3, estimator__learning_rate=0.5, estimator__max_depth=18; total time=   0.0s
[CV] END estimator__colsample_bytree=0.3, estimator__learning_rate=0.3, estimator__max_depth=14; total time=   0.0s
[CV] END estimator__colsample_bytree=0.3, estimator__learning_rate=0.3, estimator__max_depth=14; total time=   0.0s
[CV] END estimator__colsample_bytree=0.3, estimator__learning_rate=0.3, estimator__max_depth=16; total time=   0.0s
[CV] END estimator__colsample_bytree=0.3, estimator__learning_rate=0.3, estimator__max_depth=16; total time=   0.0s
[CV] END estimator__colsample_bytree=0.3, estimator__learning_rate=0.3, estimator__max_depth=16; total time=   0.0s
[CV] END estimator__colsample_bytree=0.3, estimator__learning_rate=0.3, estimator__max_depth=16; total time=   0.0s
[CV] END estimator__colsample_bytree=0.3, estimator__learning_rate=0.3, estimator__max_depth=18; total time=   0.0s
[CV] END estimator__colsample_bytree=0.3, estimator__learning_rate=0.3, estimator__max_depth=18; total time=   0.0s
[CV] END estimator__colsample_bytree=0.5, estimator__learning_rate=0.01, estimator__max_depth=14; total time=   0.0s
[CV] END estimator__colsample_bytree=0.5, estimator__learning_rate=0.01, estimator__max_depth=14; total time=   0.0s
[CV] END estimator__colsample_bytree=0.5, estimator__learning_rate=0.01, estimator__max_depth=14; total time=   0.0s
[CV] END estimator__colsample_bytree=0.5, estimator__learning_rate=0.01, estimator__max_depth=16; total time=   0.0s
[CV] END estimator__colsample_bytree=0.5, estimator__learning_rate=0.01, estimator__max_depth=18; total time=   0.0s
[CV] END estimator__colsample_bytree=0.5, estimator__learning_rate=0.01, estimator__max_depth=18; total time=   0.0s
[CV] END estimator__colsample_bytree=0.5, estimator__learning_rate=0.2, estimator__max_depth=14; total time=   0.0s
[CV] END estimator__colsample_bytree=0.5, estimator__learning_rate=0.2, estimator__max_depth=14; total time=   0.0s
[CV] END estimator__colsample_bytree=0.5, estimator__learning_rate=0.2, estimator__max_depth=18; total time=   0.0s
[CV] END estimator__colsample_bytree=0.5, estimator__learning_rate=0.2, estimator__max_depth=18; total time=   0.0s
[CV] END estimator__colsample_bytree=0.5, estimator__learning_rate=0.5, estimator__max_depth=16; total time=   0.0s
[CV] END estimator__colsample_bytree=0.5, estimator__learning_rate=0.5, estimator__max_depth=18; total time=   0.0s
[CV] END estimator__colsample_bytree=0.5, estimator__learning_rate=0.3, estimator__max_depth=14; total time=   0.0s
[CV] END estimator__colsample_bytree=0.5, estimator__learning_rate=0.3, estimator__max_depth=18; total time=   0.0s
[CV] END estimator__colsample_bytree=0.8, estimator__learning_rate=0.01, estimator__max_depth=14; total time=   0.0s
[CV] END estimator__colsample_bytree=0.8, estimator__learning_rate=0.01, estimator__max_depth=16; total time=   0.0s
[CV] END estimator__colsample_bytree=0.8, estimator__learning_rate=0.2, estimator__max_depth=14; total time=   0.0s
[CV] END estimator__colsample_bytree=0.8, estimator__learning_rate=0.2, estimator__max_depth=16; total time=   0.0s
[CV] END estimator__colsample_bytree=0.8, estimator__learning_rate=0.5, estimator__max_depth=14; total time=   0.0s
[CV] END estimator__colsample_bytree=0.8, estimator__learning_rate=0.5, estimator__max_depth=18; total time=   0.0s
[CV] END estimator__colsample_bytree=0.8, estimator__learning_rate=0.3, estimator__max_depth=14; total time=   0.0s
[CV] END estimator__colsample_bytree=0.8, estimator__learning_rate=0.3, estimator__max_depth=18; total time=   0.0s
[CV] END estimator__colsample_bytree=0.3, estimator__learning_rate=0.01, estimator__max_depth=14; total time=   0.0s
[CV] END estimator__colsample_bytree=0.5, estimator__learning_rate=0.01, estimator__max_depth=18; total time=   0.0s
[CV] END estimator__colsample_bytree=0.5, estimator__learning_rate=0.2, estimator__max_depth=14; total time=   0.0s
[CV] END estimator__colsample_bytree=0.5, estimator__learning_rate=0.2, estimator__max_depth=16; total time=   0.0s
[CV] END estimator__colsample_bytree=0.5, estimator__learning_rate=0.2, estimator__max_depth=16; total time=   0.0s
[CV] END estimator__colsample_bytree=0.5, estimator__learning_rate=0.5, estimator__max_depth=14; total time=   0.0s
[CV] END estimator__colsample_bytree=0.5, estimator__learning_rate=0.5, estimator__max_depth=16; total time=   0.0s
[CV] END estimator__colsample_bytree=0.5, estimator__learning_rate=0.5, estimator__max_depth=18; total time=   0.0s
[CV] END estimator__colsample_bytree=0.5, estimator__learning_rate=0.3, estimator__max_depth=14; total time=   0.0s
[CV] END estimator__colsample_bytree=0.5, estimator__learning_rate=0.3, estimator__max_depth=16; total time=   0.0s
[CV] END estimator__colsample_bytree=0.5, estimator__learning_rate=0.3, estimator__max_depth=18; total time=   0.0s
[CV] END estimator__colsample_bytree=0.8, estimator__learning_rate=0.01, estimator__max_depth=16; total time=   0.0s
[CV] END estimator__colsample_bytree=0.8, estimator__learning_rate=0.01, estimator__max_depth=18; total time=   0.0s
[CV] END estimator__colsample_bytree=0.8, estimator__learning_rate=0.2, estimator__max_depth=16; total time=   0.0s
[CV] END estimator__colsample_bytree=0.8, estimator__learning_rate=0.2, estimator__max_depth=18; total time=   0.0s
[CV] END estimator__colsample_bytree=0.8, estimator__learning_rate=0.5, estimator__max_depth=16; total time=   0.0s
[CV] END estimator__colsample_bytree=0.8, estimator__learning_rate=0.5, estimator__max_depth=18; total time=   0.0s
[CV] END estimator__colsample_bytree=0.8, estimator__learning_rate=0.3, estimator__max_depth=16; total time=   0.0s
[CV] END estimator__colsample_bytree=0.8, estimator__learning_rate=0.3, estimator__max_depth=18; total time=   0.0s
[CV] END estimator__colsample_bytree=0.3, estimator__learning_rate=0.2, estimator__max_depth=16; total time=   0.0s
[CV] END estimator__colsample_bytree=0.3, estimator__learning_rate=0.01, estimator__max_depth=14; total time=   0.0s
[CV] END estimator__colsample_bytree=0.3, estimator__learning_rate=0.2, estimator__max_depth=16; total time=   0.0s
[CV] END estimator__colsample_bytree=0.3, estimator__learning_rate=0.01, estimator__max_depth=18; total time=   0.0s
[CV] END estimator__colsample_bytree=0.3, estimator__learning_rate=0.01, estimator__max_depth=16; total time=   0.0s
[CV] END estimator__colsample_bytree=0.3, estimator__learning_rate=0.2, estimator__max_depth=14; total time=   0.0s
[CV] END estimator__colsample_bytree=0.3, estimator__learning_rate=0.2, estimator__max_depth=16; total time=   0.1s
[CV] END estimator__colsample_bytree=0.3, estimator__learning_rate=0.01, estimator__max_depth=16; total time=   0.1s
[CV] END estimator__colsample_bytree=0.3, estimator__learning_rate=0.2, estimator__max_depth=14; total time=   0.1s
[CV] END estimator__colsample_bytree=0.3, estimator__learning_rate=0.01, estimator__max_depth=18; total time=   0.1s
[CV] END estimator__colsample_bytree=0.3, estimator__learning_rate=0.2, estimator__max_depth=14; total time=   0.1s
[CV] END estimator__colsample_bytree=0.3, estimator__learning_rate=0.2, estimator__max_depth=14; total time=   0.1s
[CV] END estimator__colsample_bytree=0.3, estimator__learning_rate=0.01, estimator__max_depth=18; total time=   0.2s
[CV] END estimator__colsample_bytree=0.3, estimator__learning_rate=0.2, estimator__max_depth=14; total time=   0.2s
[CV] END estimator__colsample_bytree=0.3, estimator__learning_rate=0.01, estimator__max_depth=16; total time=   0.1s
