W0419 07:21:31.327000 16212 site-packages\torch\utils\flop_counter.py:29] triton not found; flop counting will not work for triton kernels
[INFO] Loading exact-paper config | config\paper_reimplementation\rcim_ml_compensation\exact_model_bank\campaigns\2026-04-19_track1_xgbm_residual_cellwise_closure_campaign\059_track1_xgbm_amplitude_240_closure_attempt_05.yaml
[INFO] Exact-paper output directory | output/validation_checks/paper_reimplementation_rcim_exact_model_bank/2026-04-19-07-21-31__track1_xgbm_amplitude_240_closure_attempt_05_campaign_run
[INFO] Building exact-paper dataset bundle
[INFO] Exact-paper dataset ready | rows=969 targets=1 families=1 scope_mode=amplitudes_only
[INFO] Exact-paper target scope | kinds=ampl harmonics=240 preview=fft_y_Fw_filtered_ampl_240
[INFO] Exact-paper search settings | mode=paper_reference_grid_search grid_search_n_jobs=24 grid_search_verbose=2 grid_search_pre_dispatch=24 families=XGBM
[INFO] Fitting family bank | XGBM
[INFO] Family fit started | family=XGBM estimator=XGBRegressor targets=1 threadpool_limit=1 joblib_cpu_limit=system_default os_cpu_count=32
[INFO] Family target scope | family=XGBM kinds=ampl harmonics=240 preview=fft_y_Fw_filtered_ampl_240
[INFO] Grid search configured | family=XGBM candidates=36 parameter_count=3 n_jobs=24 verbose=2 pre_dispatch=24
W0419 07:21:37.996000 36920 site-packages\torch\utils\flop_counter.py:29] triton not found; flop counting will not work for triton kernels
W0419 07:21:38.305000 35644 site-packages\torch\utils\flop_counter.py:29] triton not found; flop counting will not work for triton kernels
W0419 07:21:38.338000 7476 site-packages\torch\utils\flop_counter.py:29] triton not found; flop counting will not work for triton kernels
W0419 07:21:38.407000 37000 site-packages\torch\utils\flop_counter.py:29] triton not found; flop counting will not work for triton kernels
W0419 07:21:38.429000 35136 site-packages\torch\utils\flop_counter.py:29] triton not found; flop counting will not work for triton kernels
W0419 07:21:38.500000 23212 site-packages\torch\utils\flop_counter.py:29] triton not found; flop counting will not work for triton kernels
W0419 07:21:38.503000 18444 site-packages\torch\utils\flop_counter.py:29] triton not found; flop counting will not work for triton kernels
W0419 07:21:38.564000 18084 site-packages\torch\utils\flop_counter.py:29] triton not found; flop counting will not work for triton kernels
W0419 07:21:38.572000 12404 site-packages\torch\utils\flop_counter.py:29] triton not found; flop counting will not work for triton kernels
W0419 07:21:38.651000 36968 site-packages\torch\utils\flop_counter.py:29] triton not found; flop counting will not work for triton kernels
W0419 07:21:38.693000 28692 site-packages\torch\utils\flop_counter.py:29] triton not found; flop counting will not work for triton kernels
W0419 07:21:38.892000 18088 site-packages\torch\utils\flop_counter.py:29] triton not found; flop counting will not work for triton kernels
W0419 07:21:38.902000 6956 site-packages\torch\utils\flop_counter.py:29] triton not found; flop counting will not work for triton kernels
W0419 07:21:38.954000 33692 site-packages\torch\utils\flop_counter.py:29] triton not found; flop counting will not work for triton kernels
W0419 07:21:38.998000 37656 site-packages\torch\utils\flop_counter.py:29] triton not found; flop counting will not work for triton kernels
W0419 07:21:39.004000 33848 site-packages\torch\utils\flop_counter.py:29] triton not found; flop counting will not work for triton kernels
W0419 07:21:39.014000 33332 site-packages\torch\utils\flop_counter.py:29] triton not found; flop counting will not work for triton kernels
W0419 07:21:39.024000 27084 site-packages\torch\utils\flop_counter.py:29] triton not found; flop counting will not work for triton kernels
W0419 07:21:39.029000 20284 site-packages\torch\utils\flop_counter.py:29] triton not found; flop counting will not work for triton kernels
W0419 07:21:39.035000 17388 site-packages\torch\utils\flop_counter.py:29] triton not found; flop counting will not work for triton kernels
W0419 07:21:39.035000 29988 site-packages\torch\utils\flop_counter.py:29] triton not found; flop counting will not work for triton kernels
W0419 07:21:39.037000 16696 site-packages\torch\utils\flop_counter.py:29] triton not found; flop counting will not work for triton kernels
W0419 07:21:39.044000 20236 site-packages\torch\utils\flop_counter.py:29] triton not found; flop counting will not work for triton kernels
W0419 07:21:39.044000 29660 site-packages\torch\utils\flop_counter.py:29] triton not found; flop counting will not work for triton kernels
Fitting 5 folds for each of 36 candidates, totalling 180 fits
[DONE] Family fit complete | family=XGBM elapsed=8.06s best_score=0.7275455951690674 best_params={'estimator__colsample_bytree': 0.8, 'estimator__learning_rate': 0.3, 'estimator__max_depth': 14}
[INFO] Evaluating family bank
[INFO] Family evaluation started | family=XGBM targets=1
[DONE] Family evaluation complete | family=XGBM elapsed=0.00s mean_component_mape=76.723% mean_component_mae=0.000171
[INFO] Evaluation complete | winner=XGBM mean_component_mape=76.723%
[INFO] Exporting ONNX family bank
[INFO] Family ONNX export started | family=XGBM targets=1 estimator=XGBRegressor
[WARN] Target ONNX export failed | family=XGBM target=fft_y_Fw_filtered_ampl_240 error='NoneType' object is not callable
[DONE] Family ONNX export complete | family=XGBM elapsed=0.00s exported=0 failed=1
[INFO] ONNX export complete | exported=0 failed=1
[DONE] Exact paper validation summary written | output/validation_checks/paper_reimplementation_rcim_exact_model_bank/2026-04-19-07-21-31__track1_xgbm_amplitude_240_closure_attempt_05_campaign_run/validation_summary.yaml
[DONE] Exact paper Markdown report written | doc/reports/analysis/validation_checks/2026-04-19-07-21-39_paper_reimplementation_rcim_exact_model_bank_track1_xgbm_amplitude_240_closure_attempt_05_campaign_run_exact_paper_model_bank_report.md
[CV] END estimator__colsample_bytree=0.3, estimator__learning_rate=0.01, estimator__max_depth=18; total time=   0.0s
[CV] END estimator__colsample_bytree=0.5, estimator__learning_rate=0.2, estimator__max_depth=14; total time=   0.0s
[CV] END estimator__colsample_bytree=0.5, estimator__learning_rate=0.2, estimator__max_depth=14; total time=   0.0s
[CV] END estimator__colsample_bytree=0.5, estimator__learning_rate=0.5, estimator__max_depth=14; total time=   0.0s
[CV] END estimator__colsample_bytree=0.5, estimator__learning_rate=0.5, estimator__max_depth=14; total time=   0.0s
[CV] END estimator__colsample_bytree=0.5, estimator__learning_rate=0.5, estimator__max_depth=18; total time=   0.0s
[CV] END estimator__colsample_bytree=0.5, estimator__learning_rate=0.5, estimator__max_depth=18; total time=   0.0s
[CV] END estimator__colsample_bytree=0.5, estimator__learning_rate=0.3, estimator__max_depth=18; total time=   0.0s
[CV] END estimator__colsample_bytree=0.5, estimator__learning_rate=0.3, estimator__max_depth=18; total time=   0.0s
[CV] END estimator__colsample_bytree=0.8, estimator__learning_rate=0.01, estimator__max_depth=16; total time=   0.0s
[CV] END estimator__colsample_bytree=0.8, estimator__learning_rate=0.01, estimator__max_depth=18; total time=   0.0s
[CV] END estimator__colsample_bytree=0.8, estimator__learning_rate=0.2, estimator__max_depth=16; total time=   0.0s
[CV] END estimator__colsample_bytree=0.8, estimator__learning_rate=0.2, estimator__max_depth=18; total time=   0.0s
[CV] END estimator__colsample_bytree=0.8, estimator__learning_rate=0.5, estimator__max_depth=18; total time=   0.0s
[CV] END estimator__colsample_bytree=0.8, estimator__learning_rate=0.3, estimator__max_depth=16; total time=   0.0s
[CV] END estimator__colsample_bytree=0.3, estimator__learning_rate=0.01, estimator__max_depth=14; total time=   0.0s
[CV] END estimator__colsample_bytree=0.3, estimator__learning_rate=0.3, estimator__max_depth=14; total time=   0.0s
[CV] END estimator__colsample_bytree=0.3, estimator__learning_rate=0.3, estimator__max_depth=16; total time=   0.0s
[CV] END estimator__colsample_bytree=0.3, estimator__learning_rate=0.3, estimator__max_depth=16; total time=   0.0s
[CV] END estimator__colsample_bytree=0.3, estimator__learning_rate=0.3, estimator__max_depth=18; total time=   0.0s
[CV] END estimator__colsample_bytree=0.3, estimator__learning_rate=0.3, estimator__max_depth=18; total time=   0.0s
[CV] END estimator__colsample_bytree=0.5, estimator__learning_rate=0.01, estimator__max_depth=14; total time=   0.0s
[CV] END estimator__colsample_bytree=0.5, estimator__learning_rate=0.01, estimator__max_depth=16; total time=   0.0s
[CV] END estimator__colsample_bytree=0.5, estimator__learning_rate=0.01, estimator__max_depth=18; total time=   0.0s
[CV] END estimator__colsample_bytree=0.5, estimator__learning_rate=0.2, estimator__max_depth=14; total time=   0.0s
[CV] END estimator__colsample_bytree=0.5, estimator__learning_rate=0.2, estimator__max_depth=14; total time=   0.0s
[CV] END estimator__colsample_bytree=0.5, estimator__learning_rate=0.2, estimator__max_depth=16; total time=   0.0s
[CV] END estimator__colsample_bytree=0.5, estimator__learning_rate=0.2, estimator__max_depth=16; total time=   0.0s
[CV] END estimator__colsample_bytree=0.5, estimator__learning_rate=0.5, estimator__max_depth=14; total time=   0.0s
[CV] END estimator__colsample_bytree=0.5, estimator__learning_rate=0.5, estimator__max_depth=14; total time=   0.0s
[CV] END estimator__colsample_bytree=0.5, estimator__learning_rate=0.3, estimator__max_depth=14; total time=   0.0s
[CV] END estimator__colsample_bytree=0.5, estimator__learning_rate=0.3, estimator__max_depth=14; total time=   0.0s
[CV] END estimator__colsample_bytree=0.8, estimator__learning_rate=0.01, estimator__max_depth=14; total time=   0.0s
[CV] END estimator__colsample_bytree=0.8, estimator__learning_rate=0.01, estimator__max_depth=16; total time=   0.0s
[CV] END estimator__colsample_bytree=0.8, estimator__learning_rate=0.2, estimator__max_depth=14; total time=   0.0s
[CV] END estimator__colsample_bytree=0.8, estimator__learning_rate=0.2, estimator__max_depth=18; total time=   0.0s
[CV] END estimator__colsample_bytree=0.8, estimator__learning_rate=0.5, estimator__max_depth=16; total time=   0.0s
[CV] END estimator__colsample_bytree=0.8, estimator__learning_rate=0.5, estimator__max_depth=18; total time=   0.0s
[CV] END estimator__colsample_bytree=0.8, estimator__learning_rate=0.3, estimator__max_depth=16; total time=   0.0s
[CV] END estimator__colsample_bytree=0.3, estimator__learning_rate=0.01, estimator__max_depth=16; total time=   0.0s
[CV] END estimator__colsample_bytree=0.3, estimator__learning_rate=0.2, estimator__max_depth=16; total time=   0.0s
[CV] END estimator__colsample_bytree=0.3, estimator__learning_rate=0.2, estimator__max_depth=18; total time=   0.0s
[CV] END estimator__colsample_bytree=0.3, estimator__learning_rate=0.2, estimator__max_depth=18; total time=   0.0s
[CV] END estimator__colsample_bytree=0.3, estimator__learning_rate=0.2, estimator__max_depth=18; total time=   0.0s
[CV] END estimator__colsample_bytree=0.3, estimator__learning_rate=0.2, estimator__max_depth=18; total time=   0.0s
[CV] END estimator__colsample_bytree=0.3, estimator__learning_rate=0.2, estimator__max_depth=18; total time=   0.0s
[CV] END estimator__colsample_bytree=0.3, estimator__learning_rate=0.5, estimator__max_depth=14; total time=   0.0s
[CV] END estimator__colsample_bytree=0.3, estimator__learning_rate=0.5, estimator__max_depth=14; total time=   0.0s
[CV] END estimator__colsample_bytree=0.3, estimator__learning_rate=0.5, estimator__max_depth=14; total time=   0.0s
[CV] END estimator__colsample_bytree=0.3, estimator__learning_rate=0.5, estimator__max_depth=14; total time=   0.0s
[CV] END estimator__colsample_bytree=0.3, estimator__learning_rate=0.5, estimator__max_depth=14; total time=   0.0s
[CV] END estimator__colsample_bytree=0.3, estimator__learning_rate=0.5, estimator__max_depth=16; total time=   0.0s
[CV] END estimator__colsample_bytree=0.3, estimator__learning_rate=0.5, estimator__max_depth=16; total time=   0.0s
[CV] END estimator__colsample_bytree=0.3, estimator__learning_rate=0.5, estimator__max_depth=16; total time=   0.0s
[CV] END estimator__colsample_bytree=0.3, estimator__learning_rate=0.5, estimator__max_depth=16; total time=   0.0s
[CV] END estimator__colsample_bytree=0.3, estimator__learning_rate=0.5, estimator__max_depth=16; total time=   0.0s
[CV] END estimator__colsample_bytree=0.3, estimator__learning_rate=0.5, estimator__max_depth=18; total time=   0.0s
[CV] END estimator__colsample_bytree=0.3, estimator__learning_rate=0.5, estimator__max_depth=18; total time=   0.0s
[CV] END estimator__colsample_bytree=0.3, estimator__learning_rate=0.5, estimator__max_depth=18; total time=   0.0s
[CV] END estimator__colsample_bytree=0.3, estimator__learning_rate=0.5, estimator__max_depth=18; total time=   0.0s
[CV] END estimator__colsample_bytree=0.3, estimator__learning_rate=0.5, estimator__max_depth=18; total time=   0.0s
[CV] END estimator__colsample_bytree=0.3, estimator__learning_rate=0.3, estimator__max_depth=14; total time=   0.0s
[CV] END estimator__colsample_bytree=0.3, estimator__learning_rate=0.3, estimator__max_depth=14; total time=   0.0s
[CV] END estimator__colsample_bytree=0.3, estimator__learning_rate=0.3, estimator__max_depth=14; total time=   0.0s
[CV] END estimator__colsample_bytree=0.3, estimator__learning_rate=0.3, estimator__max_depth=14; total time=   0.0s
[CV] END estimator__colsample_bytree=0.3, estimator__learning_rate=0.3, estimator__max_depth=16; total time=   0.0s
[CV] END estimator__colsample_bytree=0.3, estimator__learning_rate=0.3, estimator__max_depth=16; total time=   0.0s
[CV] END estimator__colsample_bytree=0.3, estimator__learning_rate=0.3, estimator__max_depth=18; total time=   0.0s
[CV] END estimator__colsample_bytree=0.5, estimator__learning_rate=0.01, estimator__max_depth=14; total time=   0.0s
[CV] END estimator__colsample_bytree=0.5, estimator__learning_rate=0.01, estimator__max_depth=14; total time=   0.0s
[CV] END estimator__colsample_bytree=0.5, estimator__learning_rate=0.01, estimator__max_depth=16; total time=   0.0s
[CV] END estimator__colsample_bytree=0.5, estimator__learning_rate=0.01, estimator__max_depth=18; total time=   0.0s
[CV] END estimator__colsample_bytree=0.5, estimator__learning_rate=0.2, estimator__max_depth=16; total time=   0.0s
[CV] END estimator__colsample_bytree=0.5, estimator__learning_rate=0.2, estimator__max_depth=16; total time=   0.0s
[CV] END estimator__colsample_bytree=0.5, estimator__learning_rate=0.2, estimator__max_depth=18; total time=   0.0s
[CV] END estimator__colsample_bytree=0.5, estimator__learning_rate=0.2, estimator__max_depth=18; total time=   0.0s
[CV] END estimator__colsample_bytree=0.5, estimator__learning_rate=0.5, estimator__max_depth=16; total time=   0.0s
[CV] END estimator__colsample_bytree=0.5, estimator__learning_rate=0.5, estimator__max_depth=16; total time=   0.0s
[CV] END estimator__colsample_bytree=0.5, estimator__learning_rate=0.3, estimator__max_depth=16; total time=   0.0s
[CV] END estimator__colsample_bytree=0.5, estimator__learning_rate=0.3, estimator__max_depth=18; total time=   0.0s
[CV] END estimator__colsample_bytree=0.8, estimator__learning_rate=0.01, estimator__max_depth=14; total time=   0.0s
[CV] END estimator__colsample_bytree=0.8, estimator__learning_rate=0.01, estimator__max_depth=18; total time=   0.0s
[CV] END estimator__colsample_bytree=0.8, estimator__learning_rate=0.2, estimator__max_depth=16; total time=   0.0s
[CV] END estimator__colsample_bytree=0.8, estimator__learning_rate=0.5, estimator__max_depth=14; total time=   0.0s
[CV] END estimator__colsample_bytree=0.8, estimator__learning_rate=0.5, estimator__max_depth=18; total time=   0.0s
[CV] END estimator__colsample_bytree=0.8, estimator__learning_rate=0.3, estimator__max_depth=16; total time=   0.0s
[CV] END estimator__colsample_bytree=0.3, estimator__learning_rate=0.01, estimator__max_depth=18; total time=   0.0s
[CV] END estimator__colsample_bytree=0.8, estimator__learning_rate=0.3, estimator__max_depth=18; total time=   0.0s
[CV] END estimator__colsample_bytree=0.3, estimator__learning_rate=0.01, estimator__max_depth=14; total time=   0.0s
[CV] END estimator__colsample_bytree=0.5, estimator__learning_rate=0.01, estimator__max_depth=16; total time=   0.0s
[CV] END estimator__colsample_bytree=0.5, estimator__learning_rate=0.01, estimator__max_depth=16; total time=   0.0s
[CV] END estimator__colsample_bytree=0.5, estimator__learning_rate=0.01, estimator__max_depth=18; total time=   0.0s
[CV] END estimator__colsample_bytree=0.5, estimator__learning_rate=0.01, estimator__max_depth=18; total time=   0.0s
[CV] END estimator__colsample_bytree=0.5, estimator__learning_rate=0.2, estimator__max_depth=16; total time=   0.0s
[CV] END estimator__colsample_bytree=0.5, estimator__learning_rate=0.2, estimator__max_depth=18; total time=   0.0s
[CV] END estimator__colsample_bytree=0.5, estimator__learning_rate=0.5, estimator__max_depth=16; total time=   0.0s
[CV] END estimator__colsample_bytree=0.5, estimator__learning_rate=0.5, estimator__max_depth=16; total time=   0.0s
[CV] END estimator__colsample_bytree=0.5, estimator__learning_rate=0.3, estimator__max_depth=16; total time=   0.0s
[CV] END estimator__colsample_bytree=0.5, estimator__learning_rate=0.3, estimator__max_depth=16; total time=   0.0s
[CV] END estimator__colsample_bytree=0.8, estimator__learning_rate=0.01, estimator__max_depth=14; total time=   0.0s
[CV] END estimator__colsample_bytree=0.8, estimator__learning_rate=0.01, estimator__max_depth=18; total time=   0.0s
[CV] END estimator__colsample_bytree=0.8, estimator__learning_rate=0.2, estimator__max_depth=16; total time=   0.0s
[CV] END estimator__colsample_bytree=0.8, estimator__learning_rate=0.5, estimator__max_depth=14; total time=   0.0s
[CV] END estimator__colsample_bytree=0.8, estimator__learning_rate=0.5, estimator__max_depth=18; total time=   0.0s
[CV] END estimator__colsample_bytree=0.8, estimator__learning_rate=0.3, estimator__max_depth=16; total time=   0.0s
[CV] END estimator__colsample_bytree=0.3, estimator__learning_rate=0.01, estimator__max_depth=16; total time=   0.0s
[CV] END estimator__colsample_bytree=0.8, estimator__learning_rate=0.01, estimator__max_depth=16; total time=   0.0s
[CV] END estimator__colsample_bytree=0.8, estimator__learning_rate=0.2, estimator__max_depth=14; total time=   0.0s
[CV] END estimator__colsample_bytree=0.8, estimator__learning_rate=0.2, estimator__max_depth=16; total time=   0.0s
[CV] END estimator__colsample_bytree=0.8, estimator__learning_rate=0.5, estimator__max_depth=14; total time=   0.0s
[CV] END estimator__colsample_bytree=0.8, estimator__learning_rate=0.5, estimator__max_depth=16; total time=   0.0s
[CV] END estimator__colsample_bytree=0.8, estimator__learning_rate=0.3, estimator__max_depth=14; total time=   0.0s
[CV] END estimator__colsample_bytree=0.8, estimator__learning_rate=0.3, estimator__max_depth=18; total time=   0.0s
[CV] END estimator__colsample_bytree=0.3, estimator__learning_rate=0.01, estimator__max_depth=14; total time=   0.0s
[CV] END estimator__colsample_bytree=0.5, estimator__learning_rate=0.5, estimator__max_depth=18; total time=   0.0s
[CV] END estimator__colsample_bytree=0.5, estimator__learning_rate=0.5, estimator__max_depth=18; total time=   0.0s
[CV] END estimator__colsample_bytree=0.5, estimator__learning_rate=0.3, estimator__max_depth=18; total time=   0.0s
[CV] END estimator__colsample_bytree=0.5, estimator__learning_rate=0.3, estimator__max_depth=18; total time=   0.0s
[CV] END estimator__colsample_bytree=0.8, estimator__learning_rate=0.2, estimator__max_depth=14; total time=   0.0s
[CV] END estimator__colsample_bytree=0.8, estimator__learning_rate=0.2, estimator__max_depth=18; total time=   0.0s
[CV] END estimator__colsample_bytree=0.8, estimator__learning_rate=0.5, estimator__max_depth=16; total time=   0.0s
[CV] END estimator__colsample_bytree=0.8, estimator__learning_rate=0.3, estimator__max_depth=14; total time=   0.0s
[CV] END estimator__colsample_bytree=0.8, estimator__learning_rate=0.3, estimator__max_depth=16; total time=   0.0s
[CV] END estimator__colsample_bytree=0.3, estimator__learning_rate=0.01, estimator__max_depth=14; total time=   0.0s
[CV] END estimator__colsample_bytree=0.5, estimator__learning_rate=0.5, estimator__max_depth=18; total time=   0.0s
[CV] END estimator__colsample_bytree=0.5, estimator__learning_rate=0.3, estimator__max_depth=14; total time=   0.0s
[CV] END estimator__colsample_bytree=0.5, estimator__learning_rate=0.3, estimator__max_depth=16; total time=   0.0s
[CV] END estimator__colsample_bytree=0.5, estimator__learning_rate=0.3, estimator__max_depth=16; total time=   0.0s
[CV] END estimator__colsample_bytree=0.8, estimator__learning_rate=0.01, estimator__max_depth=14; total time=   0.0s
[CV] END estimator__colsample_bytree=0.8, estimator__learning_rate=0.01, estimator__max_depth=18; total time=   0.0s
[CV] END estimator__colsample_bytree=0.8, estimator__learning_rate=0.2, estimator__max_depth=16; total time=   0.0s
[CV] END estimator__colsample_bytree=0.8, estimator__learning_rate=0.5, estimator__max_depth=14; total time=   0.0s
[CV] END estimator__colsample_bytree=0.8, estimator__learning_rate=0.3, estimator__max_depth=14; total time=   0.0s
[CV] END estimator__colsample_bytree=0.8, estimator__learning_rate=0.3, estimator__max_depth=18; total time=   0.0s
[CV] END estimator__colsample_bytree=0.3, estimator__learning_rate=0.01, estimator__max_depth=16; total time=   0.0s
[CV] END estimator__colsample_bytree=0.8, estimator__learning_rate=0.01, estimator__max_depth=16; total time=   0.0s
[CV] END estimator__colsample_bytree=0.8, estimator__learning_rate=0.01, estimator__max_depth=18; total time=   0.0s
[CV] END estimator__colsample_bytree=0.8, estimator__learning_rate=0.2, estimator__max_depth=14; total time=   0.0s
[CV] END estimator__colsample_bytree=0.8, estimator__learning_rate=0.2, estimator__max_depth=18; total time=   0.0s
[CV] END estimator__colsample_bytree=0.8, estimator__learning_rate=0.5, estimator__max_depth=14; total time=   0.0s
[CV] END estimator__colsample_bytree=0.8, estimator__learning_rate=0.5, estimator__max_depth=16; total time=   0.0s
[CV] END estimator__colsample_bytree=0.8, estimator__learning_rate=0.5, estimator__max_depth=18; total time=   0.0s
[CV] END estimator__colsample_bytree=0.8, estimator__learning_rate=0.3, estimator__max_depth=14; total time=   0.0s
[CV] END estimator__colsample_bytree=0.8, estimator__learning_rate=0.3, estimator__max_depth=18; total time=   0.0s
[CV] END estimator__colsample_bytree=0.3, estimator__learning_rate=0.01, estimator__max_depth=16; total time=   0.0s
[CV] END estimator__colsample_bytree=0.3, estimator__learning_rate=0.3, estimator__max_depth=16; total time=   0.0s
[CV] END estimator__colsample_bytree=0.3, estimator__learning_rate=0.3, estimator__max_depth=18; total time=   0.0s
[CV] END estimator__colsample_bytree=0.3, estimator__learning_rate=0.3, estimator__max_depth=18; total time=   0.0s
[CV] END estimator__colsample_bytree=0.5, estimator__learning_rate=0.01, estimator__max_depth=14; total time=   0.0s
[CV] END estimator__colsample_bytree=0.5, estimator__learning_rate=0.01, estimator__max_depth=14; total time=   0.0s
[CV] END estimator__colsample_bytree=0.5, estimator__learning_rate=0.01, estimator__max_depth=16; total time=   0.0s
[CV] END estimator__colsample_bytree=0.5, estimator__learning_rate=0.01, estimator__max_depth=18; total time=   0.0s
[CV] END estimator__colsample_bytree=0.5, estimator__learning_rate=0.2, estimator__max_depth=14; total time=   0.0s
[CV] END estimator__colsample_bytree=0.5, estimator__learning_rate=0.2, estimator__max_depth=18; total time=   0.0s
[CV] END estimator__colsample_bytree=0.5, estimator__learning_rate=0.2, estimator__max_depth=18; total time=   0.0s
[CV] END estimator__colsample_bytree=0.5, estimator__learning_rate=0.5, estimator__max_depth=14; total time=   0.0s
[CV] END estimator__colsample_bytree=0.5, estimator__learning_rate=0.5, estimator__max_depth=16; total time=   0.0s
[CV] END estimator__colsample_bytree=0.5, estimator__learning_rate=0.3, estimator__max_depth=14; total time=   0.0s
[CV] END estimator__colsample_bytree=0.5, estimator__learning_rate=0.3, estimator__max_depth=14; total time=   0.0s
[CV] END estimator__colsample_bytree=0.8, estimator__learning_rate=0.01, estimator__max_depth=14; total time=   0.0s
[CV] END estimator__colsample_bytree=0.8, estimator__learning_rate=0.01, estimator__max_depth=16; total time=   0.0s
[CV] END estimator__colsample_bytree=0.8, estimator__learning_rate=0.2, estimator__max_depth=14; total time=   0.0s
[CV] END estimator__colsample_bytree=0.8, estimator__learning_rate=0.2, estimator__max_depth=18; total time=   0.0s
[CV] END estimator__colsample_bytree=0.8, estimator__learning_rate=0.5, estimator__max_depth=16; total time=   0.0s
[CV] END estimator__colsample_bytree=0.8, estimator__learning_rate=0.3, estimator__max_depth=14; total time=   0.0s
[CV] END estimator__colsample_bytree=0.8, estimator__learning_rate=0.3, estimator__max_depth=18; total time=   0.0s
[CV] END estimator__colsample_bytree=0.3, estimator__learning_rate=0.01, estimator__max_depth=18; total time=   0.0s
[CV] END estimator__colsample_bytree=0.3, estimator__learning_rate=0.2, estimator__max_depth=14; total time=   0.0s
[CV] END estimator__colsample_bytree=0.3, estimator__learning_rate=0.01, estimator__max_depth=16; total time=   0.0s
[CV] END estimator__colsample_bytree=0.3, estimator__learning_rate=0.2, estimator__max_depth=14; total time=   0.0s
[CV] END estimator__colsample_bytree=0.3, estimator__learning_rate=0.2, estimator__max_depth=14; total time=   0.0s
[CV] END estimator__colsample_bytree=0.3, estimator__learning_rate=0.01, estimator__max_depth=14; total time=   0.0s
[CV] END estimator__colsample_bytree=0.3, estimator__learning_rate=0.2, estimator__max_depth=16; total time=   0.1s
[CV] END estimator__colsample_bytree=0.3, estimator__learning_rate=0.2, estimator__max_depth=14; total time=   0.1s
[CV] END estimator__colsample_bytree=0.3, estimator__learning_rate=0.2, estimator__max_depth=14; total time=   0.1s
[CV] END estimator__colsample_bytree=0.3, estimator__learning_rate=0.01, estimator__max_depth=18; total time=   0.1s
[CV] END estimator__colsample_bytree=0.3, estimator__learning_rate=0.01, estimator__max_depth=18; total time=   0.1s
[CV] END estimator__colsample_bytree=0.3, estimator__learning_rate=0.2, estimator__max_depth=16; total time=   0.1s
[CV] END estimator__colsample_bytree=0.3, estimator__learning_rate=0.2, estimator__max_depth=16; total time=   0.1s
[CV] END estimator__colsample_bytree=0.3, estimator__learning_rate=0.2, estimator__max_depth=16; total time=   0.1s
