W0428 14:01:46.279000 39996 site-packages\torch\utils\flop_counter.py:29] triton not found; flop counting will not work for triton kernels
[INFO] Loading original-dataset exact config | R:\config\paper_reimplementation\rcim_ml_compensation\original_dataset_exact_model_bank\campaigns\track1\exact_paper\forward_last_non_green_cells\xgbm\2026-04-28_track1_forward_xgbm_ampl_h240_last_non_green_cells\006_track1_forward_xgbm_ampl_h240_last_non_green_cells_attempt_06.yaml
[INFO] Building original-dataset exact bundle
[INFO] Original-dataset exact bundle ready | direction=forward rows=969 targets=1 families=1
[INFO] Family fit started | family=XGBM estimator=XGBRegressor targets=1 threadpool_limit=1 joblib_cpu_limit=system_default os_cpu_count=32
[INFO] Family target scope | family=XGBM kinds=ampl harmonics=240 preview=fft_y_Fw_filtered_ampl_240
[INFO] Grid search configured | family=XGBM candidates=36 parameter_count=3 n_jobs=-1 verbose=2 pre_dispatch=2*n_jobs
W0428 14:02:34.553000 30176 site-packages\torch\utils\flop_counter.py:29] triton not found; flop counting will not work for triton kernels
W0428 14:02:34.579000 40100 site-packages\torch\utils\flop_counter.py:29] triton not found; flop counting will not work for triton kernels
W0428 14:02:34.643000 32584 site-packages\torch\utils\flop_counter.py:29] triton not found; flop counting will not work for triton kernels
W0428 14:02:34.656000 39724 site-packages\torch\utils\flop_counter.py:29] triton not found; flop counting will not work for triton kernels
W0428 14:02:34.707000 40144 site-packages\torch\utils\flop_counter.py:29] triton not found; flop counting will not work for triton kernels
W0428 14:02:34.819000 20840 site-packages\torch\utils\flop_counter.py:29] triton not found; flop counting will not work for triton kernels
W0428 14:02:34.969000 40208 site-packages\torch\utils\flop_counter.py:29] triton not found; flop counting will not work for triton kernels
W0428 14:02:35.039000 43212 site-packages\torch\utils\flop_counter.py:29] triton not found; flop counting will not work for triton kernels
W0428 14:02:35.044000 28148 site-packages\torch\utils\flop_counter.py:29] triton not found; flop counting will not work for triton kernels
W0428 14:02:35.047000 18528 site-packages\torch\utils\flop_counter.py:29] triton not found; flop counting will not work for triton kernels
W0428 14:02:35.084000 43636 site-packages\torch\utils\flop_counter.py:29] triton not found; flop counting will not work for triton kernels
W0428 14:02:35.134000 7420 site-packages\torch\utils\flop_counter.py:29] triton not found; flop counting will not work for triton kernels
W0428 14:02:35.508000 17956 site-packages\torch\utils\flop_counter.py:29] triton not found; flop counting will not work for triton kernels
W0428 14:02:35.631000 31180 site-packages\torch\utils\flop_counter.py:29] triton not found; flop counting will not work for triton kernels
W0428 14:02:35.686000 44284 site-packages\torch\utils\flop_counter.py:29] triton not found; flop counting will not work for triton kernels
W0428 14:02:35.694000 45648 site-packages\torch\utils\flop_counter.py:29] triton not found; flop counting will not work for triton kernels
W0428 14:02:35.745000 34336 site-packages\torch\utils\flop_counter.py:29] triton not found; flop counting will not work for triton kernels
W0428 14:02:35.807000 44740 site-packages\torch\utils\flop_counter.py:29] triton not found; flop counting will not work for triton kernels
W0428 14:02:35.838000 38472 site-packages\torch\utils\flop_counter.py:29] triton not found; flop counting will not work for triton kernels
W0428 14:02:35.872000 44892 site-packages\torch\utils\flop_counter.py:29] triton not found; flop counting will not work for triton kernels
W0428 14:02:35.892000 20668 site-packages\torch\utils\flop_counter.py:29] triton not found; flop counting will not work for triton kernels
W0428 14:02:35.892000 13428 site-packages\torch\utils\flop_counter.py:29] triton not found; flop counting will not work for triton kernels
W0428 14:02:35.892000 38568 site-packages\torch\utils\flop_counter.py:29] triton not found; flop counting will not work for triton kernels
W0428 14:02:35.920000 15544 site-packages\torch\utils\flop_counter.py:29] triton not found; flop counting will not work for triton kernels
W0428 14:02:35.920000 33316 site-packages\torch\utils\flop_counter.py:29] triton not found; flop counting will not work for triton kernels
W0428 14:02:35.920000 45596 site-packages\torch\utils\flop_counter.py:29] triton not found; flop counting will not work for triton kernels
W0428 14:02:35.923000 27916 site-packages\torch\utils\flop_counter.py:29] triton not found; flop counting will not work for triton kernels
W0428 14:02:35.923000 12444 site-packages\torch\utils\flop_counter.py:29] triton not found; flop counting will not work for triton kernels
W0428 14:02:35.923000 22384 site-packages\torch\utils\flop_counter.py:29] triton not found; flop counting will not work for triton kernels
W0428 14:02:35.930000 27760 site-packages\torch\utils\flop_counter.py:29] triton not found; flop counting will not work for triton kernels
W0428 14:02:35.930000 22132 site-packages\torch\utils\flop_counter.py:29] triton not found; flop counting will not work for triton kernels
W0428 14:02:35.930000 32924 site-packages\torch\utils\flop_counter.py:29] triton not found; flop counting will not work for triton kernels
Fitting 5 folds for each of 36 candidates, totalling 180 fits
[DONE] Family fit complete | family=XGBM elapsed=9.94s best_score=0.5077766299247741 best_params={'estimator__colsample_bytree': 0.8, 'estimator__learning_rate': 0.5, 'estimator__max_depth': 14}
[INFO] Family evaluation started | family=XGBM targets=1
[DONE] Family evaluation complete | family=XGBM elapsed=0.00s mean_component_mape=122.568% mean_component_mae=0.000220
[INFO] Family ONNX export started | family=XGBM targets=1 estimator=XGBRegressor
[DONE] Family ONNX export complete | family=XGBM elapsed=0.01s exported=1 failed=0
[DONE] Original-dataset exact validation complete | summary=output/validation_checks/paper_reimplementation_rcim_original_dataset_exact_model_bank_forward_last_non_green_cells/2026-04-28-14-01-46__track1_forward_xgbm_ampl_h240_last_non_green_cells_attempt_06_campaign_run/validation_summary.yaml report=doc/reports/analysis/validation_checks/2026-04-28-14-02-36_paper_reimplementation_rcim_original_dataset_exact_model_bank_forward_last_non_green_cells_track1_forward_xgbm_ampl_h240_last_non_green_cells_attempt_06_campaign_run_original_dataset_exact_model_bank_report.md
[CV] END estimator__colsample_bytree=0.3, estimator__learning_rate=0.01, estimator__max_depth=14; total time=   0.0s
[CV] END estimator__colsample_bytree=0.3, estimator__learning_rate=0.5, estimator__max_depth=14; total time=   0.0s
[CV] END estimator__colsample_bytree=0.3, estimator__learning_rate=0.5, estimator__max_depth=14; total time=   0.0s
[CV] END estimator__colsample_bytree=0.3, estimator__learning_rate=0.5, estimator__max_depth=16; total time=   0.0s
[CV] END estimator__colsample_bytree=0.3, estimator__learning_rate=0.5, estimator__max_depth=16; total time=   0.0s
[CV] END estimator__colsample_bytree=0.3, estimator__learning_rate=0.5, estimator__max_depth=16; total time=   0.0s
[CV] END estimator__colsample_bytree=0.3, estimator__learning_rate=0.5, estimator__max_depth=18; total time=   0.0s
[CV] END estimator__colsample_bytree=0.3, estimator__learning_rate=0.3, estimator__max_depth=14; total time=   0.0s
[CV] END estimator__colsample_bytree=0.3, estimator__learning_rate=0.3, estimator__max_depth=14; total time=   0.0s
[CV] END estimator__colsample_bytree=0.3, estimator__learning_rate=0.3, estimator__max_depth=16; total time=   0.0s
[CV] END estimator__colsample_bytree=0.3, estimator__learning_rate=0.3, estimator__max_depth=18; total time=   0.0s
[CV] END estimator__colsample_bytree=0.5, estimator__learning_rate=0.01, estimator__max_depth=14; total time=   0.0s
[CV] END estimator__colsample_bytree=0.5, estimator__learning_rate=0.01, estimator__max_depth=16; total time=   0.0s
[CV] END estimator__colsample_bytree=0.5, estimator__learning_rate=0.01, estimator__max_depth=18; total time=   0.0s
[CV] END estimator__colsample_bytree=0.5, estimator__learning_rate=0.2, estimator__max_depth=14; total time=   0.0s
[CV] END estimator__colsample_bytree=0.5, estimator__learning_rate=0.2, estimator__max_depth=16; total time=   0.0s
[CV] END estimator__colsample_bytree=0.5, estimator__learning_rate=0.2, estimator__max_depth=18; total time=   0.0s
[CV] END estimator__colsample_bytree=0.5, estimator__learning_rate=0.5, estimator__max_depth=14; total time=   0.0s
[CV] END estimator__colsample_bytree=0.5, estimator__learning_rate=0.5, estimator__max_depth=16; total time=   0.0s
[CV] END estimator__colsample_bytree=0.5, estimator__learning_rate=0.5, estimator__max_depth=18; total time=   0.0s
[CV] END estimator__colsample_bytree=0.5, estimator__learning_rate=0.3, estimator__max_depth=14; total time=   0.0s
[CV] END estimator__colsample_bytree=0.5, estimator__learning_rate=0.3, estimator__max_depth=16; total time=   0.0s
[CV] END estimator__colsample_bytree=0.5, estimator__learning_rate=0.3, estimator__max_depth=18; total time=   0.0s
[CV] END estimator__colsample_bytree=0.8, estimator__learning_rate=0.01, estimator__max_depth=14; total time=   0.0s
[CV] END estimator__colsample_bytree=0.8, estimator__learning_rate=0.01, estimator__max_depth=16; total time=   0.0s
[CV] END estimator__colsample_bytree=0.8, estimator__learning_rate=0.2, estimator__max_depth=14; total time=   0.0s
[CV] END estimator__colsample_bytree=0.8, estimator__learning_rate=0.2, estimator__max_depth=16; total time=   0.0s
[CV] END estimator__colsample_bytree=0.8, estimator__learning_rate=0.2, estimator__max_depth=18; total time=   0.0s
[CV] END estimator__colsample_bytree=0.8, estimator__learning_rate=0.5, estimator__max_depth=14; total time=   0.0s
[CV] END estimator__colsample_bytree=0.8, estimator__learning_rate=0.5, estimator__max_depth=16; total time=   0.0s
[CV] END estimator__colsample_bytree=0.8, estimator__learning_rate=0.5, estimator__max_depth=18; total time=   0.0s
[CV] END estimator__colsample_bytree=0.8, estimator__learning_rate=0.3, estimator__max_depth=14; total time=   0.0s
[CV] END estimator__colsample_bytree=0.8, estimator__learning_rate=0.3, estimator__max_depth=16; total time=   0.0s
[CV] END estimator__colsample_bytree=0.3, estimator__learning_rate=0.01, estimator__max_depth=14; total time=   0.0s
[CV] END estimator__colsample_bytree=0.3, estimator__learning_rate=0.5, estimator__max_depth=18; total time=   0.0s
[CV] END estimator__colsample_bytree=0.3, estimator__learning_rate=0.3, estimator__max_depth=14; total time=   0.0s
[CV] END estimator__colsample_bytree=0.3, estimator__learning_rate=0.3, estimator__max_depth=16; total time=   0.0s
[CV] END estimator__colsample_bytree=0.3, estimator__learning_rate=0.3, estimator__max_depth=16; total time=   0.0s
[CV] END estimator__colsample_bytree=0.3, estimator__learning_rate=0.3, estimator__max_depth=18; total time=   0.0s
[CV] END estimator__colsample_bytree=0.5, estimator__learning_rate=0.01, estimator__max_depth=14; total time=   0.0s
[CV] END estimator__colsample_bytree=0.5, estimator__learning_rate=0.01, estimator__max_depth=16; total time=   0.0s
[CV] END estimator__colsample_bytree=0.5, estimator__learning_rate=0.01, estimator__max_depth=18; total time=   0.0s
[CV] END estimator__colsample_bytree=0.5, estimator__learning_rate=0.2, estimator__max_depth=14; total time=   0.0s
[CV] END estimator__colsample_bytree=0.5, estimator__learning_rate=0.2, estimator__max_depth=16; total time=   0.0s
[CV] END estimator__colsample_bytree=0.5, estimator__learning_rate=0.2, estimator__max_depth=18; total time=   0.0s
[CV] END estimator__colsample_bytree=0.5, estimator__learning_rate=0.5, estimator__max_depth=14; total time=   0.0s
[CV] END estimator__colsample_bytree=0.5, estimator__learning_rate=0.5, estimator__max_depth=16; total time=   0.0s
[CV] END estimator__colsample_bytree=0.5, estimator__learning_rate=0.5, estimator__max_depth=18; total time=   0.0s
[CV] END estimator__colsample_bytree=0.5, estimator__learning_rate=0.3, estimator__max_depth=14; total time=   0.0s
[CV] END estimator__colsample_bytree=0.5, estimator__learning_rate=0.3, estimator__max_depth=18; total time=   0.0s
[CV] END estimator__colsample_bytree=0.8, estimator__learning_rate=0.01, estimator__max_depth=14; total time=   0.0s
[CV] END estimator__colsample_bytree=0.8, estimator__learning_rate=0.01, estimator__max_depth=16; total time=   0.0s
[CV] END estimator__colsample_bytree=0.8, estimator__learning_rate=0.01, estimator__max_depth=18; total time=   0.0s
[CV] END estimator__colsample_bytree=0.8, estimator__learning_rate=0.2, estimator__max_depth=14; total time=   0.0s
[CV] END estimator__colsample_bytree=0.8, estimator__learning_rate=0.2, estimator__max_depth=18; total time=   0.0s
[CV] END estimator__colsample_bytree=0.8, estimator__learning_rate=0.5, estimator__max_depth=14; total time=   0.0s
[CV] END estimator__colsample_bytree=0.8, estimator__learning_rate=0.5, estimator__max_depth=16; total time=   0.0s
[CV] END estimator__colsample_bytree=0.8, estimator__learning_rate=0.5, estimator__max_depth=18; total time=   0.0s
[CV] END estimator__colsample_bytree=0.8, estimator__learning_rate=0.3, estimator__max_depth=16; total time=   0.0s
[CV] END estimator__colsample_bytree=0.8, estimator__learning_rate=0.3, estimator__max_depth=18; total time=   0.0s
[CV] END estimator__colsample_bytree=0.3, estimator__learning_rate=0.01, estimator__max_depth=14; total time=   0.0s
[CV] END estimator__colsample_bytree=0.3, estimator__learning_rate=0.5, estimator__max_depth=14; total time=   0.0s
[CV] END estimator__colsample_bytree=0.3, estimator__learning_rate=0.5, estimator__max_depth=16; total time=   0.0s
[CV] END estimator__colsample_bytree=0.3, estimator__learning_rate=0.5, estimator__max_depth=16; total time=   0.0s
[CV] END estimator__colsample_bytree=0.3, estimator__learning_rate=0.5, estimator__max_depth=18; total time=   0.0s
[CV] END estimator__colsample_bytree=0.3, estimator__learning_rate=0.5, estimator__max_depth=18; total time=   0.0s
[CV] END estimator__colsample_bytree=0.3, estimator__learning_rate=0.3, estimator__max_depth=14; total time=   0.0s
[CV] END estimator__colsample_bytree=0.3, estimator__learning_rate=0.3, estimator__max_depth=16; total time=   0.0s
[CV] END estimator__colsample_bytree=0.3, estimator__learning_rate=0.3, estimator__max_depth=18; total time=   0.0s
[CV] END estimator__colsample_bytree=0.3, estimator__learning_rate=0.3, estimator__max_depth=18; total time=   0.0s
[CV] END estimator__colsample_bytree=0.5, estimator__learning_rate=0.01, estimator__max_depth=14; total time=   0.0s
[CV] END estimator__colsample_bytree=0.5, estimator__learning_rate=0.01, estimator__max_depth=16; total time=   0.0s
[CV] END estimator__colsample_bytree=0.5, estimator__learning_rate=0.01, estimator__max_depth=18; total time=   0.0s
[CV] END estimator__colsample_bytree=0.5, estimator__learning_rate=0.2, estimator__max_depth=14; total time=   0.0s
[CV] END estimator__colsample_bytree=0.5, estimator__learning_rate=0.2, estimator__max_depth=16; total time=   0.0s
[CV] END estimator__colsample_bytree=0.5, estimator__learning_rate=0.2, estimator__max_depth=18; total time=   0.0s
[CV] END estimator__colsample_bytree=0.5, estimator__learning_rate=0.5, estimator__max_depth=14; total time=   0.0s
[CV] END estimator__colsample_bytree=0.5, estimator__learning_rate=0.5, estimator__max_depth=16; total time=   0.0s
[CV] END estimator__colsample_bytree=0.5, estimator__learning_rate=0.5, estimator__max_depth=18; total time=   0.0s
[CV] END estimator__colsample_bytree=0.5, estimator__learning_rate=0.3, estimator__max_depth=14; total time=   0.0s
[CV] END estimator__colsample_bytree=0.5, estimator__learning_rate=0.3, estimator__max_depth=16; total time=   0.0s
[CV] END estimator__colsample_bytree=0.5, estimator__learning_rate=0.3, estimator__max_depth=18; total time=   0.0s
[CV] END estimator__colsample_bytree=0.8, estimator__learning_rate=0.01, estimator__max_depth=14; total time=   0.0s
[CV] END estimator__colsample_bytree=0.8, estimator__learning_rate=0.01, estimator__max_depth=16; total time=   0.0s
[CV] END estimator__colsample_bytree=0.8, estimator__learning_rate=0.01, estimator__max_depth=18; total time=   0.0s
[CV] END estimator__colsample_bytree=0.8, estimator__learning_rate=0.2, estimator__max_depth=14; total time=   0.0s
[CV] END estimator__colsample_bytree=0.8, estimator__learning_rate=0.2, estimator__max_depth=16; total time=   0.0s
[CV] END estimator__colsample_bytree=0.8, estimator__learning_rate=0.5, estimator__max_depth=14; total time=   0.0s
[CV] END estimator__colsample_bytree=0.8, estimator__learning_rate=0.5, estimator__max_depth=16; total time=   0.0s
[CV] END estimator__colsample_bytree=0.8, estimator__learning_rate=0.5, estimator__max_depth=18; total time=   0.0s
[CV] END estimator__colsample_bytree=0.8, estimator__learning_rate=0.3, estimator__max_depth=14; total time=   0.0s
[CV] END estimator__colsample_bytree=0.8, estimator__learning_rate=0.3, estimator__max_depth=18; total time=   0.0s
[CV] END estimator__colsample_bytree=0.3, estimator__learning_rate=0.01, estimator__max_depth=14; total time=   0.0s
[CV] END estimator__colsample_bytree=0.3, estimator__learning_rate=0.5, estimator__max_depth=18; total time=   0.0s
[CV] END estimator__colsample_bytree=0.3, estimator__learning_rate=0.3, estimator__max_depth=14; total time=   0.0s
[CV] END estimator__colsample_bytree=0.3, estimator__learning_rate=0.3, estimator__max_depth=16; total time=   0.0s
[CV] END estimator__colsample_bytree=0.3, estimator__learning_rate=0.3, estimator__max_depth=18; total time=   0.0s
[CV] END estimator__colsample_bytree=0.5, estimator__learning_rate=0.01, estimator__max_depth=14; total time=   0.0s
[CV] END estimator__colsample_bytree=0.5, estimator__learning_rate=0.01, estimator__max_depth=16; total time=   0.0s
[CV] END estimator__colsample_bytree=0.5, estimator__learning_rate=0.01, estimator__max_depth=18; total time=   0.0s
[CV] END estimator__colsample_bytree=0.5, estimator__learning_rate=0.2, estimator__max_depth=14; total time=   0.0s
[CV] END estimator__colsample_bytree=0.5, estimator__learning_rate=0.2, estimator__max_depth=16; total time=   0.0s
[CV] END estimator__colsample_bytree=0.5, estimator__learning_rate=0.2, estimator__max_depth=18; total time=   0.0s
[CV] END estimator__colsample_bytree=0.5, estimator__learning_rate=0.5, estimator__max_depth=14; total time=   0.0s
[CV] END estimator__colsample_bytree=0.5, estimator__learning_rate=0.5, estimator__max_depth=16; total time=   0.0s
[CV] END estimator__colsample_bytree=0.5, estimator__learning_rate=0.5, estimator__max_depth=16; total time=   0.0s
[CV] END estimator__colsample_bytree=0.5, estimator__learning_rate=0.5, estimator__max_depth=18; total time=   0.0s
[CV] END estimator__colsample_bytree=0.5, estimator__learning_rate=0.3, estimator__max_depth=14; total time=   0.0s
[CV] END estimator__colsample_bytree=0.5, estimator__learning_rate=0.3, estimator__max_depth=16; total time=   0.0s
[CV] END estimator__colsample_bytree=0.5, estimator__learning_rate=0.3, estimator__max_depth=18; total time=   0.0s
[CV] END estimator__colsample_bytree=0.8, estimator__learning_rate=0.01, estimator__max_depth=14; total time=   0.0s
[CV] END estimator__colsample_bytree=0.8, estimator__learning_rate=0.01, estimator__max_depth=18; total time=   0.0s
[CV] END estimator__colsample_bytree=0.8, estimator__learning_rate=0.2, estimator__max_depth=14; total time=   0.0s
[CV] END estimator__colsample_bytree=0.8, estimator__learning_rate=0.2, estimator__max_depth=16; total time=   0.0s
[CV] END estimator__colsample_bytree=0.8, estimator__learning_rate=0.2, estimator__max_depth=18; total time=   0.0s
[CV] END estimator__colsample_bytree=0.8, estimator__learning_rate=0.5, estimator__max_depth=14; total time=   0.0s
[CV] END estimator__colsample_bytree=0.8, estimator__learning_rate=0.5, estimator__max_depth=18; total time=   0.0s
[CV] END estimator__colsample_bytree=0.8, estimator__learning_rate=0.3, estimator__max_depth=14; total time=   0.0s
[CV] END estimator__colsample_bytree=0.8, estimator__learning_rate=0.3, estimator__max_depth=16; total time=   0.0s
[CV] END estimator__colsample_bytree=0.8, estimator__learning_rate=0.3, estimator__max_depth=18; total time=   0.0s
[CV] END estimator__colsample_bytree=0.3, estimator__learning_rate=0.01, estimator__max_depth=18; total time=   0.0s
[CV] END estimator__colsample_bytree=0.8, estimator__learning_rate=0.01, estimator__max_depth=14; total time=   0.0s
[CV] END estimator__colsample_bytree=0.8, estimator__learning_rate=0.01, estimator__max_depth=16; total time=   0.0s
[CV] END estimator__colsample_bytree=0.8, estimator__learning_rate=0.01, estimator__max_depth=18; total time=   0.0s
[CV] END estimator__colsample_bytree=0.8, estimator__learning_rate=0.2, estimator__max_depth=16; total time=   0.0s
[CV] END estimator__colsample_bytree=0.8, estimator__learning_rate=0.2, estimator__max_depth=18; total time=   0.0s
[CV] END estimator__colsample_bytree=0.8, estimator__learning_rate=0.5, estimator__max_depth=14; total time=   0.0s
[CV] END estimator__colsample_bytree=0.8, estimator__learning_rate=0.5, estimator__max_depth=16; total time=   0.0s
[CV] END estimator__colsample_bytree=0.8, estimator__learning_rate=0.3, estimator__max_depth=14; total time=   0.0s
[CV] END estimator__colsample_bytree=0.8, estimator__learning_rate=0.3, estimator__max_depth=16; total time=   0.0s
[CV] END estimator__colsample_bytree=0.8, estimator__learning_rate=0.3, estimator__max_depth=18; total time=   0.0s
[CV] END estimator__colsample_bytree=0.3, estimator__learning_rate=0.01, estimator__max_depth=16; total time=   0.0s
[CV] END estimator__colsample_bytree=0.5, estimator__learning_rate=0.01, estimator__max_depth=14; total time=   0.0s
[CV] END estimator__colsample_bytree=0.5, estimator__learning_rate=0.01, estimator__max_depth=16; total time=   0.0s
[CV] END estimator__colsample_bytree=0.5, estimator__learning_rate=0.01, estimator__max_depth=18; total time=   0.0s
[CV] END estimator__colsample_bytree=0.5, estimator__learning_rate=0.2, estimator__max_depth=14; total time=   0.0s
[CV] END estimator__colsample_bytree=0.5, estimator__learning_rate=0.2, estimator__max_depth=16; total time=   0.0s
[CV] END estimator__colsample_bytree=0.5, estimator__learning_rate=0.2, estimator__max_depth=18; total time=   0.0s
[CV] END estimator__colsample_bytree=0.5, estimator__learning_rate=0.5, estimator__max_depth=14; total time=   0.0s
[CV] END estimator__colsample_bytree=0.5, estimator__learning_rate=0.5, estimator__max_depth=18; total time=   0.0s
[CV] END estimator__colsample_bytree=0.5, estimator__learning_rate=0.3, estimator__max_depth=14; total time=   0.0s
[CV] END estimator__colsample_bytree=0.5, estimator__learning_rate=0.3, estimator__max_depth=16; total time=   0.0s
[CV] END estimator__colsample_bytree=0.5, estimator__learning_rate=0.3, estimator__max_depth=16; total time=   0.0s
[CV] END estimator__colsample_bytree=0.5, estimator__learning_rate=0.3, estimator__max_depth=18; total time=   0.0s
[CV] END estimator__colsample_bytree=0.8, estimator__learning_rate=0.01, estimator__max_depth=16; total time=   0.0s
[CV] END estimator__colsample_bytree=0.8, estimator__learning_rate=0.01, estimator__max_depth=18; total time=   0.0s
[CV] END estimator__colsample_bytree=0.8, estimator__learning_rate=0.2, estimator__max_depth=14; total time=   0.0s
[CV] END estimator__colsample_bytree=0.8, estimator__learning_rate=0.2, estimator__max_depth=16; total time=   0.0s
[CV] END estimator__colsample_bytree=0.8, estimator__learning_rate=0.2, estimator__max_depth=18; total time=   0.0s
[CV] END estimator__colsample_bytree=0.8, estimator__learning_rate=0.5, estimator__max_depth=16; total time=   0.0s
[CV] END estimator__colsample_bytree=0.8, estimator__learning_rate=0.5, estimator__max_depth=18; total time=   0.0s
[CV] END estimator__colsample_bytree=0.8, estimator__learning_rate=0.3, estimator__max_depth=14; total time=   0.0s
[CV] END estimator__colsample_bytree=0.8, estimator__learning_rate=0.3, estimator__max_depth=16; total time=   0.0s
[CV] END estimator__colsample_bytree=0.8, estimator__learning_rate=0.3, estimator__max_depth=18; total time=   0.0s
[CV] END estimator__colsample_bytree=0.3, estimator__learning_rate=0.01, estimator__max_depth=18; total time=   0.0s
[CV] END estimator__colsample_bytree=0.3, estimator__learning_rate=0.2, estimator__max_depth=16; total time=   0.1s
[CV] END estimator__colsample_bytree=0.3, estimator__learning_rate=0.01, estimator__max_depth=16; total time=   0.1s
[CV] END estimator__colsample_bytree=0.3, estimator__learning_rate=0.01, estimator__max_depth=16; total time=   0.1s
[CV] END estimator__colsample_bytree=0.3, estimator__learning_rate=0.2, estimator__max_depth=16; total time=   0.0s
[CV] END estimator__colsample_bytree=0.3, estimator__learning_rate=0.01, estimator__max_depth=16; total time=   0.1s
[CV] END estimator__colsample_bytree=0.3, estimator__learning_rate=0.01, estimator__max_depth=16; total time=   0.0s
[CV] END estimator__colsample_bytree=0.3, estimator__learning_rate=0.2, estimator__max_depth=16; total time=   0.0s
[CV] END estimator__colsample_bytree=0.3, estimator__learning_rate=0.01, estimator__max_depth=18; total time=   0.0s
[CV] END estimator__colsample_bytree=0.3, estimator__learning_rate=0.01, estimator__max_depth=18; total time=   0.0s
[CV] END estimator__colsample_bytree=0.3, estimator__learning_rate=0.2, estimator__max_depth=14; total time=   0.0s
[CV] END estimator__colsample_bytree=0.3, estimator__learning_rate=0.2, estimator__max_depth=14; total time=   0.0s
[CV] END estimator__colsample_bytree=0.3, estimator__learning_rate=0.2, estimator__max_depth=14; total time=   0.0s
[CV] END estimator__colsample_bytree=0.3, estimator__learning_rate=0.2, estimator__max_depth=18; total time=   0.0s
[CV] END estimator__colsample_bytree=0.3, estimator__learning_rate=0.2, estimator__max_depth=18; total time=   0.1s
[CV] END estimator__colsample_bytree=0.3, estimator__learning_rate=0.2, estimator__max_depth=14; total time=   0.1s
[CV] END estimator__colsample_bytree=0.3, estimator__learning_rate=0.2, estimator__max_depth=18; total time=   0.1s
[CV] END estimator__colsample_bytree=0.3, estimator__learning_rate=0.5, estimator__max_depth=14; total time=   0.2s
[CV] END estimator__colsample_bytree=0.3, estimator__learning_rate=0.5, estimator__max_depth=14; total time=   0.2s
[CV] END estimator__colsample_bytree=0.3, estimator__learning_rate=0.2, estimator__max_depth=18; total time=   0.2s
[CV] END estimator__colsample_bytree=0.3, estimator__learning_rate=0.2, estimator__max_depth=16; total time=   0.2s
[CV] END estimator__colsample_bytree=0.3, estimator__learning_rate=0.2, estimator__max_depth=18; total time=   0.2s
[CV] END estimator__colsample_bytree=0.3, estimator__learning_rate=0.01, estimator__max_depth=18; total time=   0.2s
[CV] END estimator__colsample_bytree=0.3, estimator__learning_rate=0.01, estimator__max_depth=14; total time=   0.2s
[CV] END estimator__colsample_bytree=0.3, estimator__learning_rate=0.2, estimator__max_depth=16; total time=   0.2s
[CV] END estimator__colsample_bytree=0.3, estimator__learning_rate=0.2, estimator__max_depth=14; total time=   0.2s
