W0426 03:28:40.495000 21580 site-packages\torch\utils\flop_counter.py:29] triton not found; flop counting will not work for triton kernels
[INFO] Loading original-dataset exact config | R:\config\paper_reimplementation\rcim_ml_compensation\original_dataset_exact_model_bank\campaigns\track1\exact_paper\bidirectional_original_dataset\forward\et\2026-04-26_track1_forward_et_original_dataset_mega_campaign\001_track1_original_dataset_forward_et_attempt_01.yaml
[INFO] Building original-dataset exact bundle
[INFO] Original-dataset exact bundle ready | direction=forward rows=969 targets=19 families=1
[INFO] Family fit started | family=ET estimator=ExtraTreeRegressor targets=19 threadpool_limit=1 joblib_cpu_limit=system_default os_cpu_count=32
[INFO] Family target scope | family=ET kinds=ampl,phase harmonics=0,1,3,39,40,78,81,156,162,240 preview=fft_y_Fw_filtered_ampl_0, fft_y_Fw_filtered_ampl_1, fft_y_Fw_filtered_phase_1, ..., fft_y_Fw_filtered_ampl_240, fft_y_Fw_filtered_phase_240
[INFO] Grid search configured | family=ET candidates=50 parameter_count=3 n_jobs=-1 verbose=2 pre_dispatch=2*n_jobs
W0426 03:29:32.125000 40280 site-packages\torch\utils\flop_counter.py:29] triton not found; flop counting will not work for triton kernels
W0426 03:29:32.210000 32488 site-packages\torch\utils\flop_counter.py:29] triton not found; flop counting will not work for triton kernels
W0426 03:29:32.220000 8024 site-packages\torch\utils\flop_counter.py:29] triton not found; flop counting will not work for triton kernels
W0426 03:29:32.334000 42836 site-packages\torch\utils\flop_counter.py:29] triton not found; flop counting will not work for triton kernels
W0426 03:29:32.453000 21876 site-packages\torch\utils\flop_counter.py:29] triton not found; flop counting will not work for triton kernels
W0426 03:29:32.470000 42268 site-packages\torch\utils\flop_counter.py:29] triton not found; flop counting will not work for triton kernels
W0426 03:29:32.540000 31144 site-packages\torch\utils\flop_counter.py:29] triton not found; flop counting will not work for triton kernels
W0426 03:29:32.580000 14988 site-packages\torch\utils\flop_counter.py:29] triton not found; flop counting will not work for triton kernels
W0426 03:29:32.590000 42808 site-packages\torch\utils\flop_counter.py:29] triton not found; flop counting will not work for triton kernels
W0426 03:29:32.637000 40132 site-packages\torch\utils\flop_counter.py:29] triton not found; flop counting will not work for triton kernels
W0426 03:29:32.786000 21788 site-packages\torch\utils\flop_counter.py:29] triton not found; flop counting will not work for triton kernels
W0426 03:29:33.030000 32172 site-packages\torch\utils\flop_counter.py:29] triton not found; flop counting will not work for triton kernels
W0426 03:29:33.124000 15780 site-packages\torch\utils\flop_counter.py:29] triton not found; flop counting will not work for triton kernels
W0426 03:29:33.159000 39368 site-packages\torch\utils\flop_counter.py:29] triton not found; flop counting will not work for triton kernels
W0426 03:29:33.214000 21556 site-packages\torch\utils\flop_counter.py:29] triton not found; flop counting will not work for triton kernels
W0426 03:29:33.220000 22136 site-packages\torch\utils\flop_counter.py:29] triton not found; flop counting will not work for triton kernels
W0426 03:29:33.228000 22720 site-packages\torch\utils\flop_counter.py:29] triton not found; flop counting will not work for triton kernels
W0426 03:29:33.238000 22804 site-packages\torch\utils\flop_counter.py:29] triton not found; flop counting will not work for triton kernels
W0426 03:29:33.340000 42732 site-packages\torch\utils\flop_counter.py:29] triton not found; flop counting will not work for triton kernels
W0426 03:29:33.340000 20120 site-packages\torch\utils\flop_counter.py:29] triton not found; flop counting will not work for triton kernels
W0426 03:29:33.377000 14460 site-packages\torch\utils\flop_counter.py:29] triton not found; flop counting will not work for triton kernels
W0426 03:29:33.441000 35140 site-packages\torch\utils\flop_counter.py:29] triton not found; flop counting will not work for triton kernels
W0426 03:29:33.442000 19884 site-packages\torch\utils\flop_counter.py:29] triton not found; flop counting will not work for triton kernels
W0426 03:29:33.442000 18004 site-packages\torch\utils\flop_counter.py:29] triton not found; flop counting will not work for triton kernels
W0426 03:29:33.444000 31688 site-packages\torch\utils\flop_counter.py:29] triton not found; flop counting will not work for triton kernels
W0426 03:29:33.446000 41816 site-packages\torch\utils\flop_counter.py:29] triton not found; flop counting will not work for triton kernels
W0426 03:29:33.446000 7200 site-packages\torch\utils\flop_counter.py:29] triton not found; flop counting will not work for triton kernels
W0426 03:29:33.448000 21660 site-packages\torch\utils\flop_counter.py:29] triton not found; flop counting will not work for triton kernels
W0426 03:29:33.452000 5500 site-packages\torch\utils\flop_counter.py:29] triton not found; flop counting will not work for triton kernels
W0426 03:29:33.454000 34216 site-packages\torch\utils\flop_counter.py:29] triton not found; flop counting will not work for triton kernels
W0426 03:29:33.462000 31072 site-packages\torch\utils\flop_counter.py:29] triton not found; flop counting will not work for triton kernels
W0426 03:29:33.472000 22656 site-packages\torch\utils\flop_counter.py:29] triton not found; flop counting will not work for triton kernels
Fitting 5 folds for each of 50 candidates, totalling 250 fits
[DONE] Family fit complete | family=ET elapsed=10.04s best_score=-0.08437833219009372 best_params={'estimator__criterion': 'absolute_error', 'estimator__max_depth': 15, 'estimator__min_samples_split': 6}
[INFO] Family evaluation started | family=ET targets=19
[DONE] Family evaluation complete | family=ET elapsed=0.02s mean_component_mape=25.272% mean_component_mae=0.090368
[INFO] Family ONNX export started | family=ET targets=19 estimator=ExtraTreeRegressor
[DONE] Family ONNX export complete | family=ET elapsed=0.06s exported=19 failed=0
[DONE] Original-dataset exact validation complete | summary=output/validation_checks/paper_reimplementation_rcim_original_dataset_exact_model_bank/2026-04-26-03-28-40__track1_original_dataset_forward_et_attempt_01_campaign_validation/validation_summary.yaml report=doc/reports/analysis/validation_checks/2026-04-26-03-29-34_paper_reimplementation_rcim_original_dataset_exact_model_bank_track1_original_dataset_forward_et_attempt_01_campaign_validation_original_dataset_exact_model_bank_report.md
[CV] END estimator__criterion=squared_error, estimator__max_depth=14, estimator__min_samples_split=3; total time=   0.0s
[CV] END estimator__criterion=absolute_error, estimator__max_depth=14, estimator__min_samples_split=6; total time=   0.0s
[CV] END estimator__criterion=absolute_error, estimator__max_depth=15, estimator__min_samples_split=5; total time=   0.0s
[CV] END estimator__criterion=absolute_error, estimator__max_depth=16, estimator__min_samples_split=4; total time=   0.0s
[CV] END estimator__criterion=absolute_error, estimator__max_depth=17, estimator__min_samples_split=6; total time=   0.0s
[CV] END estimator__criterion=squared_error, estimator__max_depth=15, estimator__min_samples_split=2; total time=   0.0s
[CV] END estimator__criterion=absolute_error, estimator__max_depth=17, estimator__min_samples_split=4; total time=   0.0s
[CV] END estimator__criterion=squared_error, estimator__max_depth=14, estimator__min_samples_split=4; total time=   0.0s
[CV] END estimator__criterion=squared_error, estimator__max_depth=16, estimator__min_samples_split=3; total time=   0.0s
[CV] END estimator__criterion=squared_error, estimator__max_depth=16, estimator__min_samples_split=4; total time=   0.0s
[CV] END estimator__criterion=squared_error, estimator__max_depth=16, estimator__min_samples_split=6; total time=   0.0s
[CV] END estimator__criterion=squared_error, estimator__max_depth=17, estimator__min_samples_split=3; total time=   0.0s
[CV] END estimator__criterion=squared_error, estimator__max_depth=17, estimator__min_samples_split=5; total time=   0.0s
[CV] END estimator__criterion=squared_error, estimator__max_depth=18, estimator__min_samples_split=2; total time=   0.0s
[CV] END estimator__criterion=squared_error, estimator__max_depth=18, estimator__min_samples_split=4; total time=   0.0s
[CV] END estimator__criterion=absolute_error, estimator__max_depth=14, estimator__min_samples_split=2; total time=   0.0s
[CV] END estimator__criterion=absolute_error, estimator__max_depth=14, estimator__min_samples_split=4; total time=   0.0s
[CV] END estimator__criterion=absolute_error, estimator__max_depth=15, estimator__min_samples_split=2; total time=   0.0s
[CV] END estimator__criterion=absolute_error, estimator__max_depth=15, estimator__min_samples_split=6; total time=   0.0s
[CV] END estimator__criterion=absolute_error, estimator__max_depth=16, estimator__min_samples_split=5; total time=   0.0s
[CV] END estimator__criterion=absolute_error, estimator__max_depth=17, estimator__min_samples_split=6; total time=   0.0s
[CV] END estimator__criterion=squared_error, estimator__max_depth=14, estimator__min_samples_split=5; total time=   0.0s
[CV] END estimator__criterion=squared_error, estimator__max_depth=16, estimator__min_samples_split=5; total time=   0.0s
[CV] END estimator__criterion=squared_error, estimator__max_depth=17, estimator__min_samples_split=2; total time=   0.0s
[CV] END estimator__criterion=squared_error, estimator__max_depth=17, estimator__min_samples_split=4; total time=   0.0s
[CV] END estimator__criterion=squared_error, estimator__max_depth=17, estimator__min_samples_split=6; total time=   0.0s
[CV] END estimator__criterion=squared_error, estimator__max_depth=18, estimator__min_samples_split=3; total time=   0.0s
[CV] END estimator__criterion=squared_error, estimator__max_depth=18, estimator__min_samples_split=6; total time=   0.0s
[CV] END estimator__criterion=absolute_error, estimator__max_depth=14, estimator__min_samples_split=3; total time=   0.0s
[CV] END estimator__criterion=absolute_error, estimator__max_depth=14, estimator__min_samples_split=5; total time=   0.0s
[CV] END estimator__criterion=absolute_error, estimator__max_depth=15, estimator__min_samples_split=3; total time=   0.0s
[CV] END estimator__criterion=absolute_error, estimator__max_depth=15, estimator__min_samples_split=6; total time=   0.0s
[CV] END estimator__criterion=absolute_error, estimator__max_depth=16, estimator__min_samples_split=5; total time=   0.0s
[CV] END estimator__criterion=absolute_error, estimator__max_depth=17, estimator__min_samples_split=6; total time=   0.0s
[CV] END estimator__criterion=squared_error, estimator__max_depth=15, estimator__min_samples_split=2; total time=   0.0s
[CV] END estimator__criterion=absolute_error, estimator__max_depth=17, estimator__min_samples_split=5; total time=   0.0s
[CV] END estimator__criterion=squared_error, estimator__max_depth=14, estimator__min_samples_split=5; total time=   0.0s
[CV] END estimator__criterion=squared_error, estimator__max_depth=17, estimator__min_samples_split=6; total time=   0.0s
[CV] END estimator__criterion=squared_error, estimator__max_depth=18, estimator__min_samples_split=4; total time=   0.0s
[CV] END estimator__criterion=squared_error, estimator__max_depth=18, estimator__min_samples_split=5; total time=   0.0s
[CV] END estimator__criterion=absolute_error, estimator__max_depth=14, estimator__min_samples_split=3; total time=   0.0s
[CV] END estimator__criterion=absolute_error, estimator__max_depth=14, estimator__min_samples_split=5; total time=   0.0s
[CV] END estimator__criterion=absolute_error, estimator__max_depth=15, estimator__min_samples_split=3; total time=   0.0s
[CV] END estimator__criterion=absolute_error, estimator__max_depth=15, estimator__min_samples_split=6; total time=   0.0s
[CV] END estimator__criterion=absolute_error, estimator__max_depth=16, estimator__min_samples_split=5; total time=   0.0s
[CV] END estimator__criterion=absolute_error, estimator__max_depth=17, estimator__min_samples_split=6; total time=   0.0s
[CV] END estimator__criterion=squared_error, estimator__max_depth=14, estimator__min_samples_split=4; total time=   0.0s
[CV] END estimator__criterion=absolute_error, estimator__max_depth=15, estimator__min_samples_split=5; total time=   0.0s
[CV] END estimator__criterion=absolute_error, estimator__max_depth=16, estimator__min_samples_split=4; total time=   0.0s
[CV] END estimator__criterion=absolute_error, estimator__max_depth=17, estimator__min_samples_split=5; total time=   0.0s
[CV] END estimator__criterion=squared_error, estimator__max_depth=14, estimator__min_samples_split=2; total time=   0.0s
[CV] END estimator__criterion=squared_error, estimator__max_depth=15, estimator__min_samples_split=4; total time=   0.0s
[CV] END estimator__criterion=squared_error, estimator__max_depth=15, estimator__min_samples_split=4; total time=   0.0s
[CV] END estimator__criterion=squared_error, estimator__max_depth=15, estimator__min_samples_split=5; total time=   0.0s
[CV] END estimator__criterion=squared_error, estimator__max_depth=15, estimator__min_samples_split=6; total time=   0.0s
[CV] END estimator__criterion=squared_error, estimator__max_depth=16, estimator__min_samples_split=2; total time=   0.0s
[CV] END estimator__criterion=squared_error, estimator__max_depth=16, estimator__min_samples_split=2; total time=   0.0s
[CV] END estimator__criterion=squared_error, estimator__max_depth=16, estimator__min_samples_split=3; total time=   0.0s
[CV] END estimator__criterion=squared_error, estimator__max_depth=16, estimator__min_samples_split=4; total time=   0.0s
[CV] END estimator__criterion=squared_error, estimator__max_depth=16, estimator__min_samples_split=6; total time=   0.0s
[CV] END estimator__criterion=squared_error, estimator__max_depth=17, estimator__min_samples_split=3; total time=   0.0s
[CV] END estimator__criterion=squared_error, estimator__max_depth=17, estimator__min_samples_split=5; total time=   0.0s
[CV] END estimator__criterion=squared_error, estimator__max_depth=18, estimator__min_samples_split=2; total time=   0.0s
[CV] END estimator__criterion=squared_error, estimator__max_depth=18, estimator__min_samples_split=5; total time=   0.0s
[CV] END estimator__criterion=absolute_error, estimator__max_depth=14, estimator__min_samples_split=2; total time=   0.0s
[CV] END estimator__criterion=absolute_error, estimator__max_depth=14, estimator__min_samples_split=5; total time=   0.0s
[CV] END estimator__criterion=absolute_error, estimator__max_depth=15, estimator__min_samples_split=2; total time=   0.0s
[CV] END estimator__criterion=absolute_error, estimator__max_depth=15, estimator__min_samples_split=6; total time=   0.0s
[CV] END estimator__criterion=absolute_error, estimator__max_depth=16, estimator__min_samples_split=5; total time=   0.0s
[CV] END estimator__criterion=absolute_error, estimator__max_depth=18, estimator__min_samples_split=2; total time=   0.0s
[CV] END estimator__criterion=squared_error, estimator__max_depth=15, estimator__min_samples_split=2; total time=   0.0s
[CV] END estimator__criterion=absolute_error, estimator__max_depth=15, estimator__min_samples_split=4; total time=   0.0s
[CV] END estimator__criterion=absolute_error, estimator__max_depth=16, estimator__min_samples_split=3; total time=   0.0s
[CV] END estimator__criterion=absolute_error, estimator__max_depth=16, estimator__min_samples_split=6; total time=   0.0s
[CV] END estimator__criterion=absolute_error, estimator__max_depth=18, estimator__min_samples_split=2; total time=   0.0s
[CV] END estimator__criterion=squared_error, estimator__max_depth=14, estimator__min_samples_split=4; total time=   0.0s
[CV] END estimator__criterion=squared_error, estimator__max_depth=16, estimator__min_samples_split=6; total time=   0.0s
[CV] END estimator__criterion=squared_error, estimator__max_depth=17, estimator__min_samples_split=3; total time=   0.0s
[CV] END estimator__criterion=squared_error, estimator__max_depth=17, estimator__min_samples_split=5; total time=   0.0s
[CV] END estimator__criterion=squared_error, estimator__max_depth=18, estimator__min_samples_split=2; total time=   0.0s
[CV] END estimator__criterion=squared_error, estimator__max_depth=18, estimator__min_samples_split=4; total time=   0.0s
[CV] END estimator__criterion=squared_error, estimator__max_depth=18, estimator__min_samples_split=6; total time=   0.0s
[CV] END estimator__criterion=absolute_error, estimator__max_depth=14, estimator__min_samples_split=3; total time=   0.0s
[CV] END estimator__criterion=absolute_error, estimator__max_depth=14, estimator__min_samples_split=6; total time=   0.0s
[CV] END estimator__criterion=absolute_error, estimator__max_depth=15, estimator__min_samples_split=4; total time=   0.0s
[CV] END estimator__criterion=absolute_error, estimator__max_depth=16, estimator__min_samples_split=3; total time=   0.0s
[CV] END estimator__criterion=absolute_error, estimator__max_depth=16, estimator__min_samples_split=6; total time=   0.0s
[CV] END estimator__criterion=absolute_error, estimator__max_depth=18, estimator__min_samples_split=2; total time=   0.0s
[CV] END estimator__criterion=squared_error, estimator__max_depth=14, estimator__min_samples_split=4; total time=   0.0s
[CV] END estimator__criterion=absolute_error, estimator__max_depth=15, estimator__min_samples_split=4; total time=   0.0s
[CV] END estimator__criterion=absolute_error, estimator__max_depth=16, estimator__min_samples_split=3; total time=   0.0s
[CV] END estimator__criterion=absolute_error, estimator__max_depth=17, estimator__min_samples_split=2; total time=   0.0s
[CV] END estimator__criterion=absolute_error, estimator__max_depth=18, estimator__min_samples_split=3; total time=   0.0s
[CV] END estimator__criterion=squared_error, estimator__max_depth=15, estimator__min_samples_split=2; total time=   0.0s
[CV] END estimator__criterion=absolute_error, estimator__max_depth=16, estimator__min_samples_split=3; total time=   0.0s
[CV] END estimator__criterion=absolute_error, estimator__max_depth=17, estimator__min_samples_split=2; total time=   0.0s
[CV] END estimator__criterion=absolute_error, estimator__max_depth=18, estimator__min_samples_split=3; total time=   0.0s
[CV] END estimator__criterion=squared_error, estimator__max_depth=14, estimator__min_samples_split=5; total time=   0.0s
[CV] END estimator__criterion=absolute_error, estimator__max_depth=16, estimator__min_samples_split=5; total time=   0.0s
[CV] END estimator__criterion=absolute_error, estimator__max_depth=18, estimator__min_samples_split=2; total time=   0.0s
[CV] END estimator__criterion=squared_error, estimator__max_depth=14, estimator__min_samples_split=3; total time=   0.0s
[CV] END estimator__criterion=absolute_error, estimator__max_depth=15, estimator__min_samples_split=2; total time=   0.0s
[CV] END estimator__criterion=absolute_error, estimator__max_depth=15, estimator__min_samples_split=6; total time=   0.0s
[CV] END estimator__criterion=absolute_error, estimator__max_depth=16, estimator__min_samples_split=6; total time=   0.0s
[CV] END estimator__criterion=absolute_error, estimator__max_depth=18, estimator__min_samples_split=3; total time=   0.0s
[CV] END estimator__criterion=squared_error, estimator__max_depth=14, estimator__min_samples_split=3; total time=   0.0s
[CV] END estimator__criterion=absolute_error, estimator__max_depth=15, estimator__min_samples_split=5; total time=   0.0s
[CV] END estimator__criterion=absolute_error, estimator__max_depth=16, estimator__min_samples_split=4; total time=   0.0s
[CV] END estimator__criterion=absolute_error, estimator__max_depth=17, estimator__min_samples_split=2; total time=   0.0s
[CV] END estimator__criterion=absolute_error, estimator__max_depth=18, estimator__min_samples_split=3; total time=   0.0s
[CV] END estimator__criterion=squared_error, estimator__max_depth=14, estimator__min_samples_split=2; total time=   0.0s
[CV] END estimator__criterion=squared_error, estimator__max_depth=15, estimator__min_samples_split=3; total time=   0.0s
[CV] END estimator__criterion=squared_error, estimator__max_depth=15, estimator__min_samples_split=3; total time=   0.0s
[CV] END estimator__criterion=squared_error, estimator__max_depth=15, estimator__min_samples_split=3; total time=   0.0s
[CV] END estimator__criterion=squared_error, estimator__max_depth=15, estimator__min_samples_split=4; total time=   0.0s
[CV] END estimator__criterion=squared_error, estimator__max_depth=15, estimator__min_samples_split=5; total time=   0.0s
[CV] END estimator__criterion=squared_error, estimator__max_depth=15, estimator__min_samples_split=5; total time=   0.0s
[CV] END estimator__criterion=squared_error, estimator__max_depth=15, estimator__min_samples_split=6; total time=   0.0s
[CV] END estimator__criterion=squared_error, estimator__max_depth=16, estimator__min_samples_split=2; total time=   0.0s
[CV] END estimator__criterion=squared_error, estimator__max_depth=16, estimator__min_samples_split=3; total time=   0.0s
[CV] END estimator__criterion=squared_error, estimator__max_depth=16, estimator__min_samples_split=5; total time=   0.0s
[CV] END estimator__criterion=squared_error, estimator__max_depth=16, estimator__min_samples_split=6; total time=   0.0s
[CV] END estimator__criterion=squared_error, estimator__max_depth=17, estimator__min_samples_split=3; total time=   0.0s
[CV] END estimator__criterion=squared_error, estimator__max_depth=17, estimator__min_samples_split=5; total time=   0.0s
[CV] END estimator__criterion=squared_error, estimator__max_depth=18, estimator__min_samples_split=3; total time=   0.0s
[CV] END estimator__criterion=squared_error, estimator__max_depth=18, estimator__min_samples_split=5; total time=   0.0s
[CV] END estimator__criterion=absolute_error, estimator__max_depth=14, estimator__min_samples_split=2; total time=   0.0s
[CV] END estimator__criterion=absolute_error, estimator__max_depth=14, estimator__min_samples_split=5; total time=   0.0s
[CV] END estimator__criterion=absolute_error, estimator__max_depth=15, estimator__min_samples_split=3; total time=   0.0s
[CV] END estimator__criterion=absolute_error, estimator__max_depth=16, estimator__min_samples_split=2; total time=   0.0s
[CV] END estimator__criterion=absolute_error, estimator__max_depth=16, estimator__min_samples_split=6; total time=   0.0s
[CV] END estimator__criterion=absolute_error, estimator__max_depth=18, estimator__min_samples_split=2; total time=   0.0s
[CV] END estimator__criterion=squared_error, estimator__max_depth=14, estimator__min_samples_split=6; total time=   0.0s
[CV] END estimator__criterion=absolute_error, estimator__max_depth=17, estimator__min_samples_split=4; total time=   0.0s
[CV] END estimator__criterion=absolute_error, estimator__max_depth=18, estimator__min_samples_split=4; total time=   0.0s
[CV] END estimator__criterion=squared_error, estimator__max_depth=14, estimator__min_samples_split=6; total time=   0.0s
[CV] END estimator__criterion=absolute_error, estimator__max_depth=17, estimator__min_samples_split=3; total time=   0.0s
[CV] END estimator__criterion=absolute_error, estimator__max_depth=18, estimator__min_samples_split=4; total time=   0.0s
[CV] END estimator__criterion=squared_error, estimator__max_depth=14, estimator__min_samples_split=5; total time=   0.0s
[CV] END estimator__criterion=absolute_error, estimator__max_depth=17, estimator__min_samples_split=3; total time=   0.0s
[CV] END estimator__criterion=absolute_error, estimator__max_depth=18, estimator__min_samples_split=5; total time=   0.0s
[CV] END estimator__criterion=squared_error, estimator__max_depth=14, estimator__min_samples_split=4; total time=   0.0s
[CV] END estimator__criterion=absolute_error, estimator__max_depth=17, estimator__min_samples_split=4; total time=   0.0s
[CV] END estimator__criterion=absolute_error, estimator__max_depth=18, estimator__min_samples_split=4; total time=   0.0s
[CV] END estimator__criterion=squared_error, estimator__max_depth=14, estimator__min_samples_split=6; total time=   0.0s
[CV] END estimator__criterion=absolute_error, estimator__max_depth=17, estimator__min_samples_split=4; total time=   0.0s
[CV] END estimator__criterion=absolute_error, estimator__max_depth=18, estimator__min_samples_split=4; total time=   0.0s
[CV] END estimator__criterion=squared_error, estimator__max_depth=14, estimator__min_samples_split=2; total time=   0.0s
[CV] END estimator__criterion=squared_error, estimator__max_depth=17, estimator__min_samples_split=2; total time=   0.0s
[CV] END estimator__criterion=squared_error, estimator__max_depth=17, estimator__min_samples_split=4; total time=   0.0s
[CV] END estimator__criterion=squared_error, estimator__max_depth=18, estimator__min_samples_split=2; total time=   0.0s
[CV] END estimator__criterion=squared_error, estimator__max_depth=18, estimator__min_samples_split=4; total time=   0.0s
[CV] END estimator__criterion=squared_error, estimator__max_depth=18, estimator__min_samples_split=6; total time=   0.0s
[CV] END estimator__criterion=absolute_error, estimator__max_depth=14, estimator__min_samples_split=3; total time=   0.0s
[CV] END estimator__criterion=absolute_error, estimator__max_depth=14, estimator__min_samples_split=6; total time=   0.0s
[CV] END estimator__criterion=absolute_error, estimator__max_depth=15, estimator__min_samples_split=3; total time=   0.0s
[CV] END estimator__criterion=absolute_error, estimator__max_depth=16, estimator__min_samples_split=2; total time=   0.0s
[CV] END estimator__criterion=absolute_error, estimator__max_depth=16, estimator__min_samples_split=6; total time=   0.0s
[CV] END estimator__criterion=absolute_error, estimator__max_depth=18, estimator__min_samples_split=3; total time=   0.0s
[CV] END estimator__criterion=squared_error, estimator__max_depth=14, estimator__min_samples_split=2; total time=   0.0s
[CV] END estimator__criterion=absolute_error, estimator__max_depth=14, estimator__min_samples_split=4; total time=   0.0s
[CV] END estimator__criterion=absolute_error, estimator__max_depth=14, estimator__min_samples_split=6; total time=   0.0s
[CV] END estimator__criterion=absolute_error, estimator__max_depth=15, estimator__min_samples_split=4; total time=   0.0s
[CV] END estimator__criterion=absolute_error, estimator__max_depth=16, estimator__min_samples_split=3; total time=   0.0s
[CV] END estimator__criterion=absolute_error, estimator__max_depth=17, estimator__min_samples_split=2; total time=   0.0s
[CV] END estimator__criterion=absolute_error, estimator__max_depth=18, estimator__min_samples_split=4; total time=   0.0s
[CV] END estimator__criterion=squared_error, estimator__max_depth=14, estimator__min_samples_split=6; total time=   0.0s
[CV] END estimator__criterion=absolute_error, estimator__max_depth=17, estimator__min_samples_split=5; total time=   0.0s
[CV] END estimator__criterion=absolute_error, estimator__max_depth=18, estimator__min_samples_split=6; total time=   0.0s
[CV] END estimator__criterion=squared_error, estimator__max_depth=14, estimator__min_samples_split=3; total time=   0.0s
[CV] END estimator__criterion=squared_error, estimator__max_depth=15, estimator__min_samples_split=5; total time=   0.0s
[CV] END estimator__criterion=squared_error, estimator__max_depth=15, estimator__min_samples_split=6; total time=   0.0s
[CV] END estimator__criterion=squared_error, estimator__max_depth=16, estimator__min_samples_split=2; total time=   0.0s
[CV] END estimator__criterion=squared_error, estimator__max_depth=16, estimator__min_samples_split=3; total time=   0.0s
[CV] END estimator__criterion=squared_error, estimator__max_depth=16, estimator__min_samples_split=4; total time=   0.0s
[CV] END estimator__criterion=squared_error, estimator__max_depth=16, estimator__min_samples_split=5; total time=   0.0s
[CV] END estimator__criterion=squared_error, estimator__max_depth=17, estimator__min_samples_split=2; total time=   0.0s
[CV] END estimator__criterion=squared_error, estimator__max_depth=17, estimator__min_samples_split=4; total time=   0.0s
[CV] END estimator__criterion=squared_error, estimator__max_depth=17, estimator__min_samples_split=6; total time=   0.0s
[CV] END estimator__criterion=squared_error, estimator__max_depth=18, estimator__min_samples_split=3; total time=   0.0s
[CV] END estimator__criterion=squared_error, estimator__max_depth=18, estimator__min_samples_split=6; total time=   0.0s
[CV] END estimator__criterion=absolute_error, estimator__max_depth=14, estimator__min_samples_split=3; total time=   0.0s
[CV] END estimator__criterion=absolute_error, estimator__max_depth=14, estimator__min_samples_split=5; total time=   0.0s
[CV] END estimator__criterion=absolute_error, estimator__max_depth=15, estimator__min_samples_split=3; total time=   0.0s
[CV] END estimator__criterion=absolute_error, estimator__max_depth=16, estimator__min_samples_split=2; total time=   0.0s
[CV] END estimator__criterion=absolute_error, estimator__max_depth=17, estimator__min_samples_split=2; total time=   0.0s
[CV] END estimator__criterion=absolute_error, estimator__max_depth=18, estimator__min_samples_split=5; total time=   0.0s
[CV] END estimator__criterion=squared_error, estimator__max_depth=14, estimator__min_samples_split=3; total time=   0.0s
[CV] END estimator__criterion=squared_error, estimator__max_depth=16, estimator__min_samples_split=5; total time=   0.0s
[CV] END estimator__criterion=squared_error, estimator__max_depth=17, estimator__min_samples_split=2; total time=   0.0s
[CV] END estimator__criterion=squared_error, estimator__max_depth=17, estimator__min_samples_split=4; total time=   0.0s
[CV] END estimator__criterion=squared_error, estimator__max_depth=17, estimator__min_samples_split=6; total time=   0.0s
[CV] END estimator__criterion=squared_error, estimator__max_depth=18, estimator__min_samples_split=3; total time=   0.0s
[CV] END estimator__criterion=squared_error, estimator__max_depth=18, estimator__min_samples_split=5; total time=   0.0s
[CV] END estimator__criterion=absolute_error, estimator__max_depth=14, estimator__min_samples_split=2; total time=   0.0s
[CV] END estimator__criterion=absolute_error, estimator__max_depth=14, estimator__min_samples_split=4; total time=   0.0s
[CV] END estimator__criterion=absolute_error, estimator__max_depth=15, estimator__min_samples_split=2; total time=   0.0s
[CV] END estimator__criterion=absolute_error, estimator__max_depth=15, estimator__min_samples_split=5; total time=   0.0s
[CV] END estimator__criterion=absolute_error, estimator__max_depth=16, estimator__min_samples_split=4; total time=   0.0s
[CV] END estimator__criterion=absolute_error, estimator__max_depth=17, estimator__min_samples_split=5; total time=   0.0s
[CV] END estimator__criterion=absolute_error, estimator__max_depth=18, estimator__min_samples_split=5; total time=   0.0s
[CV] END estimator__criterion=squared_error, estimator__max_depth=15, estimator__min_samples_split=3; total time=   0.0s
[CV] END estimator__criterion=absolute_error, estimator__max_depth=16, estimator__min_samples_split=2; total time=   0.0s
[CV] END estimator__criterion=absolute_error, estimator__max_depth=17, estimator__min_samples_split=3; total time=   0.0s
[CV] END estimator__criterion=absolute_error, estimator__max_depth=18, estimator__min_samples_split=6; total time=   0.0s
[CV] END estimator__criterion=squared_error, estimator__max_depth=14, estimator__min_samples_split=2; total time=   0.0s
[CV] END estimator__criterion=squared_error, estimator__max_depth=15, estimator__min_samples_split=4; total time=   0.0s
[CV] END estimator__criterion=squared_error, estimator__max_depth=15, estimator__min_samples_split=4; total time=   0.0s
[CV] END estimator__criterion=squared_error, estimator__max_depth=15, estimator__min_samples_split=5; total time=   0.0s
[CV] END estimator__criterion=squared_error, estimator__max_depth=15, estimator__min_samples_split=6; total time=   0.0s
[CV] END estimator__criterion=squared_error, estimator__max_depth=15, estimator__min_samples_split=6; total time=   0.0s
[CV] END estimator__criterion=squared_error, estimator__max_depth=16, estimator__min_samples_split=2; total time=   0.0s
[CV] END estimator__criterion=squared_error, estimator__max_depth=16, estimator__min_samples_split=3; total time=   0.0s
[CV] END estimator__criterion=squared_error, estimator__max_depth=16, estimator__min_samples_split=4; total time=   0.0s
[CV] END estimator__criterion=squared_error, estimator__max_depth=16, estimator__min_samples_split=6; total time=   0.0s
[CV] END estimator__criterion=squared_error, estimator__max_depth=17, estimator__min_samples_split=3; total time=   0.0s
[CV] END estimator__criterion=squared_error, estimator__max_depth=17, estimator__min_samples_split=5; total time=   0.0s
[CV] END estimator__criterion=squared_error, estimator__max_depth=18, estimator__min_samples_split=2; total time=   0.0s
[CV] END estimator__criterion=squared_error, estimator__max_depth=18, estimator__min_samples_split=4; total time=   0.0s
[CV] END estimator__criterion=squared_error, estimator__max_depth=18, estimator__min_samples_split=6; total time=   0.0s
[CV] END estimator__criterion=absolute_error, estimator__max_depth=14, estimator__min_samples_split=4; total time=   0.0s
[CV] END estimator__criterion=absolute_error, estimator__max_depth=14, estimator__min_samples_split=6; total time=   0.0s
[CV] END estimator__criterion=absolute_error, estimator__max_depth=15, estimator__min_samples_split=4; total time=   0.0s
[CV] END estimator__criterion=absolute_error, estimator__max_depth=16, estimator__min_samples_split=2; total time=   0.0s
[CV] END estimator__criterion=absolute_error, estimator__max_depth=17, estimator__min_samples_split=4; total time=   0.0s
[CV] END estimator__criterion=absolute_error, estimator__max_depth=18, estimator__min_samples_split=6; total time=   0.0s
[CV] END estimator__criterion=squared_error, estimator__max_depth=14, estimator__min_samples_split=6; total time=   0.0s
[CV] END estimator__criterion=squared_error, estimator__max_depth=16, estimator__min_samples_split=4; total time=   0.0s
[CV] END estimator__criterion=squared_error, estimator__max_depth=16, estimator__min_samples_split=5; total time=   0.0s
[CV] END estimator__criterion=squared_error, estimator__max_depth=17, estimator__min_samples_split=2; total time=   0.0s
[CV] END estimator__criterion=squared_error, estimator__max_depth=17, estimator__min_samples_split=4; total time=   0.0s
[CV] END estimator__criterion=squared_error, estimator__max_depth=17, estimator__min_samples_split=6; total time=   0.0s
[CV] END estimator__criterion=squared_error, estimator__max_depth=18, estimator__min_samples_split=3; total time=   0.0s
[CV] END estimator__criterion=squared_error, estimator__max_depth=18, estimator__min_samples_split=5; total time=   0.0s
[CV] END estimator__criterion=absolute_error, estimator__max_depth=14, estimator__min_samples_split=2; total time=   0.0s
[CV] END estimator__criterion=absolute_error, estimator__max_depth=14, estimator__min_samples_split=4; total time=   0.0s
[CV] END estimator__criterion=absolute_error, estimator__max_depth=15, estimator__min_samples_split=2; total time=   0.0s
[CV] END estimator__criterion=absolute_error, estimator__max_depth=15, estimator__min_samples_split=5; total time=   0.0s
[CV] END estimator__criterion=absolute_error, estimator__max_depth=16, estimator__min_samples_split=4; total time=   0.0s
[CV] END estimator__criterion=absolute_error, estimator__max_depth=17, estimator__min_samples_split=5; total time=   0.0s
[CV] END estimator__criterion=absolute_error, estimator__max_depth=18, estimator__min_samples_split=5; total time=   0.0s
[CV] END estimator__criterion=squared_error, estimator__max_depth=15, estimator__min_samples_split=3; total time=   0.0s
[CV] END estimator__criterion=absolute_error, estimator__max_depth=17, estimator__min_samples_split=3; total time=   0.0s
[CV] END estimator__criterion=absolute_error, estimator__max_depth=18, estimator__min_samples_split=6; total time=   0.0s
[CV] END estimator__criterion=squared_error, estimator__max_depth=14, estimator__min_samples_split=5; total time=   0.0s
[CV] END estimator__criterion=absolute_error, estimator__max_depth=17, estimator__min_samples_split=6; total time=   0.0s
[CV] END estimator__criterion=absolute_error, estimator__max_depth=18, estimator__min_samples_split=6; total time=   0.0s
[CV] END estimator__criterion=squared_error, estimator__max_depth=15, estimator__min_samples_split=2; total time=   0.0s
[CV] END estimator__criterion=absolute_error, estimator__max_depth=17, estimator__min_samples_split=3; total time=   0.0s
[CV] END estimator__criterion=absolute_error, estimator__max_depth=18, estimator__min_samples_split=5; total time=   0.0s
