W0426 05:55:30.507000 6508 site-packages\torch\utils\flop_counter.py:29] triton not found; flop counting will not work for triton kernels
[INFO] Loading original-dataset exact config | R:\config\paper_reimplementation\rcim_ml_compensation\original_dataset_exact_model_bank\campaigns\track1\exact_paper\bidirectional_original_dataset\forward\hgbm\2026-04-26_track1_forward_hgbm_original_dataset_mega_campaign\014_track1_original_dataset_forward_hgbm_attempt_14.yaml
[INFO] Building original-dataset exact bundle
[INFO] Original-dataset exact bundle ready | direction=forward rows=969 targets=19 families=1
[INFO] Family fit started | family=HGBM estimator=HistGradientBoostingRegressor targets=19 threadpool_limit=1 joblib_cpu_limit=system_default os_cpu_count=32
[INFO] Family target scope | family=HGBM kinds=ampl,phase harmonics=0,1,3,39,40,78,81,156,162,240 preview=fft_y_Fw_filtered_ampl_0, fft_y_Fw_filtered_ampl_1, fft_y_Fw_filtered_phase_1, ..., fft_y_Fw_filtered_ampl_240, fft_y_Fw_filtered_phase_240
[INFO] Grid search configured | family=HGBM candidates=125 parameter_count=4 n_jobs=-1 verbose=2 pre_dispatch=2*n_jobs
W0426 05:56:20.958000 40712 site-packages\torch\utils\flop_counter.py:29] triton not found; flop counting will not work for triton kernels
W0426 05:56:21.107000 25404 site-packages\torch\utils\flop_counter.py:29] triton not found; flop counting will not work for triton kernels
W0426 05:56:21.143000 35160 site-packages\torch\utils\flop_counter.py:29] triton not found; flop counting will not work for triton kernels
W0426 05:56:21.155000 39784 site-packages\torch\utils\flop_counter.py:29] triton not found; flop counting will not work for triton kernels
W0426 05:56:21.186000 24712 site-packages\torch\utils\flop_counter.py:29] triton not found; flop counting will not work for triton kernels
W0426 05:56:21.205000 41888 site-packages\torch\utils\flop_counter.py:29] triton not found; flop counting will not work for triton kernels
W0426 05:56:21.318000 20400 site-packages\torch\utils\flop_counter.py:29] triton not found; flop counting will not work for triton kernels
W0426 05:56:21.518000 20840 site-packages\torch\utils\flop_counter.py:29] triton not found; flop counting will not work for triton kernels
W0426 05:56:21.562000 28692 site-packages\torch\utils\flop_counter.py:29] triton not found; flop counting will not work for triton kernels
W0426 05:56:21.562000 39460 site-packages\torch\utils\flop_counter.py:29] triton not found; flop counting will not work for triton kernels
W0426 05:56:21.636000 3936 site-packages\torch\utils\flop_counter.py:29] triton not found; flop counting will not work for triton kernels
W0426 05:56:21.677000 3004 site-packages\torch\utils\flop_counter.py:29] triton not found; flop counting will not work for triton kernels
W0426 05:56:21.683000 35268 site-packages\torch\utils\flop_counter.py:29] triton not found; flop counting will not work for triton kernels
W0426 05:56:21.841000 18320 site-packages\torch\utils\flop_counter.py:29] triton not found; flop counting will not work for triton kernels
W0426 05:56:21.879000 42328 site-packages\torch\utils\flop_counter.py:29] triton not found; flop counting will not work for triton kernels
W0426 05:56:22.060000 36956 site-packages\torch\utils\flop_counter.py:29] triton not found; flop counting will not work for triton kernels
W0426 05:56:22.127000 29164 site-packages\torch\utils\flop_counter.py:29] triton not found; flop counting will not work for triton kernels
W0426 05:56:22.128000 22812 site-packages\torch\utils\flop_counter.py:29] triton not found; flop counting will not work for triton kernels
W0426 05:56:22.160000 38764 site-packages\torch\utils\flop_counter.py:29] triton not found; flop counting will not work for triton kernels
W0426 05:56:22.227000 38748 site-packages\torch\utils\flop_counter.py:29] triton not found; flop counting will not work for triton kernels
W0426 05:56:22.245000 9732 site-packages\torch\utils\flop_counter.py:29] triton not found; flop counting will not work for triton kernels
W0426 05:56:22.267000 24520 site-packages\torch\utils\flop_counter.py:29] triton not found; flop counting will not work for triton kernels
W0426 05:56:22.277000 29120 site-packages\torch\utils\flop_counter.py:29] triton not found; flop counting will not work for triton kernels
W0426 05:56:22.280000 40232 site-packages\torch\utils\flop_counter.py:29] triton not found; flop counting will not work for triton kernels
W0426 05:56:22.280000 20192 site-packages\torch\utils\flop_counter.py:29] triton not found; flop counting will not work for triton kernels
W0426 05:56:22.282000 27784 site-packages\torch\utils\flop_counter.py:29] triton not found; flop counting will not work for triton kernels
W0426 05:56:22.288000 40156 site-packages\torch\utils\flop_counter.py:29] triton not found; flop counting will not work for triton kernels
W0426 05:56:22.288000 15652 site-packages\torch\utils\flop_counter.py:29] triton not found; flop counting will not work for triton kernels
W0426 05:56:22.292000 39416 site-packages\torch\utils\flop_counter.py:29] triton not found; flop counting will not work for triton kernels
W0426 05:56:22.302000 22932 site-packages\torch\utils\flop_counter.py:29] triton not found; flop counting will not work for triton kernels
W0426 05:56:22.316000 21996 site-packages\torch\utils\flop_counter.py:29] triton not found; flop counting will not work for triton kernels
W0426 05:56:22.325000 2108 site-packages\torch\utils\flop_counter.py:29] triton not found; flop counting will not work for triton kernels
Fitting 5 folds for each of 125 candidates, totalling 625 fits
[DONE] Family fit complete | family=HGBM elapsed=49.22s best_score=-0.30078617157397874 best_params={'estimator__learning_rate': 0.18, 'estimator__max_depth': 9, 'estimator__max_iter': 100, 'estimator__max_leaf_nodes': 24}
[INFO] Family evaluation started | family=HGBM targets=19
[DONE] Family evaluation complete | family=HGBM elapsed=0.06s mean_component_mape=33.432% mean_component_mae=0.104584
[INFO] Family ONNX export started | family=HGBM targets=19 estimator=HistGradientBoostingRegressor
[DONE] Family ONNX export complete | family=HGBM elapsed=0.58s exported=19 failed=0
[DONE] Original-dataset exact validation complete | summary=output/validation_checks/paper_reimplementation_rcim_original_dataset_exact_model_bank/2026-04-26-05-55-30__track1_original_dataset_forward_hgbm_attempt_14_campaign_validation/validation_summary.yaml report=doc/reports/analysis/validation_checks/2026-04-26-05-57-03_paper_reimplementation_rcim_original_dataset_exact_model_bank_track1_original_dataset_forward_hgbm_attempt_14_campaign_validation_original_dataset_exact_model_bank_report.md
[CV] END estimator__learning_rate=0.18, estimator__max_depth=10, estimator__max_iter=100, estimator__max_leaf_nodes=24; total time=   1.6s
[CV] END estimator__learning_rate=0.18, estimator__max_depth=11, estimator__max_iter=100, estimator__max_leaf_nodes=24; total time=   1.7s
[CV] END estimator__learning_rate=0.18, estimator__max_depth=12, estimator__max_iter=100, estimator__max_leaf_nodes=26; total time=   1.7s
[CV] END estimator__learning_rate=0.18, estimator__max_depth=13, estimator__max_iter=100, estimator__max_leaf_nodes=27; total time=   1.7s
[CV] END estimator__learning_rate=0.19, estimator__max_depth=9, estimator__max_iter=100, estimator__max_leaf_nodes=28; total time=   1.7s
[CV] END estimator__learning_rate=0.19, estimator__max_depth=11, estimator__max_iter=100, estimator__max_leaf_nodes=24; total time=   1.8s
[CV] END estimator__learning_rate=0.19, estimator__max_depth=12, estimator__max_iter=100, estimator__max_leaf_nodes=26; total time=   1.8s
[CV] END estimator__learning_rate=0.19, estimator__max_depth=13, estimator__max_iter=100, estimator__max_leaf_nodes=28; total time=   1.8s
[CV] END estimator__learning_rate=0.2, estimator__max_depth=10, estimator__max_iter=100, estimator__max_leaf_nodes=25; total time=   1.7s
[CV] END estimator__learning_rate=0.2, estimator__max_depth=11, estimator__max_iter=100, estimator__max_leaf_nodes=27; total time=   1.7s
[CV] END estimator__learning_rate=0.2, estimator__max_depth=12, estimator__max_iter=100, estimator__max_leaf_nodes=28; total time=   1.7s
[CV] END estimator__learning_rate=0.21, estimator__max_depth=9, estimator__max_iter=100, estimator__max_leaf_nodes=24; total time=   1.6s
[CV] END estimator__learning_rate=0.21, estimator__max_depth=10, estimator__max_iter=100, estimator__max_leaf_nodes=25; total time=   1.6s
[CV] END estimator__learning_rate=0.21, estimator__max_depth=11, estimator__max_iter=100, estimator__max_leaf_nodes=27; total time=   1.7s
[CV] END estimator__learning_rate=0.21, estimator__max_depth=12, estimator__max_iter=100, estimator__max_leaf_nodes=28; total time=   1.7s
[CV] END estimator__learning_rate=0.22, estimator__max_depth=9, estimator__max_iter=100, estimator__max_leaf_nodes=24; total time=   1.6s
[CV] END estimator__learning_rate=0.22, estimator__max_depth=10, estimator__max_iter=100, estimator__max_leaf_nodes=25; total time=   1.6s
[CV] END estimator__learning_rate=0.22, estimator__max_depth=11, estimator__max_iter=100, estimator__max_leaf_nodes=26; total time=   1.7s
[CV] END estimator__learning_rate=0.22, estimator__max_depth=12, estimator__max_iter=100, estimator__max_leaf_nodes=27; total time=   1.7s
[CV] END estimator__learning_rate=0.18, estimator__max_depth=9, estimator__max_iter=100, estimator__max_leaf_nodes=25; total time=   1.6s
[CV] END estimator__learning_rate=0.18, estimator__max_depth=10, estimator__max_iter=100, estimator__max_leaf_nodes=27; total time=   1.6s
[CV] END estimator__learning_rate=0.18, estimator__max_depth=11, estimator__max_iter=100, estimator__max_leaf_nodes=28; total time=   1.6s
[CV] END estimator__learning_rate=0.18, estimator__max_depth=13, estimator__max_iter=100, estimator__max_leaf_nodes=24; total time=   1.7s
[CV] END estimator__learning_rate=0.19, estimator__max_depth=9, estimator__max_iter=100, estimator__max_leaf_nodes=25; total time=   1.6s
[CV] END estimator__learning_rate=0.19, estimator__max_depth=10, estimator__max_iter=100, estimator__max_leaf_nodes=27; total time=   1.6s
[CV] END estimator__learning_rate=0.19, estimator__max_depth=11, estimator__max_iter=100, estimator__max_leaf_nodes=28; total time=   1.6s
[CV] END estimator__learning_rate=0.19, estimator__max_depth=13, estimator__max_iter=100, estimator__max_leaf_nodes=24; total time=   1.7s
[CV] END estimator__learning_rate=0.2, estimator__max_depth=9, estimator__max_iter=100, estimator__max_leaf_nodes=26; total time=   1.5s
[CV] END estimator__learning_rate=0.2, estimator__max_depth=10, estimator__max_iter=100, estimator__max_leaf_nodes=27; total time=   1.6s
[CV] END estimator__learning_rate=0.2, estimator__max_depth=11, estimator__max_iter=100, estimator__max_leaf_nodes=28; total time=   1.7s
[CV] END estimator__learning_rate=0.2, estimator__max_depth=13, estimator__max_iter=100, estimator__max_leaf_nodes=24; total time=   1.7s
[CV] END estimator__learning_rate=0.21, estimator__max_depth=9, estimator__max_iter=100, estimator__max_leaf_nodes=25; total time=   1.5s
[CV] END estimator__learning_rate=0.21, estimator__max_depth=10, estimator__max_iter=100, estimator__max_leaf_nodes=26; total time=   1.6s
[CV] END estimator__learning_rate=0.21, estimator__max_depth=11, estimator__max_iter=100, estimator__max_leaf_nodes=27; total time=   1.6s
[CV] END estimator__learning_rate=0.21, estimator__max_depth=12, estimator__max_iter=100, estimator__max_leaf_nodes=28; total time=   1.7s
[CV] END estimator__learning_rate=0.22, estimator__max_depth=9, estimator__max_iter=100, estimator__max_leaf_nodes=24; total time=   1.6s
[CV] END estimator__learning_rate=0.22, estimator__max_depth=10, estimator__max_iter=100, estimator__max_leaf_nodes=25; total time=   1.6s
[CV] END estimator__learning_rate=0.22, estimator__max_depth=11, estimator__max_iter=100, estimator__max_leaf_nodes=26; total time=   1.7s
[CV] END estimator__learning_rate=0.22, estimator__max_depth=12, estimator__max_iter=100, estimator__max_leaf_nodes=28; total time=   1.7s
[CV] END estimator__learning_rate=0.18, estimator__max_depth=10, estimator__max_iter=100, estimator__max_leaf_nodes=25; total time=   1.6s
[CV] END estimator__learning_rate=0.18, estimator__max_depth=11, estimator__max_iter=100, estimator__max_leaf_nodes=24; total time=   1.7s
[CV] END estimator__learning_rate=0.18, estimator__max_depth=12, estimator__max_iter=100, estimator__max_leaf_nodes=26; total time=   1.7s
[CV] END estimator__learning_rate=0.18, estimator__max_depth=13, estimator__max_iter=100, estimator__max_leaf_nodes=28; total time=   1.8s
[CV] END estimator__learning_rate=0.19, estimator__max_depth=10, estimator__max_iter=100, estimator__max_leaf_nodes=24; total time=   1.7s
[CV] END estimator__learning_rate=0.19, estimator__max_depth=11, estimator__max_iter=100, estimator__max_leaf_nodes=26; total time=   1.8s
[CV] END estimator__learning_rate=0.19, estimator__max_depth=12, estimator__max_iter=100, estimator__max_leaf_nodes=28; total time=   1.7s
[CV] END estimator__learning_rate=0.2, estimator__max_depth=9, estimator__max_iter=100, estimator__max_leaf_nodes=24; total time=   1.6s
[CV] END estimator__learning_rate=0.2, estimator__max_depth=10, estimator__max_iter=100, estimator__max_leaf_nodes=26; total time=   1.6s
[CV] END estimator__learning_rate=0.2, estimator__max_depth=11, estimator__max_iter=100, estimator__max_leaf_nodes=26; total time=   1.7s
[CV] END estimator__learning_rate=0.2, estimator__max_depth=12, estimator__max_iter=100, estimator__max_leaf_nodes=28; total time=   1.7s
[CV] END estimator__learning_rate=0.21, estimator__max_depth=9, estimator__max_iter=100, estimator__max_leaf_nodes=24; total time=   1.5s
[CV] END estimator__learning_rate=0.21, estimator__max_depth=10, estimator__max_iter=100, estimator__max_leaf_nodes=24; total time=   1.6s
[CV] END estimator__learning_rate=0.21, estimator__max_depth=11, estimator__max_iter=100, estimator__max_leaf_nodes=26; total time=   1.7s
[CV] END estimator__learning_rate=0.21, estimator__max_depth=12, estimator__max_iter=100, estimator__max_leaf_nodes=27; total time=   1.7s
[CV] END estimator__learning_rate=0.21, estimator__max_depth=13, estimator__max_iter=100, estimator__max_leaf_nodes=28; total time=   1.7s
[CV] END estimator__learning_rate=0.22, estimator__max_depth=10, estimator__max_iter=100, estimator__max_leaf_nodes=25; total time=   1.6s
[CV] END estimator__learning_rate=0.22, estimator__max_depth=11, estimator__max_iter=100, estimator__max_leaf_nodes=26; total time=   1.7s
[CV] END estimator__learning_rate=0.22, estimator__max_depth=12, estimator__max_iter=100, estimator__max_leaf_nodes=28; total time=   1.7s
[CV] END estimator__learning_rate=0.18, estimator__max_depth=9, estimator__max_iter=100, estimator__max_leaf_nodes=25; total time=   1.7s
[CV] END estimator__learning_rate=0.18, estimator__max_depth=10, estimator__max_iter=100, estimator__max_leaf_nodes=26; total time=   1.7s
[CV] END estimator__learning_rate=0.18, estimator__max_depth=11, estimator__max_iter=100, estimator__max_leaf_nodes=27; total time=   1.7s
[CV] END estimator__learning_rate=0.18, estimator__max_depth=13, estimator__max_iter=100, estimator__max_leaf_nodes=24; total time=   1.8s
[CV] END estimator__learning_rate=0.19, estimator__max_depth=9, estimator__max_iter=100, estimator__max_leaf_nodes=25; total time=   1.7s
[CV] END estimator__learning_rate=0.19, estimator__max_depth=10, estimator__max_iter=100, estimator__max_leaf_nodes=27; total time=   1.7s
[CV] END estimator__learning_rate=0.19, estimator__max_depth=12, estimator__max_iter=100, estimator__max_leaf_nodes=24; total time=   1.8s
[CV] END estimator__learning_rate=0.19, estimator__max_depth=13, estimator__max_iter=100, estimator__max_leaf_nodes=25; total time=   1.8s
[CV] END estimator__learning_rate=0.2, estimator__max_depth=9, estimator__max_iter=100, estimator__max_leaf_nodes=27; total time=   1.6s
[CV] END estimator__learning_rate=0.2, estimator__max_depth=10, estimator__max_iter=100, estimator__max_leaf_nodes=28; total time=   1.7s
[CV] END estimator__learning_rate=0.2, estimator__max_depth=12, estimator__max_iter=100, estimator__max_leaf_nodes=24; total time=   1.7s
[CV] END estimator__learning_rate=0.2, estimator__max_depth=13, estimator__max_iter=100, estimator__max_leaf_nodes=26; total time=   1.8s
[CV] END estimator__learning_rate=0.21, estimator__max_depth=9, estimator__max_iter=100, estimator__max_leaf_nodes=27; total time=   1.7s
[CV] END estimator__learning_rate=0.21, estimator__max_depth=11, estimator__max_iter=100, estimator__max_leaf_nodes=24; total time=   1.8s
[CV] END estimator__learning_rate=0.21, estimator__max_depth=12, estimator__max_iter=100, estimator__max_leaf_nodes=25; total time=   1.8s
[CV] END estimator__learning_rate=0.21, estimator__max_depth=13, estimator__max_iter=100, estimator__max_leaf_nodes=27; total time=   1.8s
[CV] END estimator__learning_rate=0.22, estimator__max_depth=9, estimator__max_iter=100, estimator__max_leaf_nodes=28; total time=   1.7s
[CV] END estimator__learning_rate=0.22, estimator__max_depth=11, estimator__max_iter=100, estimator__max_leaf_nodes=25; total time=   1.8s
[CV] END estimator__learning_rate=0.22, estimator__max_depth=12, estimator__max_iter=100, estimator__max_leaf_nodes=27; total time=   1.8s
[CV] END estimator__learning_rate=0.18, estimator__max_depth=9, estimator__max_iter=100, estimator__max_leaf_nodes=28; total time=   1.6s
[CV] END estimator__learning_rate=0.18, estimator__max_depth=11, estimator__max_iter=100, estimator__max_leaf_nodes=25; total time=   1.7s
[CV] END estimator__learning_rate=0.18, estimator__max_depth=12, estimator__max_iter=100, estimator__max_leaf_nodes=27; total time=   1.8s
[CV] END estimator__learning_rate=0.18, estimator__max_depth=13, estimator__max_iter=100, estimator__max_leaf_nodes=28; total time=   1.8s
[CV] END estimator__learning_rate=0.19, estimator__max_depth=10, estimator__max_iter=100, estimator__max_leaf_nodes=25; total time=   1.7s
[CV] END estimator__learning_rate=0.19, estimator__max_depth=11, estimator__max_iter=100, estimator__max_leaf_nodes=27; total time=   1.8s
[CV] END estimator__learning_rate=0.19, estimator__max_depth=12, estimator__max_iter=100, estimator__max_leaf_nodes=28; total time=   1.8s
[CV] END estimator__learning_rate=0.2, estimator__max_depth=9, estimator__max_iter=100, estimator__max_leaf_nodes=25; total time=   1.7s
[CV] END estimator__learning_rate=0.2, estimator__max_depth=10, estimator__max_iter=100, estimator__max_leaf_nodes=27; total time=   1.7s
[CV] END estimator__learning_rate=0.2, estimator__max_depth=11, estimator__max_iter=100, estimator__max_leaf_nodes=28; total time=   1.7s
[CV] END estimator__learning_rate=0.2, estimator__max_depth=13, estimator__max_iter=100, estimator__max_leaf_nodes=25; total time=   1.7s
[CV] END estimator__learning_rate=0.21, estimator__max_depth=9, estimator__max_iter=100, estimator__max_leaf_nodes=25; total time=   1.6s
[CV] END estimator__learning_rate=0.21, estimator__max_depth=10, estimator__max_iter=100, estimator__max_leaf_nodes=26; total time=   1.6s
[CV] END estimator__learning_rate=0.21, estimator__max_depth=11, estimator__max_iter=100, estimator__max_leaf_nodes=28; total time=   1.6s
[CV] END estimator__learning_rate=0.21, estimator__max_depth=13, estimator__max_iter=100, estimator__max_leaf_nodes=24; total time=   1.7s
[CV] END estimator__learning_rate=0.22, estimator__max_depth=9, estimator__max_iter=100, estimator__max_leaf_nodes=25; total time=   1.6s
[CV] END estimator__learning_rate=0.22, estimator__max_depth=10, estimator__max_iter=100, estimator__max_leaf_nodes=26; total time=   1.6s
[CV] END estimator__learning_rate=0.22, estimator__max_depth=11, estimator__max_iter=100, estimator__max_leaf_nodes=27; total time=   1.7s
[CV] END estimator__learning_rate=0.22, estimator__max_depth=12, estimator__max_iter=100, estimator__max_leaf_nodes=28; total time=   1.7s
[CV] END estimator__learning_rate=0.18, estimator__max_depth=9, estimator__max_iter=100, estimator__max_leaf_nodes=28; total time=   1.6s
[CV] END estimator__learning_rate=0.18, estimator__max_depth=11, estimator__max_iter=100, estimator__max_leaf_nodes=24; total time=   1.7s
[CV] END estimator__learning_rate=0.18, estimator__max_depth=12, estimator__max_iter=100, estimator__max_leaf_nodes=25; total time=   1.7s
[CV] END estimator__learning_rate=0.18, estimator__max_depth=13, estimator__max_iter=100, estimator__max_leaf_nodes=26; total time=   1.7s
[CV] END estimator__learning_rate=0.19, estimator__max_depth=9, estimator__max_iter=100, estimator__max_leaf_nodes=28; total time=   1.6s
[CV] END estimator__learning_rate=0.19, estimator__max_depth=11, estimator__max_iter=100, estimator__max_leaf_nodes=24; total time=   1.8s
[CV] END estimator__learning_rate=0.19, estimator__max_depth=12, estimator__max_iter=100, estimator__max_leaf_nodes=26; total time=   1.8s
[CV] END estimator__learning_rate=0.19, estimator__max_depth=13, estimator__max_iter=100, estimator__max_leaf_nodes=27; total time=   1.7s
[CV] END estimator__learning_rate=0.2, estimator__max_depth=9, estimator__max_iter=100, estimator__max_leaf_nodes=28; total time=   1.6s
[CV] END estimator__learning_rate=0.2, estimator__max_depth=11, estimator__max_iter=100, estimator__max_leaf_nodes=25; total time=   1.8s
[CV] END estimator__learning_rate=0.2, estimator__max_depth=12, estimator__max_iter=100, estimator__max_leaf_nodes=26; total time=   1.8s
[CV] END estimator__learning_rate=0.2, estimator__max_depth=13, estimator__max_iter=100, estimator__max_leaf_nodes=28; total time=   1.8s
[CV] END estimator__learning_rate=0.21, estimator__max_depth=10, estimator__max_iter=100, estimator__max_leaf_nodes=26; total time=   1.7s
[CV] END estimator__learning_rate=0.21, estimator__max_depth=11, estimator__max_iter=100, estimator__max_leaf_nodes=27; total time=   1.8s
[CV] END estimator__learning_rate=0.21, estimator__max_depth=13, estimator__max_iter=100, estimator__max_leaf_nodes=24; total time=   1.7s
[CV] END estimator__learning_rate=0.22, estimator__max_depth=9, estimator__max_iter=100, estimator__max_leaf_nodes=25; total time=   1.6s
[CV] END estimator__learning_rate=0.22, estimator__max_depth=10, estimator__max_iter=100, estimator__max_leaf_nodes=27; total time=   1.6s
[CV] END estimator__learning_rate=0.22, estimator__max_depth=11, estimator__max_iter=100, estimator__max_leaf_nodes=28; total time=   1.7s
[CV] END estimator__learning_rate=0.22, estimator__max_depth=13, estimator__max_iter=100, estimator__max_leaf_nodes=24; total time=   1.7s
[CV] END estimator__learning_rate=0.18, estimator__max_depth=9, estimator__max_iter=100, estimator__max_leaf_nodes=25; total time=   1.7s
[CV] END estimator__learning_rate=0.18, estimator__max_depth=11, estimator__max_iter=100, estimator__max_leaf_nodes=24; total time=   1.7s
[CV] END estimator__learning_rate=0.18, estimator__max_depth=12, estimator__max_iter=100, estimator__max_leaf_nodes=25; total time=   1.7s
[CV] END estimator__learning_rate=0.18, estimator__max_depth=13, estimator__max_iter=100, estimator__max_leaf_nodes=26; total time=   1.7s
[CV] END estimator__learning_rate=0.19, estimator__max_depth=9, estimator__max_iter=100, estimator__max_leaf_nodes=27; total time=   1.6s
[CV] END estimator__learning_rate=0.19, estimator__max_depth=10, estimator__max_iter=100, estimator__max_leaf_nodes=28; total time=   1.6s
[CV] END estimator__learning_rate=0.19, estimator__max_depth=12, estimator__max_iter=100, estimator__max_leaf_nodes=25; total time=   1.7s
[CV] END estimator__learning_rate=0.19, estimator__max_depth=13, estimator__max_iter=100, estimator__max_leaf_nodes=26; total time=   1.7s
[CV] END estimator__learning_rate=0.2, estimator__max_depth=9, estimator__max_iter=100, estimator__max_leaf_nodes=27; total time=   1.6s
[CV] END estimator__learning_rate=0.2, estimator__max_depth=11, estimator__max_iter=100, estimator__max_leaf_nodes=24; total time=   1.7s
[CV] END estimator__learning_rate=0.2, estimator__max_depth=12, estimator__max_iter=100, estimator__max_leaf_nodes=25; total time=   1.8s
[CV] END estimator__learning_rate=0.2, estimator__max_depth=13, estimator__max_iter=100, estimator__max_leaf_nodes=26; total time=   1.8s
[CV] END estimator__learning_rate=0.21, estimator__max_depth=9, estimator__max_iter=100, estimator__max_leaf_nodes=28; total time=   1.7s
[CV] END estimator__learning_rate=0.21, estimator__max_depth=11, estimator__max_iter=100, estimator__max_leaf_nodes=25; total time=   1.8s
[CV] END estimator__learning_rate=0.21, estimator__max_depth=12, estimator__max_iter=100, estimator__max_leaf_nodes=26; total time=   1.8s
[CV] END estimator__learning_rate=0.21, estimator__max_depth=13, estimator__max_iter=100, estimator__max_leaf_nodes=28; total time=   1.8s
[CV] END estimator__learning_rate=0.22, estimator__max_depth=10, estimator__max_iter=100, estimator__max_leaf_nodes=26; total time=   1.7s
[CV] END estimator__learning_rate=0.22, estimator__max_depth=11, estimator__max_iter=100, estimator__max_leaf_nodes=28; total time=   1.8s
[CV] END estimator__learning_rate=0.22, estimator__max_depth=13, estimator__max_iter=100, estimator__max_leaf_nodes=24; total time=   1.7s
[CV] END estimator__learning_rate=0.18, estimator__max_depth=9, estimator__max_iter=100, estimator__max_leaf_nodes=27; total time=   1.6s
[CV] END estimator__learning_rate=0.18, estimator__max_depth=11, estimator__max_iter=100, estimator__max_leaf_nodes=24; total time=   1.7s
[CV] END estimator__learning_rate=0.18, estimator__max_depth=12, estimator__max_iter=100, estimator__max_leaf_nodes=25; total time=   1.8s
[CV] END estimator__learning_rate=0.18, estimator__max_depth=13, estimator__max_iter=100, estimator__max_leaf_nodes=27; total time=   1.8s
[CV] END estimator__learning_rate=0.19, estimator__max_depth=10, estimator__max_iter=100, estimator__max_leaf_nodes=24; total time=   1.7s
[CV] END estimator__learning_rate=0.19, estimator__max_depth=11, estimator__max_iter=100, estimator__max_leaf_nodes=26; total time=   1.8s
[CV] END estimator__learning_rate=0.19, estimator__max_depth=12, estimator__max_iter=100, estimator__max_leaf_nodes=27; total time=   1.7s
[CV] END estimator__learning_rate=0.2, estimator__max_depth=9, estimator__max_iter=100, estimator__max_leaf_nodes=24; total time=   1.7s
[CV] END estimator__learning_rate=0.2, estimator__max_depth=10, estimator__max_iter=100, estimator__max_leaf_nodes=25; total time=   1.7s
[CV] END estimator__learning_rate=0.2, estimator__max_depth=11, estimator__max_iter=100, estimator__max_leaf_nodes=27; total time=   1.8s
[CV] END estimator__learning_rate=0.2, estimator__max_depth=13, estimator__max_iter=100, estimator__max_leaf_nodes=24; total time=   1.8s
[CV] END estimator__learning_rate=0.21, estimator__max_depth=9, estimator__max_iter=100, estimator__max_leaf_nodes=25; total time=   1.6s
[CV] END estimator__learning_rate=0.21, estimator__max_depth=10, estimator__max_iter=100, estimator__max_leaf_nodes=27; total time=   1.6s
[CV] END estimator__learning_rate=0.21, estimator__max_depth=11, estimator__max_iter=100, estimator__max_leaf_nodes=27; total time=   1.6s
[CV] END estimator__learning_rate=0.21, estimator__max_depth=12, estimator__max_iter=100, estimator__max_leaf_nodes=28; total time=   1.7s
[CV] END estimator__learning_rate=0.22, estimator__max_depth=9, estimator__max_iter=100, estimator__max_leaf_nodes=25; total time=   1.5s
[CV] END estimator__learning_rate=0.22, estimator__max_depth=10, estimator__max_iter=100, estimator__max_leaf_nodes=26; total time=   1.6s
[CV] END estimator__learning_rate=0.22, estimator__max_depth=11, estimator__max_iter=100, estimator__max_leaf_nodes=27; total time=   1.6s
[CV] END estimator__learning_rate=0.22, estimator__max_depth=12, estimator__max_iter=100, estimator__max_leaf_nodes=28; total time=   1.7s
[CV] END estimator__learning_rate=0.18, estimator__max_depth=9, estimator__max_iter=100, estimator__max_leaf_nodes=25; total time=   1.6s
[CV] END estimator__learning_rate=0.18, estimator__max_depth=10, estimator__max_iter=100, estimator__max_leaf_nodes=28; total time=   1.7s
[CV] END estimator__learning_rate=0.18, estimator__max_depth=12, estimator__max_iter=100, estimator__max_leaf_nodes=25; total time=   1.8s
[CV] END estimator__learning_rate=0.18, estimator__max_depth=13, estimator__max_iter=100, estimator__max_leaf_nodes=26; total time=   1.8s
[CV] END estimator__learning_rate=0.19, estimator__max_depth=9, estimator__max_iter=100, estimator__max_leaf_nodes=28; total time=   1.7s
[CV] END estimator__learning_rate=0.19, estimator__max_depth=11, estimator__max_iter=100, estimator__max_leaf_nodes=25; total time=   1.8s
[CV] END estimator__learning_rate=0.19, estimator__max_depth=12, estimator__max_iter=100, estimator__max_leaf_nodes=27; total time=   1.7s
[CV] END estimator__learning_rate=0.19, estimator__max_depth=13, estimator__max_iter=100, estimator__max_leaf_nodes=28; total time=   1.7s
[CV] END estimator__learning_rate=0.2, estimator__max_depth=10, estimator__max_iter=100, estimator__max_leaf_nodes=25; total time=   1.6s
[CV] END estimator__learning_rate=0.2, estimator__max_depth=11, estimator__max_iter=100, estimator__max_leaf_nodes=26; total time=   1.7s
[CV] END estimator__learning_rate=0.2, estimator__max_depth=12, estimator__max_iter=100, estimator__max_leaf_nodes=27; total time=   1.7s
[CV] END estimator__learning_rate=0.2, estimator__max_depth=13, estimator__max_iter=100, estimator__max_leaf_nodes=28; total time=   1.7s
[CV] END estimator__learning_rate=0.21, estimator__max_depth=10, estimator__max_iter=100, estimator__max_leaf_nodes=24; total time=   1.6s
[CV] END estimator__learning_rate=0.21, estimator__max_depth=11, estimator__max_iter=100, estimator__max_leaf_nodes=26; total time=   1.6s
[CV] END estimator__learning_rate=0.21, estimator__max_depth=12, estimator__max_iter=100, estimator__max_leaf_nodes=27; total time=   1.7s
[CV] END estimator__learning_rate=0.21, estimator__max_depth=13, estimator__max_iter=100, estimator__max_leaf_nodes=28; total time=   1.7s
[CV] END estimator__learning_rate=0.22, estimator__max_depth=10, estimator__max_iter=100, estimator__max_leaf_nodes=25; total time=   1.8s
[CV] END estimator__learning_rate=0.22, estimator__max_depth=11, estimator__max_iter=100, estimator__max_leaf_nodes=27; total time=   1.8s
[CV] END estimator__learning_rate=0.22, estimator__max_depth=12, estimator__max_iter=100, estimator__max_leaf_nodes=28; total time=   1.8s
[CV] END estimator__learning_rate=0.18, estimator__max_depth=9, estimator__max_iter=100, estimator__max_leaf_nodes=28; total time=   1.7s
[CV] END estimator__learning_rate=0.18, estimator__max_depth=11, estimator__max_iter=100, estimator__max_leaf_nodes=26; total time=   1.8s
[CV] END estimator__learning_rate=0.18, estimator__max_depth=12, estimator__max_iter=100, estimator__max_leaf_nodes=28; total time=   1.8s
[CV] END estimator__learning_rate=0.19, estimator__max_depth=9, estimator__max_iter=100, estimator__max_leaf_nodes=24; total time=   1.7s
[CV] END estimator__learning_rate=0.19, estimator__max_depth=10, estimator__max_iter=100, estimator__max_leaf_nodes=26; total time=   1.7s
[CV] END estimator__learning_rate=0.19, estimator__max_depth=11, estimator__max_iter=100, estimator__max_leaf_nodes=27; total time=   1.8s
[CV] END estimator__learning_rate=0.19, estimator__max_depth=13, estimator__max_iter=100, estimator__max_leaf_nodes=24; total time=   1.8s
[CV] END estimator__learning_rate=0.2, estimator__max_depth=9, estimator__max_iter=100, estimator__max_leaf_nodes=25; total time=   1.7s
[CV] END estimator__learning_rate=0.2, estimator__max_depth=10, estimator__max_iter=100, estimator__max_leaf_nodes=27; total time=   1.8s
[CV] END estimator__learning_rate=0.2, estimator__max_depth=12, estimator__max_iter=100, estimator__max_leaf_nodes=24; total time=   1.7s
[CV] END estimator__learning_rate=0.2, estimator__max_depth=13, estimator__max_iter=100, estimator__max_leaf_nodes=25; total time=   1.7s
[CV] END estimator__learning_rate=0.21, estimator__max_depth=9, estimator__max_iter=100, estimator__max_leaf_nodes=26; total time=   1.6s
[CV] END estimator__learning_rate=0.21, estimator__max_depth=10, estimator__max_iter=100, estimator__max_leaf_nodes=28; total time=   1.6s
[CV] END estimator__learning_rate=0.21, estimator__max_depth=12, estimator__max_iter=100, estimator__max_leaf_nodes=24; total time=   1.7s
[CV] END estimator__learning_rate=0.21, estimator__max_depth=13, estimator__max_iter=100, estimator__max_leaf_nodes=25; total time=   1.7s
[CV] END estimator__learning_rate=0.22, estimator__max_depth=9, estimator__max_iter=100, estimator__max_leaf_nodes=26; total time=   1.5s
[CV] END estimator__learning_rate=0.22, estimator__max_depth=10, estimator__max_iter=100, estimator__max_leaf_nodes=27; total time=   1.6s
[CV] END estimator__learning_rate=0.22, estimator__max_depth=11, estimator__max_iter=100, estimator__max_leaf_nodes=28; total time=   1.7s
[CV] END estimator__learning_rate=0.22, estimator__max_depth=13, estimator__max_iter=100, estimator__max_leaf_nodes=24; total time=   1.7s
[CV] END estimator__learning_rate=0.18, estimator__max_depth=9, estimator__max_iter=100, estimator__max_leaf_nodes=24; total time=   1.6s
[CV] END estimator__learning_rate=0.18, estimator__max_depth=10, estimator__max_iter=100, estimator__max_leaf_nodes=25; total time=   1.6s
[CV] END estimator__learning_rate=0.18, estimator__max_depth=11, estimator__max_iter=100, estimator__max_leaf_nodes=26; total time=   1.6s
[CV] END estimator__learning_rate=0.18, estimator__max_depth=12, estimator__max_iter=100, estimator__max_leaf_nodes=28; total time=   1.7s
[CV] END estimator__learning_rate=0.19, estimator__max_depth=9, estimator__max_iter=100, estimator__max_leaf_nodes=24; total time=   1.5s
[CV] END estimator__learning_rate=0.19, estimator__max_depth=10, estimator__max_iter=100, estimator__max_leaf_nodes=24; total time=   1.6s
[CV] END estimator__learning_rate=0.19, estimator__max_depth=11, estimator__max_iter=100, estimator__max_leaf_nodes=25; total time=   1.6s
[CV] END estimator__learning_rate=0.19, estimator__max_depth=12, estimator__max_iter=100, estimator__max_leaf_nodes=26; total time=   1.7s
[CV] END estimator__learning_rate=0.19, estimator__max_depth=13, estimator__max_iter=100, estimator__max_leaf_nodes=27; total time=   1.7s
[CV] END estimator__learning_rate=0.2, estimator__max_depth=9, estimator__max_iter=100, estimator__max_leaf_nodes=28; total time=   1.5s
[CV] END estimator__learning_rate=0.2, estimator__max_depth=11, estimator__max_iter=100, estimator__max_leaf_nodes=24; total time=   1.7s
[CV] END estimator__learning_rate=0.2, estimator__max_depth=12, estimator__max_iter=100, estimator__max_leaf_nodes=25; total time=   1.7s
[CV] END estimator__learning_rate=0.2, estimator__max_depth=13, estimator__max_iter=100, estimator__max_leaf_nodes=27; total time=   1.8s
[CV] END estimator__learning_rate=0.21, estimator__max_depth=9, estimator__max_iter=100, estimator__max_leaf_nodes=28; total time=   1.7s
[CV] END estimator__learning_rate=0.21, estimator__max_depth=11, estimator__max_iter=100, estimator__max_leaf_nodes=25; total time=   1.8s
[CV] END estimator__learning_rate=0.21, estimator__max_depth=12, estimator__max_iter=100, estimator__max_leaf_nodes=27; total time=   1.8s
[CV] END estimator__learning_rate=0.22, estimator__max_depth=9, estimator__max_iter=100, estimator__max_leaf_nodes=24; total time=   1.7s
[CV] END estimator__learning_rate=0.22, estimator__max_depth=10, estimator__max_iter=100, estimator__max_leaf_nodes=26; total time=   1.7s
[CV] END estimator__learning_rate=0.22, estimator__max_depth=11, estimator__max_iter=100, estimator__max_leaf_nodes=27; total time=   1.8s
[CV] END estimator__learning_rate=0.22, estimator__max_depth=13, estimator__max_iter=100, estimator__max_leaf_nodes=24; total time=   1.8s
[CV] END estimator__learning_rate=0.18, estimator__max_depth=9, estimator__max_iter=100, estimator__max_leaf_nodes=26; total time=   1.6s
[CV] END estimator__learning_rate=0.18, estimator__max_depth=10, estimator__max_iter=100, estimator__max_leaf_nodes=27; total time=   1.6s
[CV] END estimator__learning_rate=0.18, estimator__max_depth=11, estimator__max_iter=100, estimator__max_leaf_nodes=28; total time=   1.7s
[CV] END estimator__learning_rate=0.18, estimator__max_depth=13, estimator__max_iter=100, estimator__max_leaf_nodes=25; total time=   1.7s
[CV] END estimator__learning_rate=0.19, estimator__max_depth=9, estimator__max_iter=100, estimator__max_leaf_nodes=26; total time=   1.6s
[CV] END estimator__learning_rate=0.19, estimator__max_depth=10, estimator__max_iter=100, estimator__max_leaf_nodes=27; total time=   1.7s
[CV] END estimator__learning_rate=0.19, estimator__max_depth=12, estimator__max_iter=100, estimator__max_leaf_nodes=24; total time=   1.8s
[CV] END estimator__learning_rate=0.19, estimator__max_depth=13, estimator__max_iter=100, estimator__max_leaf_nodes=25; total time=   1.8s
[CV] END estimator__learning_rate=0.2, estimator__max_depth=9, estimator__max_iter=100, estimator__max_leaf_nodes=27; total time=   1.7s
[CV] END estimator__learning_rate=0.2, estimator__max_depth=10, estimator__max_iter=100, estimator__max_leaf_nodes=28; total time=   1.8s
[CV] END estimator__learning_rate=0.2, estimator__max_depth=12, estimator__max_iter=100, estimator__max_leaf_nodes=25; total time=   1.8s
[CV] END estimator__learning_rate=0.2, estimator__max_depth=13, estimator__max_iter=100, estimator__max_leaf_nodes=26; total time=   1.8s
[CV] END estimator__learning_rate=0.21, estimator__max_depth=9, estimator__max_iter=100, estimator__max_leaf_nodes=28; total time=   1.7s
[CV] END estimator__learning_rate=0.21, estimator__max_depth=11, estimator__max_iter=100, estimator__max_leaf_nodes=24; total time=   1.8s
[CV] END estimator__learning_rate=0.21, estimator__max_depth=12, estimator__max_iter=100, estimator__max_leaf_nodes=26; total time=   1.8s
[CV] END estimator__learning_rate=0.21, estimator__max_depth=13, estimator__max_iter=100, estimator__max_leaf_nodes=27; total time=   1.8s
[CV] END estimator__learning_rate=0.22, estimator__max_depth=10, estimator__max_iter=100, estimator__max_leaf_nodes=25; total time=   1.7s
[CV] END estimator__learning_rate=0.22, estimator__max_depth=11, estimator__max_iter=100, estimator__max_leaf_nodes=27; total time=   1.8s
[CV] END estimator__learning_rate=0.22, estimator__max_depth=13, estimator__max_iter=100, estimator__max_leaf_nodes=24; total time=   1.8s
[CV] END estimator__learning_rate=0.18, estimator__max_depth=9, estimator__max_iter=100, estimator__max_leaf_nodes=27; total time=   1.6s
[CV] END estimator__learning_rate=0.18, estimator__max_depth=10, estimator__max_iter=100, estimator__max_leaf_nodes=28; total time=   1.7s
[CV] END estimator__learning_rate=0.18, estimator__max_depth=12, estimator__max_iter=100, estimator__max_leaf_nodes=24; total time=   1.8s
[CV] END estimator__learning_rate=0.18, estimator__max_depth=13, estimator__max_iter=100, estimator__max_leaf_nodes=25; total time=   1.8s
[CV] END estimator__learning_rate=0.19, estimator__max_depth=9, estimator__max_iter=100, estimator__max_leaf_nodes=27; total time=   1.6s
[CV] END estimator__learning_rate=0.19, estimator__max_depth=11, estimator__max_iter=100, estimator__max_leaf_nodes=24; total time=   1.8s
[CV] END estimator__learning_rate=0.19, estimator__max_depth=12, estimator__max_iter=100, estimator__max_leaf_nodes=25; total time=   1.8s
[CV] END estimator__learning_rate=0.19, estimator__max_depth=13, estimator__max_iter=100, estimator__max_leaf_nodes=27; total time=   1.8s
[CV] END estimator__learning_rate=0.2, estimator__max_depth=10, estimator__max_iter=100, estimator__max_leaf_nodes=24; total time=   1.7s
[CV] END estimator__learning_rate=0.2, estimator__max_depth=11, estimator__max_iter=100, estimator__max_leaf_nodes=26; total time=   1.8s
[CV] END estimator__learning_rate=0.2, estimator__max_depth=12, estimator__max_iter=100, estimator__max_leaf_nodes=27; total time=   1.8s
[CV] END estimator__learning_rate=0.21, estimator__max_depth=9, estimator__max_iter=100, estimator__max_leaf_nodes=24; total time=   1.7s
[CV] END estimator__learning_rate=0.21, estimator__max_depth=10, estimator__max_iter=100, estimator__max_leaf_nodes=26; total time=   1.7s
[CV] END estimator__learning_rate=0.21, estimator__max_depth=11, estimator__max_iter=100, estimator__max_leaf_nodes=28; total time=   1.8s
[CV] END estimator__learning_rate=0.21, estimator__max_depth=13, estimator__max_iter=100, estimator__max_leaf_nodes=24; total time=   1.8s
[CV] END estimator__learning_rate=0.22, estimator__max_depth=9, estimator__max_iter=100, estimator__max_leaf_nodes=26; total time=   1.7s
[CV] END estimator__learning_rate=0.22, estimator__max_depth=10, estimator__max_iter=100, estimator__max_leaf_nodes=27; total time=   1.7s
[CV] END estimator__learning_rate=0.22, estimator__max_depth=12, estimator__max_iter=100, estimator__max_leaf_nodes=24; total time=   1.8s
[CV] END estimator__learning_rate=0.22, estimator__max_depth=13, estimator__max_iter=100, estimator__max_leaf_nodes=25; total time=   1.5s
[CV] END estimator__learning_rate=0.18, estimator__max_depth=9, estimator__max_iter=100, estimator__max_leaf_nodes=24; total time=   1.6s
[CV] END estimator__learning_rate=0.18, estimator__max_depth=10, estimator__max_iter=100, estimator__max_leaf_nodes=28; total time=   1.7s
[CV] END estimator__learning_rate=0.18, estimator__max_depth=12, estimator__max_iter=100, estimator__max_leaf_nodes=24; total time=   1.8s
[CV] END estimator__learning_rate=0.18, estimator__max_depth=13, estimator__max_iter=100, estimator__max_leaf_nodes=26; total time=   1.7s
[CV] END estimator__learning_rate=0.19, estimator__max_depth=9, estimator__max_iter=100, estimator__max_leaf_nodes=27; total time=   1.6s
[CV] END estimator__learning_rate=0.19, estimator__max_depth=10, estimator__max_iter=100, estimator__max_leaf_nodes=28; total time=   1.6s
[CV] END estimator__learning_rate=0.19, estimator__max_depth=12, estimator__max_iter=100, estimator__max_leaf_nodes=24; total time=   1.7s
[CV] END estimator__learning_rate=0.19, estimator__max_depth=13, estimator__max_iter=100, estimator__max_leaf_nodes=26; total time=   1.8s
[CV] END estimator__learning_rate=0.2, estimator__max_depth=9, estimator__max_iter=100, estimator__max_leaf_nodes=27; total time=   1.6s
[CV] END estimator__learning_rate=0.2, estimator__max_depth=11, estimator__max_iter=100, estimator__max_leaf_nodes=24; total time=   1.8s
[CV] END estimator__learning_rate=0.2, estimator__max_depth=12, estimator__max_iter=100, estimator__max_leaf_nodes=26; total time=   1.8s
[CV] END estimator__learning_rate=0.2, estimator__max_depth=13, estimator__max_iter=100, estimator__max_leaf_nodes=27; total time=   1.8s
[CV] END estimator__learning_rate=0.21, estimator__max_depth=10, estimator__max_iter=100, estimator__max_leaf_nodes=24; total time=   1.7s
[CV] END estimator__learning_rate=0.21, estimator__max_depth=11, estimator__max_iter=100, estimator__max_leaf_nodes=26; total time=   1.8s
[CV] END estimator__learning_rate=0.21, estimator__max_depth=12, estimator__max_iter=100, estimator__max_leaf_nodes=28; total time=   1.8s
[CV] END estimator__learning_rate=0.22, estimator__max_depth=9, estimator__max_iter=100, estimator__max_leaf_nodes=25; total time=   1.7s
[CV] END estimator__learning_rate=0.22, estimator__max_depth=10, estimator__max_iter=100, estimator__max_leaf_nodes=26; total time=   1.7s
[CV] END estimator__learning_rate=0.22, estimator__max_depth=11, estimator__max_iter=100, estimator__max_leaf_nodes=28; total time=   1.8s
[CV] END estimator__learning_rate=0.22, estimator__max_depth=13, estimator__max_iter=100, estimator__max_leaf_nodes=25; total time=   1.8s
[CV] END estimator__learning_rate=0.18, estimator__max_depth=9, estimator__max_iter=100, estimator__max_leaf_nodes=27; total time=   1.7s
[CV] END estimator__learning_rate=0.18, estimator__max_depth=10, estimator__max_iter=100, estimator__max_leaf_nodes=27; total time=   1.7s
[CV] END estimator__learning_rate=0.18, estimator__max_depth=12, estimator__max_iter=100, estimator__max_leaf_nodes=24; total time=   1.8s
[CV] END estimator__learning_rate=0.18, estimator__max_depth=13, estimator__max_iter=100, estimator__max_leaf_nodes=25; total time=   1.8s
[CV] END estimator__learning_rate=0.19, estimator__max_depth=9, estimator__max_iter=100, estimator__max_leaf_nodes=27; total time=   1.6s
[CV] END estimator__learning_rate=0.19, estimator__max_depth=10, estimator__max_iter=100, estimator__max_leaf_nodes=28; total time=   1.7s
[CV] END estimator__learning_rate=0.19, estimator__max_depth=12, estimator__max_iter=100, estimator__max_leaf_nodes=25; total time=   1.8s
[CV] END estimator__learning_rate=0.19, estimator__max_depth=13, estimator__max_iter=100, estimator__max_leaf_nodes=26; total time=   1.8s
[CV] END estimator__learning_rate=0.2, estimator__max_depth=9, estimator__max_iter=100, estimator__max_leaf_nodes=28; total time=   1.7s
[CV] END estimator__learning_rate=0.2, estimator__max_depth=11, estimator__max_iter=100, estimator__max_leaf_nodes=24; total time=   1.8s
[CV] END estimator__learning_rate=0.2, estimator__max_depth=12, estimator__max_iter=100, estimator__max_leaf_nodes=26; total time=   1.8s
[CV] END estimator__learning_rate=0.2, estimator__max_depth=13, estimator__max_iter=100, estimator__max_leaf_nodes=28; total time=   1.8s
[CV] END estimator__learning_rate=0.21, estimator__max_depth=10, estimator__max_iter=100, estimator__max_leaf_nodes=25; total time=   1.8s
[CV] END estimator__learning_rate=0.21, estimator__max_depth=11, estimator__max_iter=100, estimator__max_leaf_nodes=27; total time=   1.8s
[CV] END estimator__learning_rate=0.21, estimator__max_depth=13, estimator__max_iter=100, estimator__max_leaf_nodes=24; total time=   1.8s
[CV] END estimator__learning_rate=0.22, estimator__max_depth=9, estimator__max_iter=100, estimator__max_leaf_nodes=25; total time=   1.7s
[CV] END estimator__learning_rate=0.22, estimator__max_depth=10, estimator__max_iter=100, estimator__max_leaf_nodes=27; total time=   1.8s
[CV] END estimator__learning_rate=0.22, estimator__max_depth=11, estimator__max_iter=100, estimator__max_leaf_nodes=28; total time=   1.8s
[CV] END estimator__learning_rate=0.22, estimator__max_depth=13, estimator__max_iter=100, estimator__max_leaf_nodes=25; total time=   1.8s
[CV] END estimator__learning_rate=0.18, estimator__max_depth=9, estimator__max_iter=100, estimator__max_leaf_nodes=26; total time=   1.6s
[CV] END estimator__learning_rate=0.18, estimator__max_depth=10, estimator__max_iter=100, estimator__max_leaf_nodes=27; total time=   1.6s
[CV] END estimator__learning_rate=0.18, estimator__max_depth=12, estimator__max_iter=100, estimator__max_leaf_nodes=24; total time=   1.7s
[CV] END estimator__learning_rate=0.18, estimator__max_depth=13, estimator__max_iter=100, estimator__max_leaf_nodes=25; total time=   1.7s
[CV] END estimator__learning_rate=0.19, estimator__max_depth=9, estimator__max_iter=100, estimator__max_leaf_nodes=26; total time=   1.6s
[CV] END estimator__learning_rate=0.19, estimator__max_depth=10, estimator__max_iter=100, estimator__max_leaf_nodes=28; total time=   1.6s
[CV] END estimator__learning_rate=0.19, estimator__max_depth=12, estimator__max_iter=100, estimator__max_leaf_nodes=24; total time=   1.7s
[CV] END estimator__learning_rate=0.19, estimator__max_depth=13, estimator__max_iter=100, estimator__max_leaf_nodes=25; total time=   1.7s
[CV] END estimator__learning_rate=0.2, estimator__max_depth=9, estimator__max_iter=100, estimator__max_leaf_nodes=26; total time=   1.5s
[CV] END estimator__learning_rate=0.2, estimator__max_depth=10, estimator__max_iter=100, estimator__max_leaf_nodes=27; total time=   1.6s
[CV] END estimator__learning_rate=0.2, estimator__max_depth=12, estimator__max_iter=100, estimator__max_leaf_nodes=24; total time=   1.7s
[CV] END estimator__learning_rate=0.2, estimator__max_depth=13, estimator__max_iter=100, estimator__max_leaf_nodes=25; total time=   1.7s
[CV] END estimator__learning_rate=0.21, estimator__max_depth=9, estimator__max_iter=100, estimator__max_leaf_nodes=26; total time=   1.6s
[CV] END estimator__learning_rate=0.21, estimator__max_depth=10, estimator__max_iter=100, estimator__max_leaf_nodes=27; total time=   1.6s
[CV] END estimator__learning_rate=0.21, estimator__max_depth=11, estimator__max_iter=100, estimator__max_leaf_nodes=28; total time=   1.6s
[CV] END estimator__learning_rate=0.21, estimator__max_depth=13, estimator__max_iter=100, estimator__max_leaf_nodes=24; total time=   1.8s
[CV] END estimator__learning_rate=0.22, estimator__max_depth=9, estimator__max_iter=100, estimator__max_leaf_nodes=26; total time=   1.7s
[CV] END estimator__learning_rate=0.22, estimator__max_depth=10, estimator__max_iter=100, estimator__max_leaf_nodes=27; total time=   1.8s
[CV] END estimator__learning_rate=0.22, estimator__max_depth=12, estimator__max_iter=100, estimator__max_leaf_nodes=24; total time=   1.8s
[CV] END estimator__learning_rate=0.22, estimator__max_depth=13, estimator__max_iter=100, estimator__max_leaf_nodes=25; total time=   1.8s
[CV] END estimator__learning_rate=0.18, estimator__max_depth=9, estimator__max_iter=100, estimator__max_leaf_nodes=26; total time=   1.6s
[CV] END estimator__learning_rate=0.18, estimator__max_depth=10, estimator__max_iter=100, estimator__max_leaf_nodes=26; total time=   1.7s
[CV] END estimator__learning_rate=0.18, estimator__max_depth=11, estimator__max_iter=100, estimator__max_leaf_nodes=27; total time=   1.8s
[CV] END estimator__learning_rate=0.18, estimator__max_depth=13, estimator__max_iter=100, estimator__max_leaf_nodes=24; total time=   1.7s
[CV] END estimator__learning_rate=0.19, estimator__max_depth=9, estimator__max_iter=100, estimator__max_leaf_nodes=25; total time=   1.6s
[CV] END estimator__learning_rate=0.19, estimator__max_depth=10, estimator__max_iter=100, estimator__max_leaf_nodes=26; total time=   1.6s
[CV] END estimator__learning_rate=0.19, estimator__max_depth=11, estimator__max_iter=100, estimator__max_leaf_nodes=28; total time=   1.6s
[CV] END estimator__learning_rate=0.19, estimator__max_depth=13, estimator__max_iter=100, estimator__max_leaf_nodes=24; total time=   1.7s
[CV] END estimator__learning_rate=0.2, estimator__max_depth=9, estimator__max_iter=100, estimator__max_leaf_nodes=25; total time=   1.6s
[CV] END estimator__learning_rate=0.2, estimator__max_depth=10, estimator__max_iter=100, estimator__max_leaf_nodes=27; total time=   1.6s
[CV] END estimator__learning_rate=0.2, estimator__max_depth=11, estimator__max_iter=100, estimator__max_leaf_nodes=28; total time=   1.6s
[CV] END estimator__learning_rate=0.2, estimator__max_depth=12, estimator__max_iter=100, estimator__max_leaf_nodes=28; total time=   1.7s
[CV] END estimator__learning_rate=0.21, estimator__max_depth=9, estimator__max_iter=100, estimator__max_leaf_nodes=25; total time=   1.6s
[CV] END estimator__learning_rate=0.21, estimator__max_depth=10, estimator__max_iter=100, estimator__max_leaf_nodes=26; total time=   1.8s
[CV] END estimator__learning_rate=0.21, estimator__max_depth=11, estimator__max_iter=100, estimator__max_leaf_nodes=28; total time=   1.8s
[CV] END estimator__learning_rate=0.21, estimator__max_depth=13, estimator__max_iter=100, estimator__max_leaf_nodes=25; total time=   1.8s
[CV] END estimator__learning_rate=0.22, estimator__max_depth=9, estimator__max_iter=100, estimator__max_leaf_nodes=26; total time=   1.7s
[CV] END estimator__learning_rate=0.22, estimator__max_depth=10, estimator__max_iter=100, estimator__max_leaf_nodes=28; total time=   1.7s
[CV] END estimator__learning_rate=0.22, estimator__max_depth=12, estimator__max_iter=100, estimator__max_leaf_nodes=24; total time=   1.8s
[CV] END estimator__learning_rate=0.22, estimator__max_depth=13, estimator__max_iter=100, estimator__max_leaf_nodes=25; total time=   1.7s
[CV] END estimator__learning_rate=0.18, estimator__max_depth=9, estimator__max_iter=100, estimator__max_leaf_nodes=25; total time=   1.6s
[CV] END estimator__learning_rate=0.18, estimator__max_depth=10, estimator__max_iter=100, estimator__max_leaf_nodes=25; total time=   1.6s
[CV] END estimator__learning_rate=0.18, estimator__max_depth=11, estimator__max_iter=100, estimator__max_leaf_nodes=27; total time=   1.6s
[CV] END estimator__learning_rate=0.18, estimator__max_depth=12, estimator__max_iter=100, estimator__max_leaf_nodes=28; total time=   1.7s
[CV] END estimator__learning_rate=0.19, estimator__max_depth=9, estimator__max_iter=100, estimator__max_leaf_nodes=24; total time=   1.5s
[CV] END estimator__learning_rate=0.19, estimator__max_depth=10, estimator__max_iter=100, estimator__max_leaf_nodes=25; total time=   1.6s
[CV] END estimator__learning_rate=0.19, estimator__max_depth=11, estimator__max_iter=100, estimator__max_leaf_nodes=26; total time=   1.6s
[CV] END estimator__learning_rate=0.19, estimator__max_depth=12, estimator__max_iter=100, estimator__max_leaf_nodes=27; total time=   1.7s
[CV] END estimator__learning_rate=0.19, estimator__max_depth=13, estimator__max_iter=100, estimator__max_leaf_nodes=28; total time=   1.8s
[CV] END estimator__learning_rate=0.2, estimator__max_depth=10, estimator__max_iter=100, estimator__max_leaf_nodes=25; total time=   1.7s
[CV] END estimator__learning_rate=0.2, estimator__max_depth=11, estimator__max_iter=100, estimator__max_leaf_nodes=27; total time=   1.8s
[CV] END estimator__learning_rate=0.2, estimator__max_depth=13, estimator__max_iter=100, estimator__max_leaf_nodes=24; total time=   1.8s
[CV] END estimator__learning_rate=0.21, estimator__max_depth=9, estimator__max_iter=100, estimator__max_leaf_nodes=26; total time=   1.6s
[CV] END estimator__learning_rate=0.21, estimator__max_depth=10, estimator__max_iter=100, estimator__max_leaf_nodes=27; total time=   1.7s
[CV] END estimator__learning_rate=0.21, estimator__max_depth=12, estimator__max_iter=100, estimator__max_leaf_nodes=24; total time=   1.8s
[CV] END estimator__learning_rate=0.21, estimator__max_depth=13, estimator__max_iter=100, estimator__max_leaf_nodes=25; total time=   1.8s
[CV] END estimator__learning_rate=0.22, estimator__max_depth=9, estimator__max_iter=100, estimator__max_leaf_nodes=27; total time=   1.7s
[CV] END estimator__learning_rate=0.22, estimator__max_depth=10, estimator__max_iter=100, estimator__max_leaf_nodes=28; total time=   1.7s
[CV] END estimator__learning_rate=0.22, estimator__max_depth=12, estimator__max_iter=100, estimator__max_leaf_nodes=24; total time=   1.8s
[CV] END estimator__learning_rate=0.22, estimator__max_depth=13, estimator__max_iter=100, estimator__max_leaf_nodes=26; total time=   1.7s
[CV] END estimator__learning_rate=0.18, estimator__max_depth=9, estimator__max_iter=100, estimator__max_leaf_nodes=26; total time=   1.6s
[CV] END estimator__learning_rate=0.18, estimator__max_depth=10, estimator__max_iter=100, estimator__max_leaf_nodes=27; total time=   1.6s
[CV] END estimator__learning_rate=0.18, estimator__max_depth=11, estimator__max_iter=100, estimator__max_leaf_nodes=28; total time=   1.6s
[CV] END estimator__learning_rate=0.18, estimator__max_depth=13, estimator__max_iter=100, estimator__max_leaf_nodes=25; total time=   1.7s
[CV] END estimator__learning_rate=0.19, estimator__max_depth=9, estimator__max_iter=100, estimator__max_leaf_nodes=26; total time=   1.6s
[CV] END estimator__learning_rate=0.19, estimator__max_depth=10, estimator__max_iter=100, estimator__max_leaf_nodes=27; total time=   1.6s
[CV] END estimator__learning_rate=0.19, estimator__max_depth=11, estimator__max_iter=100, estimator__max_leaf_nodes=28; total time=   1.6s
[CV] END estimator__learning_rate=0.19, estimator__max_depth=13, estimator__max_iter=100, estimator__max_leaf_nodes=25; total time=   1.7s
[CV] END estimator__learning_rate=0.2, estimator__max_depth=9, estimator__max_iter=100, estimator__max_leaf_nodes=26; total time=   1.7s
[CV] END estimator__learning_rate=0.2, estimator__max_depth=10, estimator__max_iter=100, estimator__max_leaf_nodes=28; total time=   1.7s
[CV] END estimator__learning_rate=0.2, estimator__max_depth=12, estimator__max_iter=100, estimator__max_leaf_nodes=24; total time=   1.8s
[CV] END estimator__learning_rate=0.2, estimator__max_depth=13, estimator__max_iter=100, estimator__max_leaf_nodes=26; total time=   1.8s
[CV] END estimator__learning_rate=0.21, estimator__max_depth=9, estimator__max_iter=100, estimator__max_leaf_nodes=27; total time=   1.7s
[CV] END estimator__learning_rate=0.21, estimator__max_depth=10, estimator__max_iter=100, estimator__max_leaf_nodes=28; total time=   1.7s
[CV] END estimator__learning_rate=0.21, estimator__max_depth=12, estimator__max_iter=100, estimator__max_leaf_nodes=25; total time=   1.7s
[CV] END estimator__learning_rate=0.21, estimator__max_depth=13, estimator__max_iter=100, estimator__max_leaf_nodes=26; total time=   1.7s
[CV] END estimator__learning_rate=0.22, estimator__max_depth=9, estimator__max_iter=100, estimator__max_leaf_nodes=27; total time=   1.6s
[CV] END estimator__learning_rate=0.22, estimator__max_depth=11, estimator__max_iter=100, estimator__max_leaf_nodes=24; total time=   1.6s
[CV] END estimator__learning_rate=0.22, estimator__max_depth=12, estimator__max_iter=100, estimator__max_leaf_nodes=25; total time=   1.7s
[CV] END estimator__learning_rate=0.22, estimator__max_depth=13, estimator__max_iter=100, estimator__max_leaf_nodes=26; total time=   1.6s
[CV] END estimator__learning_rate=0.18, estimator__max_depth=10, estimator__max_iter=100, estimator__max_leaf_nodes=24; total time=   1.7s
[CV] END estimator__learning_rate=0.18, estimator__max_depth=11, estimator__max_iter=100, estimator__max_leaf_nodes=25; total time=   1.6s
[CV] END estimator__learning_rate=0.18, estimator__max_depth=12, estimator__max_iter=100, estimator__max_leaf_nodes=26; total time=   1.7s
[CV] END estimator__learning_rate=0.18, estimator__max_depth=13, estimator__max_iter=100, estimator__max_leaf_nodes=27; total time=   1.8s
[CV] END estimator__learning_rate=0.19, estimator__max_depth=9, estimator__max_iter=100, estimator__max_leaf_nodes=28; total time=   1.6s
[CV] END estimator__learning_rate=0.19, estimator__max_depth=11, estimator__max_iter=100, estimator__max_leaf_nodes=25; total time=   1.7s
[CV] END estimator__learning_rate=0.19, estimator__max_depth=12, estimator__max_iter=100, estimator__max_leaf_nodes=27; total time=   1.8s
[CV] END estimator__learning_rate=0.2, estimator__max_depth=9, estimator__max_iter=100, estimator__max_leaf_nodes=24; total time=   1.6s
[CV] END estimator__learning_rate=0.2, estimator__max_depth=10, estimator__max_iter=100, estimator__max_leaf_nodes=24; total time=   1.7s
[CV] END estimator__learning_rate=0.2, estimator__max_depth=11, estimator__max_iter=100, estimator__max_leaf_nodes=26; total time=   1.8s
[CV] END estimator__learning_rate=0.2, estimator__max_depth=12, estimator__max_iter=100, estimator__max_leaf_nodes=28; total time=   1.8s
[CV] END estimator__learning_rate=0.21, estimator__max_depth=9, estimator__max_iter=100, estimator__max_leaf_nodes=25; total time=   1.7s
[CV] END estimator__learning_rate=0.21, estimator__max_depth=10, estimator__max_iter=100, estimator__max_leaf_nodes=27; total time=   1.7s
[CV] END estimator__learning_rate=0.21, estimator__max_depth=11, estimator__max_iter=100, estimator__max_leaf_nodes=28; total time=   1.8s
[CV] END estimator__learning_rate=0.21, estimator__max_depth=13, estimator__max_iter=100, estimator__max_leaf_nodes=25; total time=   1.8s
[CV] END estimator__learning_rate=0.22, estimator__max_depth=9, estimator__max_iter=100, estimator__max_leaf_nodes=26; total time=   1.7s
[CV] END estimator__learning_rate=0.22, estimator__max_depth=10, estimator__max_iter=100, estimator__max_leaf_nodes=28; total time=   1.7s
[CV] END estimator__learning_rate=0.22, estimator__max_depth=12, estimator__max_iter=100, estimator__max_leaf_nodes=24; total time=   1.8s
[CV] END estimator__learning_rate=0.22, estimator__max_depth=13, estimator__max_iter=100, estimator__max_leaf_nodes=26; total time=   1.8s
[CV] END estimator__learning_rate=0.18, estimator__max_depth=9, estimator__max_iter=100, estimator__max_leaf_nodes=24; total time=   1.7s
[CV] END estimator__learning_rate=0.18, estimator__max_depth=10, estimator__max_iter=100, estimator__max_leaf_nodes=26; total time=   1.7s
[CV] END estimator__learning_rate=0.18, estimator__max_depth=11, estimator__max_iter=100, estimator__max_leaf_nodes=27; total time=   1.7s
[CV] END estimator__learning_rate=0.18, estimator__max_depth=12, estimator__max_iter=100, estimator__max_leaf_nodes=28; total time=   1.7s
[CV] END estimator__learning_rate=0.19, estimator__max_depth=9, estimator__max_iter=100, estimator__max_leaf_nodes=25; total time=   1.6s
[CV] END estimator__learning_rate=0.19, estimator__max_depth=10, estimator__max_iter=100, estimator__max_leaf_nodes=26; total time=   1.6s
[CV] END estimator__learning_rate=0.19, estimator__max_depth=11, estimator__max_iter=100, estimator__max_leaf_nodes=27; total time=   1.6s
[CV] END estimator__learning_rate=0.19, estimator__max_depth=13, estimator__max_iter=100, estimator__max_leaf_nodes=24; total time=   1.7s
[CV] END estimator__learning_rate=0.2, estimator__max_depth=9, estimator__max_iter=100, estimator__max_leaf_nodes=25; total time=   1.6s
[CV] END estimator__learning_rate=0.2, estimator__max_depth=10, estimator__max_iter=100, estimator__max_leaf_nodes=26; total time=   1.6s
[CV] END estimator__learning_rate=0.2, estimator__max_depth=11, estimator__max_iter=100, estimator__max_leaf_nodes=27; total time=   1.7s
[CV] END estimator__learning_rate=0.2, estimator__max_depth=13, estimator__max_iter=100, estimator__max_leaf_nodes=24; total time=   1.8s
[CV] END estimator__learning_rate=0.21, estimator__max_depth=9, estimator__max_iter=100, estimator__max_leaf_nodes=26; total time=   1.7s
[CV] END estimator__learning_rate=0.21, estimator__max_depth=10, estimator__max_iter=100, estimator__max_leaf_nodes=27; total time=   1.8s
[CV] END estimator__learning_rate=0.21, estimator__max_depth=12, estimator__max_iter=100, estimator__max_leaf_nodes=24; total time=   1.8s
[CV] END estimator__learning_rate=0.21, estimator__max_depth=13, estimator__max_iter=100, estimator__max_leaf_nodes=25; total time=   1.8s
[CV] END estimator__learning_rate=0.22, estimator__max_depth=9, estimator__max_iter=100, estimator__max_leaf_nodes=27; total time=   1.7s
[CV] END estimator__learning_rate=0.22, estimator__max_depth=10, estimator__max_iter=100, estimator__max_leaf_nodes=28; total time=   1.8s
[CV] END estimator__learning_rate=0.22, estimator__max_depth=12, estimator__max_iter=100, estimator__max_leaf_nodes=25; total time=   1.8s
[CV] END estimator__learning_rate=0.22, estimator__max_depth=13, estimator__max_iter=100, estimator__max_leaf_nodes=26; total time=   1.7s
[CV] END estimator__learning_rate=0.18, estimator__max_depth=9, estimator__max_iter=100, estimator__max_leaf_nodes=26; total time=   1.6s
[CV] END estimator__learning_rate=0.18, estimator__max_depth=10, estimator__max_iter=100, estimator__max_leaf_nodes=26; total time=   1.6s
[CV] END estimator__learning_rate=0.18, estimator__max_depth=11, estimator__max_iter=100, estimator__max_leaf_nodes=28; total time=   1.6s
[CV] END estimator__learning_rate=0.18, estimator__max_depth=13, estimator__max_iter=100, estimator__max_leaf_nodes=24; total time=   1.7s
[CV] END estimator__learning_rate=0.19, estimator__max_depth=9, estimator__max_iter=100, estimator__max_leaf_nodes=26; total time=   1.5s
[CV] END estimator__learning_rate=0.19, estimator__max_depth=10, estimator__max_iter=100, estimator__max_leaf_nodes=27; total time=   1.6s
[CV] END estimator__learning_rate=0.19, estimator__max_depth=11, estimator__max_iter=100, estimator__max_leaf_nodes=28; total time=   1.6s
[CV] END estimator__learning_rate=0.19, estimator__max_depth=13, estimator__max_iter=100, estimator__max_leaf_nodes=24; total time=   1.7s
[CV] END estimator__learning_rate=0.2, estimator__max_depth=9, estimator__max_iter=100, estimator__max_leaf_nodes=26; total time=   1.5s
[CV] END estimator__learning_rate=0.2, estimator__max_depth=10, estimator__max_iter=100, estimator__max_leaf_nodes=26; total time=   1.6s
[CV] END estimator__learning_rate=0.2, estimator__max_depth=11, estimator__max_iter=100, estimator__max_leaf_nodes=28; total time=   1.8s
[CV] END estimator__learning_rate=0.2, estimator__max_depth=13, estimator__max_iter=100, estimator__max_leaf_nodes=24; total time=   1.8s
[CV] END estimator__learning_rate=0.21, estimator__max_depth=9, estimator__max_iter=100, estimator__max_leaf_nodes=26; total time=   1.7s
[CV] END estimator__learning_rate=0.21, estimator__max_depth=10, estimator__max_iter=100, estimator__max_leaf_nodes=28; total time=   1.7s
[CV] END estimator__learning_rate=0.21, estimator__max_depth=12, estimator__max_iter=100, estimator__max_leaf_nodes=24; total time=   1.8s
[CV] END estimator__learning_rate=0.21, estimator__max_depth=13, estimator__max_iter=100, estimator__max_leaf_nodes=26; total time=   1.8s
[CV] END estimator__learning_rate=0.22, estimator__max_depth=9, estimator__max_iter=100, estimator__max_leaf_nodes=27; total time=   1.7s
[CV] END estimator__learning_rate=0.22, estimator__max_depth=10, estimator__max_iter=100, estimator__max_leaf_nodes=28; total time=   1.7s
[CV] END estimator__learning_rate=0.22, estimator__max_depth=12, estimator__max_iter=100, estimator__max_leaf_nodes=25; total time=   1.8s
[CV] END estimator__learning_rate=0.22, estimator__max_depth=13, estimator__max_iter=100, estimator__max_leaf_nodes=26; total time=   1.7s
[CV] END estimator__learning_rate=0.18, estimator__max_depth=9, estimator__max_iter=100, estimator__max_leaf_nodes=24; total time=   1.7s
[CV] END estimator__learning_rate=0.18, estimator__max_depth=10, estimator__max_iter=100, estimator__max_leaf_nodes=26; total time=   1.7s
[CV] END estimator__learning_rate=0.18, estimator__max_depth=11, estimator__max_iter=100, estimator__max_leaf_nodes=28; total time=   1.8s
[CV] END estimator__learning_rate=0.18, estimator__max_depth=13, estimator__max_iter=100, estimator__max_leaf_nodes=24; total time=   1.8s
[CV] END estimator__learning_rate=0.19, estimator__max_depth=9, estimator__max_iter=100, estimator__max_leaf_nodes=26; total time=   1.7s
[CV] END estimator__learning_rate=0.19, estimator__max_depth=10, estimator__max_iter=100, estimator__max_leaf_nodes=28; total time=   1.7s
[CV] END estimator__learning_rate=0.19, estimator__max_depth=12, estimator__max_iter=100, estimator__max_leaf_nodes=24; total time=   1.8s
[CV] END estimator__learning_rate=0.19, estimator__max_depth=13, estimator__max_iter=100, estimator__max_leaf_nodes=26; total time=   1.8s
[CV] END estimator__learning_rate=0.2, estimator__max_depth=9, estimator__max_iter=100, estimator__max_leaf_nodes=27; total time=   1.7s
[CV] END estimator__learning_rate=0.2, estimator__max_depth=10, estimator__max_iter=100, estimator__max_leaf_nodes=28; total time=   1.8s
[CV] END estimator__learning_rate=0.2, estimator__max_depth=12, estimator__max_iter=100, estimator__max_leaf_nodes=25; total time=   1.8s
[CV] END estimator__learning_rate=0.2, estimator__max_depth=13, estimator__max_iter=100, estimator__max_leaf_nodes=27; total time=   1.7s
[CV] END estimator__learning_rate=0.21, estimator__max_depth=9, estimator__max_iter=100, estimator__max_leaf_nodes=28; total time=   1.6s
[CV] END estimator__learning_rate=0.21, estimator__max_depth=11, estimator__max_iter=100, estimator__max_leaf_nodes=24; total time=   1.7s
[CV] END estimator__learning_rate=0.21, estimator__max_depth=12, estimator__max_iter=100, estimator__max_leaf_nodes=25; total time=   1.7s
[CV] END estimator__learning_rate=0.21, estimator__max_depth=13, estimator__max_iter=100, estimator__max_leaf_nodes=26; total time=   1.7s
[CV] END estimator__learning_rate=0.22, estimator__max_depth=9, estimator__max_iter=100, estimator__max_leaf_nodes=28; total time=   1.5s
[CV] END estimator__learning_rate=0.22, estimator__max_depth=11, estimator__max_iter=100, estimator__max_leaf_nodes=24; total time=   1.6s
[CV] END estimator__learning_rate=0.22, estimator__max_depth=12, estimator__max_iter=100, estimator__max_leaf_nodes=25; total time=   1.7s
[CV] END estimator__learning_rate=0.22, estimator__max_depth=13, estimator__max_iter=100, estimator__max_leaf_nodes=27; total time=   1.6s
[CV] END estimator__learning_rate=0.18, estimator__max_depth=9, estimator__max_iter=100, estimator__max_leaf_nodes=28; total time=   1.6s
[CV] END estimator__learning_rate=0.18, estimator__max_depth=10, estimator__max_iter=100, estimator__max_leaf_nodes=28; total time=   1.7s
[CV] END estimator__learning_rate=0.18, estimator__max_depth=12, estimator__max_iter=100, estimator__max_leaf_nodes=25; total time=   1.8s
[CV] END estimator__learning_rate=0.18, estimator__max_depth=13, estimator__max_iter=100, estimator__max_leaf_nodes=27; total time=   1.8s
[CV] END estimator__learning_rate=0.19, estimator__max_depth=10, estimator__max_iter=100, estimator__max_leaf_nodes=24; total time=   1.6s
[CV] END estimator__learning_rate=0.19, estimator__max_depth=11, estimator__max_iter=100, estimator__max_leaf_nodes=25; total time=   1.7s
[CV] END estimator__learning_rate=0.19, estimator__max_depth=12, estimator__max_iter=100, estimator__max_leaf_nodes=26; total time=   1.7s
[CV] END estimator__learning_rate=0.19, estimator__max_depth=13, estimator__max_iter=100, estimator__max_leaf_nodes=27; total time=   1.7s
[CV] END estimator__learning_rate=0.2, estimator__max_depth=9, estimator__max_iter=100, estimator__max_leaf_nodes=28; total time=   1.6s
[CV] END estimator__learning_rate=0.2, estimator__max_depth=11, estimator__max_iter=100, estimator__max_leaf_nodes=25; total time=   1.6s
[CV] END estimator__learning_rate=0.2, estimator__max_depth=12, estimator__max_iter=100, estimator__max_leaf_nodes=26; total time=   1.7s
[CV] END estimator__learning_rate=0.2, estimator__max_depth=13, estimator__max_iter=100, estimator__max_leaf_nodes=27; total time=   1.7s
[CV] END estimator__learning_rate=0.21, estimator__max_depth=9, estimator__max_iter=100, estimator__max_leaf_nodes=28; total time=   1.6s
[CV] END estimator__learning_rate=0.21, estimator__max_depth=11, estimator__max_iter=100, estimator__max_leaf_nodes=24; total time=   1.6s
[CV] END estimator__learning_rate=0.21, estimator__max_depth=12, estimator__max_iter=100, estimator__max_leaf_nodes=26; total time=   1.7s
[CV] END estimator__learning_rate=0.21, estimator__max_depth=13, estimator__max_iter=100, estimator__max_leaf_nodes=27; total time=   1.7s
[CV] END estimator__learning_rate=0.22, estimator__max_depth=9, estimator__max_iter=100, estimator__max_leaf_nodes=28; total time=   1.6s
[CV] END estimator__learning_rate=0.22, estimator__max_depth=11, estimator__max_iter=100, estimator__max_leaf_nodes=24; total time=   1.7s
[CV] END estimator__learning_rate=0.22, estimator__max_depth=12, estimator__max_iter=100, estimator__max_leaf_nodes=26; total time=   1.7s
[CV] END estimator__learning_rate=0.22, estimator__max_depth=13, estimator__max_iter=100, estimator__max_leaf_nodes=27; total time=   1.6s
[CV] END estimator__learning_rate=0.18, estimator__max_depth=9, estimator__max_iter=100, estimator__max_leaf_nodes=27; total time=   1.6s
[CV] END estimator__learning_rate=0.18, estimator__max_depth=10, estimator__max_iter=100, estimator__max_leaf_nodes=28; total time=   1.7s
[CV] END estimator__learning_rate=0.18, estimator__max_depth=12, estimator__max_iter=100, estimator__max_leaf_nodes=24; total time=   1.7s
[CV] END estimator__learning_rate=0.18, estimator__max_depth=13, estimator__max_iter=100, estimator__max_leaf_nodes=26; total time=   1.7s
[CV] END estimator__learning_rate=0.19, estimator__max_depth=9, estimator__max_iter=100, estimator__max_leaf_nodes=27; total time=   1.6s
[CV] END estimator__learning_rate=0.19, estimator__max_depth=11, estimator__max_iter=100, estimator__max_leaf_nodes=24; total time=   1.7s
[CV] END estimator__learning_rate=0.19, estimator__max_depth=12, estimator__max_iter=100, estimator__max_leaf_nodes=25; total time=   1.7s
[CV] END estimator__learning_rate=0.19, estimator__max_depth=13, estimator__max_iter=100, estimator__max_leaf_nodes=26; total time=   1.7s
[CV] END estimator__learning_rate=0.2, estimator__max_depth=9, estimator__max_iter=100, estimator__max_leaf_nodes=28; total time=   1.5s
[CV] END estimator__learning_rate=0.2, estimator__max_depth=11, estimator__max_iter=100, estimator__max_leaf_nodes=24; total time=   1.7s
[CV] END estimator__learning_rate=0.2, estimator__max_depth=12, estimator__max_iter=100, estimator__max_leaf_nodes=25; total time=   1.7s
[CV] END estimator__learning_rate=0.2, estimator__max_depth=13, estimator__max_iter=100, estimator__max_leaf_nodes=26; total time=   1.7s
[CV] END estimator__learning_rate=0.21, estimator__max_depth=9, estimator__max_iter=100, estimator__max_leaf_nodes=27; total time=   1.6s
[CV] END estimator__learning_rate=0.21, estimator__max_depth=11, estimator__max_iter=100, estimator__max_leaf_nodes=24; total time=   1.7s
[CV] END estimator__learning_rate=0.21, estimator__max_depth=12, estimator__max_iter=100, estimator__max_leaf_nodes=25; total time=   1.8s
[CV] END estimator__learning_rate=0.21, estimator__max_depth=13, estimator__max_iter=100, estimator__max_leaf_nodes=27; total time=   1.8s
[CV] END estimator__learning_rate=0.22, estimator__max_depth=9, estimator__max_iter=100, estimator__max_leaf_nodes=28; total time=   1.6s
[CV] END estimator__learning_rate=0.22, estimator__max_depth=11, estimator__max_iter=100, estimator__max_leaf_nodes=25; total time=   1.7s
[CV] END estimator__learning_rate=0.22, estimator__max_depth=12, estimator__max_iter=100, estimator__max_leaf_nodes=26; total time=   1.7s
[CV] END estimator__learning_rate=0.22, estimator__max_depth=13, estimator__max_iter=100, estimator__max_leaf_nodes=27; total time=   1.6s
[CV] END estimator__learning_rate=0.18, estimator__max_depth=10, estimator__max_iter=100, estimator__max_leaf_nodes=25; total time=   1.7s
[CV] END estimator__learning_rate=0.18, estimator__max_depth=11, estimator__max_iter=100, estimator__max_leaf_nodes=25; total time=   1.7s
[CV] END estimator__learning_rate=0.18, estimator__max_depth=12, estimator__max_iter=100, estimator__max_leaf_nodes=27; total time=   1.8s
[CV] END estimator__learning_rate=0.18, estimator__max_depth=13, estimator__max_iter=100, estimator__max_leaf_nodes=28; total time=   1.7s
[CV] END estimator__learning_rate=0.19, estimator__max_depth=10, estimator__max_iter=100, estimator__max_leaf_nodes=24; total time=   1.6s
[CV] END estimator__learning_rate=0.19, estimator__max_depth=11, estimator__max_iter=100, estimator__max_leaf_nodes=25; total time=   1.6s
[CV] END estimator__learning_rate=0.19, estimator__max_depth=12, estimator__max_iter=100, estimator__max_leaf_nodes=26; total time=   1.7s
[CV] END estimator__learning_rate=0.19, estimator__max_depth=13, estimator__max_iter=100, estimator__max_leaf_nodes=28; total time=   1.7s
[CV] END estimator__learning_rate=0.2, estimator__max_depth=10, estimator__max_iter=100, estimator__max_leaf_nodes=24; total time=   1.6s
[CV] END estimator__learning_rate=0.2, estimator__max_depth=11, estimator__max_iter=100, estimator__max_leaf_nodes=25; total time=   1.7s
[CV] END estimator__learning_rate=0.2, estimator__max_depth=12, estimator__max_iter=100, estimator__max_leaf_nodes=26; total time=   1.7s
[CV] END estimator__learning_rate=0.2, estimator__max_depth=13, estimator__max_iter=100, estimator__max_leaf_nodes=27; total time=   1.7s
[CV] END estimator__learning_rate=0.21, estimator__max_depth=10, estimator__max_iter=100, estimator__max_leaf_nodes=24; total time=   1.6s
[CV] END estimator__learning_rate=0.21, estimator__max_depth=11, estimator__max_iter=100, estimator__max_leaf_nodes=25; total time=   1.6s
[CV] END estimator__learning_rate=0.21, estimator__max_depth=12, estimator__max_iter=100, estimator__max_leaf_nodes=26; total time=   1.7s
[CV] END estimator__learning_rate=0.21, estimator__max_depth=13, estimator__max_iter=100, estimator__max_leaf_nodes=27; total time=   1.7s
[CV] END estimator__learning_rate=0.22, estimator__max_depth=10, estimator__max_iter=100, estimator__max_leaf_nodes=24; total time=   1.6s
[CV] END estimator__learning_rate=0.22, estimator__max_depth=11, estimator__max_iter=100, estimator__max_leaf_nodes=25; total time=   1.6s
[CV] END estimator__learning_rate=0.22, estimator__max_depth=12, estimator__max_iter=100, estimator__max_leaf_nodes=26; total time=   1.7s
[CV] END estimator__learning_rate=0.22, estimator__max_depth=13, estimator__max_iter=100, estimator__max_leaf_nodes=27; total time=   1.5s
[CV] END estimator__learning_rate=0.18, estimator__max_depth=9, estimator__max_iter=100, estimator__max_leaf_nodes=24; total time=   1.7s
[CV] END estimator__learning_rate=0.18, estimator__max_depth=10, estimator__max_iter=100, estimator__max_leaf_nodes=25; total time=   1.6s
[CV] END estimator__learning_rate=0.18, estimator__max_depth=11, estimator__max_iter=100, estimator__max_leaf_nodes=27; total time=   1.7s
[CV] END estimator__learning_rate=0.18, estimator__max_depth=12, estimator__max_iter=100, estimator__max_leaf_nodes=28; total time=   1.7s
[CV] END estimator__learning_rate=0.19, estimator__max_depth=9, estimator__max_iter=100, estimator__max_leaf_nodes=25; total time=   1.6s
[CV] END estimator__learning_rate=0.19, estimator__max_depth=10, estimator__max_iter=100, estimator__max_leaf_nodes=26; total time=   1.7s
[CV] END estimator__learning_rate=0.19, estimator__max_depth=11, estimator__max_iter=100, estimator__max_leaf_nodes=28; total time=   1.8s
[CV] END estimator__learning_rate=0.19, estimator__max_depth=13, estimator__max_iter=100, estimator__max_leaf_nodes=25; total time=   1.8s
[CV] END estimator__learning_rate=0.2, estimator__max_depth=9, estimator__max_iter=100, estimator__max_leaf_nodes=26; total time=   1.7s
[CV] END estimator__learning_rate=0.2, estimator__max_depth=10, estimator__max_iter=100, estimator__max_leaf_nodes=28; total time=   1.7s
[CV] END estimator__learning_rate=0.2, estimator__max_depth=12, estimator__max_iter=100, estimator__max_leaf_nodes=24; total time=   1.8s
[CV] END estimator__learning_rate=0.2, estimator__max_depth=13, estimator__max_iter=100, estimator__max_leaf_nodes=25; total time=   1.8s
[CV] END estimator__learning_rate=0.21, estimator__max_depth=9, estimator__max_iter=100, estimator__max_leaf_nodes=27; total time=   1.7s
[CV] END estimator__learning_rate=0.21, estimator__max_depth=10, estimator__max_iter=100, estimator__max_leaf_nodes=28; total time=   1.8s
[CV] END estimator__learning_rate=0.21, estimator__max_depth=12, estimator__max_iter=100, estimator__max_leaf_nodes=25; total time=   1.8s
[CV] END estimator__learning_rate=0.21, estimator__max_depth=13, estimator__max_iter=100, estimator__max_leaf_nodes=26; total time=   1.8s
[CV] END estimator__learning_rate=0.22, estimator__max_depth=9, estimator__max_iter=100, estimator__max_leaf_nodes=28; total time=   1.7s
[CV] END estimator__learning_rate=0.22, estimator__max_depth=11, estimator__max_iter=100, estimator__max_leaf_nodes=24; total time=   1.8s
[CV] END estimator__learning_rate=0.22, estimator__max_depth=12, estimator__max_iter=100, estimator__max_leaf_nodes=26; total time=   1.8s
[CV] END estimator__learning_rate=0.22, estimator__max_depth=13, estimator__max_iter=100, estimator__max_leaf_nodes=28; total time=   1.3s
[CV] END estimator__learning_rate=0.18, estimator__max_depth=10, estimator__max_iter=100, estimator__max_leaf_nodes=24; total time=   1.7s
[CV] END estimator__learning_rate=0.18, estimator__max_depth=11, estimator__max_iter=100, estimator__max_leaf_nodes=26; total time=   1.7s
[CV] END estimator__learning_rate=0.18, estimator__max_depth=12, estimator__max_iter=100, estimator__max_leaf_nodes=27; total time=   1.8s
[CV] END estimator__learning_rate=0.19, estimator__max_depth=9, estimator__max_iter=100, estimator__max_leaf_nodes=24; total time=   1.6s
[CV] END estimator__learning_rate=0.19, estimator__max_depth=10, estimator__max_iter=100, estimator__max_leaf_nodes=25; total time=   1.6s
[CV] END estimator__learning_rate=0.19, estimator__max_depth=11, estimator__max_iter=100, estimator__max_leaf_nodes=26; total time=   1.6s
[CV] END estimator__learning_rate=0.19, estimator__max_depth=12, estimator__max_iter=100, estimator__max_leaf_nodes=27; total time=   1.7s
[CV] END estimator__learning_rate=0.19, estimator__max_depth=13, estimator__max_iter=100, estimator__max_leaf_nodes=28; total time=   1.7s
[CV] END estimator__learning_rate=0.2, estimator__max_depth=10, estimator__max_iter=100, estimator__max_leaf_nodes=24; total time=   1.6s
[CV] END estimator__learning_rate=0.2, estimator__max_depth=11, estimator__max_iter=100, estimator__max_leaf_nodes=25; total time=   1.6s
[CV] END estimator__learning_rate=0.2, estimator__max_depth=12, estimator__max_iter=100, estimator__max_leaf_nodes=27; total time=   1.7s
[CV] END estimator__learning_rate=0.2, estimator__max_depth=13, estimator__max_iter=100, estimator__max_leaf_nodes=28; total time=   1.7s
[CV] END estimator__learning_rate=0.21, estimator__max_depth=10, estimator__max_iter=100, estimator__max_leaf_nodes=24; total time=   1.6s
[CV] END estimator__learning_rate=0.21, estimator__max_depth=11, estimator__max_iter=100, estimator__max_leaf_nodes=25; total time=   1.7s
[CV] END estimator__learning_rate=0.21, estimator__max_depth=12, estimator__max_iter=100, estimator__max_leaf_nodes=26; total time=   1.7s
[CV] END estimator__learning_rate=0.21, estimator__max_depth=13, estimator__max_iter=100, estimator__max_leaf_nodes=28; total time=   1.7s
[CV] END estimator__learning_rate=0.22, estimator__max_depth=10, estimator__max_iter=100, estimator__max_leaf_nodes=24; total time=   1.6s
[CV] END estimator__learning_rate=0.22, estimator__max_depth=11, estimator__max_iter=100, estimator__max_leaf_nodes=25; total time=   1.7s
[CV] END estimator__learning_rate=0.22, estimator__max_depth=12, estimator__max_iter=100, estimator__max_leaf_nodes=26; total time=   1.7s
[CV] END estimator__learning_rate=0.22, estimator__max_depth=13, estimator__max_iter=100, estimator__max_leaf_nodes=28; total time=   1.5s
[CV] END estimator__learning_rate=0.18, estimator__max_depth=10, estimator__max_iter=100, estimator__max_leaf_nodes=24; total time=   1.7s
[CV] END estimator__learning_rate=0.18, estimator__max_depth=11, estimator__max_iter=100, estimator__max_leaf_nodes=26; total time=   1.7s
[CV] END estimator__learning_rate=0.18, estimator__max_depth=12, estimator__max_iter=100, estimator__max_leaf_nodes=27; total time=   1.8s
[CV] END estimator__learning_rate=0.19, estimator__max_depth=9, estimator__max_iter=100, estimator__max_leaf_nodes=24; total time=   1.7s
[CV] END estimator__learning_rate=0.19, estimator__max_depth=10, estimator__max_iter=100, estimator__max_leaf_nodes=25; total time=   1.7s
[CV] END estimator__learning_rate=0.19, estimator__max_depth=11, estimator__max_iter=100, estimator__max_leaf_nodes=26; total time=   1.8s
[CV] END estimator__learning_rate=0.19, estimator__max_depth=12, estimator__max_iter=100, estimator__max_leaf_nodes=28; total time=   1.8s
[CV] END estimator__learning_rate=0.2, estimator__max_depth=9, estimator__max_iter=100, estimator__max_leaf_nodes=24; total time=   1.7s
[CV] END estimator__learning_rate=0.2, estimator__max_depth=10, estimator__max_iter=100, estimator__max_leaf_nodes=26; total time=   1.8s
[CV] END estimator__learning_rate=0.2, estimator__max_depth=11, estimator__max_iter=100, estimator__max_leaf_nodes=28; total time=   1.8s
[CV] END estimator__learning_rate=0.2, estimator__max_depth=13, estimator__max_iter=100, estimator__max_leaf_nodes=25; total time=   1.8s
[CV] END estimator__learning_rate=0.21, estimator__max_depth=9, estimator__max_iter=100, estimator__max_leaf_nodes=27; total time=   1.6s
[CV] END estimator__learning_rate=0.21, estimator__max_depth=10, estimator__max_iter=100, estimator__max_leaf_nodes=28; total time=   1.8s
[CV] END estimator__learning_rate=0.21, estimator__max_depth=12, estimator__max_iter=100, estimator__max_leaf_nodes=24; total time=   1.8s
[CV] END estimator__learning_rate=0.21, estimator__max_depth=13, estimator__max_iter=100, estimator__max_leaf_nodes=26; total time=   1.8s
[CV] END estimator__learning_rate=0.22, estimator__max_depth=9, estimator__max_iter=100, estimator__max_leaf_nodes=27; total time=   1.7s
[CV] END estimator__learning_rate=0.22, estimator__max_depth=11, estimator__max_iter=100, estimator__max_leaf_nodes=24; total time=   1.8s
[CV] END estimator__learning_rate=0.22, estimator__max_depth=12, estimator__max_iter=100, estimator__max_leaf_nodes=25; total time=   1.8s
[CV] END estimator__learning_rate=0.22, estimator__max_depth=13, estimator__max_iter=100, estimator__max_leaf_nodes=27; total time=   1.7s
[CV] END estimator__learning_rate=0.18, estimator__max_depth=10, estimator__max_iter=100, estimator__max_leaf_nodes=24; total time=   1.7s
[CV] END estimator__learning_rate=0.18, estimator__max_depth=11, estimator__max_iter=100, estimator__max_leaf_nodes=26; total time=   1.7s
[CV] END estimator__learning_rate=0.18, estimator__max_depth=12, estimator__max_iter=100, estimator__max_leaf_nodes=27; total time=   1.8s
[CV] END estimator__learning_rate=0.18, estimator__max_depth=13, estimator__max_iter=100, estimator__max_leaf_nodes=28; total time=   1.8s
[CV] END estimator__learning_rate=0.19, estimator__max_depth=10, estimator__max_iter=100, estimator__max_leaf_nodes=26; total time=   1.7s
[CV] END estimator__learning_rate=0.19, estimator__max_depth=11, estimator__max_iter=100, estimator__max_leaf_nodes=27; total time=   1.7s
[CV] END estimator__learning_rate=0.19, estimator__max_depth=12, estimator__max_iter=100, estimator__max_leaf_nodes=28; total time=   1.7s
[CV] END estimator__learning_rate=0.2, estimator__max_depth=9, estimator__max_iter=100, estimator__max_leaf_nodes=24; total time=   1.6s
[CV] END estimator__learning_rate=0.2, estimator__max_depth=10, estimator__max_iter=100, estimator__max_leaf_nodes=25; total time=   1.6s
[CV] END estimator__learning_rate=0.2, estimator__max_depth=11, estimator__max_iter=100, estimator__max_leaf_nodes=26; total time=   1.7s
[CV] END estimator__learning_rate=0.2, estimator__max_depth=12, estimator__max_iter=100, estimator__max_leaf_nodes=27; total time=   1.7s
[CV] END estimator__learning_rate=0.2, estimator__max_depth=13, estimator__max_iter=100, estimator__max_leaf_nodes=28; total time=   1.7s
[CV] END estimator__learning_rate=0.21, estimator__max_depth=10, estimator__max_iter=100, estimator__max_leaf_nodes=25; total time=   1.6s
[CV] END estimator__learning_rate=0.21, estimator__max_depth=11, estimator__max_iter=100, estimator__max_leaf_nodes=25; total time=   1.7s
[CV] END estimator__learning_rate=0.21, estimator__max_depth=12, estimator__max_iter=100, estimator__max_leaf_nodes=27; total time=   1.7s
[CV] END estimator__learning_rate=0.21, estimator__max_depth=13, estimator__max_iter=100, estimator__max_leaf_nodes=28; total time=   1.7s
[CV] END estimator__learning_rate=0.22, estimator__max_depth=10, estimator__max_iter=100, estimator__max_leaf_nodes=24; total time=   1.6s
[CV] END estimator__learning_rate=0.22, estimator__max_depth=11, estimator__max_iter=100, estimator__max_leaf_nodes=26; total time=   1.6s
[CV] END estimator__learning_rate=0.22, estimator__max_depth=12, estimator__max_iter=100, estimator__max_leaf_nodes=27; total time=   1.7s
[CV] END estimator__learning_rate=0.22, estimator__max_depth=13, estimator__max_iter=100, estimator__max_leaf_nodes=28; total time=   1.6s
[CV] END estimator__learning_rate=0.18, estimator__max_depth=9, estimator__max_iter=100, estimator__max_leaf_nodes=28; total time=   1.7s
[CV] END estimator__learning_rate=0.18, estimator__max_depth=11, estimator__max_iter=100, estimator__max_leaf_nodes=25; total time=   1.7s
[CV] END estimator__learning_rate=0.18, estimator__max_depth=12, estimator__max_iter=100, estimator__max_leaf_nodes=26; total time=   1.7s
[CV] END estimator__learning_rate=0.18, estimator__max_depth=13, estimator__max_iter=100, estimator__max_leaf_nodes=27; total time=   1.7s
[CV] END estimator__learning_rate=0.19, estimator__max_depth=9, estimator__max_iter=100, estimator__max_leaf_nodes=28; total time=   1.6s
[CV] END estimator__learning_rate=0.19, estimator__max_depth=11, estimator__max_iter=100, estimator__max_leaf_nodes=24; total time=   1.7s
[CV] END estimator__learning_rate=0.19, estimator__max_depth=12, estimator__max_iter=100, estimator__max_leaf_nodes=25; total time=   1.7s
[CV] END estimator__learning_rate=0.19, estimator__max_depth=13, estimator__max_iter=100, estimator__max_leaf_nodes=27; total time=   1.8s
[CV] END estimator__learning_rate=0.2, estimator__max_depth=10, estimator__max_iter=100, estimator__max_leaf_nodes=24; total time=   1.7s
[CV] END estimator__learning_rate=0.2, estimator__max_depth=11, estimator__max_iter=100, estimator__max_leaf_nodes=25; total time=   1.8s
[CV] END estimator__learning_rate=0.2, estimator__max_depth=12, estimator__max_iter=100, estimator__max_leaf_nodes=27; total time=   1.8s
[CV] END estimator__learning_rate=0.21, estimator__max_depth=9, estimator__max_iter=100, estimator__max_leaf_nodes=24; total time=   1.6s
[CV] END estimator__learning_rate=0.21, estimator__max_depth=10, estimator__max_iter=100, estimator__max_leaf_nodes=25; total time=   1.6s
[CV] END estimator__learning_rate=0.21, estimator__max_depth=11, estimator__max_iter=100, estimator__max_leaf_nodes=26; total time=   1.6s
[CV] END estimator__learning_rate=0.21, estimator__max_depth=12, estimator__max_iter=100, estimator__max_leaf_nodes=27; total time=   1.7s
[CV] END estimator__learning_rate=0.22, estimator__max_depth=9, estimator__max_iter=100, estimator__max_leaf_nodes=24; total time=   1.5s
[CV] END estimator__learning_rate=0.22, estimator__max_depth=10, estimator__max_iter=100, estimator__max_leaf_nodes=24; total time=   1.6s
[CV] END estimator__learning_rate=0.22, estimator__max_depth=11, estimator__max_iter=100, estimator__max_leaf_nodes=25; total time=   1.7s
[CV] END estimator__learning_rate=0.22, estimator__max_depth=12, estimator__max_iter=100, estimator__max_leaf_nodes=27; total time=   1.7s
[CV] END estimator__learning_rate=0.22, estimator__max_depth=13, estimator__max_iter=100, estimator__max_leaf_nodes=28; total time=   1.5s
[CV] END estimator__learning_rate=0.18, estimator__max_depth=9, estimator__max_iter=100, estimator__max_leaf_nodes=27; total time=   1.6s
[CV] END estimator__learning_rate=0.18, estimator__max_depth=11, estimator__max_iter=100, estimator__max_leaf_nodes=25; total time=   1.7s
[CV] END estimator__learning_rate=0.18, estimator__max_depth=12, estimator__max_iter=100, estimator__max_leaf_nodes=26; total time=   1.8s
[CV] END estimator__learning_rate=0.18, estimator__max_depth=13, estimator__max_iter=100, estimator__max_leaf_nodes=28; total time=   1.8s
[CV] END estimator__learning_rate=0.19, estimator__max_depth=10, estimator__max_iter=100, estimator__max_leaf_nodes=25; total time=   1.7s
[CV] END estimator__learning_rate=0.19, estimator__max_depth=11, estimator__max_iter=100, estimator__max_leaf_nodes=27; total time=   1.8s
[CV] END estimator__learning_rate=0.19, estimator__max_depth=12, estimator__max_iter=100, estimator__max_leaf_nodes=28; total time=   1.7s
[CV] END estimator__learning_rate=0.2, estimator__max_depth=9, estimator__max_iter=100, estimator__max_leaf_nodes=25; total time=   1.5s
[CV] END estimator__learning_rate=0.2, estimator__max_depth=10, estimator__max_iter=100, estimator__max_leaf_nodes=26; total time=   1.6s
[CV] END estimator__learning_rate=0.2, estimator__max_depth=11, estimator__max_iter=100, estimator__max_leaf_nodes=27; total time=   1.7s
[CV] END estimator__learning_rate=0.2, estimator__max_depth=12, estimator__max_iter=100, estimator__max_leaf_nodes=28; total time=   1.7s
[CV] END estimator__learning_rate=0.21, estimator__max_depth=9, estimator__max_iter=100, estimator__max_leaf_nodes=24; total time=   1.6s
[CV] END estimator__learning_rate=0.21, estimator__max_depth=10, estimator__max_iter=100, estimator__max_leaf_nodes=25; total time=   1.6s
[CV] END estimator__learning_rate=0.21, estimator__max_depth=11, estimator__max_iter=100, estimator__max_leaf_nodes=26; total time=   1.7s
[CV] END estimator__learning_rate=0.21, estimator__max_depth=12, estimator__max_iter=100, estimator__max_leaf_nodes=28; total time=   1.7s
[CV] END estimator__learning_rate=0.22, estimator__max_depth=9, estimator__max_iter=100, estimator__max_leaf_nodes=24; total time=   1.6s
[CV] END estimator__learning_rate=0.22, estimator__max_depth=10, estimator__max_iter=100, estimator__max_leaf_nodes=24; total time=   1.6s
[CV] END estimator__learning_rate=0.22, estimator__max_depth=11, estimator__max_iter=100, estimator__max_leaf_nodes=26; total time=   1.7s
[CV] END estimator__learning_rate=0.22, estimator__max_depth=12, estimator__max_iter=100, estimator__max_leaf_nodes=27; total time=   1.7s
[CV] END estimator__learning_rate=0.22, estimator__max_depth=13, estimator__max_iter=100, estimator__max_leaf_nodes=28; total time=   1.6s
