LOCAL_RANK: 0 - CUDA_VISIBLE_DEVICES: [0]
SLURM auto-requeueing enabled. Setting signal handlers.
Metric val_mae improved. New best score: 0.065
Metric val_mae improved by 0.010 >= min_delta = 1e-05. New best score: 0.055
Metric val_mae improved by 0.008 >= min_delta = 1e-05. New best score: 0.047
Metric val_mae improved by 0.006 >= min_delta = 1e-05. New best score: 0.041
Metric val_mae improved by 0.005 >= min_delta = 1e-05. New best score: 0.036
Metric val_mae improved by 0.005 >= min_delta = 1e-05. New best score: 0.031
Metric val_mae improved by 0.004 >= min_delta = 1e-05. New best score: 0.027
Metric val_mae improved by 0.004 >= min_delta = 1e-05. New best score: 0.024
Metric val_mae improved by 0.003 >= min_delta = 1e-05. New best score: 0.021
Metric val_mae improved by 0.003 >= min_delta = 1e-05. New best score: 0.018
Metric val_mae improved by 0.002 >= min_delta = 1e-05. New best score: 0.016
Metric val_mae improved by 0.002 >= min_delta = 1e-05. New best score: 0.014
Metric val_mae improved by 0.002 >= min_delta = 1e-05. New best score: 0.012
Metric val_mae improved by 0.001 >= min_delta = 1e-05. New best score: 0.010
Metric val_mae improved by 0.002 >= min_delta = 1e-05. New best score: 0.009
Metric val_mae improved by 0.001 >= min_delta = 1e-05. New best score: 0.008
Metric val_mae improved by 0.001 >= min_delta = 1e-05. New best score: 0.007
Metric val_mae improved by 0.001 >= min_delta = 1e-05. New best score: 0.006
Metric val_mae improved by 0.001 >= min_delta = 1e-05. New best score: 0.005
Metric val_mae improved by 0.000 >= min_delta = 1e-05. New best score: 0.005
Metric val_mae improved by 0.000 >= min_delta = 1e-05. New best score: 0.004
Metric val_mae improved by 0.000 >= min_delta = 1e-05. New best score: 0.004
Metric val_mae improved by 0.000 >= min_delta = 1e-05. New best score: 0.004
Metric val_mae improved by 0.000 >= min_delta = 1e-05. New best score: 0.003
Metric val_mae improved by 0.000 >= min_delta = 1e-05. New best score: 0.003
Metric val_mae improved by 0.000 >= min_delta = 1e-05. New best score: 0.003
Metric val_mae improved by 0.000 >= min_delta = 1e-05. New best score: 0.003
Metric val_mae improved by 0.000 >= min_delta = 1e-05. New best score: 0.003
Metric val_mae improved by 0.000 >= min_delta = 1e-05. New best score: 0.002
Metric val_mae improved by 0.000 >= min_delta = 1e-05. New best score: 0.002
Metric val_mae improved by 0.000 >= min_delta = 1e-05. New best score: 0.002
Metric val_mae improved by 0.000 >= min_delta = 1e-05. New best score: 0.002
Metric val_mae improved by 0.000 >= min_delta = 1e-05. New best score: 0.002
Metric val_mae improved by 0.000 >= min_delta = 1e-05. New best score: 0.002
Metric val_mae improved by 0.000 >= min_delta = 1e-05. New best score: 0.002
Metric val_mae improved by 0.000 >= min_delta = 1e-05. New best score: 0.002
Metric val_mae improved by 0.000 >= min_delta = 1e-05. New best score: 0.002
Monitored metric val_mae did not improve in the last 40 records. Best score: 0.002. Signaling Trainer to stop.
LOCAL_RANK: 0 - CUDA_VISIBLE_DEVICES: [0]
SLURM auto-requeueing enabled. Setting signal handlers.
LOCAL_RANK: 0 - CUDA_VISIBLE_DEVICES: [0]
SLURM auto-requeueing enabled. Setting signal handlers.
LOCAL_RANK: 0 - CUDA_VISIBLE_DEVICES: [0]
SLURM auto-requeueing enabled. Setting signal handlers.
LOCAL_RANK: 0 - CUDA_VISIBLE_DEVICES: [0]
SLURM auto-requeueing enabled. Setting signal handlers.
Metric val_mae improved. New best score: 0.070
Metric val_mae improved by 0.010 >= min_delta = 1e-05. New best score: 0.061
Metric val_mae improved by 0.008 >= min_delta = 1e-05. New best score: 0.053
Metric val_mae improved by 0.007 >= min_delta = 1e-05. New best score: 0.046
Metric val_mae improved by 0.006 >= min_delta = 1e-05. New best score: 0.040
Metric val_mae improved by 0.005 >= min_delta = 1e-05. New best score: 0.035
Metric val_mae improved by 0.004 >= min_delta = 1e-05. New best score: 0.031
Metric val_mae improved by 0.004 >= min_delta = 1e-05. New best score: 0.027
Metric val_mae improved by 0.003 >= min_delta = 1e-05. New best score: 0.024
Metric val_mae improved by 0.003 >= min_delta = 1e-05. New best score: 0.021
Metric val_mae improved by 0.003 >= min_delta = 1e-05. New best score: 0.018
Metric val_mae improved by 0.002 >= min_delta = 1e-05. New best score: 0.016
Metric val_mae improved by 0.002 >= min_delta = 1e-05. New best score: 0.013
Metric val_mae improved by 0.002 >= min_delta = 1e-05. New best score: 0.012
Metric val_mae improved by 0.002 >= min_delta = 1e-05. New best score: 0.010
Metric val_mae improved by 0.002 >= min_delta = 1e-05. New best score: 0.008
Metric val_mae improved by 0.001 >= min_delta = 1e-05. New best score: 0.007
Metric val_mae improved by 0.001 >= min_delta = 1e-05. New best score: 0.006
Metric val_mae improved by 0.001 >= min_delta = 1e-05. New best score: 0.005
Metric val_mae improved by 0.001 >= min_delta = 1e-05. New best score: 0.005
Metric val_mae improved by 0.001 >= min_delta = 1e-05. New best score: 0.004
Metric val_mae improved by 0.000 >= min_delta = 1e-05. New best score: 0.004
Metric val_mae improved by 0.001 >= min_delta = 1e-05. New best score: 0.003
Metric val_mae improved by 0.001 >= min_delta = 1e-05. New best score: 0.003
Metric val_mae improved by 0.000 >= min_delta = 1e-05. New best score: 0.003
Metric val_mae improved by 0.000 >= min_delta = 1e-05. New best score: 0.002
Metric val_mae improved by 0.000 >= min_delta = 1e-05. New best score: 0.002
Metric val_mae improved by 0.000 >= min_delta = 1e-05. New best score: 0.002
Metric val_mae improved by 0.000 >= min_delta = 1e-05. New best score: 0.002
Metric val_mae improved by 0.000 >= min_delta = 1e-05. New best score: 0.002
Metric val_mae improved by 0.000 >= min_delta = 1e-05. New best score: 0.002
Metric val_mae improved by 0.000 >= min_delta = 1e-05. New best score: 0.002
Metric val_mae improved by 0.000 >= min_delta = 1e-05. New best score: 0.002
Metric val_mae improved by 0.000 >= min_delta = 1e-05. New best score: 0.002
Monitored metric val_mae did not improve in the last 40 records. Best score: 0.002. Signaling Trainer to stop.
LOCAL_RANK: 0 - CUDA_VISIBLE_DEVICES: [0]
SLURM auto-requeueing enabled. Setting signal handlers.
LOCAL_RANK: 0 - CUDA_VISIBLE_DEVICES: [0]
SLURM auto-requeueing enabled. Setting signal handlers.
LOCAL_RANK: 0 - CUDA_VISIBLE_DEVICES: [0]
SLURM auto-requeueing enabled. Setting signal handlers.
LOCAL_RANK: 0 - CUDA_VISIBLE_DEVICES: [0]
SLURM auto-requeueing enabled. Setting signal handlers.
Metric val_mae improved. New best score: 0.064
Metric val_mae improved by 0.010 >= min_delta = 1e-05. New best score: 0.054
Metric val_mae improved by 0.009 >= min_delta = 1e-05. New best score: 0.045
Metric val_mae improved by 0.007 >= min_delta = 1e-05. New best score: 0.039
Metric val_mae improved by 0.006 >= min_delta = 1e-05. New best score: 0.033
Metric val_mae improved by 0.005 >= min_delta = 1e-05. New best score: 0.028
Metric val_mae improved by 0.004 >= min_delta = 1e-05. New best score: 0.024
Metric val_mae improved by 0.004 >= min_delta = 1e-05. New best score: 0.021
Metric val_mae improved by 0.003 >= min_delta = 1e-05. New best score: 0.018
Metric val_mae improved by 0.002 >= min_delta = 1e-05. New best score: 0.016
Metric val_mae improved by 0.002 >= min_delta = 1e-05. New best score: 0.013
Metric val_mae improved by 0.002 >= min_delta = 1e-05. New best score: 0.011
Metric val_mae improved by 0.001 >= min_delta = 1e-05. New best score: 0.010
Metric val_mae improved by 0.001 >= min_delta = 1e-05. New best score: 0.009
Metric val_mae improved by 0.001 >= min_delta = 1e-05. New best score: 0.007
Metric val_mae improved by 0.001 >= min_delta = 1e-05. New best score: 0.007
Metric val_mae improved by 0.001 >= min_delta = 1e-05. New best score: 0.006
Metric val_mae improved by 0.001 >= min_delta = 1e-05. New best score: 0.005
Metric val_mae improved by 0.001 >= min_delta = 1e-05. New best score: 0.005
Metric val_mae improved by 0.000 >= min_delta = 1e-05. New best score: 0.004
Metric val_mae improved by 0.001 >= min_delta = 1e-05. New best score: 0.004
Metric val_mae improved by 0.000 >= min_delta = 1e-05. New best score: 0.004
Metric val_mae improved by 0.000 >= min_delta = 1e-05. New best score: 0.003
Metric val_mae improved by 0.000 >= min_delta = 1e-05. New best score: 0.003
Metric val_mae improved by 0.000 >= min_delta = 1e-05. New best score: 0.003
Metric val_mae improved by 0.000 >= min_delta = 1e-05. New best score: 0.003
Metric val_mae improved by 0.000 >= min_delta = 1e-05. New best score: 0.003
Metric val_mae improved by 0.000 >= min_delta = 1e-05. New best score: 0.003
Metric val_mae improved by 0.000 >= min_delta = 1e-05. New best score: 0.002
Metric val_mae improved by 0.000 >= min_delta = 1e-05. New best score: 0.002
Metric val_mae improved by 0.000 >= min_delta = 1e-05. New best score: 0.002
Metric val_mae improved by 0.000 >= min_delta = 1e-05. New best score: 0.002
Metric val_mae improved by 0.000 >= min_delta = 1e-05. New best score: 0.002
Metric val_mae improved by 0.000 >= min_delta = 1e-05. New best score: 0.002
Metric val_mae improved by 0.000 >= min_delta = 1e-05. New best score: 0.002
Metric val_mae improved by 0.000 >= min_delta = 1e-05. New best score: 0.002
Metric val_mae improved by 0.000 >= min_delta = 1e-05. New best score: 0.002
Monitored metric val_mae did not improve in the last 40 records. Best score: 0.002. Signaling Trainer to stop.
LOCAL_RANK: 0 - CUDA_VISIBLE_DEVICES: [0]
SLURM auto-requeueing enabled. Setting signal handlers.
LOCAL_RANK: 0 - CUDA_VISIBLE_DEVICES: [0]
SLURM auto-requeueing enabled. Setting signal handlers.
LOCAL_RANK: 0 - CUDA_VISIBLE_DEVICES: [0]
SLURM auto-requeueing enabled. Setting signal handlers.
