W0419 01:44:15.048000 32744 site-packages\torch\utils\flop_counter.py:29] triton not found; flop counting will not work for triton kernels
[INFO] Loading exact-paper config | config\paper_reimplementation\rcim_ml_compensation\exact_model_bank\campaigns\2026-04-19_track1_mlp_residual_cellwise_closure_campaign\033_track1_mlp_amplitude_78_closure_attempt_03.yaml
[INFO] Exact-paper output directory | output/validation_checks/paper_reimplementation_rcim_exact_model_bank/2026-04-19-01-44-15__track1_mlp_amplitude_78_closure_attempt_03_campaign_run
[INFO] Building exact-paper dataset bundle
[INFO] Exact-paper dataset ready | rows=969 targets=1 families=1 scope_mode=amplitudes_only
[INFO] Exact-paper target scope | kinds=ampl harmonics=78 preview=fft_y_Fw_filtered_ampl_78
[INFO] Exact-paper search settings | mode=paper_reference_grid_search grid_search_n_jobs=24 grid_search_verbose=2 grid_search_pre_dispatch=24 families=MLP
[INFO] Fitting family bank | MLP
[INFO] Family fit started | family=MLP estimator=MLPRegressor targets=1 threadpool_limit=1 joblib_cpu_limit=system_default os_cpu_count=32
[INFO] Family target scope | family=MLP kinds=ampl harmonics=78 preview=fft_y_Fw_filtered_ampl_78
[INFO] Grid search configured | family=MLP candidates=16 parameter_count=5 n_jobs=24 verbose=2 pre_dispatch=24
W0419 01:44:21.934000 29124 site-packages\torch\utils\flop_counter.py:29] triton not found; flop counting will not work for triton kernels
W0419 01:44:22.083000 37600 site-packages\torch\utils\flop_counter.py:29] triton not found; flop counting will not work for triton kernels
W0419 01:44:22.105000 26136 site-packages\torch\utils\flop_counter.py:29] triton not found; flop counting will not work for triton kernels
W0419 01:44:22.165000 38400 site-packages\torch\utils\flop_counter.py:29] triton not found; flop counting will not work for triton kernels
W0419 01:44:22.165000 14808 site-packages\torch\utils\flop_counter.py:29] triton not found; flop counting will not work for triton kernels
W0419 01:44:22.268000 16200 site-packages\torch\utils\flop_counter.py:29] triton not found; flop counting will not work for triton kernels
W0419 01:44:22.280000 9452 site-packages\torch\utils\flop_counter.py:29] triton not found; flop counting will not work for triton kernels
W0419 01:44:22.327000 34720 site-packages\torch\utils\flop_counter.py:29] triton not found; flop counting will not work for triton kernels
W0419 01:44:22.356000 30872 site-packages\torch\utils\flop_counter.py:29] triton not found; flop counting will not work for triton kernels
W0419 01:44:22.399000 34284 site-packages\torch\utils\flop_counter.py:29] triton not found; flop counting will not work for triton kernels
W0419 01:44:22.495000 11840 site-packages\torch\utils\flop_counter.py:29] triton not found; flop counting will not work for triton kernels
W0419 01:44:22.550000 9240 site-packages\torch\utils\flop_counter.py:29] triton not found; flop counting will not work for triton kernels
W0419 01:44:22.684000 6924 site-packages\torch\utils\flop_counter.py:29] triton not found; flop counting will not work for triton kernels
W0419 01:44:22.715000 23700 site-packages\torch\utils\flop_counter.py:29] triton not found; flop counting will not work for triton kernels
W0419 01:44:22.722000 38088 site-packages\torch\utils\flop_counter.py:29] triton not found; flop counting will not work for triton kernels
W0419 01:44:22.730000 6216 site-packages\torch\utils\flop_counter.py:29] triton not found; flop counting will not work for triton kernels
W0419 01:44:22.730000 13720 site-packages\torch\utils\flop_counter.py:29] triton not found; flop counting will not work for triton kernels
W0419 01:44:22.730000 31416 site-packages\torch\utils\flop_counter.py:29] triton not found; flop counting will not work for triton kernels
W0419 01:44:22.730000 15300 site-packages\torch\utils\flop_counter.py:29] triton not found; flop counting will not work for triton kernels
W0419 01:44:22.730000 17104 site-packages\torch\utils\flop_counter.py:29] triton not found; flop counting will not work for triton kernels
W0419 01:44:22.730000 2220 site-packages\torch\utils\flop_counter.py:29] triton not found; flop counting will not work for triton kernels
W0419 01:44:22.740000 14884 site-packages\torch\utils\flop_counter.py:29] triton not found; flop counting will not work for triton kernels
W0419 01:44:22.750000 34480 site-packages\torch\utils\flop_counter.py:29] triton not found; flop counting will not work for triton kernels
W0419 01:44:22.750000 36932 site-packages\torch\utils\flop_counter.py:29] triton not found; flop counting will not work for triton kernels
C:\Users\Martina Salami\.conda\envs\pinns_lan_env\Lib\site-packages\sklearn\neural_network\_multilayer_perceptron.py:785: ConvergenceWarning: Stochastic Optimizer: Maximum iterations (200) reached and the optimization hasn't converged yet.
  warnings.warn(
C:\Users\Martina Salami\.conda\envs\pinns_lan_env\Lib\site-packages\sklearn\neural_network\_multilayer_perceptron.py:785: ConvergenceWarning: Stochastic Optimizer: Maximum iterations (200) reached and the optimization hasn't converged yet.
  warnings.warn(
C:\Users\Martina Salami\.conda\envs\pinns_lan_env\Lib\site-packages\sklearn\neural_network\_multilayer_perceptron.py:785: ConvergenceWarning: Stochastic Optimizer: Maximum iterations (200) reached and the optimization hasn't converged yet.
  warnings.warn(
C:\Users\Martina Salami\.conda\envs\pinns_lan_env\Lib\site-packages\sklearn\neural_network\_base.py:188: RuntimeWarning: overflow encountered in square
  0.5 * np.average((y_true - y_pred) ** 2, weights=sample_weight, axis=0).mean()
C:\Users\Martina Salami\.conda\envs\pinns_lan_env\Lib\site-packages\sklearn\utils\extmath.py:227: RuntimeWarning: overflow encountered in matmul
  ret = a @ b
C:\Users\Martina Salami\.conda\envs\pinns_lan_env\Lib\site-packages\sklearn\neural_network\_multilayer_perceptron.py:356: RuntimeWarning: overflow encountered in dot
  values += np.dot(s, s)
C:\Users\Martina Salami\.conda\envs\pinns_lan_env\Lib\site-packages\sklearn\utils\extmath.py:227: RuntimeWarning: invalid value encountered in matmul
  ret = a @ b
C:\Users\Martina Salami\.conda\envs\pinns_lan_env\Lib\site-packages\sklearn\neural_network\_base.py:188: RuntimeWarning: overflow encountered in square
  0.5 * np.average((y_true - y_pred) ** 2, weights=sample_weight, axis=0).mean()
C:\Users\Martina Salami\.conda\envs\pinns_lan_env\Lib\site-packages\sklearn\utils\extmath.py:227: RuntimeWarning: overflow encountered in matmul
  ret = a @ b
C:\Users\Martina Salami\.conda\envs\pinns_lan_env\Lib\site-packages\sklearn\neural_network\_multilayer_perceptron.py:356: RuntimeWarning: overflow encountered in dot
  values += np.dot(s, s)
C:\Users\Martina Salami\.conda\envs\pinns_lan_env\Lib\site-packages\sklearn\utils\extmath.py:227: RuntimeWarning: invalid value encountered in matmul
  ret = a @ b
C:\Users\Martina Salami\.conda\envs\pinns_lan_env\Lib\site-packages\sklearn\neural_network\_base.py:188: RuntimeWarning: overflow encountered in square
  0.5 * np.average((y_true - y_pred) ** 2, weights=sample_weight, axis=0).mean()
C:\Users\Martina Salami\.conda\envs\pinns_lan_env\Lib\site-packages\sklearn\utils\extmath.py:227: RuntimeWarning: overflow encountered in matmul
  ret = a @ b
C:\Users\Martina Salami\.conda\envs\pinns_lan_env\Lib\site-packages\sklearn\neural_network\_base.py:188: RuntimeWarning: overflow encountered in square
  0.5 * np.average((y_true - y_pred) ** 2, weights=sample_weight, axis=0).mean()
C:\Users\Martina Salami\.conda\envs\pinns_lan_env\Lib\site-packages\sklearn\neural_network\_multilayer_perceptron.py:356: RuntimeWarning: overflow encountered in dot
  values += np.dot(s, s)
C:\Users\Martina Salami\.conda\envs\pinns_lan_env\Lib\site-packages\sklearn\utils\extmath.py:227: RuntimeWarning: invalid value encountered in matmul
  ret = a @ b
C:\Users\Martina Salami\.conda\envs\pinns_lan_env\Lib\site-packages\sklearn\neural_network\_multilayer_perceptron.py:356: RuntimeWarning: overflow encountered in dot
  values += np.dot(s, s)
C:\Users\Martina Salami\.conda\envs\pinns_lan_env\Lib\site-packages\sklearn\utils\extmath.py:227: RuntimeWarning: overflow encountered in matmul
  ret = a @ b
C:\Users\Martina Salami\.conda\envs\pinns_lan_env\Lib\site-packages\sklearn\utils\extmath.py:227: RuntimeWarning: invalid value encountered in matmul
  ret = a @ b
C:\Users\Martina Salami\.conda\envs\pinns_lan_env\Lib\site-packages\sklearn\neural_network\_multilayer_perceptron.py:785: ConvergenceWarning: Stochastic Optimizer: Maximum iterations (200) reached and the optimization hasn't converged yet.
  warnings.warn(
C:\Users\Martina Salami\.conda\envs\pinns_lan_env\Lib\site-packages\sklearn\neural_network\_multilayer_perceptron.py:785: ConvergenceWarning: Stochastic Optimizer: Maximum iterations (200) reached and the optimization hasn't converged yet.
  warnings.warn(
C:\Users\Martina Salami\.conda\envs\pinns_lan_env\Lib\site-packages\sklearn\neural_network\_multilayer_perceptron.py:785: ConvergenceWarning: Stochastic Optimizer: Maximum iterations (200) reached and the optimization hasn't converged yet.
  warnings.warn(
C:\Users\Martina Salami\.conda\envs\pinns_lan_env\Lib\site-packages\sklearn\neural_network\_multilayer_perceptron.py:785: ConvergenceWarning: Stochastic Optimizer: Maximum iterations (200) reached and the optimization hasn't converged yet.
  warnings.warn(
C:\Users\Martina Salami\.conda\envs\pinns_lan_env\Lib\site-packages\sklearn\utils\extmath.py:227: RuntimeWarning: overflow encountered in matmul
  ret = a @ b
C:\Users\Martina Salami\.conda\envs\pinns_lan_env\Lib\site-packages\sklearn\neural_network\_multilayer_perceptron.py:356: RuntimeWarning: overflow encountered in dot
  values += np.dot(s, s)
C:\Users\Martina Salami\.conda\envs\pinns_lan_env\Lib\site-packages\sklearn\utils\extmath.py:227: RuntimeWarning: invalid value encountered in matmul
  ret = a @ b
C:\Users\Martina Salami\.conda\envs\pinns_lan_env\Lib\site-packages\sklearn\neural_network\_base.py:188: RuntimeWarning: overflow encountered in square
  0.5 * np.average((y_true - y_pred) ** 2, weights=sample_weight, axis=0).mean()
C:\Users\Martina Salami\.conda\envs\pinns_lan_env\Lib\site-packages\sklearn\neural_network\_multilayer_perceptron.py:356: RuntimeWarning: overflow encountered in dot
  values += np.dot(s, s)
C:\Users\Martina Salami\.conda\envs\pinns_lan_env\Lib\site-packages\sklearn\utils\extmath.py:227: RuntimeWarning: overflow encountered in matmul
  ret = a @ b
C:\Users\Martina Salami\.conda\envs\pinns_lan_env\Lib\site-packages\sklearn\utils\extmath.py:227: RuntimeWarning: invalid value encountered in matmul
  ret = a @ b
C:\Users\Martina Salami\.conda\envs\pinns_lan_env\Lib\site-packages\sklearn\neural_network\_base.py:188: RuntimeWarning: overflow encountered in square
  0.5 * np.average((y_true - y_pred) ** 2, weights=sample_weight, axis=0).mean()
C:\Users\Martina Salami\.conda\envs\pinns_lan_env\Lib\site-packages\sklearn\neural_network\_multilayer_perceptron.py:356: RuntimeWarning: overflow encountered in dot
  values += np.dot(s, s)
C:\Users\Martina Salami\.conda\envs\pinns_lan_env\Lib\site-packages\sklearn\utils\extmath.py:227: RuntimeWarning: overflow encountered in matmul
  ret = a @ b
C:\Users\Martina Salami\.conda\envs\pinns_lan_env\Lib\site-packages\sklearn\utils\extmath.py:227: RuntimeWarning: invalid value encountered in matmul
  ret = a @ b
C:\Users\Martina Salami\.conda\envs\pinns_lan_env\Lib\site-packages\sklearn\neural_network\_multilayer_perceptron.py:356: RuntimeWarning: overflow encountered in dot
  values += np.dot(s, s)
C:\Users\Martina Salami\.conda\envs\pinns_lan_env\Lib\site-packages\sklearn\utils\extmath.py:227: RuntimeWarning: overflow encountered in matmul
  ret = a @ b
C:\Users\Martina Salami\.conda\envs\pinns_lan_env\Lib\site-packages\sklearn\neural_network\_multilayer_perceptron.py:356: RuntimeWarning: overflow encountered in dot
  values += np.dot(s, s)
C:\Users\Martina Salami\.conda\envs\pinns_lan_env\Lib\site-packages\sklearn\utils\extmath.py:227: RuntimeWarning: overflow encountered in matmul
  ret = a @ b
C:\Users\Martina Salami\.conda\envs\pinns_lan_env\Lib\site-packages\sklearn\neural_network\_multilayer_perceptron.py:356: RuntimeWarning: overflow encountered in dot
  values += np.dot(s, s)
C:\Users\Martina Salami\.conda\envs\pinns_lan_env\Lib\site-packages\sklearn\utils\extmath.py:227: RuntimeWarning: overflow encountered in matmul
  ret = a @ b
C:\Users\Martina Salami\.conda\envs\pinns_lan_env\Lib\site-packages\sklearn\neural_network\_multilayer_perceptron.py:356: RuntimeWarning: overflow encountered in dot
  values += np.dot(s, s)
C:\Users\Martina Salami\.conda\envs\pinns_lan_env\Lib\site-packages\sklearn\utils\extmath.py:227: RuntimeWarning: overflow encountered in matmul
  ret = a @ b
C:\Users\Martina Salami\.conda\envs\pinns_lan_env\Lib\site-packages\sklearn\neural_network\_multilayer_perceptron.py:356: RuntimeWarning: overflow encountered in dot
  values += np.dot(s, s)
C:\Users\Martina Salami\.conda\envs\pinns_lan_env\Lib\site-packages\sklearn\utils\extmath.py:227: RuntimeWarning: overflow encountered in matmul
  ret = a @ b
C:\Users\Martina Salami\.conda\envs\pinns_lan_env\Lib\site-packages\sklearn\neural_network\_multilayer_perceptron.py:356: RuntimeWarning: overflow encountered in dot
  values += np.dot(s, s)
C:\Users\Martina Salami\.conda\envs\pinns_lan_env\Lib\site-packages\sklearn\utils\extmath.py:227: RuntimeWarning: overflow encountered in matmul
  ret = a @ b
C:\Users\Martina Salami\.conda\envs\pinns_lan_env\Lib\site-packages\sklearn\neural_network\_multilayer_perceptron.py:356: RuntimeWarning: overflow encountered in dot
  values += np.dot(s, s)
C:\Users\Martina Salami\.conda\envs\pinns_lan_env\Lib\site-packages\sklearn\utils\extmath.py:227: RuntimeWarning: overflow encountered in matmul
  ret = a @ b
C:\Users\Martina Salami\.conda\envs\pinns_lan_env\Lib\site-packages\sklearn\neural_network\_multilayer_perceptron.py:356: RuntimeWarning: overflow encountered in dot
  values += np.dot(s, s)
C:\Users\Martina Salami\.conda\envs\pinns_lan_env\Lib\site-packages\sklearn\utils\extmath.py:227: RuntimeWarning: overflow encountered in matmul
  ret = a @ b
C:\Users\Martina Salami\.conda\envs\pinns_lan_env\Lib\site-packages\sklearn\neural_network\_multilayer_perceptron.py:356: RuntimeWarning: overflow encountered in dot
  values += np.dot(s, s)
C:\Users\Martina Salami\.conda\envs\pinns_lan_env\Lib\site-packages\sklearn\utils\extmath.py:227: RuntimeWarning: overflow encountered in matmul
  ret = a @ b
C:\Users\Martina Salami\.conda\envs\pinns_lan_env\Lib\site-packages\sklearn\neural_network\_multilayer_perceptron.py:356: RuntimeWarning: overflow encountered in dot
  values += np.dot(s, s)
C:\Users\Martina Salami\.conda\envs\pinns_lan_env\Lib\site-packages\sklearn\utils\extmath.py:227: RuntimeWarning: overflow encountered in matmul
  ret = a @ b
C:\Users\Martina Salami\.conda\envs\pinns_lan_env\Lib\site-packages\sklearn\neural_network\_multilayer_perceptron.py:356: RuntimeWarning: overflow encountered in dot
  values += np.dot(s, s)
C:\Users\Martina Salami\.conda\envs\pinns_lan_env\Lib\site-packages\sklearn\utils\extmath.py:227: RuntimeWarning: overflow encountered in matmul
  ret = a @ b
C:\Users\Martina Salami\.conda\envs\pinns_lan_env\Lib\site-packages\sklearn\neural_network\_multilayer_perceptron.py:356: RuntimeWarning: overflow encountered in dot
  values += np.dot(s, s)
C:\Users\Martina Salami\.conda\envs\pinns_lan_env\Lib\site-packages\sklearn\utils\extmath.py:227: RuntimeWarning: overflow encountered in matmul
  ret = a @ b
C:\Users\Martina Salami\.conda\envs\pinns_lan_env\Lib\site-packages\sklearn\neural_network\_multilayer_perceptron.py:356: RuntimeWarning: overflow encountered in dot
  values += np.dot(s, s)
C:\Users\Martina Salami\.conda\envs\pinns_lan_env\Lib\site-packages\sklearn\utils\extmath.py:227: RuntimeWarning: overflow encountered in matmul
  ret = a @ b
C:\Users\Martina Salami\.conda\envs\pinns_lan_env\Lib\site-packages\sklearn\neural_network\_multilayer_perceptron.py:356: RuntimeWarning: overflow encountered in dot
  values += np.dot(s, s)
C:\Users\Martina Salami\.conda\envs\pinns_lan_env\Lib\site-packages\sklearn\utils\extmath.py:227: RuntimeWarning: overflow encountered in matmul
  ret = a @ b
C:\Users\Martina Salami\.conda\envs\pinns_lan_env\Lib\site-packages\sklearn\neural_network\_multilayer_perceptron.py:356: RuntimeWarning: overflow encountered in dot
  values += np.dot(s, s)
C:\Users\Martina Salami\.conda\envs\pinns_lan_env\Lib\site-packages\sklearn\utils\extmath.py:227: RuntimeWarning: overflow encountered in matmul
  ret = a @ b
C:\Users\Martina Salami\.conda\envs\pinns_lan_env\Lib\site-packages\sklearn\neural_network\_multilayer_perceptron.py:356: RuntimeWarning: overflow encountered in dot
  values += np.dot(s, s)
C:\Users\Martina Salami\.conda\envs\pinns_lan_env\Lib\site-packages\sklearn\utils\extmath.py:227: RuntimeWarning: overflow encountered in matmul
  ret = a @ b
C:\Users\Martina Salami\.conda\envs\pinns_lan_env\Lib\site-packages\sklearn\neural_network\_multilayer_perceptron.py:785: ConvergenceWarning: Stochastic Optimizer: Maximum iterations (200) reached and the optimization hasn't converged yet.
  warnings.warn(
C:\Users\Martina Salami\.conda\envs\pinns_lan_env\Lib\site-packages\sklearn\neural_network\_multilayer_perceptron.py:356: RuntimeWarning: overflow encountered in dot
  values += np.dot(s, s)
C:\Users\Martina Salami\.conda\envs\pinns_lan_env\Lib\site-packages\sklearn\utils\extmath.py:227: RuntimeWarning: overflow encountered in matmul
  ret = a @ b
C:\Users\Martina Salami\.conda\envs\pinns_lan_env\Lib\site-packages\sklearn\neural_network\_multilayer_perceptron.py:356: RuntimeWarning: overflow encountered in dot
  values += np.dot(s, s)
C:\Users\Martina Salami\.conda\envs\pinns_lan_env\Lib\site-packages\sklearn\utils\extmath.py:227: RuntimeWarning: overflow encountered in matmul
  ret = a @ b
C:\Users\Martina Salami\.conda\envs\pinns_lan_env\Lib\site-packages\sklearn\neural_network\_multilayer_perceptron.py:356: RuntimeWarning: overflow encountered in dot
  values += np.dot(s, s)
C:\Users\Martina Salami\.conda\envs\pinns_lan_env\Lib\site-packages\sklearn\utils\extmath.py:227: RuntimeWarning: overflow encountered in matmul
  ret = a @ b
C:\Users\Martina Salami\.conda\envs\pinns_lan_env\Lib\site-packages\sklearn\neural_network\_multilayer_perceptron.py:356: RuntimeWarning: overflow encountered in dot
  values += np.dot(s, s)
C:\Users\Martina Salami\.conda\envs\pinns_lan_env\Lib\site-packages\sklearn\utils\extmath.py:227: RuntimeWarning: overflow encountered in matmul
  ret = a @ b
C:\Users\Martina Salami\.conda\envs\pinns_lan_env\Lib\site-packages\sklearn\neural_network\_multilayer_perceptron.py:356: RuntimeWarning: overflow encountered in dot
  values += np.dot(s, s)
C:\Users\Martina Salami\.conda\envs\pinns_lan_env\Lib\site-packages\sklearn\utils\extmath.py:227: RuntimeWarning: overflow encountered in matmul
  ret = a @ b
C:\Users\Martina Salami\.conda\envs\pinns_lan_env\Lib\site-packages\sklearn\neural_network\_multilayer_perceptron.py:356: RuntimeWarning: overflow encountered in dot
  values += np.dot(s, s)
C:\Users\Martina Salami\.conda\envs\pinns_lan_env\Lib\site-packages\sklearn\utils\extmath.py:227: RuntimeWarning: overflow encountered in matmul
  ret = a @ b
C:\Users\Martina Salami\.conda\envs\pinns_lan_env\Lib\site-packages\sklearn\neural_network\_multilayer_perceptron.py:356: RuntimeWarning: overflow encountered in dot
  values += np.dot(s, s)
C:\Users\Martina Salami\.conda\envs\pinns_lan_env\Lib\site-packages\sklearn\utils\extmath.py:227: RuntimeWarning: overflow encountered in matmul
  ret = a @ b
C:\Users\Martina Salami\.conda\envs\pinns_lan_env\Lib\site-packages\sklearn\neural_network\_multilayer_perceptron.py:785: ConvergenceWarning: Stochastic Optimizer: Maximum iterations (200) reached and the optimization hasn't converged yet.
  warnings.warn(
C:\Users\Martina Salami\.conda\envs\pinns_lan_env\Lib\site-packages\sklearn\neural_network\_multilayer_perceptron.py:356: RuntimeWarning: overflow encountered in dot
  values += np.dot(s, s)
C:\Users\Martina Salami\.conda\envs\pinns_lan_env\Lib\site-packages\sklearn\utils\extmath.py:227: RuntimeWarning: overflow encountered in matmul
  ret = a @ b
C:\Users\Martina Salami\.conda\envs\pinns_lan_env\Lib\site-packages\sklearn\neural_network\_multilayer_perceptron.py:356: RuntimeWarning: overflow encountered in dot
  values += np.dot(s, s)
C:\Users\Martina Salami\.conda\envs\pinns_lan_env\Lib\site-packages\sklearn\utils\extmath.py:227: RuntimeWarning: overflow encountered in matmul
  ret = a @ b
C:\Users\Martina Salami\.conda\envs\pinns_lan_env\Lib\site-packages\sklearn\neural_network\_multilayer_perceptron.py:356: RuntimeWarning: overflow encountered in dot
  values += np.dot(s, s)
C:\Users\Martina Salami\.conda\envs\pinns_lan_env\Lib\site-packages\sklearn\utils\extmath.py:227: RuntimeWarning: overflow encountered in matmul
  ret = a @ b
C:\Users\Martina Salami\.conda\envs\pinns_lan_env\Lib\site-packages\sklearn\neural_network\_multilayer_perceptron.py:356: RuntimeWarning: overflow encountered in dot
  values += np.dot(s, s)
C:\Users\Martina Salami\.conda\envs\pinns_lan_env\Lib\site-packages\sklearn\utils\extmath.py:227: RuntimeWarning: overflow encountered in matmul
  ret = a @ b
C:\Users\Martina Salami\.conda\envs\pinns_lan_env\Lib\site-packages\sklearn\neural_network\_multilayer_perceptron.py:356: RuntimeWarning: overflow encountered in dot
  values += np.dot(s, s)
C:\Users\Martina Salami\.conda\envs\pinns_lan_env\Lib\site-packages\sklearn\utils\extmath.py:227: RuntimeWarning: overflow encountered in matmul
  ret = a @ b
C:\Users\Martina Salami\.conda\envs\pinns_lan_env\Lib\site-packages\sklearn\neural_network\_multilayer_perceptron.py:356: RuntimeWarning: overflow encountered in dot
  values += np.dot(s, s)
C:\Users\Martina Salami\.conda\envs\pinns_lan_env\Lib\site-packages\sklearn\utils\extmath.py:227: RuntimeWarning: overflow encountered in matmul
  ret = a @ b
C:\Users\Martina Salami\.conda\envs\pinns_lan_env\Lib\site-packages\sklearn\neural_network\_multilayer_perceptron.py:356: RuntimeWarning: overflow encountered in dot
  values += np.dot(s, s)
C:\Users\Martina Salami\.conda\envs\pinns_lan_env\Lib\site-packages\sklearn\neural_network\_multilayer_perceptron.py:356: RuntimeWarning: overflow encountered in dot
  values += np.dot(s, s)
C:\Users\Martina Salami\.conda\envs\pinns_lan_env\Lib\site-packages\sklearn\utils\extmath.py:227: RuntimeWarning: overflow encountered in matmul
  ret = a @ b
C:\Users\Martina Salami\.conda\envs\pinns_lan_env\Lib\site-packages\sklearn\utils\extmath.py:227: RuntimeWarning: overflow encountered in matmul
  ret = a @ b
C:\Users\Martina Salami\.conda\envs\pinns_lan_env\Lib\site-packages\sklearn\neural_network\_multilayer_perceptron.py:356: RuntimeWarning: overflow encountered in dot
  values += np.dot(s, s)
C:\Users\Martina Salami\.conda\envs\pinns_lan_env\Lib\site-packages\sklearn\neural_network\_multilayer_perceptron.py:356: RuntimeWarning: overflow encountered in dot
  values += np.dot(s, s)
C:\Users\Martina Salami\.conda\envs\pinns_lan_env\Lib\site-packages\sklearn\utils\extmath.py:227: RuntimeWarning: overflow encountered in matmul
  ret = a @ b
C:\Users\Martina Salami\.conda\envs\pinns_lan_env\Lib\site-packages\sklearn\utils\extmath.py:227: RuntimeWarning: overflow encountered in matmul
  ret = a @ b
C:\Users\Martina Salami\.conda\envs\pinns_lan_env\Lib\site-packages\sklearn\neural_network\_multilayer_perceptron.py:356: RuntimeWarning: overflow encountered in dot
  values += np.dot(s, s)
C:\Users\Martina Salami\.conda\envs\pinns_lan_env\Lib\site-packages\sklearn\neural_network\_multilayer_perceptron.py:356: RuntimeWarning: overflow encountered in dot
  values += np.dot(s, s)
C:\Users\Martina Salami\.conda\envs\pinns_lan_env\Lib\site-packages\sklearn\utils\extmath.py:227: RuntimeWarning: overflow encountered in matmul
  ret = a @ b
C:\Users\Martina Salami\.conda\envs\pinns_lan_env\Lib\site-packages\sklearn\utils\extmath.py:227: RuntimeWarning: overflow encountered in matmul
  ret = a @ b
C:\Users\Martina Salami\.conda\envs\pinns_lan_env\Lib\site-packages\sklearn\neural_network\_multilayer_perceptron.py:356: RuntimeWarning: overflow encountered in dot
  values += np.dot(s, s)
C:\Users\Martina Salami\.conda\envs\pinns_lan_env\Lib\site-packages\sklearn\neural_network\_multilayer_perceptron.py:356: RuntimeWarning: overflow encountered in dot
  values += np.dot(s, s)
C:\Users\Martina Salami\.conda\envs\pinns_lan_env\Lib\site-packages\sklearn\utils\extmath.py:227: RuntimeWarning: overflow encountered in matmul
  ret = a @ b
C:\Users\Martina Salami\.conda\envs\pinns_lan_env\Lib\site-packages\sklearn\neural_network\_multilayer_perceptron.py:785: ConvergenceWarning: Stochastic Optimizer: Maximum iterations (200) reached and the optimization hasn't converged yet.
  warnings.warn(
C:\Users\Martina Salami\.conda\envs\pinns_lan_env\Lib\site-packages\sklearn\utils\extmath.py:227: RuntimeWarning: overflow encountered in matmul
  ret = a @ b
C:\Users\Martina Salami\.conda\envs\pinns_lan_env\Lib\site-packages\sklearn\neural_network\_multilayer_perceptron.py:785: ConvergenceWarning: Stochastic Optimizer: Maximum iterations (200) reached and the optimization hasn't converged yet.
  warnings.warn(
C:\Users\Martina Salami\.conda\envs\pinns_lan_env\Lib\site-packages\sklearn\neural_network\_multilayer_perceptron.py:356: RuntimeWarning: overflow encountered in dot
  values += np.dot(s, s)
C:\Users\Martina Salami\.conda\envs\pinns_lan_env\Lib\site-packages\sklearn\neural_network\_multilayer_perceptron.py:356: RuntimeWarning: overflow encountered in dot
  values += np.dot(s, s)
C:\Users\Martina Salami\.conda\envs\pinns_lan_env\Lib\site-packages\sklearn\utils\extmath.py:227: RuntimeWarning: overflow encountered in matmul
  ret = a @ b
C:\Users\Martina Salami\.conda\envs\pinns_lan_env\Lib\site-packages\sklearn\utils\extmath.py:227: RuntimeWarning: overflow encountered in matmul
  ret = a @ b
C:\Users\Martina Salami\.conda\envs\pinns_lan_env\Lib\site-packages\sklearn\neural_network\_multilayer_perceptron.py:356: RuntimeWarning: overflow encountered in dot
  values += np.dot(s, s)
C:\Users\Martina Salami\.conda\envs\pinns_lan_env\Lib\site-packages\sklearn\utils\extmath.py:227: RuntimeWarning: overflow encountered in matmul
  ret = a @ b
C:\Users\Martina Salami\.conda\envs\pinns_lan_env\Lib\site-packages\sklearn\neural_network\_multilayer_perceptron.py:356: RuntimeWarning: overflow encountered in dot
  values += np.dot(s, s)
C:\Users\Martina Salami\.conda\envs\pinns_lan_env\Lib\site-packages\sklearn\utils\extmath.py:227: RuntimeWarning: overflow encountered in matmul
  ret = a @ b
C:\Users\Martina Salami\.conda\envs\pinns_lan_env\Lib\site-packages\sklearn\neural_network\_multilayer_perceptron.py:356: RuntimeWarning: overflow encountered in dot
  values += np.dot(s, s)
C:\Users\Martina Salami\.conda\envs\pinns_lan_env\Lib\site-packages\sklearn\utils\extmath.py:227: RuntimeWarning: overflow encountered in matmul
  ret = a @ b
C:\Users\Martina Salami\.conda\envs\pinns_lan_env\Lib\site-packages\sklearn\neural_network\_multilayer_perceptron.py:356: RuntimeWarning: overflow encountered in dot
  values += np.dot(s, s)
C:\Users\Martina Salami\.conda\envs\pinns_lan_env\Lib\site-packages\sklearn\utils\extmath.py:227: RuntimeWarning: overflow encountered in matmul
  ret = a @ b
C:\Users\Martina Salami\.conda\envs\pinns_lan_env\Lib\site-packages\sklearn\neural_network\_multilayer_perceptron.py:356: RuntimeWarning: overflow encountered in dot
  values += np.dot(s, s)
C:\Users\Martina Salami\.conda\envs\pinns_lan_env\Lib\site-packages\sklearn\utils\extmath.py:227: RuntimeWarning: overflow encountered in matmul
  ret = a @ b
C:\Users\Martina Salami\.conda\envs\pinns_lan_env\Lib\site-packages\sklearn\neural_network\_multilayer_perceptron.py:356: RuntimeWarning: overflow encountered in dot
  values += np.dot(s, s)
C:\Users\Martina Salami\.conda\envs\pinns_lan_env\Lib\site-packages\sklearn\utils\extmath.py:227: RuntimeWarning: overflow encountered in matmul
  ret = a @ b
C:\Users\Martina Salami\.conda\envs\pinns_lan_env\Lib\site-packages\sklearn\neural_network\_multilayer_perceptron.py:356: RuntimeWarning: overflow encountered in dot
  values += np.dot(s, s)
C:\Users\Martina Salami\.conda\envs\pinns_lan_env\Lib\site-packages\sklearn\utils\extmath.py:227: RuntimeWarning: overflow encountered in matmul
  ret = a @ b
C:\Users\Martina Salami\.conda\envs\pinns_lan_env\Lib\site-packages\sklearn\neural_network\_multilayer_perceptron.py:356: RuntimeWarning: overflow encountered in dot
  values += np.dot(s, s)
C:\Users\Martina Salami\.conda\envs\pinns_lan_env\Lib\site-packages\sklearn\utils\extmath.py:227: RuntimeWarning: overflow encountered in matmul
  ret = a @ b
C:\Users\Martina Salami\.conda\envs\pinns_lan_env\Lib\site-packages\sklearn\neural_network\_multilayer_perceptron.py:356: RuntimeWarning: overflow encountered in dot
  values += np.dot(s, s)
C:\Users\Martina Salami\.conda\envs\pinns_lan_env\Lib\site-packages\sklearn\utils\extmath.py:227: RuntimeWarning: overflow encountered in matmul
  ret = a @ b
C:\Users\Martina Salami\.conda\envs\pinns_lan_env\Lib\site-packages\sklearn\neural_network\_multilayer_perceptron.py:356: RuntimeWarning: overflow encountered in dot
  values += np.dot(s, s)
C:\Users\Martina Salami\.conda\envs\pinns_lan_env\Lib\site-packages\sklearn\utils\extmath.py:227: RuntimeWarning: overflow encountered in matmul
  ret = a @ b
C:\Users\Martina Salami\.conda\envs\pinns_lan_env\Lib\site-packages\sklearn\neural_network\_multilayer_perceptron.py:356: RuntimeWarning: overflow encountered in dot
  values += np.dot(s, s)
C:\Users\Martina Salami\.conda\envs\pinns_lan_env\Lib\site-packages\sklearn\neural_network\_multilayer_perceptron.py:785: ConvergenceWarning: Stochastic Optimizer: Maximum iterations (200) reached and the optimization hasn't converged yet.
  warnings.warn(
C:\Users\Martina Salami\.conda\envs\pinns_lan_env\Lib\site-packages\sklearn\utils\extmath.py:227: RuntimeWarning: overflow encountered in matmul
  ret = a @ b
C:\Users\Martina Salami\.conda\envs\pinns_lan_env\Lib\site-packages\sklearn\neural_network\_multilayer_perceptron.py:356: RuntimeWarning: overflow encountered in dot
  values += np.dot(s, s)
C:\Users\Martina Salami\.conda\envs\pinns_lan_env\Lib\site-packages\sklearn\utils\extmath.py:227: RuntimeWarning: overflow encountered in matmul
  ret = a @ b
C:\Users\Martina Salami\.conda\envs\pinns_lan_env\Lib\site-packages\sklearn\neural_network\_multilayer_perceptron.py:356: RuntimeWarning: overflow encountered in dot
  values += np.dot(s, s)
C:\Users\Martina Salami\.conda\envs\pinns_lan_env\Lib\site-packages\sklearn\utils\extmath.py:227: RuntimeWarning: overflow encountered in matmul
  ret = a @ b
C:\Users\Martina Salami\.conda\envs\pinns_lan_env\Lib\site-packages\sklearn\neural_network\_multilayer_perceptron.py:356: RuntimeWarning: overflow encountered in dot
  values += np.dot(s, s)
C:\Users\Martina Salami\.conda\envs\pinns_lan_env\Lib\site-packages\sklearn\utils\extmath.py:227: RuntimeWarning: overflow encountered in matmul
  ret = a @ b
C:\Users\Martina Salami\.conda\envs\pinns_lan_env\Lib\site-packages\sklearn\neural_network\_multilayer_perceptron.py:356: RuntimeWarning: overflow encountered in dot
  values += np.dot(s, s)
C:\Users\Martina Salami\.conda\envs\pinns_lan_env\Lib\site-packages\sklearn\utils\extmath.py:227: RuntimeWarning: overflow encountered in matmul
  ret = a @ b
C:\Users\Martina Salami\.conda\envs\pinns_lan_env\Lib\site-packages\sklearn\neural_network\_multilayer_perceptron.py:356: RuntimeWarning: overflow encountered in dot
  values += np.dot(s, s)
C:\Users\Martina Salami\.conda\envs\pinns_lan_env\Lib\site-packages\sklearn\utils\extmath.py:227: RuntimeWarning: overflow encountered in matmul
  ret = a @ b
C:\Users\Martina Salami\.conda\envs\pinns_lan_env\Lib\site-packages\sklearn\neural_network\_multilayer_perceptron.py:356: RuntimeWarning: overflow encountered in dot
  values += np.dot(s, s)
C:\Users\Martina Salami\.conda\envs\pinns_lan_env\Lib\site-packages\sklearn\utils\extmath.py:227: RuntimeWarning: overflow encountered in matmul
  ret = a @ b
C:\Users\Martina Salami\.conda\envs\pinns_lan_env\Lib\site-packages\sklearn\neural_network\_multilayer_perceptron.py:356: RuntimeWarning: overflow encountered in dot
  values += np.dot(s, s)
C:\Users\Martina Salami\.conda\envs\pinns_lan_env\Lib\site-packages\sklearn\utils\extmath.py:227: RuntimeWarning: overflow encountered in matmul
  ret = a @ b
C:\Users\Martina Salami\.conda\envs\pinns_lan_env\Lib\site-packages\sklearn\neural_network\_multilayer_perceptron.py:356: RuntimeWarning: overflow encountered in dot
  values += np.dot(s, s)
C:\Users\Martina Salami\.conda\envs\pinns_lan_env\Lib\site-packages\sklearn\utils\extmath.py:227: RuntimeWarning: overflow encountered in matmul
  ret = a @ b
C:\Users\Martina Salami\.conda\envs\pinns_lan_env\Lib\site-packages\sklearn\neural_network\_multilayer_perceptron.py:356: RuntimeWarning: overflow encountered in dot
  values += np.dot(s, s)
C:\Users\Martina Salami\.conda\envs\pinns_lan_env\Lib\site-packages\sklearn\utils\extmath.py:227: RuntimeWarning: overflow encountered in matmul
  ret = a @ b
C:\Users\Martina Salami\.conda\envs\pinns_lan_env\Lib\site-packages\sklearn\neural_network\_multilayer_perceptron.py:356: RuntimeWarning: overflow encountered in dot
  values += np.dot(s, s)
C:\Users\Martina Salami\.conda\envs\pinns_lan_env\Lib\site-packages\sklearn\utils\extmath.py:227: RuntimeWarning: overflow encountered in matmul
  ret = a @ b
C:\Users\Martina Salami\.conda\envs\pinns_lan_env\Lib\site-packages\sklearn\neural_network\_multilayer_perceptron.py:356: RuntimeWarning: overflow encountered in dot
  values += np.dot(s, s)
C:\Users\Martina Salami\.conda\envs\pinns_lan_env\Lib\site-packages\sklearn\utils\extmath.py:227: RuntimeWarning: overflow encountered in matmul
  ret = a @ b
C:\Users\Martina Salami\.conda\envs\pinns_lan_env\Lib\site-packages\sklearn\neural_network\_multilayer_perceptron.py:356: RuntimeWarning: overflow encountered in dot
  values += np.dot(s, s)
C:\Users\Martina Salami\.conda\envs\pinns_lan_env\Lib\site-packages\sklearn\utils\extmath.py:227: RuntimeWarning: overflow encountered in matmul
  ret = a @ b
C:\Users\Martina Salami\.conda\envs\pinns_lan_env\Lib\site-packages\sklearn\neural_network\_multilayer_perceptron.py:356: RuntimeWarning: overflow encountered in dot
  values += np.dot(s, s)
C:\Users\Martina Salami\.conda\envs\pinns_lan_env\Lib\site-packages\sklearn\utils\extmath.py:227: RuntimeWarning: overflow encountered in matmul
  ret = a @ b
C:\Users\Martina Salami\.conda\envs\pinns_lan_env\Lib\site-packages\sklearn\neural_network\_multilayer_perceptron.py:356: RuntimeWarning: overflow encountered in dot
  values += np.dot(s, s)
C:\Users\Martina Salami\.conda\envs\pinns_lan_env\Lib\site-packages\sklearn\utils\extmath.py:227: RuntimeWarning: overflow encountered in matmul
  ret = a @ b
C:\Users\Martina Salami\.conda\envs\pinns_lan_env\Lib\site-packages\sklearn\neural_network\_multilayer_perceptron.py:356: RuntimeWarning: overflow encountered in dot
  values += np.dot(s, s)
C:\Users\Martina Salami\.conda\envs\pinns_lan_env\Lib\site-packages\sklearn\utils\extmath.py:227: RuntimeWarning: overflow encountered in matmul
  ret = a @ b
C:\Users\Martina Salami\.conda\envs\pinns_lan_env\Lib\site-packages\sklearn\neural_network\_multilayer_perceptron.py:356: RuntimeWarning: overflow encountered in dot
  values += np.dot(s, s)
C:\Users\Martina Salami\.conda\envs\pinns_lan_env\Lib\site-packages\sklearn\utils\extmath.py:227: RuntimeWarning: overflow encountered in matmul
  ret = a @ b
C:\Users\Martina Salami\.conda\envs\pinns_lan_env\Lib\site-packages\sklearn\neural_network\_multilayer_perceptron.py:356: RuntimeWarning: overflow encountered in dot
  values += np.dot(s, s)
C:\Users\Martina Salami\.conda\envs\pinns_lan_env\Lib\site-packages\sklearn\utils\extmath.py:227: RuntimeWarning: overflow encountered in matmul
  ret = a @ b
C:\Users\Martina Salami\.conda\envs\pinns_lan_env\Lib\site-packages\sklearn\neural_network\_multilayer_perceptron.py:356: RuntimeWarning: overflow encountered in dot
  values += np.dot(s, s)
C:\Users\Martina Salami\.conda\envs\pinns_lan_env\Lib\site-packages\sklearn\neural_network\_multilayer_perceptron.py:356: RuntimeWarning: overflow encountered in dot
  values += np.dot(s, s)
C:\Users\Martina Salami\.conda\envs\pinns_lan_env\Lib\site-packages\sklearn\utils\extmath.py:227: RuntimeWarning: overflow encountered in matmul
  ret = a @ b
C:\Users\Martina Salami\.conda\envs\pinns_lan_env\Lib\site-packages\sklearn\utils\extmath.py:227: RuntimeWarning: overflow encountered in matmul
  ret = a @ b
C:\Users\Martina Salami\.conda\envs\pinns_lan_env\Lib\site-packages\sklearn\neural_network\_multilayer_perceptron.py:785: ConvergenceWarning: Stochastic Optimizer: Maximum iterations (200) reached and the optimization hasn't converged yet.
  warnings.warn(
C:\Users\Martina Salami\.conda\envs\pinns_lan_env\Lib\site-packages\sklearn\neural_network\_multilayer_perceptron.py:356: RuntimeWarning: overflow encountered in dot
  values += np.dot(s, s)
C:\Users\Martina Salami\.conda\envs\pinns_lan_env\Lib\site-packages\sklearn\utils\extmath.py:227: RuntimeWarning: overflow encountered in matmul
  ret = a @ b
C:\Users\Martina Salami\.conda\envs\pinns_lan_env\Lib\site-packages\sklearn\neural_network\_multilayer_perceptron.py:356: RuntimeWarning: overflow encountered in dot
  values += np.dot(s, s)
C:\Users\Martina Salami\.conda\envs\pinns_lan_env\Lib\site-packages\sklearn\utils\extmath.py:227: RuntimeWarning: overflow encountered in matmul
  ret = a @ b
C:\Users\Martina Salami\.conda\envs\pinns_lan_env\Lib\site-packages\sklearn\neural_network\_multilayer_perceptron.py:356: RuntimeWarning: overflow encountered in dot
  values += np.dot(s, s)
C:\Users\Martina Salami\.conda\envs\pinns_lan_env\Lib\site-packages\sklearn\utils\extmath.py:227: RuntimeWarning: overflow encountered in matmul
  ret = a @ b
C:\Users\Martina Salami\.conda\envs\pinns_lan_env\Lib\site-packages\sklearn\neural_network\_multilayer_perceptron.py:356: RuntimeWarning: overflow encountered in dot
  values += np.dot(s, s)
C:\Users\Martina Salami\.conda\envs\pinns_lan_env\Lib\site-packages\sklearn\utils\extmath.py:227: RuntimeWarning: overflow encountered in matmul
  ret = a @ b
C:\Users\Martina Salami\.conda\envs\pinns_lan_env\Lib\site-packages\sklearn\neural_network\_multilayer_perceptron.py:356: RuntimeWarning: overflow encountered in dot
  values += np.dot(s, s)
C:\Users\Martina Salami\.conda\envs\pinns_lan_env\Lib\site-packages\sklearn\utils\extmath.py:227: RuntimeWarning: overflow encountered in matmul
  ret = a @ b
C:\Users\Martina Salami\.conda\envs\pinns_lan_env\Lib\site-packages\sklearn\neural_network\_multilayer_perceptron.py:356: RuntimeWarning: overflow encountered in dot
  values += np.dot(s, s)
C:\Users\Martina Salami\.conda\envs\pinns_lan_env\Lib\site-packages\sklearn\utils\extmath.py:227: RuntimeWarning: overflow encountered in matmul
  ret = a @ b
C:\Users\Martina Salami\.conda\envs\pinns_lan_env\Lib\site-packages\sklearn\neural_network\_multilayer_perceptron.py:356: RuntimeWarning: overflow encountered in dot
  values += np.dot(s, s)
C:\Users\Martina Salami\.conda\envs\pinns_lan_env\Lib\site-packages\sklearn\utils\extmath.py:227: RuntimeWarning: overflow encountered in matmul
  ret = a @ b
C:\Users\Martina Salami\.conda\envs\pinns_lan_env\Lib\site-packages\sklearn\neural_network\_multilayer_perceptron.py:356: RuntimeWarning: overflow encountered in dot
  values += np.dot(s, s)
C:\Users\Martina Salami\.conda\envs\pinns_lan_env\Lib\site-packages\sklearn\neural_network\_multilayer_perceptron.py:356: RuntimeWarning: overflow encountered in dot
  values += np.dot(s, s)
C:\Users\Martina Salami\.conda\envs\pinns_lan_env\Lib\site-packages\sklearn\utils\extmath.py:227: RuntimeWarning: overflow encountered in matmul
  ret = a @ b
C:\Users\Martina Salami\.conda\envs\pinns_lan_env\Lib\site-packages\sklearn\utils\extmath.py:227: RuntimeWarning: overflow encountered in matmul
  ret = a @ b
C:\Users\Martina Salami\.conda\envs\pinns_lan_env\Lib\site-packages\sklearn\neural_network\_multilayer_perceptron.py:356: RuntimeWarning: overflow encountered in dot
  values += np.dot(s, s)
C:\Users\Martina Salami\.conda\envs\pinns_lan_env\Lib\site-packages\sklearn\utils\extmath.py:227: RuntimeWarning: overflow encountered in matmul
  ret = a @ b
C:\Users\Martina Salami\.conda\envs\pinns_lan_env\Lib\site-packages\sklearn\neural_network\_multilayer_perceptron.py:356: RuntimeWarning: overflow encountered in dot
  values += np.dot(s, s)
C:\Users\Martina Salami\.conda\envs\pinns_lan_env\Lib\site-packages\sklearn\utils\extmath.py:227: RuntimeWarning: overflow encountered in matmul
  ret = a @ b
C:\Users\Martina Salami\.conda\envs\pinns_lan_env\Lib\site-packages\sklearn\neural_network\_multilayer_perceptron.py:356: RuntimeWarning: overflow encountered in dot
  values += np.dot(s, s)
C:\Users\Martina Salami\.conda\envs\pinns_lan_env\Lib\site-packages\sklearn\utils\extmath.py:227: RuntimeWarning: overflow encountered in matmul
  ret = a @ b
C:\Users\Martina Salami\.conda\envs\pinns_lan_env\Lib\site-packages\sklearn\neural_network\_multilayer_perceptron.py:356: RuntimeWarning: overflow encountered in dot
  values += np.dot(s, s)
C:\Users\Martina Salami\.conda\envs\pinns_lan_env\Lib\site-packages\sklearn\utils\extmath.py:227: RuntimeWarning: overflow encountered in matmul
  ret = a @ b
C:\Users\Martina Salami\.conda\envs\pinns_lan_env\Lib\site-packages\sklearn\neural_network\_multilayer_perceptron.py:356: RuntimeWarning: overflow encountered in dot
  values += np.dot(s, s)
C:\Users\Martina Salami\.conda\envs\pinns_lan_env\Lib\site-packages\sklearn\utils\extmath.py:227: RuntimeWarning: overflow encountered in matmul
  ret = a @ b
C:\Users\Martina Salami\.conda\envs\pinns_lan_env\Lib\site-packages\sklearn\neural_network\_multilayer_perceptron.py:356: RuntimeWarning: overflow encountered in dot
  values += np.dot(s, s)
C:\Users\Martina Salami\.conda\envs\pinns_lan_env\Lib\site-packages\sklearn\utils\extmath.py:227: RuntimeWarning: overflow encountered in matmul
  ret = a @ b
C:\Users\Martina Salami\.conda\envs\pinns_lan_env\Lib\site-packages\sklearn\neural_network\_multilayer_perceptron.py:356: RuntimeWarning: overflow encountered in dot
  values += np.dot(s, s)
C:\Users\Martina Salami\.conda\envs\pinns_lan_env\Lib\site-packages\sklearn\utils\extmath.py:227: RuntimeWarning: overflow encountered in matmul
  ret = a @ b
C:\Users\Martina Salami\.conda\envs\pinns_lan_env\Lib\site-packages\sklearn\neural_network\_multilayer_perceptron.py:356: RuntimeWarning: overflow encountered in dot
  values += np.dot(s, s)
C:\Users\Martina Salami\.conda\envs\pinns_lan_env\Lib\site-packages\sklearn\utils\extmath.py:227: RuntimeWarning: overflow encountered in matmul
  ret = a @ b
C:\Users\Martina Salami\.conda\envs\pinns_lan_env\Lib\site-packages\sklearn\neural_network\_multilayer_perceptron.py:356: RuntimeWarning: overflow encountered in dot
  values += np.dot(s, s)
C:\Users\Martina Salami\.conda\envs\pinns_lan_env\Lib\site-packages\sklearn\utils\extmath.py:227: RuntimeWarning: overflow encountered in matmul
  ret = a @ b
C:\Users\Martina Salami\.conda\envs\pinns_lan_env\Lib\site-packages\sklearn\neural_network\_multilayer_perceptron.py:356: RuntimeWarning: overflow encountered in dot
  values += np.dot(s, s)
C:\Users\Martina Salami\.conda\envs\pinns_lan_env\Lib\site-packages\sklearn\utils\extmath.py:227: RuntimeWarning: overflow encountered in matmul
  ret = a @ b
C:\Users\Martina Salami\.conda\envs\pinns_lan_env\Lib\site-packages\sklearn\neural_network\_multilayer_perceptron.py:356: RuntimeWarning: overflow encountered in dot
  values += np.dot(s, s)
C:\Users\Martina Salami\.conda\envs\pinns_lan_env\Lib\site-packages\sklearn\utils\extmath.py:227: RuntimeWarning: overflow encountered in matmul
  ret = a @ b
C:\Users\Martina Salami\.conda\envs\pinns_lan_env\Lib\site-packages\sklearn\neural_network\_multilayer_perceptron.py:356: RuntimeWarning: overflow encountered in dot
  values += np.dot(s, s)
C:\Users\Martina Salami\.conda\envs\pinns_lan_env\Lib\site-packages\sklearn\utils\extmath.py:227: RuntimeWarning: overflow encountered in matmul
  ret = a @ b
C:\Users\Martina Salami\.conda\envs\pinns_lan_env\Lib\site-packages\sklearn\neural_network\_multilayer_perceptron.py:356: RuntimeWarning: overflow encountered in dot
  values += np.dot(s, s)
C:\Users\Martina Salami\.conda\envs\pinns_lan_env\Lib\site-packages\sklearn\utils\extmath.py:227: RuntimeWarning: overflow encountered in matmul
  ret = a @ b
C:\Users\Martina Salami\.conda\envs\pinns_lan_env\Lib\site-packages\sklearn\neural_network\_multilayer_perceptron.py:356: RuntimeWarning: overflow encountered in dot
  values += np.dot(s, s)
C:\Users\Martina Salami\.conda\envs\pinns_lan_env\Lib\site-packages\sklearn\utils\extmath.py:227: RuntimeWarning: overflow encountered in matmul
  ret = a @ b
C:\Users\Martina Salami\.conda\envs\pinns_lan_env\Lib\site-packages\sklearn\neural_network\_multilayer_perceptron.py:356: RuntimeWarning: overflow encountered in dot
  values += np.dot(s, s)
C:\Users\Martina Salami\.conda\envs\pinns_lan_env\Lib\site-packages\sklearn\utils\extmath.py:227: RuntimeWarning: overflow encountered in matmul
  ret = a @ b
C:\Users\Martina Salami\.conda\envs\pinns_lan_env\Lib\site-packages\sklearn\neural_network\_multilayer_perceptron.py:356: RuntimeWarning: overflow encountered in dot
  values += np.dot(s, s)
C:\Users\Martina Salami\.conda\envs\pinns_lan_env\Lib\site-packages\sklearn\utils\extmath.py:227: RuntimeWarning: overflow encountered in matmul
  ret = a @ b
C:\Users\Martina Salami\.conda\envs\pinns_lan_env\Lib\site-packages\sklearn\neural_network\_multilayer_perceptron.py:356: RuntimeWarning: overflow encountered in dot
  values += np.dot(s, s)
C:\Users\Martina Salami\.conda\envs\pinns_lan_env\Lib\site-packages\sklearn\utils\extmath.py:227: RuntimeWarning: overflow encountered in matmul
  ret = a @ b
C:\Users\Martina Salami\.conda\envs\pinns_lan_env\Lib\site-packages\sklearn\neural_network\_multilayer_perceptron.py:356: RuntimeWarning: overflow encountered in dot
  values += np.dot(s, s)
C:\Users\Martina Salami\.conda\envs\pinns_lan_env\Lib\site-packages\sklearn\utils\extmath.py:227: RuntimeWarning: overflow encountered in matmul
  ret = a @ b
C:\Users\Martina Salami\.conda\envs\pinns_lan_env\Lib\site-packages\sklearn\neural_network\_multilayer_perceptron.py:356: RuntimeWarning: overflow encountered in dot
  values += np.dot(s, s)
C:\Users\Martina Salami\.conda\envs\pinns_lan_env\Lib\site-packages\sklearn\utils\extmath.py:227: RuntimeWarning: overflow encountered in matmul
  ret = a @ b
C:\Users\Martina Salami\.conda\envs\pinns_lan_env\Lib\site-packages\sklearn\neural_network\_multilayer_perceptron.py:356: RuntimeWarning: overflow encountered in dot
  values += np.dot(s, s)
C:\Users\Martina Salami\.conda\envs\pinns_lan_env\Lib\site-packages\sklearn\utils\extmath.py:227: RuntimeWarning: overflow encountered in matmul
  ret = a @ b
C:\Users\Martina Salami\.conda\envs\pinns_lan_env\Lib\site-packages\sklearn\neural_network\_multilayer_perceptron.py:356: RuntimeWarning: overflow encountered in dot
  values += np.dot(s, s)
C:\Users\Martina Salami\.conda\envs\pinns_lan_env\Lib\site-packages\sklearn\utils\extmath.py:227: RuntimeWarning: overflow encountered in matmul
  ret = a @ b
C:\Users\Martina Salami\.conda\envs\pinns_lan_env\Lib\site-packages\sklearn\neural_network\_multilayer_perceptron.py:356: RuntimeWarning: overflow encountered in dot
  values += np.dot(s, s)
C:\Users\Martina Salami\.conda\envs\pinns_lan_env\Lib\site-packages\sklearn\utils\extmath.py:227: RuntimeWarning: overflow encountered in matmul
  ret = a @ b
C:\Users\Martina Salami\.conda\envs\pinns_lan_env\Lib\site-packages\sklearn\neural_network\_multilayer_perceptron.py:356: RuntimeWarning: overflow encountered in dot
  values += np.dot(s, s)
C:\Users\Martina Salami\.conda\envs\pinns_lan_env\Lib\site-packages\sklearn\utils\extmath.py:227: RuntimeWarning: overflow encountered in matmul
  ret = a @ b
C:\Users\Martina Salami\.conda\envs\pinns_lan_env\Lib\site-packages\sklearn\neural_network\_multilayer_perceptron.py:356: RuntimeWarning: overflow encountered in dot
  values += np.dot(s, s)
C:\Users\Martina Salami\.conda\envs\pinns_lan_env\Lib\site-packages\sklearn\utils\extmath.py:227: RuntimeWarning: overflow encountered in matmul
  ret = a @ b
C:\Users\Martina Salami\.conda\envs\pinns_lan_env\Lib\site-packages\sklearn\neural_network\_multilayer_perceptron.py:356: RuntimeWarning: overflow encountered in dot
  values += np.dot(s, s)
C:\Users\Martina Salami\.conda\envs\pinns_lan_env\Lib\site-packages\sklearn\utils\extmath.py:227: RuntimeWarning: overflow encountered in matmul
  ret = a @ b
C:\Users\Martina Salami\.conda\envs\pinns_lan_env\Lib\site-packages\sklearn\neural_network\_multilayer_perceptron.py:356: RuntimeWarning: overflow encountered in dot
  values += np.dot(s, s)
C:\Users\Martina Salami\.conda\envs\pinns_lan_env\Lib\site-packages\sklearn\utils\extmath.py:227: RuntimeWarning: overflow encountered in matmul
  ret = a @ b
C:\Users\Martina Salami\.conda\envs\pinns_lan_env\Lib\site-packages\sklearn\neural_network\_multilayer_perceptron.py:356: RuntimeWarning: overflow encountered in dot
  values += np.dot(s, s)
C:\Users\Martina Salami\.conda\envs\pinns_lan_env\Lib\site-packages\sklearn\utils\extmath.py:227: RuntimeWarning: overflow encountered in matmul
  ret = a @ b
C:\Users\Martina Salami\.conda\envs\pinns_lan_env\Lib\site-packages\sklearn\neural_network\_multilayer_perceptron.py:356: RuntimeWarning: overflow encountered in dot
  values += np.dot(s, s)
C:\Users\Martina Salami\.conda\envs\pinns_lan_env\Lib\site-packages\sklearn\utils\extmath.py:227: RuntimeWarning: overflow encountered in matmul
  ret = a @ b
C:\Users\Martina Salami\.conda\envs\pinns_lan_env\Lib\site-packages\sklearn\neural_network\_multilayer_perceptron.py:356: RuntimeWarning: overflow encountered in dot
  values += np.dot(s, s)
C:\Users\Martina Salami\.conda\envs\pinns_lan_env\Lib\site-packages\sklearn\utils\extmath.py:227: RuntimeWarning: overflow encountered in matmul
  ret = a @ b
C:\Users\Martina Salami\.conda\envs\pinns_lan_env\Lib\site-packages\sklearn\neural_network\_multilayer_perceptron.py:356: RuntimeWarning: overflow encountered in dot
  values += np.dot(s, s)
C:\Users\Martina Salami\.conda\envs\pinns_lan_env\Lib\site-packages\sklearn\utils\extmath.py:227: RuntimeWarning: overflow encountered in matmul
  ret = a @ b
C:\Users\Martina Salami\.conda\envs\pinns_lan_env\Lib\site-packages\sklearn\neural_network\_multilayer_perceptron.py:356: RuntimeWarning: overflow encountered in dot
  values += np.dot(s, s)
C:\Users\Martina Salami\.conda\envs\pinns_lan_env\Lib\site-packages\sklearn\utils\extmath.py:227: RuntimeWarning: overflow encountered in matmul
  ret = a @ b
C:\Users\Martina Salami\.conda\envs\pinns_lan_env\Lib\site-packages\sklearn\neural_network\_multilayer_perceptron.py:356: RuntimeWarning: overflow encountered in dot
  values += np.dot(s, s)
C:\Users\Martina Salami\.conda\envs\pinns_lan_env\Lib\site-packages\sklearn\utils\extmath.py:227: RuntimeWarning: overflow encountered in matmul
  ret = a @ b
C:\Users\Martina Salami\.conda\envs\pinns_lan_env\Lib\site-packages\sklearn\neural_network\_multilayer_perceptron.py:356: RuntimeWarning: overflow encountered in dot
  values += np.dot(s, s)
C:\Users\Martina Salami\.conda\envs\pinns_lan_env\Lib\site-packages\sklearn\utils\extmath.py:227: RuntimeWarning: overflow encountered in matmul
  ret = a @ b
C:\Users\Martina Salami\.conda\envs\pinns_lan_env\Lib\site-packages\sklearn\neural_network\_multilayer_perceptron.py:356: RuntimeWarning: overflow encountered in dot
  values += np.dot(s, s)
C:\Users\Martina Salami\.conda\envs\pinns_lan_env\Lib\site-packages\sklearn\utils\extmath.py:227: RuntimeWarning: overflow encountered in matmul
  ret = a @ b
C:\Users\Martina Salami\.conda\envs\pinns_lan_env\Lib\site-packages\sklearn\neural_network\_multilayer_perceptron.py:356: RuntimeWarning: overflow encountered in dot
  values += np.dot(s, s)
C:\Users\Martina Salami\.conda\envs\pinns_lan_env\Lib\site-packages\sklearn\utils\extmath.py:227: RuntimeWarning: overflow encountered in matmul
  ret = a @ b
C:\Users\Martina Salami\.conda\envs\pinns_lan_env\Lib\site-packages\sklearn\neural_network\_multilayer_perceptron.py:356: RuntimeWarning: overflow encountered in dot
  values += np.dot(s, s)
C:\Users\Martina Salami\.conda\envs\pinns_lan_env\Lib\site-packages\sklearn\utils\extmath.py:227: RuntimeWarning: overflow encountered in matmul
  ret = a @ b
C:\Users\Martina Salami\.conda\envs\pinns_lan_env\Lib\site-packages\sklearn\neural_network\_multilayer_perceptron.py:356: RuntimeWarning: overflow encountered in dot
  values += np.dot(s, s)
C:\Users\Martina Salami\.conda\envs\pinns_lan_env\Lib\site-packages\sklearn\utils\extmath.py:227: RuntimeWarning: overflow encountered in matmul
  ret = a @ b
C:\Users\Martina Salami\.conda\envs\pinns_lan_env\Lib\site-packages\sklearn\neural_network\_multilayer_perceptron.py:356: RuntimeWarning: overflow encountered in dot
  values += np.dot(s, s)
C:\Users\Martina Salami\.conda\envs\pinns_lan_env\Lib\site-packages\sklearn\utils\extmath.py:227: RuntimeWarning: overflow encountered in matmul
  ret = a @ b
C:\Users\Martina Salami\.conda\envs\pinns_lan_env\Lib\site-packages\sklearn\neural_network\_multilayer_perceptron.py:356: RuntimeWarning: overflow encountered in dot
  values += np.dot(s, s)
C:\Users\Martina Salami\.conda\envs\pinns_lan_env\Lib\site-packages\sklearn\utils\extmath.py:227: RuntimeWarning: overflow encountered in matmul
  ret = a @ b
C:\Users\Martina Salami\.conda\envs\pinns_lan_env\Lib\site-packages\sklearn\neural_network\_multilayer_perceptron.py:356: RuntimeWarning: overflow encountered in dot
  values += np.dot(s, s)
C:\Users\Martina Salami\.conda\envs\pinns_lan_env\Lib\site-packages\sklearn\utils\extmath.py:227: RuntimeWarning: overflow encountered in matmul
  ret = a @ b
C:\Users\Martina Salami\.conda\envs\pinns_lan_env\Lib\site-packages\sklearn\neural_network\_multilayer_perceptron.py:356: RuntimeWarning: overflow encountered in dot
  values += np.dot(s, s)
C:\Users\Martina Salami\.conda\envs\pinns_lan_env\Lib\site-packages\sklearn\utils\extmath.py:227: RuntimeWarning: overflow encountered in matmul
  ret = a @ b
C:\Users\Martina Salami\.conda\envs\pinns_lan_env\Lib\site-packages\sklearn\neural_network\_multilayer_perceptron.py:785: ConvergenceWarning: Stochastic Optimizer: Maximum iterations (200) reached and the optimization hasn't converged yet.
  warnings.warn(
C:\Users\Martina Salami\.conda\envs\pinns_lan_env\Lib\site-packages\sklearn\neural_network\_multilayer_perceptron.py:356: RuntimeWarning: overflow encountered in dot
  values += np.dot(s, s)
C:\Users\Martina Salami\.conda\envs\pinns_lan_env\Lib\site-packages\sklearn\utils\extmath.py:227: RuntimeWarning: overflow encountered in matmul
  ret = a @ b
C:\Users\Martina Salami\.conda\envs\pinns_lan_env\Lib\site-packages\sklearn\neural_network\_multilayer_perceptron.py:356: RuntimeWarning: overflow encountered in dot
  values += np.dot(s, s)
C:\Users\Martina Salami\.conda\envs\pinns_lan_env\Lib\site-packages\sklearn\utils\extmath.py:227: RuntimeWarning: overflow encountered in matmul
  ret = a @ b
C:\Users\Martina Salami\.conda\envs\pinns_lan_env\Lib\site-packages\sklearn\neural_network\_multilayer_perceptron.py:356: RuntimeWarning: overflow encountered in dot
  values += np.dot(s, s)
C:\Users\Martina Salami\.conda\envs\pinns_lan_env\Lib\site-packages\sklearn\utils\extmath.py:227: RuntimeWarning: overflow encountered in matmul
  ret = a @ b
C:\Users\Martina Salami\.conda\envs\pinns_lan_env\Lib\site-packages\sklearn\neural_network\_multilayer_perceptron.py:356: RuntimeWarning: overflow encountered in dot
  values += np.dot(s, s)
C:\Users\Martina Salami\.conda\envs\pinns_lan_env\Lib\site-packages\sklearn\utils\extmath.py:227: RuntimeWarning: overflow encountered in matmul
  ret = a @ b
C:\Users\Martina Salami\.conda\envs\pinns_lan_env\Lib\site-packages\sklearn\neural_network\_multilayer_perceptron.py:785: ConvergenceWarning: Stochastic Optimizer: Maximum iterations (200) reached and the optimization hasn't converged yet.
  warnings.warn(
C:\Users\Martina Salami\.conda\envs\pinns_lan_env\Lib\site-packages\sklearn\neural_network\_multilayer_perceptron.py:356: RuntimeWarning: overflow encountered in dot
  values += np.dot(s, s)
C:\Users\Martina Salami\.conda\envs\pinns_lan_env\Lib\site-packages\sklearn\utils\extmath.py:227: RuntimeWarning: overflow encountered in matmul
  ret = a @ b
C:\Users\Martina Salami\.conda\envs\pinns_lan_env\Lib\site-packages\sklearn\neural_network\_multilayer_perceptron.py:356: RuntimeWarning: overflow encountered in dot
  values += np.dot(s, s)
C:\Users\Martina Salami\.conda\envs\pinns_lan_env\Lib\site-packages\sklearn\utils\extmath.py:227: RuntimeWarning: overflow encountered in matmul
  ret = a @ b
C:\Users\Martina Salami\.conda\envs\pinns_lan_env\Lib\site-packages\sklearn\neural_network\_multilayer_perceptron.py:356: RuntimeWarning: overflow encountered in dot
  values += np.dot(s, s)
C:\Users\Martina Salami\.conda\envs\pinns_lan_env\Lib\site-packages\sklearn\utils\extmath.py:227: RuntimeWarning: overflow encountered in matmul
  ret = a @ b
C:\Users\Martina Salami\.conda\envs\pinns_lan_env\Lib\site-packages\sklearn\neural_network\_multilayer_perceptron.py:356: RuntimeWarning: overflow encountered in dot
  values += np.dot(s, s)
C:\Users\Martina Salami\.conda\envs\pinns_lan_env\Lib\site-packages\sklearn\utils\extmath.py:227: RuntimeWarning: overflow encountered in matmul
  ret = a @ b
C:\Users\Martina Salami\.conda\envs\pinns_lan_env\Lib\site-packages\sklearn\neural_network\_multilayer_perceptron.py:356: RuntimeWarning: overflow encountered in dot
  values += np.dot(s, s)
C:\Users\Martina Salami\.conda\envs\pinns_lan_env\Lib\site-packages\sklearn\utils\extmath.py:227: RuntimeWarning: overflow encountered in matmul
  ret = a @ b
C:\Users\Martina Salami\.conda\envs\pinns_lan_env\Lib\site-packages\sklearn\neural_network\_multilayer_perceptron.py:356: RuntimeWarning: overflow encountered in dot
  values += np.dot(s, s)
C:\Users\Martina Salami\.conda\envs\pinns_lan_env\Lib\site-packages\sklearn\utils\extmath.py:227: RuntimeWarning: overflow encountered in matmul
  ret = a @ b
C:\Users\Martina Salami\.conda\envs\pinns_lan_env\Lib\site-packages\sklearn\neural_network\_multilayer_perceptron.py:356: RuntimeWarning: overflow encountered in dot
  values += np.dot(s, s)
C:\Users\Martina Salami\.conda\envs\pinns_lan_env\Lib\site-packages\sklearn\utils\extmath.py:227: RuntimeWarning: overflow encountered in matmul
  ret = a @ b
C:\Users\Martina Salami\.conda\envs\pinns_lan_env\Lib\site-packages\sklearn\neural_network\_multilayer_perceptron.py:356: RuntimeWarning: overflow encountered in dot
  values += np.dot(s, s)
C:\Users\Martina Salami\.conda\envs\pinns_lan_env\Lib\site-packages\sklearn\utils\extmath.py:227: RuntimeWarning: overflow encountered in matmul
  ret = a @ b
C:\Users\Martina Salami\.conda\envs\pinns_lan_env\Lib\site-packages\sklearn\neural_network\_multilayer_perceptron.py:356: RuntimeWarning: overflow encountered in dot
  values += np.dot(s, s)
C:\Users\Martina Salami\.conda\envs\pinns_lan_env\Lib\site-packages\sklearn\utils\extmath.py:227: RuntimeWarning: overflow encountered in matmul
  ret = a @ b
C:\Users\Martina Salami\.conda\envs\pinns_lan_env\Lib\site-packages\sklearn\neural_network\_multilayer_perceptron.py:785: ConvergenceWarning: Stochastic Optimizer: Maximum iterations (200) reached and the optimization hasn't converged yet.
  warnings.warn(
C:\Users\Martina Salami\.conda\envs\pinns_lan_env\Lib\site-packages\sklearn\neural_network\_multilayer_perceptron.py:785: ConvergenceWarning: Stochastic Optimizer: Maximum iterations (200) reached and the optimization hasn't converged yet.
  warnings.warn(
C:\Users\Martina Salami\.conda\envs\pinns_lan_env\Lib\site-packages\sklearn\neural_network\_multilayer_perceptron.py:785: ConvergenceWarning: Stochastic Optimizer: Maximum iterations (200) reached and the optimization hasn't converged yet.
  warnings.warn(
C:\Users\Martina Salami\.conda\envs\pinns_lan_env\Lib\site-packages\sklearn\neural_network\_multilayer_perceptron.py:785: ConvergenceWarning: Stochastic Optimizer: Maximum iterations (200) reached and the optimization hasn't converged yet.
  warnings.warn(
C:\Users\Martina Salami\.conda\envs\pinns_lan_env\Lib\site-packages\sklearn\neural_network\_multilayer_perceptron.py:785: ConvergenceWarning: Stochastic Optimizer: Maximum iterations (200) reached and the optimization hasn't converged yet.
  warnings.warn(
C:\Users\Martina Salami\.conda\envs\pinns_lan_env\Lib\site-packages\sklearn\neural_network\_multilayer_perceptron.py:785: ConvergenceWarning: Stochastic Optimizer: Maximum iterations (200) reached and the optimization hasn't converged yet.
  warnings.warn(
C:\Users\Martina Salami\.conda\envs\pinns_lan_env\Lib\site-packages\sklearn\neural_network\_multilayer_perceptron.py:785: ConvergenceWarning: Stochastic Optimizer: Maximum iterations (200) reached and the optimization hasn't converged yet.
  warnings.warn(
C:\Users\Martina Salami\.conda\envs\pinns_lan_env\Lib\site-packages\sklearn\neural_network\_multilayer_perceptron.py:785: ConvergenceWarning: Stochastic Optimizer: Maximum iterations (200) reached and the optimization hasn't converged yet.
  warnings.warn(
C:\Users\Martina Salami\.conda\envs\pinns_lan_env\Lib\site-packages\sklearn\neural_network\_multilayer_perceptron.py:785: ConvergenceWarning: Stochastic Optimizer: Maximum iterations (200) reached and the optimization hasn't converged yet.
  warnings.warn(
C:\Users\Martina Salami\.conda\envs\pinns_lan_env\Lib\site-packages\sklearn\model_selection\_search.py:1148: RuntimeWarning: overflow encountered in square
  (array - array_means[:, np.newaxis]) ** 2, axis=1, weights=weights
Fitting 5 folds for each of 16 candidates, totalling 80 fits
[DONE] Family fit complete | family=MLP elapsed=9.97s best_score=-1761.1260596780746 best_params={'estimator__activation': 'tanh', 'estimator__early_stopping': True, 'estimator__hidden_layer_sizes': (200, 50), 'estimator__learning_rate': 'adaptive', 'estimator__solver': 'adam'}
[INFO] Evaluating family bank
[INFO] Family evaluation started | family=MLP targets=1
[DONE] Family evaluation complete | family=MLP elapsed=0.00s mean_component_mape=4031.437% mean_component_mae=0.010242
[INFO] Evaluation complete | winner=MLP mean_component_mape=4031.437%
[INFO] Exporting ONNX family bank
[INFO] Family ONNX export started | family=MLP targets=1 estimator=MLPRegressor
[WARN] Target ONNX export failed | family=MLP target=fft_y_Fw_filtered_ampl_78 error='NoneType' object is not callable
[DONE] Family ONNX export complete | family=MLP elapsed=0.00s exported=0 failed=1
[INFO] ONNX export complete | exported=0 failed=1
[DONE] Exact paper validation summary written | output/validation_checks/paper_reimplementation_rcim_exact_model_bank/2026-04-19-01-44-15__track1_mlp_amplitude_78_closure_attempt_03_campaign_run/validation_summary.yaml
[DONE] Exact paper Markdown report written | doc/reports/analysis/validation_checks/2026-04-19-01-44-25_paper_reimplementation_rcim_exact_model_bank_track1_mlp_amplitude_78_closure_attempt_03_campaign_run_exact_paper_model_bank_report.md
[CV] END estimator__activation=tanh, estimator__early_stopping=True, estimator__hidden_layer_sizes=(100, 50), estimator__learning_rate=adaptive, estimator__solver=sgd; total time=   0.4s
[CV] END estimator__activation=relu, estimator__early_stopping=True, estimator__hidden_layer_sizes=(100, 50), estimator__learning_rate=adaptive, estimator__solver=adam; total time=   0.4s
[CV] END estimator__activation=tanh, estimator__early_stopping=True, estimator__hidden_layer_sizes=(100,), estimator__learning_rate=adaptive, estimator__solver=adam; total time=   0.3s
[CV] END estimator__activation=tanh, estimator__early_stopping=True, estimator__hidden_layer_sizes=(200,), estimator__learning_rate=adaptive, estimator__solver=adam; total time=   0.1s
[CV] END estimator__activation=tanh, estimator__early_stopping=True, estimator__hidden_layer_sizes=(200, 50), estimator__learning_rate=adaptive, estimator__solver=sgd; total time=   0.8s
[CV] END estimator__activation=tanh, estimator__early_stopping=True, estimator__hidden_layer_sizes=(100,), estimator__learning_rate=adaptive, estimator__solver=adam; total time=   0.5s
[CV] END estimator__activation=relu, estimator__early_stopping=True, estimator__hidden_layer_sizes=(100, 50), estimator__learning_rate=adaptive, estimator__solver=sgd; total time=   0.1s
[CV] END estimator__activation=relu, estimator__early_stopping=True, estimator__hidden_layer_sizes=(100, 50), estimator__learning_rate=adaptive, estimator__solver=adam; total time=   0.3s
[CV] END estimator__activation=tanh, estimator__early_stopping=True, estimator__hidden_layer_sizes=(200,), estimator__learning_rate=adaptive, estimator__solver=sgd; total time=   0.2s
[CV] END estimator__activation=relu, estimator__early_stopping=True, estimator__hidden_layer_sizes=(100,), estimator__learning_rate=adaptive, estimator__solver=sgd; total time=   0.0s
[CV] END estimator__activation=relu, estimator__early_stopping=True, estimator__hidden_layer_sizes=(100,), estimator__learning_rate=adaptive, estimator__solver=adam; total time=   0.2s
[CV] END estimator__activation=relu, estimator__early_stopping=True, estimator__hidden_layer_sizes=(200,), estimator__learning_rate=adaptive, estimator__solver=sgd; total time=   0.0s
[CV] END estimator__activation=relu, estimator__early_stopping=True, estimator__hidden_layer_sizes=(200, 50), estimator__learning_rate=adaptive, estimator__solver=sgd; total time=   0.1s
[CV] END estimator__activation=tanh, estimator__early_stopping=True, estimator__hidden_layer_sizes=(100,), estimator__learning_rate=adaptive, estimator__solver=adam; total time=   0.3s
[CV] END estimator__activation=relu, estimator__early_stopping=True, estimator__hidden_layer_sizes=(100, 50), estimator__learning_rate=adaptive, estimator__solver=sgd; total time=   0.4s
[CV] END estimator__activation=tanh, estimator__early_stopping=True, estimator__hidden_layer_sizes=(100, 50), estimator__learning_rate=adaptive, estimator__solver=sgd; total time=   0.4s
[CV] END estimator__activation=relu, estimator__early_stopping=True, estimator__hidden_layer_sizes=(100, 50), estimator__learning_rate=adaptive, estimator__solver=adam; total time=   0.4s
[CV] END estimator__activation=tanh, estimator__early_stopping=True, estimator__hidden_layer_sizes=(100,), estimator__learning_rate=adaptive, estimator__solver=sgd; total time=   0.1s
[CV] END estimator__activation=tanh, estimator__early_stopping=True, estimator__hidden_layer_sizes=(200, 50), estimator__learning_rate=adaptive, estimator__solver=sgd; total time=   0.7s
[CV] END estimator__activation=relu, estimator__early_stopping=True, estimator__hidden_layer_sizes=(200,), estimator__learning_rate=adaptive, estimator__solver=adam; total time=   0.3s
[CV] END estimator__activation=tanh, estimator__early_stopping=True, estimator__hidden_layer_sizes=(100,), estimator__learning_rate=adaptive, estimator__solver=sgd; total time=   0.3s
[CV] END estimator__activation=tanh, estimator__early_stopping=True, estimator__hidden_layer_sizes=(200, 50), estimator__learning_rate=adaptive, estimator__solver=sgd; total time=   1.1s
[CV] END estimator__activation=tanh, estimator__early_stopping=True, estimator__hidden_layer_sizes=(100, 50), estimator__learning_rate=adaptive, estimator__solver=adam; total time=   0.0s
[CV] END estimator__activation=tanh, estimator__early_stopping=True, estimator__hidden_layer_sizes=(200, 50), estimator__learning_rate=adaptive, estimator__solver=adam; total time=   0.7s
[CV] END estimator__activation=relu, estimator__early_stopping=True, estimator__hidden_layer_sizes=(200, 50), estimator__learning_rate=adaptive, estimator__solver=sgd; total time=   0.2s
[CV] END estimator__activation=tanh, estimator__early_stopping=True, estimator__hidden_layer_sizes=(200,), estimator__learning_rate=adaptive, estimator__solver=sgd; total time=   0.4s
[CV] END estimator__activation=relu, estimator__early_stopping=True, estimator__hidden_layer_sizes=(100, 50), estimator__learning_rate=adaptive, estimator__solver=adam; total time=   0.5s
[CV] END estimator__activation=tanh, estimator__early_stopping=True, estimator__hidden_layer_sizes=(100,), estimator__learning_rate=adaptive, estimator__solver=sgd; total time=   0.1s
[CV] END estimator__activation=tanh, estimator__early_stopping=True, estimator__hidden_layer_sizes=(200,), estimator__learning_rate=adaptive, estimator__solver=adam; total time=   0.5s
[CV] END estimator__activation=relu, estimator__early_stopping=True, estimator__hidden_layer_sizes=(100,), estimator__learning_rate=adaptive, estimator__solver=sgd; total time=   0.0s
[CV] END estimator__activation=relu, estimator__early_stopping=True, estimator__hidden_layer_sizes=(100,), estimator__learning_rate=adaptive, estimator__solver=adam; total time=   0.2s
[CV] END estimator__activation=relu, estimator__early_stopping=True, estimator__hidden_layer_sizes=(200,), estimator__learning_rate=adaptive, estimator__solver=adam; total time=   0.3s
[CV] END estimator__activation=tanh, estimator__early_stopping=True, estimator__hidden_layer_sizes=(100,), estimator__learning_rate=adaptive, estimator__solver=sgd; total time=   0.2s
[CV] END estimator__activation=tanh, estimator__early_stopping=True, estimator__hidden_layer_sizes=(200,), estimator__learning_rate=adaptive, estimator__solver=sgd; total time=   0.7s
[CV] END estimator__activation=relu, estimator__early_stopping=True, estimator__hidden_layer_sizes=(100,), estimator__learning_rate=adaptive, estimator__solver=adam; total time=   0.2s
[CV] END estimator__activation=relu, estimator__early_stopping=True, estimator__hidden_layer_sizes=(200,), estimator__learning_rate=adaptive, estimator__solver=sgd; total time=   0.0s
[CV] END estimator__activation=relu, estimator__early_stopping=True, estimator__hidden_layer_sizes=(200,), estimator__learning_rate=adaptive, estimator__solver=adam; total time=   0.3s
[CV] END estimator__activation=tanh, estimator__early_stopping=True, estimator__hidden_layer_sizes=(100, 50), estimator__learning_rate=adaptive, estimator__solver=sgd; total time=   0.2s
[CV] END estimator__activation=relu, estimator__early_stopping=True, estimator__hidden_layer_sizes=(100,), estimator__learning_rate=adaptive, estimator__solver=sgd; total time=   0.0s
[CV] END estimator__activation=relu, estimator__early_stopping=True, estimator__hidden_layer_sizes=(100,), estimator__learning_rate=adaptive, estimator__solver=adam; total time=   0.2s
[CV] END estimator__activation=relu, estimator__early_stopping=True, estimator__hidden_layer_sizes=(200,), estimator__learning_rate=adaptive, estimator__solver=adam; total time=   0.4s
[CV] END estimator__activation=tanh, estimator__early_stopping=True, estimator__hidden_layer_sizes=(200,), estimator__learning_rate=adaptive, estimator__solver=sgd; total time=   0.5s
[CV] END estimator__activation=relu, estimator__early_stopping=True, estimator__hidden_layer_sizes=(200,), estimator__learning_rate=adaptive, estimator__solver=sgd; total time=   0.0s
[CV] END estimator__activation=relu, estimator__early_stopping=True, estimator__hidden_layer_sizes=(200, 50), estimator__learning_rate=adaptive, estimator__solver=sgd; total time=   0.3s
[CV] END estimator__activation=tanh, estimator__early_stopping=True, estimator__hidden_layer_sizes=(100, 50), estimator__learning_rate=adaptive, estimator__solver=sgd; total time=   0.7s
[CV] END estimator__activation=relu, estimator__early_stopping=True, estimator__hidden_layer_sizes=(200,), estimator__learning_rate=adaptive, estimator__solver=adam; total time=   0.4s
[CV] END estimator__activation=tanh, estimator__early_stopping=True, estimator__hidden_layer_sizes=(100,), estimator__learning_rate=adaptive, estimator__solver=adam; total time=   0.0s
[CV] END estimator__activation=tanh, estimator__early_stopping=True, estimator__hidden_layer_sizes=(200,), estimator__learning_rate=adaptive, estimator__solver=adam; total time=   0.1s
[CV] END estimator__activation=tanh, estimator__early_stopping=True, estimator__hidden_layer_sizes=(200, 50), estimator__learning_rate=adaptive, estimator__solver=sgd; total time=   1.3s
[CV] END estimator__activation=tanh, estimator__early_stopping=True, estimator__hidden_layer_sizes=(100, 50), estimator__learning_rate=adaptive, estimator__solver=sgd; total time=   0.5s
[CV] END estimator__activation=tanh, estimator__early_stopping=True, estimator__hidden_layer_sizes=(200, 50), estimator__learning_rate=adaptive, estimator__solver=adam; total time=   1.2s
[CV] END estimator__activation=tanh, estimator__early_stopping=True, estimator__hidden_layer_sizes=(100, 50), estimator__learning_rate=adaptive, estimator__solver=adam; total time=   0.2s
[CV] END estimator__activation=tanh, estimator__early_stopping=True, estimator__hidden_layer_sizes=(200, 50), estimator__learning_rate=adaptive, estimator__solver=adam; total time=   0.4s
[CV] END estimator__activation=relu, estimator__early_stopping=True, estimator__hidden_layer_sizes=(200,), estimator__learning_rate=adaptive, estimator__solver=sgd; total time=   0.0s
[CV] END estimator__activation=relu, estimator__early_stopping=True, estimator__hidden_layer_sizes=(200, 50), estimator__learning_rate=adaptive, estimator__solver=sgd; total time=   0.4s
[CV] END estimator__activation=tanh, estimator__early_stopping=True, estimator__hidden_layer_sizes=(100, 50), estimator__learning_rate=adaptive, estimator__solver=adam; total time=   0.1s
[CV] END estimator__activation=tanh, estimator__early_stopping=True, estimator__hidden_layer_sizes=(200, 50), estimator__learning_rate=adaptive, estimator__solver=adam; total time=   0.3s
[CV] END estimator__activation=relu, estimator__early_stopping=True, estimator__hidden_layer_sizes=(100, 50), estimator__learning_rate=adaptive, estimator__solver=adam; total time=   0.2s
[CV] END estimator__activation=relu, estimator__early_stopping=True, estimator__hidden_layer_sizes=(200, 50), estimator__learning_rate=adaptive, estimator__solver=adam; total time=   0.4s
[CV] END estimator__activation=tanh, estimator__early_stopping=True, estimator__hidden_layer_sizes=(100,), estimator__learning_rate=adaptive, estimator__solver=sgd; total time=   0.2s
[CV] END estimator__activation=tanh, estimator__early_stopping=True, estimator__hidden_layer_sizes=(200,), estimator__learning_rate=adaptive, estimator__solver=adam; total time=   0.0s
[CV] END estimator__activation=tanh, estimator__early_stopping=True, estimator__hidden_layer_sizes=(200,), estimator__learning_rate=adaptive, estimator__solver=adam; total time=   0.7s
[CV] END estimator__activation=relu, estimator__early_stopping=True, estimator__hidden_layer_sizes=(100, 50), estimator__learning_rate=adaptive, estimator__solver=sgd; total time=   0.3s
[CV] END estimator__activation=relu, estimator__early_stopping=True, estimator__hidden_layer_sizes=(200, 50), estimator__learning_rate=adaptive, estimator__solver=adam; total time=   0.4s
[CV] END estimator__activation=tanh, estimator__early_stopping=True, estimator__hidden_layer_sizes=(200,), estimator__learning_rate=adaptive, estimator__solver=sgd; total time=   0.4s
[CV] END estimator__activation=relu, estimator__early_stopping=True, estimator__hidden_layer_sizes=(100, 50), estimator__learning_rate=adaptive, estimator__solver=sgd; total time=   0.3s
[CV] END estimator__activation=relu, estimator__early_stopping=True, estimator__hidden_layer_sizes=(200, 50), estimator__learning_rate=adaptive, estimator__solver=adam; total time=   0.4s
[CV] END estimator__activation=tanh, estimator__early_stopping=True, estimator__hidden_layer_sizes=(100,), estimator__learning_rate=adaptive, estimator__solver=adam; total time=   0.5s
[CV] END estimator__activation=relu, estimator__early_stopping=True, estimator__hidden_layer_sizes=(100,), estimator__learning_rate=adaptive, estimator__solver=sgd; total time=   0.0s
[CV] END estimator__activation=relu, estimator__early_stopping=True, estimator__hidden_layer_sizes=(100,), estimator__learning_rate=adaptive, estimator__solver=sgd; total time=   0.0s
[CV] END estimator__activation=relu, estimator__early_stopping=True, estimator__hidden_layer_sizes=(100,), estimator__learning_rate=adaptive, estimator__solver=adam; total time=   0.2s
[CV] END estimator__activation=relu, estimator__early_stopping=True, estimator__hidden_layer_sizes=(200,), estimator__learning_rate=adaptive, estimator__solver=sgd; total time=   0.0s
[CV] END estimator__activation=relu, estimator__early_stopping=True, estimator__hidden_layer_sizes=(200, 50), estimator__learning_rate=adaptive, estimator__solver=sgd; total time=   0.5s
[CV] END estimator__activation=tanh, estimator__early_stopping=True, estimator__hidden_layer_sizes=(100, 50), estimator__learning_rate=adaptive, estimator__solver=adam; total time=   0.3s
[CV] END estimator__activation=tanh, estimator__early_stopping=True, estimator__hidden_layer_sizes=(200, 50), estimator__learning_rate=adaptive, estimator__solver=sgd; total time=   0.9s
[CV] END estimator__activation=relu, estimator__early_stopping=True, estimator__hidden_layer_sizes=(200, 50), estimator__learning_rate=adaptive, estimator__solver=adam; total time=   0.4s
[CV] END estimator__activation=tanh, estimator__early_stopping=True, estimator__hidden_layer_sizes=(100, 50), estimator__learning_rate=adaptive, estimator__solver=adam; total time=   0.1s
[CV] END estimator__activation=tanh, estimator__early_stopping=True, estimator__hidden_layer_sizes=(200, 50), estimator__learning_rate=adaptive, estimator__solver=adam; total time=   0.2s
[CV] END estimator__activation=relu, estimator__early_stopping=True, estimator__hidden_layer_sizes=(100, 50), estimator__learning_rate=adaptive, estimator__solver=sgd; total time=   0.3s
[CV] END estimator__activation=relu, estimator__early_stopping=True, estimator__hidden_layer_sizes=(200, 50), estimator__learning_rate=adaptive, estimator__solver=adam; total time=   0.4s
