W0418 23:37:38.193000 23440 site-packages\torch\utils\flop_counter.py:29] triton not found; flop counting will not work for triton kernels
[INFO] Loading exact-paper config | config\paper_reimplementation\rcim_ml_compensation\exact_model_bank\campaigns\2026-04-18_track1_hgbm_cellwise_reference_campaign\08_track1_hgbm_amplitude_156_cellwise_reference.yaml
[INFO] Exact-paper output directory | output/validation_checks/paper_reimplementation_rcim_exact_model_bank/2026-04-18-23-37-38__track1_hgbm_amplitude_156_cellwise_reference_campaign_run
[INFO] Building exact-paper dataset bundle
[INFO] Exact-paper dataset ready | rows=969 targets=1 families=1 scope_mode=amplitudes_only
[INFO] Exact-paper target scope | kinds=ampl harmonics=156 preview=fft_y_Fw_filtered_ampl_156
[INFO] Exact-paper search settings | mode=paper_reference_grid_search grid_search_n_jobs=-1 grid_search_verbose=2 grid_search_pre_dispatch=2*n_jobs families=HGBM
[INFO] Fitting family bank | HGBM
[INFO] Family fit started | family=HGBM estimator=HistGradientBoostingRegressor targets=1 threadpool_limit=1 joblib_cpu_limit=system_default os_cpu_count=32
[INFO] Family target scope | family=HGBM kinds=ampl harmonics=156 preview=fft_y_Fw_filtered_ampl_156
[INFO] Grid search configured | family=HGBM candidates=125 parameter_count=4 n_jobs=-1 verbose=2 pre_dispatch=2*n_jobs
W0418 23:37:46.210000 24380 site-packages\torch\utils\flop_counter.py:29] triton not found; flop counting will not work for triton kernels
W0418 23:37:46.348000 3764 site-packages\torch\utils\flop_counter.py:29] triton not found; flop counting will not work for triton kernels
W0418 23:37:46.420000 2732 site-packages\torch\utils\flop_counter.py:29] triton not found; flop counting will not work for triton kernels
W0418 23:37:46.467000 24780 site-packages\torch\utils\flop_counter.py:29] triton not found; flop counting will not work for triton kernels
W0418 23:37:46.515000 2444 site-packages\torch\utils\flop_counter.py:29] triton not found; flop counting will not work for triton kernels
W0418 23:37:46.534000 23000 site-packages\torch\utils\flop_counter.py:29] triton not found; flop counting will not work for triton kernels
W0418 23:37:46.648000 33040 site-packages\torch\utils\flop_counter.py:29] triton not found; flop counting will not work for triton kernels
W0418 23:37:46.742000 16996 site-packages\torch\utils\flop_counter.py:29] triton not found; flop counting will not work for triton kernels
W0418 23:37:46.834000 6244 site-packages\torch\utils\flop_counter.py:29] triton not found; flop counting will not work for triton kernels
W0418 23:37:46.842000 34244 site-packages\torch\utils\flop_counter.py:29] triton not found; flop counting will not work for triton kernels
W0418 23:37:46.962000 19428 site-packages\torch\utils\flop_counter.py:29] triton not found; flop counting will not work for triton kernels
W0418 23:37:46.996000 26972 site-packages\torch\utils\flop_counter.py:29] triton not found; flop counting will not work for triton kernels
W0418 23:37:47.092000 38504 site-packages\torch\utils\flop_counter.py:29] triton not found; flop counting will not work for triton kernels
W0418 23:37:47.147000 36392 site-packages\torch\utils\flop_counter.py:29] triton not found; flop counting will not work for triton kernels
W0418 23:37:47.316000 35108 site-packages\torch\utils\flop_counter.py:29] triton not found; flop counting will not work for triton kernels
W0418 23:37:47.386000 8396 site-packages\torch\utils\flop_counter.py:29] triton not found; flop counting will not work for triton kernels
W0418 23:37:47.425000 35312 site-packages\torch\utils\flop_counter.py:29] triton not found; flop counting will not work for triton kernels
W0418 23:37:47.448000 12344 site-packages\torch\utils\flop_counter.py:29] triton not found; flop counting will not work for triton kernels
W0418 23:37:47.527000 34836 site-packages\torch\utils\flop_counter.py:29] triton not found; flop counting will not work for triton kernels
W0418 23:37:47.550000 19756 site-packages\torch\utils\flop_counter.py:29] triton not found; flop counting will not work for triton kernels
W0418 23:37:47.648000 35752 site-packages\torch\utils\flop_counter.py:29] triton not found; flop counting will not work for triton kernels
W0418 23:37:47.658000 5608 site-packages\torch\utils\flop_counter.py:29] triton not found; flop counting will not work for triton kernels
W0418 23:37:47.658000 11072 site-packages\torch\utils\flop_counter.py:29] triton not found; flop counting will not work for triton kernels
W0418 23:37:47.669000 13880 site-packages\torch\utils\flop_counter.py:29] triton not found; flop counting will not work for triton kernels
W0418 23:37:47.674000 3496 site-packages\torch\utils\flop_counter.py:29] triton not found; flop counting will not work for triton kernels
W0418 23:37:47.678000 3800 site-packages\torch\utils\flop_counter.py:29] triton not found; flop counting will not work for triton kernels
W0418 23:37:47.678000 5732 site-packages\torch\utils\flop_counter.py:29] triton not found; flop counting will not work for triton kernels
W0418 23:37:47.683000 35772 site-packages\torch\utils\flop_counter.py:29] triton not found; flop counting will not work for triton kernels
W0418 23:37:47.683000 34848 site-packages\torch\utils\flop_counter.py:29] triton not found; flop counting will not work for triton kernels
W0418 23:37:47.686000 4916 site-packages\torch\utils\flop_counter.py:29] triton not found; flop counting will not work for triton kernels
W0418 23:37:47.689000 10000 site-packages\torch\utils\flop_counter.py:29] triton not found; flop counting will not work for triton kernels
W0418 23:37:47.693000 23676 site-packages\torch\utils\flop_counter.py:29] triton not found; flop counting will not work for triton kernels
Fitting 5 folds for each of 125 candidates, totalling 625 fits
[DONE] Family fit complete | family=HGBM elapsed=13.90s best_score=0.9484537823496335 best_params={'estimator__learning_rate': 0.22, 'estimator__max_depth': 11, 'estimator__max_iter': 100, 'estimator__max_leaf_nodes': 24}
[INFO] Evaluating family bank
[INFO] Family evaluation started | family=HGBM targets=1
[DONE] Family evaluation complete | family=HGBM elapsed=0.01s mean_component_mape=21.564% mean_component_mae=0.000099
[INFO] Evaluation complete | winner=HGBM mean_component_mape=21.564%
[INFO] Exporting ONNX family bank
[INFO] Family ONNX export started | family=HGBM targets=1 estimator=HistGradientBoostingRegressor
[WARN] Target ONNX export failed | family=HGBM target=fft_y_Fw_filtered_ampl_156 error='NoneType' object is not callable
[DONE] Family ONNX export complete | family=HGBM elapsed=0.00s exported=0 failed=1
[INFO] ONNX export complete | exported=0 failed=1
[DONE] Exact paper validation summary written | output/validation_checks/paper_reimplementation_rcim_exact_model_bank/2026-04-18-23-37-38__track1_hgbm_amplitude_156_cellwise_reference_campaign_run/validation_summary.yaml
[DONE] Exact paper Markdown report written | doc/reports/analysis/validation_checks/2026-04-18-23-37-52_paper_reimplementation_rcim_exact_model_bank_track1_hgbm_amplitude_156_cellwise_reference_campaign_run_exact_paper_model_bank_report.md
[CV] END estimator__learning_rate=0.18, estimator__max_depth=9, estimator__max_iter=100, estimator__max_leaf_nodes=25; total time=   0.0s
[CV] END estimator__learning_rate=0.18, estimator__max_depth=13, estimator__max_iter=100, estimator__max_leaf_nodes=27; total time=   0.0s
[CV] END estimator__learning_rate=0.19, estimator__max_depth=9, estimator__max_iter=100, estimator__max_leaf_nodes=26; total time=   0.0s
[CV] END estimator__learning_rate=0.19, estimator__max_depth=10, estimator__max_iter=100, estimator__max_leaf_nodes=25; total time=   0.0s
[CV] END estimator__learning_rate=0.19, estimator__max_depth=11, estimator__max_iter=100, estimator__max_leaf_nodes=24; total time=   0.0s
[CV] END estimator__learning_rate=0.19, estimator__max_depth=12, estimator__max_iter=100, estimator__max_leaf_nodes=25; total time=   0.0s
[CV] END estimator__learning_rate=0.19, estimator__max_depth=13, estimator__max_iter=100, estimator__max_leaf_nodes=26; total time=   0.0s
[CV] END estimator__learning_rate=0.2, estimator__max_depth=9, estimator__max_iter=100, estimator__max_leaf_nodes=28; total time=   0.0s
[CV] END estimator__learning_rate=0.2, estimator__max_depth=11, estimator__max_iter=100, estimator__max_leaf_nodes=24; total time=   0.0s
[CV] END estimator__learning_rate=0.2, estimator__max_depth=12, estimator__max_iter=100, estimator__max_leaf_nodes=26; total time=   0.0s
[CV] END estimator__learning_rate=0.2, estimator__max_depth=13, estimator__max_iter=100, estimator__max_leaf_nodes=27; total time=   0.0s
[CV] END estimator__learning_rate=0.21, estimator__max_depth=10, estimator__max_iter=100, estimator__max_leaf_nodes=26; total time=   0.0s
[CV] END estimator__learning_rate=0.21, estimator__max_depth=10, estimator__max_iter=100, estimator__max_leaf_nodes=27; total time=   0.0s
[CV] END estimator__learning_rate=0.21, estimator__max_depth=13, estimator__max_iter=100, estimator__max_leaf_nodes=24; total time=   0.0s
[CV] END estimator__learning_rate=0.21, estimator__max_depth=13, estimator__max_iter=100, estimator__max_leaf_nodes=24; total time=   0.0s
[CV] END estimator__learning_rate=0.22, estimator__max_depth=10, estimator__max_iter=100, estimator__max_leaf_nodes=27; total time=   0.0s
[CV] END estimator__learning_rate=0.22, estimator__max_depth=10, estimator__max_iter=100, estimator__max_leaf_nodes=28; total time=   0.0s
[CV] END estimator__learning_rate=0.22, estimator__max_depth=12, estimator__max_iter=100, estimator__max_leaf_nodes=27; total time=   0.0s
[CV] END estimator__learning_rate=0.18, estimator__max_depth=9, estimator__max_iter=100, estimator__max_leaf_nodes=24; total time=   0.0s
[CV] END estimator__learning_rate=0.18, estimator__max_depth=10, estimator__max_iter=100, estimator__max_leaf_nodes=26; total time=   0.0s
[CV] END estimator__learning_rate=0.18, estimator__max_depth=10, estimator__max_iter=100, estimator__max_leaf_nodes=27; total time=   0.0s
[CV] END estimator__learning_rate=0.18, estimator__max_depth=11, estimator__max_iter=100, estimator__max_leaf_nodes=24; total time=   0.0s
[CV] END estimator__learning_rate=0.18, estimator__max_depth=11, estimator__max_iter=100, estimator__max_leaf_nodes=25; total time=   0.0s
[CV] END estimator__learning_rate=0.18, estimator__max_depth=11, estimator__max_iter=100, estimator__max_leaf_nodes=27; total time=   0.0s
[CV] END estimator__learning_rate=0.18, estimator__max_depth=12, estimator__max_iter=100, estimator__max_leaf_nodes=25; total time=   0.0s
[CV] END estimator__learning_rate=0.18, estimator__max_depth=12, estimator__max_iter=100, estimator__max_leaf_nodes=27; total time=   0.0s
[CV] END estimator__learning_rate=0.18, estimator__max_depth=13, estimator__max_iter=100, estimator__max_leaf_nodes=25; total time=   0.0s
[CV] END estimator__learning_rate=0.18, estimator__max_depth=13, estimator__max_iter=100, estimator__max_leaf_nodes=28; total time=   0.0s
[CV] END estimator__learning_rate=0.19, estimator__max_depth=9, estimator__max_iter=100, estimator__max_leaf_nodes=26; total time=   0.0s
[CV] END estimator__learning_rate=0.19, estimator__max_depth=10, estimator__max_iter=100, estimator__max_leaf_nodes=25; total time=   0.0s
[CV] END estimator__learning_rate=0.19, estimator__max_depth=11, estimator__max_iter=100, estimator__max_leaf_nodes=24; total time=   0.0s
[CV] END estimator__learning_rate=0.19, estimator__max_depth=12, estimator__max_iter=100, estimator__max_leaf_nodes=25; total time=   0.0s
[CV] END estimator__learning_rate=0.19, estimator__max_depth=13, estimator__max_iter=100, estimator__max_leaf_nodes=27; total time=   0.0s
[CV] END estimator__learning_rate=0.2, estimator__max_depth=9, estimator__max_iter=100, estimator__max_leaf_nodes=28; total time=   0.0s
[CV] END estimator__learning_rate=0.2, estimator__max_depth=11, estimator__max_iter=100, estimator__max_leaf_nodes=25; total time=   0.0s
[CV] END estimator__learning_rate=0.2, estimator__max_depth=12, estimator__max_iter=100, estimator__max_leaf_nodes=26; total time=   0.0s
[CV] END estimator__learning_rate=0.2, estimator__max_depth=13, estimator__max_iter=100, estimator__max_leaf_nodes=28; total time=   0.0s
[CV] END estimator__learning_rate=0.21, estimator__max_depth=11, estimator__max_iter=100, estimator__max_leaf_nodes=25; total time=   0.0s
[CV] END estimator__learning_rate=0.21, estimator__max_depth=11, estimator__max_iter=100, estimator__max_leaf_nodes=25; total time=   0.0s
[CV] END estimator__learning_rate=0.22, estimator__max_depth=9, estimator__max_iter=100, estimator__max_leaf_nodes=24; total time=   0.0s
[CV] END estimator__learning_rate=0.22, estimator__max_depth=9, estimator__max_iter=100, estimator__max_leaf_nodes=24; total time=   0.0s
[CV] END estimator__learning_rate=0.22, estimator__max_depth=11, estimator__max_iter=100, estimator__max_leaf_nodes=25; total time=   0.0s
[CV] END estimator__learning_rate=0.22, estimator__max_depth=11, estimator__max_iter=100, estimator__max_leaf_nodes=25; total time=   0.0s
[CV] END estimator__learning_rate=0.22, estimator__max_depth=12, estimator__max_iter=100, estimator__max_leaf_nodes=28; total time=   0.0s
[CV] END estimator__learning_rate=0.18, estimator__max_depth=10, estimator__max_iter=100, estimator__max_leaf_nodes=25; total time=   0.0s
[CV] END estimator__learning_rate=0.19, estimator__max_depth=12, estimator__max_iter=100, estimator__max_leaf_nodes=24; total time=   0.0s
[CV] END estimator__learning_rate=0.19, estimator__max_depth=13, estimator__max_iter=100, estimator__max_leaf_nodes=25; total time=   0.0s
[CV] END estimator__learning_rate=0.2, estimator__max_depth=9, estimator__max_iter=100, estimator__max_leaf_nodes=27; total time=   0.0s
[CV] END estimator__learning_rate=0.2, estimator__max_depth=11, estimator__max_iter=100, estimator__max_leaf_nodes=24; total time=   0.0s
[CV] END estimator__learning_rate=0.2, estimator__max_depth=12, estimator__max_iter=100, estimator__max_leaf_nodes=25; total time=   0.0s
[CV] END estimator__learning_rate=0.2, estimator__max_depth=13, estimator__max_iter=100, estimator__max_leaf_nodes=27; total time=   0.0s
[CV] END estimator__learning_rate=0.21, estimator__max_depth=10, estimator__max_iter=100, estimator__max_leaf_nodes=26; total time=   0.0s
[CV] END estimator__learning_rate=0.21, estimator__max_depth=10, estimator__max_iter=100, estimator__max_leaf_nodes=26; total time=   0.0s
[CV] END estimator__learning_rate=0.21, estimator__max_depth=13, estimator__max_iter=100, estimator__max_leaf_nodes=24; total time=   0.0s
[CV] END estimator__learning_rate=0.21, estimator__max_depth=13, estimator__max_iter=100, estimator__max_leaf_nodes=24; total time=   0.0s
[CV] END estimator__learning_rate=0.22, estimator__max_depth=11, estimator__max_iter=100, estimator__max_leaf_nodes=24; total time=   0.0s
[CV] END estimator__learning_rate=0.22, estimator__max_depth=11, estimator__max_iter=100, estimator__max_leaf_nodes=24; total time=   0.0s
[CV] END estimator__learning_rate=0.22, estimator__max_depth=12, estimator__max_iter=100, estimator__max_leaf_nodes=27; total time=   0.0s
[CV] END estimator__learning_rate=0.18, estimator__max_depth=9, estimator__max_iter=100, estimator__max_leaf_nodes=28; total time=   0.0s
[CV] END estimator__learning_rate=0.18, estimator__max_depth=12, estimator__max_iter=100, estimator__max_leaf_nodes=27; total time=   0.0s
[CV] END estimator__learning_rate=0.18, estimator__max_depth=13, estimator__max_iter=100, estimator__max_leaf_nodes=25; total time=   0.0s
[CV] END estimator__learning_rate=0.18, estimator__max_depth=13, estimator__max_iter=100, estimator__max_leaf_nodes=28; total time=   0.0s
[CV] END estimator__learning_rate=0.19, estimator__max_depth=9, estimator__max_iter=100, estimator__max_leaf_nodes=26; total time=   0.0s
[CV] END estimator__learning_rate=0.19, estimator__max_depth=10, estimator__max_iter=100, estimator__max_leaf_nodes=25; total time=   0.0s
[CV] END estimator__learning_rate=0.19, estimator__max_depth=11, estimator__max_iter=100, estimator__max_leaf_nodes=24; total time=   0.0s
[CV] END estimator__learning_rate=0.19, estimator__max_depth=12, estimator__max_iter=100, estimator__max_leaf_nodes=26; total time=   0.0s
[CV] END estimator__learning_rate=0.19, estimator__max_depth=13, estimator__max_iter=100, estimator__max_leaf_nodes=27; total time=   0.0s
[CV] END estimator__learning_rate=0.2, estimator__max_depth=10, estimator__max_iter=100, estimator__max_leaf_nodes=25; total time=   0.0s
[CV] END estimator__learning_rate=0.2, estimator__max_depth=11, estimator__max_iter=100, estimator__max_leaf_nodes=26; total time=   0.0s
[CV] END estimator__learning_rate=0.2, estimator__max_depth=12, estimator__max_iter=100, estimator__max_leaf_nodes=28; total time=   0.0s
[CV] END estimator__learning_rate=0.21, estimator__max_depth=9, estimator__max_iter=100, estimator__max_leaf_nodes=24; total time=   0.0s
[CV] END estimator__learning_rate=0.21, estimator__max_depth=11, estimator__max_iter=100, estimator__max_leaf_nodes=25; total time=   0.0s
[CV] END estimator__learning_rate=0.21, estimator__max_depth=11, estimator__max_iter=100, estimator__max_leaf_nodes=25; total time=   0.0s
[CV] END estimator__learning_rate=0.22, estimator__max_depth=9, estimator__max_iter=100, estimator__max_leaf_nodes=24; total time=   0.0s
[CV] END estimator__learning_rate=0.22, estimator__max_depth=9, estimator__max_iter=100, estimator__max_leaf_nodes=24; total time=   0.0s
[CV] END estimator__learning_rate=0.22, estimator__max_depth=10, estimator__max_iter=100, estimator__max_leaf_nodes=28; total time=   0.0s
[CV] END estimator__learning_rate=0.22, estimator__max_depth=10, estimator__max_iter=100, estimator__max_leaf_nodes=28; total time=   0.0s
[CV] END estimator__learning_rate=0.22, estimator__max_depth=12, estimator__max_iter=100, estimator__max_leaf_nodes=28; total time=   0.0s
[CV] END estimator__learning_rate=0.18, estimator__max_depth=10, estimator__max_iter=100, estimator__max_leaf_nodes=24; total time=   0.0s
[CV] END estimator__learning_rate=0.19, estimator__max_depth=11, estimator__max_iter=100, estimator__max_leaf_nodes=26; total time=   0.0s
[CV] END estimator__learning_rate=0.19, estimator__max_depth=12, estimator__max_iter=100, estimator__max_leaf_nodes=28; total time=   0.0s
[CV] END estimator__learning_rate=0.2, estimator__max_depth=9, estimator__max_iter=100, estimator__max_leaf_nodes=24; total time=   0.0s
[CV] END estimator__learning_rate=0.2, estimator__max_depth=10, estimator__max_iter=100, estimator__max_leaf_nodes=24; total time=   0.0s
[CV] END estimator__learning_rate=0.2, estimator__max_depth=11, estimator__max_iter=100, estimator__max_leaf_nodes=25; total time=   0.0s
[CV] END estimator__learning_rate=0.2, estimator__max_depth=12, estimator__max_iter=100, estimator__max_leaf_nodes=27; total time=   0.0s
[CV] END estimator__learning_rate=0.2, estimator__max_depth=13, estimator__max_iter=100, estimator__max_leaf_nodes=28; total time=   0.0s
[CV] END estimator__learning_rate=0.21, estimator__max_depth=10, estimator__max_iter=100, estimator__max_leaf_nodes=28; total time=   0.0s
[CV] END estimator__learning_rate=0.21, estimator__max_depth=10, estimator__max_iter=100, estimator__max_leaf_nodes=28; total time=   0.0s
[CV] END estimator__learning_rate=0.21, estimator__max_depth=13, estimator__max_iter=100, estimator__max_leaf_nodes=26; total time=   0.0s
[CV] END estimator__learning_rate=0.21, estimator__max_depth=13, estimator__max_iter=100, estimator__max_leaf_nodes=26; total time=   0.0s
[CV] END estimator__learning_rate=0.22, estimator__max_depth=11, estimator__max_iter=100, estimator__max_leaf_nodes=25; total time=   0.0s
[CV] END estimator__learning_rate=0.22, estimator__max_depth=11, estimator__max_iter=100, estimator__max_leaf_nodes=25; total time=   0.0s
[CV] END estimator__learning_rate=0.22, estimator__max_depth=12, estimator__max_iter=100, estimator__max_leaf_nodes=28; total time=   0.0s
[CV] END estimator__learning_rate=0.18, estimator__max_depth=9, estimator__max_iter=100, estimator__max_leaf_nodes=27; total time=   0.0s
[CV] END estimator__learning_rate=0.19, estimator__max_depth=9, estimator__max_iter=100, estimator__max_leaf_nodes=24; total time=   0.0s
[CV] END estimator__learning_rate=0.19, estimator__max_depth=9, estimator__max_iter=100, estimator__max_leaf_nodes=28; total time=   0.0s
[CV] END estimator__learning_rate=0.19, estimator__max_depth=10, estimator__max_iter=100, estimator__max_leaf_nodes=27; total time=   0.0s
[CV] END estimator__learning_rate=0.19, estimator__max_depth=11, estimator__max_iter=100, estimator__max_leaf_nodes=27; total time=   0.0s
[CV] END estimator__learning_rate=0.19, estimator__max_depth=12, estimator__max_iter=100, estimator__max_leaf_nodes=28; total time=   0.0s
[CV] END estimator__learning_rate=0.2, estimator__max_depth=9, estimator__max_iter=100, estimator__max_leaf_nodes=25; total time=   0.0s
[CV] END estimator__learning_rate=0.2, estimator__max_depth=10, estimator__max_iter=100, estimator__max_leaf_nodes=25; total time=   0.0s
[CV] END estimator__learning_rate=0.2, estimator__max_depth=11, estimator__max_iter=100, estimator__max_leaf_nodes=27; total time=   0.0s
[CV] END estimator__learning_rate=0.2, estimator__max_depth=13, estimator__max_iter=100, estimator__max_leaf_nodes=24; total time=   0.0s
[CV] END estimator__learning_rate=0.21, estimator__max_depth=9, estimator__max_iter=100, estimator__max_leaf_nodes=25; total time=   0.0s
[CV] END estimator__learning_rate=0.21, estimator__max_depth=11, estimator__max_iter=100, estimator__max_leaf_nodes=27; total time=   0.0s
[CV] END estimator__learning_rate=0.21, estimator__max_depth=11, estimator__max_iter=100, estimator__max_leaf_nodes=28; total time=   0.0s
[CV] END estimator__learning_rate=0.22, estimator__max_depth=9, estimator__max_iter=100, estimator__max_leaf_nodes=25; total time=   0.0s
[CV] END estimator__learning_rate=0.22, estimator__max_depth=9, estimator__max_iter=100, estimator__max_leaf_nodes=25; total time=   0.0s
[CV] END estimator__learning_rate=0.22, estimator__max_depth=11, estimator__max_iter=100, estimator__max_leaf_nodes=24; total time=   0.0s
[CV] END estimator__learning_rate=0.22, estimator__max_depth=11, estimator__max_iter=100, estimator__max_leaf_nodes=24; total time=   0.0s
[CV] END estimator__learning_rate=0.22, estimator__max_depth=12, estimator__max_iter=100, estimator__max_leaf_nodes=28; total time=   0.0s
[CV] END estimator__learning_rate=0.18, estimator__max_depth=9, estimator__max_iter=100, estimator__max_leaf_nodes=28; total time=   0.0s
[CV] END estimator__learning_rate=0.19, estimator__max_depth=10, estimator__max_iter=100, estimator__max_leaf_nodes=26; total time=   0.0s
[CV] END estimator__learning_rate=0.19, estimator__max_depth=11, estimator__max_iter=100, estimator__max_leaf_nodes=25; total time=   0.0s
[CV] END estimator__learning_rate=0.19, estimator__max_depth=12, estimator__max_iter=100, estimator__max_leaf_nodes=27; total time=   0.0s
[CV] END estimator__learning_rate=0.19, estimator__max_depth=13, estimator__max_iter=100, estimator__max_leaf_nodes=28; total time=   0.0s
[CV] END estimator__learning_rate=0.2, estimator__max_depth=10, estimator__max_iter=100, estimator__max_leaf_nodes=26; total time=   0.0s
[CV] END estimator__learning_rate=0.2, estimator__max_depth=11, estimator__max_iter=100, estimator__max_leaf_nodes=28; total time=   0.0s
[CV] END estimator__learning_rate=0.2, estimator__max_depth=13, estimator__max_iter=100, estimator__max_leaf_nodes=24; total time=   0.0s
[CV] END estimator__learning_rate=0.21, estimator__max_depth=9, estimator__max_iter=100, estimator__max_leaf_nodes=25; total time=   0.0s
[CV] END estimator__learning_rate=0.21, estimator__max_depth=9, estimator__max_iter=100, estimator__max_leaf_nodes=26; total time=   0.0s
[CV] END estimator__learning_rate=0.21, estimator__max_depth=11, estimator__max_iter=100, estimator__max_leaf_nodes=28; total time=   0.0s
[CV] END estimator__learning_rate=0.21, estimator__max_depth=11, estimator__max_iter=100, estimator__max_leaf_nodes=28; total time=   0.0s
[CV] END estimator__learning_rate=0.22, estimator__max_depth=9, estimator__max_iter=100, estimator__max_leaf_nodes=26; total time=   0.0s
[CV] END estimator__learning_rate=0.22, estimator__max_depth=9, estimator__max_iter=100, estimator__max_leaf_nodes=26; total time=   0.0s
[CV] END estimator__learning_rate=0.22, estimator__max_depth=12, estimator__max_iter=100, estimator__max_leaf_nodes=24; total time=   0.0s
[CV] END estimator__learning_rate=0.22, estimator__max_depth=12, estimator__max_iter=100, estimator__max_leaf_nodes=28; total time=   0.0s
[CV] END estimator__learning_rate=0.18, estimator__max_depth=9, estimator__max_iter=100, estimator__max_leaf_nodes=27; total time=   0.0s
[CV] END estimator__learning_rate=0.19, estimator__max_depth=11, estimator__max_iter=100, estimator__max_leaf_nodes=26; total time=   0.0s
[CV] END estimator__learning_rate=0.19, estimator__max_depth=12, estimator__max_iter=100, estimator__max_leaf_nodes=27; total time=   0.0s
[CV] END estimator__learning_rate=0.19, estimator__max_depth=13, estimator__max_iter=100, estimator__max_leaf_nodes=28; total time=   0.0s
[CV] END estimator__learning_rate=0.2, estimator__max_depth=10, estimator__max_iter=100, estimator__max_leaf_nodes=25; total time=   0.0s
[CV] END estimator__learning_rate=0.2, estimator__max_depth=11, estimator__max_iter=100, estimator__max_leaf_nodes=26; total time=   0.0s
[CV] END estimator__learning_rate=0.2, estimator__max_depth=12, estimator__max_iter=100, estimator__max_leaf_nodes=28; total time=   0.0s
[CV] END estimator__learning_rate=0.21, estimator__max_depth=9, estimator__max_iter=100, estimator__max_leaf_nodes=24; total time=   0.0s
[CV] END estimator__learning_rate=0.21, estimator__max_depth=11, estimator__max_iter=100, estimator__max_leaf_nodes=26; total time=   0.0s
[CV] END estimator__learning_rate=0.21, estimator__max_depth=11, estimator__max_iter=100, estimator__max_leaf_nodes=26; total time=   0.0s
[CV] END estimator__learning_rate=0.21, estimator__max_depth=13, estimator__max_iter=100, estimator__max_leaf_nodes=28; total time=   0.0s
[CV] END estimator__learning_rate=0.21, estimator__max_depth=13, estimator__max_iter=100, estimator__max_leaf_nodes=28; total time=   0.0s
[CV] END estimator__learning_rate=0.22, estimator__max_depth=11, estimator__max_iter=100, estimator__max_leaf_nodes=27; total time=   0.0s
[CV] END estimator__learning_rate=0.22, estimator__max_depth=11, estimator__max_iter=100, estimator__max_leaf_nodes=27; total time=   0.0s
[CV] END estimator__learning_rate=0.22, estimator__max_depth=13, estimator__max_iter=100, estimator__max_leaf_nodes=24; total time=   0.0s
[CV] END estimator__learning_rate=0.18, estimator__max_depth=9, estimator__max_iter=100, estimator__max_leaf_nodes=24; total time=   0.0s
[CV] END estimator__learning_rate=0.19, estimator__max_depth=11, estimator__max_iter=100, estimator__max_leaf_nodes=27; total time=   0.0s
[CV] END estimator__learning_rate=0.19, estimator__max_depth=12, estimator__max_iter=100, estimator__max_leaf_nodes=28; total time=   0.0s
[CV] END estimator__learning_rate=0.2, estimator__max_depth=9, estimator__max_iter=100, estimator__max_leaf_nodes=25; total time=   0.0s
[CV] END estimator__learning_rate=0.2, estimator__max_depth=10, estimator__max_iter=100, estimator__max_leaf_nodes=26; total time=   0.0s
[CV] END estimator__learning_rate=0.2, estimator__max_depth=11, estimator__max_iter=100, estimator__max_leaf_nodes=27; total time=   0.0s
[CV] END estimator__learning_rate=0.2, estimator__max_depth=12, estimator__max_iter=100, estimator__max_leaf_nodes=27; total time=   0.0s
[CV] END estimator__learning_rate=0.21, estimator__max_depth=9, estimator__max_iter=100, estimator__max_leaf_nodes=24; total time=   0.0s
[CV] END estimator__learning_rate=0.21, estimator__max_depth=11, estimator__max_iter=100, estimator__max_leaf_nodes=24; total time=   0.0s
[CV] END estimator__learning_rate=0.21, estimator__max_depth=11, estimator__max_iter=100, estimator__max_leaf_nodes=24; total time=   0.0s
[CV] END estimator__learning_rate=0.21, estimator__max_depth=13, estimator__max_iter=100, estimator__max_leaf_nodes=27; total time=   0.0s
[CV] END estimator__learning_rate=0.21, estimator__max_depth=13, estimator__max_iter=100, estimator__max_leaf_nodes=27; total time=   0.0s
[CV] END estimator__learning_rate=0.22, estimator__max_depth=11, estimator__max_iter=100, estimator__max_leaf_nodes=28; total time=   0.0s
[CV] END estimator__learning_rate=0.22, estimator__max_depth=11, estimator__max_iter=100, estimator__max_leaf_nodes=28; total time=   0.0s
[CV] END estimator__learning_rate=0.22, estimator__max_depth=13, estimator__max_iter=100, estimator__max_leaf_nodes=24; total time=   0.0s
[CV] END estimator__learning_rate=0.18, estimator__max_depth=9, estimator__max_iter=100, estimator__max_leaf_nodes=26; total time=   0.0s
[CV] END estimator__learning_rate=0.18, estimator__max_depth=12, estimator__max_iter=100, estimator__max_leaf_nodes=28; total time=   0.0s
[CV] END estimator__learning_rate=0.18, estimator__max_depth=13, estimator__max_iter=100, estimator__max_leaf_nodes=25; total time=   0.0s
[CV] END estimator__learning_rate=0.18, estimator__max_depth=13, estimator__max_iter=100, estimator__max_leaf_nodes=28; total time=   0.0s
[CV] END estimator__learning_rate=0.19, estimator__max_depth=9, estimator__max_iter=100, estimator__max_leaf_nodes=27; total time=   0.0s
[CV] END estimator__learning_rate=0.19, estimator__max_depth=10, estimator__max_iter=100, estimator__max_leaf_nodes=26; total time=   0.0s
[CV] END estimator__learning_rate=0.19, estimator__max_depth=11, estimator__max_iter=100, estimator__max_leaf_nodes=27; total time=   0.0s
[CV] END estimator__learning_rate=0.19, estimator__max_depth=12, estimator__max_iter=100, estimator__max_leaf_nodes=28; total time=   0.0s
[CV] END estimator__learning_rate=0.2, estimator__max_depth=9, estimator__max_iter=100, estimator__max_leaf_nodes=24; total time=   0.0s
[CV] END estimator__learning_rate=0.2, estimator__max_depth=10, estimator__max_iter=100, estimator__max_leaf_nodes=25; total time=   0.0s
[CV] END estimator__learning_rate=0.2, estimator__max_depth=11, estimator__max_iter=100, estimator__max_leaf_nodes=27; total time=   0.0s
[CV] END estimator__learning_rate=0.2, estimator__max_depth=12, estimator__max_iter=100, estimator__max_leaf_nodes=28; total time=   0.0s
[CV] END estimator__learning_rate=0.21, estimator__max_depth=9, estimator__max_iter=100, estimator__max_leaf_nodes=25; total time=   0.0s
[CV] END estimator__learning_rate=0.21, estimator__max_depth=11, estimator__max_iter=100, estimator__max_leaf_nodes=27; total time=   0.0s
[CV] END estimator__learning_rate=0.21, estimator__max_depth=11, estimator__max_iter=100, estimator__max_leaf_nodes=27; total time=   0.0s
[CV] END estimator__learning_rate=0.22, estimator__max_depth=9, estimator__max_iter=100, estimator__max_leaf_nodes=25; total time=   0.0s
[CV] END estimator__learning_rate=0.22, estimator__max_depth=9, estimator__max_iter=100, estimator__max_leaf_nodes=25; total time=   0.0s
[CV] END estimator__learning_rate=0.22, estimator__max_depth=11, estimator__max_iter=100, estimator__max_leaf_nodes=24; total time=   0.0s
[CV] END estimator__learning_rate=0.22, estimator__max_depth=11, estimator__max_iter=100, estimator__max_leaf_nodes=25; total time=   0.0s
[CV] END estimator__learning_rate=0.22, estimator__max_depth=13, estimator__max_iter=100, estimator__max_leaf_nodes=24; total time=   0.0s
[CV] END estimator__learning_rate=0.18, estimator__max_depth=9, estimator__max_iter=100, estimator__max_leaf_nodes=25; total time=   0.0s
[CV] END estimator__learning_rate=0.18, estimator__max_depth=10, estimator__max_iter=100, estimator__max_leaf_nodes=27; total time=   0.0s
[CV] END estimator__learning_rate=0.18, estimator__max_depth=10, estimator__max_iter=100, estimator__max_leaf_nodes=28; total time=   0.0s
[CV] END estimator__learning_rate=0.18, estimator__max_depth=11, estimator__max_iter=100, estimator__max_leaf_nodes=24; total time=   0.0s
[CV] END estimator__learning_rate=0.18, estimator__max_depth=11, estimator__max_iter=100, estimator__max_leaf_nodes=26; total time=   0.0s
[CV] END estimator__learning_rate=0.18, estimator__max_depth=11, estimator__max_iter=100, estimator__max_leaf_nodes=28; total time=   0.0s
[CV] END estimator__learning_rate=0.18, estimator__max_depth=12, estimator__max_iter=100, estimator__max_leaf_nodes=26; total time=   0.0s
[CV] END estimator__learning_rate=0.18, estimator__max_depth=13, estimator__max_iter=100, estimator__max_leaf_nodes=24; total time=   0.0s
[CV] END estimator__learning_rate=0.18, estimator__max_depth=13, estimator__max_iter=100, estimator__max_leaf_nodes=27; total time=   0.0s
[CV] END estimator__learning_rate=0.19, estimator__max_depth=9, estimator__max_iter=100, estimator__max_leaf_nodes=25; total time=   0.0s
[CV] END estimator__learning_rate=0.19, estimator__max_depth=10, estimator__max_iter=100, estimator__max_leaf_nodes=24; total time=   0.0s
[CV] END estimator__learning_rate=0.19, estimator__max_depth=10, estimator__max_iter=100, estimator__max_leaf_nodes=28; total time=   0.0s
[CV] END estimator__learning_rate=0.19, estimator__max_depth=12, estimator__max_iter=100, estimator__max_leaf_nodes=25; total time=   0.0s
[CV] END estimator__learning_rate=0.19, estimator__max_depth=13, estimator__max_iter=100, estimator__max_leaf_nodes=26; total time=   0.0s
[CV] END estimator__learning_rate=0.2, estimator__max_depth=9, estimator__max_iter=100, estimator__max_leaf_nodes=28; total time=   0.0s
[CV] END estimator__learning_rate=0.2, estimator__max_depth=11, estimator__max_iter=100, estimator__max_leaf_nodes=24; total time=   0.0s
[CV] END estimator__learning_rate=0.2, estimator__max_depth=12, estimator__max_iter=100, estimator__max_leaf_nodes=26; total time=   0.0s
[CV] END estimator__learning_rate=0.2, estimator__max_depth=13, estimator__max_iter=100, estimator__max_leaf_nodes=27; total time=   0.0s
[CV] END estimator__learning_rate=0.21, estimator__max_depth=10, estimator__max_iter=100, estimator__max_leaf_nodes=27; total time=   0.0s
[CV] END estimator__learning_rate=0.21, estimator__max_depth=10, estimator__max_iter=100, estimator__max_leaf_nodes=27; total time=   0.0s
[CV] END estimator__learning_rate=0.21, estimator__max_depth=13, estimator__max_iter=100, estimator__max_leaf_nodes=26; total time=   0.0s
[CV] END estimator__learning_rate=0.21, estimator__max_depth=13, estimator__max_iter=100, estimator__max_leaf_nodes=26; total time=   0.0s
[CV] END estimator__learning_rate=0.22, estimator__max_depth=11, estimator__max_iter=100, estimator__max_leaf_nodes=28; total time=   0.0s
[CV] END estimator__learning_rate=0.22, estimator__max_depth=11, estimator__max_iter=100, estimator__max_leaf_nodes=28; total time=   0.0s
[CV] END estimator__learning_rate=0.22, estimator__max_depth=13, estimator__max_iter=100, estimator__max_leaf_nodes=25; total time=   0.0s
[CV] END estimator__learning_rate=0.18, estimator__max_depth=9, estimator__max_iter=100, estimator__max_leaf_nodes=28; total time=   0.0s
[CV] END estimator__learning_rate=0.19, estimator__max_depth=9, estimator__max_iter=100, estimator__max_leaf_nodes=28; total time=   0.0s
[CV] END estimator__learning_rate=0.19, estimator__max_depth=10, estimator__max_iter=100, estimator__max_leaf_nodes=27; total time=   0.0s
[CV] END estimator__learning_rate=0.19, estimator__max_depth=11, estimator__max_iter=100, estimator__max_leaf_nodes=27; total time=   0.0s
[CV] END estimator__learning_rate=0.19, estimator__max_depth=13, estimator__max_iter=100, estimator__max_leaf_nodes=24; total time=   0.0s
[CV] END estimator__learning_rate=0.2, estimator__max_depth=9, estimator__max_iter=100, estimator__max_leaf_nodes=26; total time=   0.0s
[CV] END estimator__learning_rate=0.2, estimator__max_depth=10, estimator__max_iter=100, estimator__max_leaf_nodes=27; total time=   0.0s
[CV] END estimator__learning_rate=0.2, estimator__max_depth=12, estimator__max_iter=100, estimator__max_leaf_nodes=24; total time=   0.0s
[CV] END estimator__learning_rate=0.2, estimator__max_depth=13, estimator__max_iter=100, estimator__max_leaf_nodes=25; total time=   0.0s
[CV] END estimator__learning_rate=0.21, estimator__max_depth=9, estimator__max_iter=100, estimator__max_leaf_nodes=28; total time=   0.0s
[CV] END estimator__learning_rate=0.21, estimator__max_depth=9, estimator__max_iter=100, estimator__max_leaf_nodes=28; total time=   0.0s
[CV] END estimator__learning_rate=0.21, estimator__max_depth=12, estimator__max_iter=100, estimator__max_leaf_nodes=25; total time=   0.0s
[CV] END estimator__learning_rate=0.21, estimator__max_depth=12, estimator__max_iter=100, estimator__max_leaf_nodes=25; total time=   0.0s
[CV] END estimator__learning_rate=0.22, estimator__max_depth=9, estimator__max_iter=100, estimator__max_leaf_nodes=28; total time=   0.0s
[CV] END estimator__learning_rate=0.22, estimator__max_depth=9, estimator__max_iter=100, estimator__max_leaf_nodes=28; total time=   0.0s
[CV] END estimator__learning_rate=0.22, estimator__max_depth=12, estimator__max_iter=100, estimator__max_leaf_nodes=24; total time=   0.0s
[CV] END estimator__learning_rate=0.22, estimator__max_depth=13, estimator__max_iter=100, estimator__max_leaf_nodes=25; total time=   0.0s
[CV] END estimator__learning_rate=0.18, estimator__max_depth=9, estimator__max_iter=100, estimator__max_leaf_nodes=26; total time=   0.0s
[CV] END estimator__learning_rate=0.18, estimator__max_depth=11, estimator__max_iter=100, estimator__max_leaf_nodes=26; total time=   0.0s
[CV] END estimator__learning_rate=0.18, estimator__max_depth=11, estimator__max_iter=100, estimator__max_leaf_nodes=28; total time=   0.0s
[CV] END estimator__learning_rate=0.18, estimator__max_depth=12, estimator__max_iter=100, estimator__max_leaf_nodes=25; total time=   0.0s
[CV] END estimator__learning_rate=0.18, estimator__max_depth=12, estimator__max_iter=100, estimator__max_leaf_nodes=28; total time=   0.0s
[CV] END estimator__learning_rate=0.18, estimator__max_depth=13, estimator__max_iter=100, estimator__max_leaf_nodes=26; total time=   0.0s
[CV] END estimator__learning_rate=0.19, estimator__max_depth=9, estimator__max_iter=100, estimator__max_leaf_nodes=24; total time=   0.0s
[CV] END estimator__learning_rate=0.19, estimator__max_depth=9, estimator__max_iter=100, estimator__max_leaf_nodes=28; total time=   0.0s
[CV] END estimator__learning_rate=0.19, estimator__max_depth=10, estimator__max_iter=100, estimator__max_leaf_nodes=27; total time=   0.0s
[CV] END estimator__learning_rate=0.19, estimator__max_depth=11, estimator__max_iter=100, estimator__max_leaf_nodes=28; total time=   0.0s
[CV] END estimator__learning_rate=0.19, estimator__max_depth=13, estimator__max_iter=100, estimator__max_leaf_nodes=24; total time=   0.0s
[CV] END estimator__learning_rate=0.2, estimator__max_depth=9, estimator__max_iter=100, estimator__max_leaf_nodes=25; total time=   0.0s
[CV] END estimator__learning_rate=0.2, estimator__max_depth=10, estimator__max_iter=100, estimator__max_leaf_nodes=27; total time=   0.0s
[CV] END estimator__learning_rate=0.2, estimator__max_depth=11, estimator__max_iter=100, estimator__max_leaf_nodes=28; total time=   0.0s
[CV] END estimator__learning_rate=0.2, estimator__max_depth=13, estimator__max_iter=100, estimator__max_leaf_nodes=25; total time=   0.0s
[CV] END estimator__learning_rate=0.21, estimator__max_depth=9, estimator__max_iter=100, estimator__max_leaf_nodes=26; total time=   0.0s
[CV] END estimator__learning_rate=0.21, estimator__max_depth=9, estimator__max_iter=100, estimator__max_leaf_nodes=26; total time=   0.0s
[CV] END estimator__learning_rate=0.21, estimator__max_depth=12, estimator__max_iter=100, estimator__max_leaf_nodes=24; total time=   0.0s
[CV] END estimator__learning_rate=0.21, estimator__max_depth=12, estimator__max_iter=100, estimator__max_leaf_nodes=25; total time=   0.0s
[CV] END estimator__learning_rate=0.22, estimator__max_depth=9, estimator__max_iter=100, estimator__max_leaf_nodes=27; total time=   0.0s
[CV] END estimator__learning_rate=0.22, estimator__max_depth=9, estimator__max_iter=100, estimator__max_leaf_nodes=27; total time=   0.0s
[CV] END estimator__learning_rate=0.22, estimator__max_depth=12, estimator__max_iter=100, estimator__max_leaf_nodes=24; total time=   0.0s
[CV] END estimator__learning_rate=0.22, estimator__max_depth=13, estimator__max_iter=100, estimator__max_leaf_nodes=24; total time=   0.0s
[CV] END estimator__learning_rate=0.18, estimator__max_depth=9, estimator__max_iter=100, estimator__max_leaf_nodes=24; total time=   0.0s
[CV] END estimator__learning_rate=0.18, estimator__max_depth=10, estimator__max_iter=100, estimator__max_leaf_nodes=25; total time=   0.0s
[CV] END estimator__learning_rate=0.18, estimator__max_depth=10, estimator__max_iter=100, estimator__max_leaf_nodes=26; total time=   0.0s
[CV] END estimator__learning_rate=0.18, estimator__max_depth=10, estimator__max_iter=100, estimator__max_leaf_nodes=27; total time=   0.0s
[CV] END estimator__learning_rate=0.18, estimator__max_depth=10, estimator__max_iter=100, estimator__max_leaf_nodes=28; total time=   0.0s
[CV] END estimator__learning_rate=0.18, estimator__max_depth=11, estimator__max_iter=100, estimator__max_leaf_nodes=25; total time=   0.0s
[CV] END estimator__learning_rate=0.18, estimator__max_depth=11, estimator__max_iter=100, estimator__max_leaf_nodes=26; total time=   0.0s
[CV] END estimator__learning_rate=0.18, estimator__max_depth=11, estimator__max_iter=100, estimator__max_leaf_nodes=28; total time=   0.0s
[CV] END estimator__learning_rate=0.18, estimator__max_depth=12, estimator__max_iter=100, estimator__max_leaf_nodes=26; total time=   0.0s
[CV] END estimator__learning_rate=0.18, estimator__max_depth=12, estimator__max_iter=100, estimator__max_leaf_nodes=28; total time=   0.0s
[CV] END estimator__learning_rate=0.18, estimator__max_depth=13, estimator__max_iter=100, estimator__max_leaf_nodes=26; total time=   0.0s
[CV] END estimator__learning_rate=0.19, estimator__max_depth=9, estimator__max_iter=100, estimator__max_leaf_nodes=25; total time=   0.0s
[CV] END estimator__learning_rate=0.19, estimator__max_depth=9, estimator__max_iter=100, estimator__max_leaf_nodes=28; total time=   0.0s
[CV] END estimator__learning_rate=0.19, estimator__max_depth=10, estimator__max_iter=100, estimator__max_leaf_nodes=27; total time=   0.0s
[CV] END estimator__learning_rate=0.19, estimator__max_depth=11, estimator__max_iter=100, estimator__max_leaf_nodes=28; total time=   0.0s
[CV] END estimator__learning_rate=0.19, estimator__max_depth=13, estimator__max_iter=100, estimator__max_leaf_nodes=24; total time=   0.0s
[CV] END estimator__learning_rate=0.2, estimator__max_depth=9, estimator__max_iter=100, estimator__max_leaf_nodes=25; total time=   0.0s
[CV] END estimator__learning_rate=0.2, estimator__max_depth=10, estimator__max_iter=100, estimator__max_leaf_nodes=26; total time=   0.0s
[CV] END estimator__learning_rate=0.2, estimator__max_depth=11, estimator__max_iter=100, estimator__max_leaf_nodes=28; total time=   0.0s
[CV] END estimator__learning_rate=0.2, estimator__max_depth=13, estimator__max_iter=100, estimator__max_leaf_nodes=25; total time=   0.0s
[CV] END estimator__learning_rate=0.21, estimator__max_depth=9, estimator__max_iter=100, estimator__max_leaf_nodes=27; total time=   0.0s
[CV] END estimator__learning_rate=0.21, estimator__max_depth=9, estimator__max_iter=100, estimator__max_leaf_nodes=27; total time=   0.0s
[CV] END estimator__learning_rate=0.21, estimator__max_depth=12, estimator__max_iter=100, estimator__max_leaf_nodes=25; total time=   0.0s
[CV] END estimator__learning_rate=0.21, estimator__max_depth=12, estimator__max_iter=100, estimator__max_leaf_nodes=25; total time=   0.0s
[CV] END estimator__learning_rate=0.22, estimator__max_depth=9, estimator__max_iter=100, estimator__max_leaf_nodes=27; total time=   0.0s
[CV] END estimator__learning_rate=0.22, estimator__max_depth=9, estimator__max_iter=100, estimator__max_leaf_nodes=27; total time=   0.0s
[CV] END estimator__learning_rate=0.22, estimator__max_depth=12, estimator__max_iter=100, estimator__max_leaf_nodes=25; total time=   0.0s
[CV] END estimator__learning_rate=0.22, estimator__max_depth=13, estimator__max_iter=100, estimator__max_leaf_nodes=26; total time=   0.0s
[CV] END estimator__learning_rate=0.18, estimator__max_depth=9, estimator__max_iter=100, estimator__max_leaf_nodes=25; total time=   0.0s
[CV] END estimator__learning_rate=0.18, estimator__max_depth=11, estimator__max_iter=100, estimator__max_leaf_nodes=24; total time=   0.0s
[CV] END estimator__learning_rate=0.18, estimator__max_depth=11, estimator__max_iter=100, estimator__max_leaf_nodes=25; total time=   0.0s
[CV] END estimator__learning_rate=0.18, estimator__max_depth=11, estimator__max_iter=100, estimator__max_leaf_nodes=27; total time=   0.0s
[CV] END estimator__learning_rate=0.18, estimator__max_depth=12, estimator__max_iter=100, estimator__max_leaf_nodes=25; total time=   0.0s
[CV] END estimator__learning_rate=0.18, estimator__max_depth=12, estimator__max_iter=100, estimator__max_leaf_nodes=27; total time=   0.0s
[CV] END estimator__learning_rate=0.18, estimator__max_depth=13, estimator__max_iter=100, estimator__max_leaf_nodes=25; total time=   0.0s
[CV] END estimator__learning_rate=0.18, estimator__max_depth=13, estimator__max_iter=100, estimator__max_leaf_nodes=28; total time=   0.0s
[CV] END estimator__learning_rate=0.19, estimator__max_depth=9, estimator__max_iter=100, estimator__max_leaf_nodes=27; total time=   0.0s
[CV] END estimator__learning_rate=0.19, estimator__max_depth=10, estimator__max_iter=100, estimator__max_leaf_nodes=26; total time=   0.0s
[CV] END estimator__learning_rate=0.19, estimator__max_depth=11, estimator__max_iter=100, estimator__max_leaf_nodes=25; total time=   0.0s
[CV] END estimator__learning_rate=0.19, estimator__max_depth=12, estimator__max_iter=100, estimator__max_leaf_nodes=26; total time=   0.0s
[CV] END estimator__learning_rate=0.19, estimator__max_depth=13, estimator__max_iter=100, estimator__max_leaf_nodes=28; total time=   0.0s
[CV] END estimator__learning_rate=0.2, estimator__max_depth=10, estimator__max_iter=100, estimator__max_leaf_nodes=26; total time=   0.0s
[CV] END estimator__learning_rate=0.2, estimator__max_depth=11, estimator__max_iter=100, estimator__max_leaf_nodes=27; total time=   0.0s
[CV] END estimator__learning_rate=0.2, estimator__max_depth=12, estimator__max_iter=100, estimator__max_leaf_nodes=28; total time=   0.0s
[CV] END estimator__learning_rate=0.21, estimator__max_depth=9, estimator__max_iter=100, estimator__max_leaf_nodes=24; total time=   0.0s
[CV] END estimator__learning_rate=0.21, estimator__max_depth=11, estimator__max_iter=100, estimator__max_leaf_nodes=24; total time=   0.0s
[CV] END estimator__learning_rate=0.21, estimator__max_depth=11, estimator__max_iter=100, estimator__max_leaf_nodes=24; total time=   0.0s
[CV] END estimator__learning_rate=0.21, estimator__max_depth=13, estimator__max_iter=100, estimator__max_leaf_nodes=27; total time=   0.0s
[CV] END estimator__learning_rate=0.21, estimator__max_depth=13, estimator__max_iter=100, estimator__max_leaf_nodes=28; total time=   0.0s
[CV] END estimator__learning_rate=0.22, estimator__max_depth=11, estimator__max_iter=100, estimator__max_leaf_nodes=27; total time=   0.0s
[CV] END estimator__learning_rate=0.22, estimator__max_depth=11, estimator__max_iter=100, estimator__max_leaf_nodes=27; total time=   0.0s
[CV] END estimator__learning_rate=0.22, estimator__max_depth=13, estimator__max_iter=100, estimator__max_leaf_nodes=25; total time=   0.0s
[CV] END estimator__learning_rate=0.18, estimator__max_depth=10, estimator__max_iter=100, estimator__max_leaf_nodes=24; total time=   0.0s
[CV] END estimator__learning_rate=0.19, estimator__max_depth=9, estimator__max_iter=100, estimator__max_leaf_nodes=26; total time=   0.0s
[CV] END estimator__learning_rate=0.19, estimator__max_depth=10, estimator__max_iter=100, estimator__max_leaf_nodes=25; total time=   0.0s
[CV] END estimator__learning_rate=0.19, estimator__max_depth=11, estimator__max_iter=100, estimator__max_leaf_nodes=24; total time=   0.0s
[CV] END estimator__learning_rate=0.19, estimator__max_depth=12, estimator__max_iter=100, estimator__max_leaf_nodes=25; total time=   0.0s
[CV] END estimator__learning_rate=0.19, estimator__max_depth=13, estimator__max_iter=100, estimator__max_leaf_nodes=27; total time=   0.0s
[CV] END estimator__learning_rate=0.2, estimator__max_depth=9, estimator__max_iter=100, estimator__max_leaf_nodes=28; total time=   0.0s
[CV] END estimator__learning_rate=0.2, estimator__max_depth=11, estimator__max_iter=100, estimator__max_leaf_nodes=24; total time=   0.0s
[CV] END estimator__learning_rate=0.2, estimator__max_depth=12, estimator__max_iter=100, estimator__max_leaf_nodes=26; total time=   0.0s
[CV] END estimator__learning_rate=0.2, estimator__max_depth=13, estimator__max_iter=100, estimator__max_leaf_nodes=27; total time=   0.0s
[CV] END estimator__learning_rate=0.21, estimator__max_depth=10, estimator__max_iter=100, estimator__max_leaf_nodes=27; total time=   0.0s
[CV] END estimator__learning_rate=0.21, estimator__max_depth=10, estimator__max_iter=100, estimator__max_leaf_nodes=27; total time=   0.0s
[CV] END estimator__learning_rate=0.21, estimator__max_depth=13, estimator__max_iter=100, estimator__max_leaf_nodes=25; total time=   0.0s
[CV] END estimator__learning_rate=0.21, estimator__max_depth=13, estimator__max_iter=100, estimator__max_leaf_nodes=25; total time=   0.0s
[CV] END estimator__learning_rate=0.22, estimator__max_depth=11, estimator__max_iter=100, estimator__max_leaf_nodes=26; total time=   0.0s
[CV] END estimator__learning_rate=0.22, estimator__max_depth=11, estimator__max_iter=100, estimator__max_leaf_nodes=26; total time=   0.0s
[CV] END estimator__learning_rate=0.22, estimator__max_depth=13, estimator__max_iter=100, estimator__max_leaf_nodes=24; total time=   0.0s
[CV] END estimator__learning_rate=0.18, estimator__max_depth=9, estimator__max_iter=100, estimator__max_leaf_nodes=27; total time=   0.0s
[CV] END estimator__learning_rate=0.19, estimator__max_depth=11, estimator__max_iter=100, estimator__max_leaf_nodes=26; total time=   0.0s
[CV] END estimator__learning_rate=0.19, estimator__max_depth=12, estimator__max_iter=100, estimator__max_leaf_nodes=27; total time=   0.0s
[CV] END estimator__learning_rate=0.19, estimator__max_depth=13, estimator__max_iter=100, estimator__max_leaf_nodes=28; total time=   0.0s
[CV] END estimator__learning_rate=0.2, estimator__max_depth=10, estimator__max_iter=100, estimator__max_leaf_nodes=26; total time=   0.0s
[CV] END estimator__learning_rate=0.2, estimator__max_depth=11, estimator__max_iter=100, estimator__max_leaf_nodes=27; total time=   0.0s
[CV] END estimator__learning_rate=0.2, estimator__max_depth=13, estimator__max_iter=100, estimator__max_leaf_nodes=24; total time=   0.0s
[CV] END estimator__learning_rate=0.21, estimator__max_depth=9, estimator__max_iter=100, estimator__max_leaf_nodes=25; total time=   0.0s
[CV] END estimator__learning_rate=0.21, estimator__max_depth=11, estimator__max_iter=100, estimator__max_leaf_nodes=28; total time=   0.0s
[CV] END estimator__learning_rate=0.21, estimator__max_depth=11, estimator__max_iter=100, estimator__max_leaf_nodes=28; total time=   0.0s
[CV] END estimator__learning_rate=0.22, estimator__max_depth=9, estimator__max_iter=100, estimator__max_leaf_nodes=26; total time=   0.0s
[CV] END estimator__learning_rate=0.22, estimator__max_depth=9, estimator__max_iter=100, estimator__max_leaf_nodes=26; total time=   0.0s
[CV] END estimator__learning_rate=0.22, estimator__max_depth=11, estimator__max_iter=100, estimator__max_leaf_nodes=26; total time=   0.0s
[CV] END estimator__learning_rate=0.22, estimator__max_depth=11, estimator__max_iter=100, estimator__max_leaf_nodes=27; total time=   0.0s
[CV] END estimator__learning_rate=0.22, estimator__max_depth=13, estimator__max_iter=100, estimator__max_leaf_nodes=25; total time=   0.0s
[CV] END estimator__learning_rate=0.18, estimator__max_depth=9, estimator__max_iter=100, estimator__max_leaf_nodes=24; total time=   0.0s
[CV] END estimator__learning_rate=0.18, estimator__max_depth=10, estimator__max_iter=100, estimator__max_leaf_nodes=26; total time=   0.0s
[CV] END estimator__learning_rate=0.18, estimator__max_depth=10, estimator__max_iter=100, estimator__max_leaf_nodes=27; total time=   0.0s
[CV] END estimator__learning_rate=0.18, estimator__max_depth=10, estimator__max_iter=100, estimator__max_leaf_nodes=28; total time=   0.0s
[CV] END estimator__learning_rate=0.18, estimator__max_depth=11, estimator__max_iter=100, estimator__max_leaf_nodes=24; total time=   0.0s
[CV] END estimator__learning_rate=0.18, estimator__max_depth=11, estimator__max_iter=100, estimator__max_leaf_nodes=26; total time=   0.0s
[CV] END estimator__learning_rate=0.18, estimator__max_depth=11, estimator__max_iter=100, estimator__max_leaf_nodes=28; total time=   0.0s
[CV] END estimator__learning_rate=0.18, estimator__max_depth=12, estimator__max_iter=100, estimator__max_leaf_nodes=25; total time=   0.0s
[CV] END estimator__learning_rate=0.18, estimator__max_depth=12, estimator__max_iter=100, estimator__max_leaf_nodes=28; total time=   0.0s
[CV] END estimator__learning_rate=0.18, estimator__max_depth=13, estimator__max_iter=100, estimator__max_leaf_nodes=26; total time=   0.0s
[CV] END estimator__learning_rate=0.19, estimator__max_depth=9, estimator__max_iter=100, estimator__max_leaf_nodes=24; total time=   0.0s
[CV] END estimator__learning_rate=0.19, estimator__max_depth=9, estimator__max_iter=100, estimator__max_leaf_nodes=27; total time=   0.0s
[CV] END estimator__learning_rate=0.19, estimator__max_depth=10, estimator__max_iter=100, estimator__max_leaf_nodes=26; total time=   0.0s
[CV] END estimator__learning_rate=0.19, estimator__max_depth=11, estimator__max_iter=100, estimator__max_leaf_nodes=27; total time=   0.0s
[CV] END estimator__learning_rate=0.19, estimator__max_depth=13, estimator__max_iter=100, estimator__max_leaf_nodes=24; total time=   0.0s
[CV] END estimator__learning_rate=0.2, estimator__max_depth=9, estimator__max_iter=100, estimator__max_leaf_nodes=25; total time=   0.0s
[CV] END estimator__learning_rate=0.2, estimator__max_depth=10, estimator__max_iter=100, estimator__max_leaf_nodes=27; total time=   0.0s
[CV] END estimator__learning_rate=0.2, estimator__max_depth=11, estimator__max_iter=100, estimator__max_leaf_nodes=28; total time=   0.0s
[CV] END estimator__learning_rate=0.2, estimator__max_depth=13, estimator__max_iter=100, estimator__max_leaf_nodes=24; total time=   0.0s
[CV] END estimator__learning_rate=0.21, estimator__max_depth=9, estimator__max_iter=100, estimator__max_leaf_nodes=26; total time=   0.0s
[CV] END estimator__learning_rate=0.21, estimator__max_depth=9, estimator__max_iter=100, estimator__max_leaf_nodes=26; total time=   0.0s
[CV] END estimator__learning_rate=0.21, estimator__max_depth=12, estimator__max_iter=100, estimator__max_leaf_nodes=24; total time=   0.0s
[CV] END estimator__learning_rate=0.21, estimator__max_depth=12, estimator__max_iter=100, estimator__max_leaf_nodes=24; total time=   0.0s
[CV] END estimator__learning_rate=0.22, estimator__max_depth=9, estimator__max_iter=100, estimator__max_leaf_nodes=26; total time=   0.0s
[CV] END estimator__learning_rate=0.22, estimator__max_depth=9, estimator__max_iter=100, estimator__max_leaf_nodes=27; total time=   0.0s
[CV] END estimator__learning_rate=0.22, estimator__max_depth=12, estimator__max_iter=100, estimator__max_leaf_nodes=24; total time=   0.0s
[CV] END estimator__learning_rate=0.22, estimator__max_depth=13, estimator__max_iter=100, estimator__max_leaf_nodes=25; total time=   0.0s
[CV] END estimator__learning_rate=0.18, estimator__max_depth=9, estimator__max_iter=100, estimator__max_leaf_nodes=26; total time=   0.0s
[CV] END estimator__learning_rate=0.18, estimator__max_depth=10, estimator__max_iter=100, estimator__max_leaf_nodes=27; total time=   0.0s
[CV] END estimator__learning_rate=0.18, estimator__max_depth=10, estimator__max_iter=100, estimator__max_leaf_nodes=28; total time=   0.0s
[CV] END estimator__learning_rate=0.18, estimator__max_depth=11, estimator__max_iter=100, estimator__max_leaf_nodes=25; total time=   0.0s
[CV] END estimator__learning_rate=0.18, estimator__max_depth=11, estimator__max_iter=100, estimator__max_leaf_nodes=27; total time=   0.0s
[CV] END estimator__learning_rate=0.18, estimator__max_depth=12, estimator__max_iter=100, estimator__max_leaf_nodes=24; total time=   0.0s
[CV] END estimator__learning_rate=0.18, estimator__max_depth=12, estimator__max_iter=100, estimator__max_leaf_nodes=26; total time=   0.0s
[CV] END estimator__learning_rate=0.18, estimator__max_depth=13, estimator__max_iter=100, estimator__max_leaf_nodes=24; total time=   0.0s
[CV] END estimator__learning_rate=0.18, estimator__max_depth=13, estimator__max_iter=100, estimator__max_leaf_nodes=27; total time=   0.0s
[CV] END estimator__learning_rate=0.19, estimator__max_depth=9, estimator__max_iter=100, estimator__max_leaf_nodes=25; total time=   0.0s
[CV] END estimator__learning_rate=0.19, estimator__max_depth=10, estimator__max_iter=100, estimator__max_leaf_nodes=24; total time=   0.0s
[CV] END estimator__learning_rate=0.19, estimator__max_depth=10, estimator__max_iter=100, estimator__max_leaf_nodes=28; total time=   0.0s
[CV] END estimator__learning_rate=0.19, estimator__max_depth=12, estimator__max_iter=100, estimator__max_leaf_nodes=24; total time=   0.0s
[CV] END estimator__learning_rate=0.19, estimator__max_depth=13, estimator__max_iter=100, estimator__max_leaf_nodes=25; total time=   0.0s
[CV] END estimator__learning_rate=0.2, estimator__max_depth=9, estimator__max_iter=100, estimator__max_leaf_nodes=26; total time=   0.0s
[CV] END estimator__learning_rate=0.2, estimator__max_depth=10, estimator__max_iter=100, estimator__max_leaf_nodes=28; total time=   0.0s
[CV] END estimator__learning_rate=0.2, estimator__max_depth=12, estimator__max_iter=100, estimator__max_leaf_nodes=24; total time=   0.0s
[CV] END estimator__learning_rate=0.2, estimator__max_depth=13, estimator__max_iter=100, estimator__max_leaf_nodes=26; total time=   0.0s
[CV] END estimator__learning_rate=0.21, estimator__max_depth=9, estimator__max_iter=100, estimator__max_leaf_nodes=27; total time=   0.0s
[CV] END estimator__learning_rate=0.21, estimator__max_depth=9, estimator__max_iter=100, estimator__max_leaf_nodes=27; total time=   0.0s
[CV] END estimator__learning_rate=0.21, estimator__max_depth=12, estimator__max_iter=100, estimator__max_leaf_nodes=26; total time=   0.0s
[CV] END estimator__learning_rate=0.21, estimator__max_depth=12, estimator__max_iter=100, estimator__max_leaf_nodes=26; total time=   0.0s
[CV] END estimator__learning_rate=0.22, estimator__max_depth=9, estimator__max_iter=100, estimator__max_leaf_nodes=28; total time=   0.0s
[CV] END estimator__learning_rate=0.22, estimator__max_depth=10, estimator__max_iter=100, estimator__max_leaf_nodes=24; total time=   0.0s
[CV] END estimator__learning_rate=0.22, estimator__max_depth=12, estimator__max_iter=100, estimator__max_leaf_nodes=25; total time=   0.0s
[CV] END estimator__learning_rate=0.22, estimator__max_depth=13, estimator__max_iter=100, estimator__max_leaf_nodes=26; total time=   0.0s
[CV] END estimator__learning_rate=0.18, estimator__max_depth=9, estimator__max_iter=100, estimator__max_leaf_nodes=24; total time=   0.0s
[CV] END estimator__learning_rate=0.18, estimator__max_depth=10, estimator__max_iter=100, estimator__max_leaf_nodes=25; total time=   0.0s
[CV] END estimator__learning_rate=0.18, estimator__max_depth=10, estimator__max_iter=100, estimator__max_leaf_nodes=25; total time=   0.0s
[CV] END estimator__learning_rate=0.18, estimator__max_depth=10, estimator__max_iter=100, estimator__max_leaf_nodes=26; total time=   0.0s
[CV] END estimator__learning_rate=0.18, estimator__max_depth=10, estimator__max_iter=100, estimator__max_leaf_nodes=26; total time=   0.0s
[CV] END estimator__learning_rate=0.18, estimator__max_depth=10, estimator__max_iter=100, estimator__max_leaf_nodes=28; total time=   0.0s
[CV] END estimator__learning_rate=0.18, estimator__max_depth=11, estimator__max_iter=100, estimator__max_leaf_nodes=24; total time=   0.0s
[CV] END estimator__learning_rate=0.18, estimator__max_depth=11, estimator__max_iter=100, estimator__max_leaf_nodes=26; total time=   0.0s
[CV] END estimator__learning_rate=0.18, estimator__max_depth=11, estimator__max_iter=100, estimator__max_leaf_nodes=28; total time=   0.0s
[CV] END estimator__learning_rate=0.18, estimator__max_depth=12, estimator__max_iter=100, estimator__max_leaf_nodes=25; total time=   0.0s
[CV] END estimator__learning_rate=0.18, estimator__max_depth=12, estimator__max_iter=100, estimator__max_leaf_nodes=28; total time=   0.0s
[CV] END estimator__learning_rate=0.18, estimator__max_depth=13, estimator__max_iter=100, estimator__max_leaf_nodes=26; total time=   0.0s
[CV] END estimator__learning_rate=0.19, estimator__max_depth=9, estimator__max_iter=100, estimator__max_leaf_nodes=24; total time=   0.0s
[CV] END estimator__learning_rate=0.19, estimator__max_depth=9, estimator__max_iter=100, estimator__max_leaf_nodes=27; total time=   0.0s
[CV] END estimator__learning_rate=0.19, estimator__max_depth=10, estimator__max_iter=100, estimator__max_leaf_nodes=26; total time=   0.0s
[CV] END estimator__learning_rate=0.19, estimator__max_depth=11, estimator__max_iter=100, estimator__max_leaf_nodes=25; total time=   0.0s
[CV] END estimator__learning_rate=0.19, estimator__max_depth=12, estimator__max_iter=100, estimator__max_leaf_nodes=27; total time=   0.0s
[CV] END estimator__learning_rate=0.2, estimator__max_depth=9, estimator__max_iter=100, estimator__max_leaf_nodes=24; total time=   0.0s
[CV] END estimator__learning_rate=0.2, estimator__max_depth=10, estimator__max_iter=100, estimator__max_leaf_nodes=24; total time=   0.0s
[CV] END estimator__learning_rate=0.2, estimator__max_depth=11, estimator__max_iter=100, estimator__max_leaf_nodes=26; total time=   0.0s
[CV] END estimator__learning_rate=0.2, estimator__max_depth=12, estimator__max_iter=100, estimator__max_leaf_nodes=28; total time=   0.0s
[CV] END estimator__learning_rate=0.21, estimator__max_depth=9, estimator__max_iter=100, estimator__max_leaf_nodes=25; total time=   0.0s
[CV] END estimator__learning_rate=0.21, estimator__max_depth=11, estimator__max_iter=100, estimator__max_leaf_nodes=26; total time=   0.0s
[CV] END estimator__learning_rate=0.21, estimator__max_depth=11, estimator__max_iter=100, estimator__max_leaf_nodes=26; total time=   0.0s
[CV] END estimator__learning_rate=0.21, estimator__max_depth=13, estimator__max_iter=100, estimator__max_leaf_nodes=28; total time=   0.0s
[CV] END estimator__learning_rate=0.21, estimator__max_depth=13, estimator__max_iter=100, estimator__max_leaf_nodes=28; total time=   0.0s
[CV] END estimator__learning_rate=0.22, estimator__max_depth=11, estimator__max_iter=100, estimator__max_leaf_nodes=28; total time=   0.0s
[CV] END estimator__learning_rate=0.22, estimator__max_depth=12, estimator__max_iter=100, estimator__max_leaf_nodes=24; total time=   0.0s
[CV] END estimator__learning_rate=0.22, estimator__max_depth=13, estimator__max_iter=100, estimator__max_leaf_nodes=26; total time=   0.0s
[CV] END estimator__learning_rate=0.18, estimator__max_depth=10, estimator__max_iter=100, estimator__max_leaf_nodes=24; total time=   0.0s
[CV] END estimator__learning_rate=0.19, estimator__max_depth=11, estimator__max_iter=100, estimator__max_leaf_nodes=26; total time=   0.0s
[CV] END estimator__learning_rate=0.19, estimator__max_depth=12, estimator__max_iter=100, estimator__max_leaf_nodes=27; total time=   0.0s
[CV] END estimator__learning_rate=0.2, estimator__max_depth=9, estimator__max_iter=100, estimator__max_leaf_nodes=24; total time=   0.0s
[CV] END estimator__learning_rate=0.2, estimator__max_depth=10, estimator__max_iter=100, estimator__max_leaf_nodes=25; total time=   0.0s
[CV] END estimator__learning_rate=0.2, estimator__max_depth=11, estimator__max_iter=100, estimator__max_leaf_nodes=26; total time=   0.0s
[CV] END estimator__learning_rate=0.2, estimator__max_depth=12, estimator__max_iter=100, estimator__max_leaf_nodes=27; total time=   0.0s
[CV] END estimator__learning_rate=0.21, estimator__max_depth=9, estimator__max_iter=100, estimator__max_leaf_nodes=24; total time=   0.0s
[CV] END estimator__learning_rate=0.21, estimator__max_depth=11, estimator__max_iter=100, estimator__max_leaf_nodes=25; total time=   0.0s
[CV] END estimator__learning_rate=0.21, estimator__max_depth=11, estimator__max_iter=100, estimator__max_leaf_nodes=26; total time=   0.0s
[CV] END estimator__learning_rate=0.21, estimator__max_depth=13, estimator__max_iter=100, estimator__max_leaf_nodes=27; total time=   0.0s
[CV] END estimator__learning_rate=0.21, estimator__max_depth=13, estimator__max_iter=100, estimator__max_leaf_nodes=27; total time=   0.0s
[CV] END estimator__learning_rate=0.22, estimator__max_depth=11, estimator__max_iter=100, estimator__max_leaf_nodes=26; total time=   0.0s
[CV] END estimator__learning_rate=0.22, estimator__max_depth=11, estimator__max_iter=100, estimator__max_leaf_nodes=26; total time=   0.0s
[CV] END estimator__learning_rate=0.22, estimator__max_depth=13, estimator__max_iter=100, estimator__max_leaf_nodes=26; total time=   0.0s
[CV] END estimator__learning_rate=0.18, estimator__max_depth=10, estimator__max_iter=100, estimator__max_leaf_nodes=25; total time=   0.0s
[CV] END estimator__learning_rate=0.19, estimator__max_depth=11, estimator__max_iter=100, estimator__max_leaf_nodes=28; total time=   0.0s
[CV] END estimator__learning_rate=0.19, estimator__max_depth=13, estimator__max_iter=100, estimator__max_leaf_nodes=25; total time=   0.0s
[CV] END estimator__learning_rate=0.2, estimator__max_depth=9, estimator__max_iter=100, estimator__max_leaf_nodes=26; total time=   0.0s
[CV] END estimator__learning_rate=0.2, estimator__max_depth=10, estimator__max_iter=100, estimator__max_leaf_nodes=27; total time=   0.0s
[CV] END estimator__learning_rate=0.2, estimator__max_depth=11, estimator__max_iter=100, estimator__max_leaf_nodes=28; total time=   0.0s
[CV] END estimator__learning_rate=0.2, estimator__max_depth=13, estimator__max_iter=100, estimator__max_leaf_nodes=24; total time=   0.0s
[CV] END estimator__learning_rate=0.21, estimator__max_depth=9, estimator__max_iter=100, estimator__max_leaf_nodes=27; total time=   0.0s
[CV] END estimator__learning_rate=0.21, estimator__max_depth=9, estimator__max_iter=100, estimator__max_leaf_nodes=28; total time=   0.0s
[CV] END estimator__learning_rate=0.21, estimator__max_depth=12, estimator__max_iter=100, estimator__max_leaf_nodes=24; total time=   0.0s
[CV] END estimator__learning_rate=0.21, estimator__max_depth=12, estimator__max_iter=100, estimator__max_leaf_nodes=24; total time=   0.0s
[CV] END estimator__learning_rate=0.22, estimator__max_depth=9, estimator__max_iter=100, estimator__max_leaf_nodes=28; total time=   0.0s
[CV] END estimator__learning_rate=0.22, estimator__max_depth=9, estimator__max_iter=100, estimator__max_leaf_nodes=28; total time=   0.0s
[CV] END estimator__learning_rate=0.22, estimator__max_depth=12, estimator__max_iter=100, estimator__max_leaf_nodes=25; total time=   0.0s
[CV] END estimator__learning_rate=0.22, estimator__max_depth=13, estimator__max_iter=100, estimator__max_leaf_nodes=26; total time=   0.0s
[CV] END estimator__learning_rate=0.18, estimator__max_depth=9, estimator__max_iter=100, estimator__max_leaf_nodes=25; total time=   0.0s
[CV] END estimator__learning_rate=0.18, estimator__max_depth=11, estimator__max_iter=100, estimator__max_leaf_nodes=25; total time=   0.0s
[CV] END estimator__learning_rate=0.18, estimator__max_depth=11, estimator__max_iter=100, estimator__max_leaf_nodes=27; total time=   0.0s
[CV] END estimator__learning_rate=0.18, estimator__max_depth=12, estimator__max_iter=100, estimator__max_leaf_nodes=24; total time=   0.0s
[CV] END estimator__learning_rate=0.18, estimator__max_depth=12, estimator__max_iter=100, estimator__max_leaf_nodes=27; total time=   0.0s
[CV] END estimator__learning_rate=0.18, estimator__max_depth=13, estimator__max_iter=100, estimator__max_leaf_nodes=24; total time=   0.0s
[CV] END estimator__learning_rate=0.18, estimator__max_depth=13, estimator__max_iter=100, estimator__max_leaf_nodes=27; total time=   0.0s
[CV] END estimator__learning_rate=0.19, estimator__max_depth=9, estimator__max_iter=100, estimator__max_leaf_nodes=26; total time=   0.0s
[CV] END estimator__learning_rate=0.19, estimator__max_depth=10, estimator__max_iter=100, estimator__max_leaf_nodes=24; total time=   0.0s
[CV] END estimator__learning_rate=0.19, estimator__max_depth=10, estimator__max_iter=100, estimator__max_leaf_nodes=28; total time=   0.0s
[CV] END estimator__learning_rate=0.19, estimator__max_depth=12, estimator__max_iter=100, estimator__max_leaf_nodes=24; total time=   0.0s
[CV] END estimator__learning_rate=0.19, estimator__max_depth=13, estimator__max_iter=100, estimator__max_leaf_nodes=25; total time=   0.0s
[CV] END estimator__learning_rate=0.2, estimator__max_depth=9, estimator__max_iter=100, estimator__max_leaf_nodes=27; total time=   0.0s
[CV] END estimator__learning_rate=0.2, estimator__max_depth=10, estimator__max_iter=100, estimator__max_leaf_nodes=28; total time=   0.0s
[CV] END estimator__learning_rate=0.2, estimator__max_depth=12, estimator__max_iter=100, estimator__max_leaf_nodes=24; total time=   0.0s
[CV] END estimator__learning_rate=0.2, estimator__max_depth=13, estimator__max_iter=100, estimator__max_leaf_nodes=25; total time=   0.0s
[CV] END estimator__learning_rate=0.21, estimator__max_depth=9, estimator__max_iter=100, estimator__max_leaf_nodes=28; total time=   0.0s
[CV] END estimator__learning_rate=0.21, estimator__max_depth=9, estimator__max_iter=100, estimator__max_leaf_nodes=28; total time=   0.0s
[CV] END estimator__learning_rate=0.21, estimator__max_depth=12, estimator__max_iter=100, estimator__max_leaf_nodes=26; total time=   0.0s
[CV] END estimator__learning_rate=0.21, estimator__max_depth=12, estimator__max_iter=100, estimator__max_leaf_nodes=26; total time=   0.0s
[CV] END estimator__learning_rate=0.22, estimator__max_depth=10, estimator__max_iter=100, estimator__max_leaf_nodes=24; total time=   0.0s
[CV] END estimator__learning_rate=0.22, estimator__max_depth=10, estimator__max_iter=100, estimator__max_leaf_nodes=24; total time=   0.0s
[CV] END estimator__learning_rate=0.22, estimator__max_depth=12, estimator__max_iter=100, estimator__max_leaf_nodes=25; total time=   0.0s
[CV] END estimator__learning_rate=0.22, estimator__max_depth=13, estimator__max_iter=100, estimator__max_leaf_nodes=27; total time=   0.0s
[CV] END estimator__learning_rate=0.18, estimator__max_depth=9, estimator__max_iter=100, estimator__max_leaf_nodes=28; total time=   0.0s
[CV] END estimator__learning_rate=0.19, estimator__max_depth=12, estimator__max_iter=100, estimator__max_leaf_nodes=24; total time=   0.0s
[CV] END estimator__learning_rate=0.19, estimator__max_depth=13, estimator__max_iter=100, estimator__max_leaf_nodes=26; total time=   0.0s
[CV] END estimator__learning_rate=0.2, estimator__max_depth=9, estimator__max_iter=100, estimator__max_leaf_nodes=27; total time=   0.0s
[CV] END estimator__learning_rate=0.2, estimator__max_depth=11, estimator__max_iter=100, estimator__max_leaf_nodes=24; total time=   0.0s
[CV] END estimator__learning_rate=0.2, estimator__max_depth=12, estimator__max_iter=100, estimator__max_leaf_nodes=25; total time=   0.0s
[CV] END estimator__learning_rate=0.2, estimator__max_depth=13, estimator__max_iter=100, estimator__max_leaf_nodes=26; total time=   0.0s
[CV] END estimator__learning_rate=0.21, estimator__max_depth=10, estimator__max_iter=100, estimator__max_leaf_nodes=25; total time=   0.0s
[CV] END estimator__learning_rate=0.21, estimator__max_depth=10, estimator__max_iter=100, estimator__max_leaf_nodes=25; total time=   0.0s
[CV] END estimator__learning_rate=0.21, estimator__max_depth=12, estimator__max_iter=100, estimator__max_leaf_nodes=28; total time=   0.0s
[CV] END estimator__learning_rate=0.21, estimator__max_depth=12, estimator__max_iter=100, estimator__max_leaf_nodes=28; total time=   0.0s
[CV] END estimator__learning_rate=0.22, estimator__max_depth=10, estimator__max_iter=100, estimator__max_leaf_nodes=25; total time=   0.0s
[CV] END estimator__learning_rate=0.22, estimator__max_depth=10, estimator__max_iter=100, estimator__max_leaf_nodes=25; total time=   0.0s
[CV] END estimator__learning_rate=0.22, estimator__max_depth=12, estimator__max_iter=100, estimator__max_leaf_nodes=26; total time=   0.0s
[CV] END estimator__learning_rate=0.22, estimator__max_depth=13, estimator__max_iter=100, estimator__max_leaf_nodes=27; total time=   0.0s
[CV] END estimator__learning_rate=0.18, estimator__max_depth=9, estimator__max_iter=100, estimator__max_leaf_nodes=26; total time=   0.0s
[CV] END estimator__learning_rate=0.18, estimator__max_depth=12, estimator__max_iter=100, estimator__max_leaf_nodes=24; total time=   0.0s
[CV] END estimator__learning_rate=0.18, estimator__max_depth=12, estimator__max_iter=100, estimator__max_leaf_nodes=27; total time=   0.0s
[CV] END estimator__learning_rate=0.18, estimator__max_depth=13, estimator__max_iter=100, estimator__max_leaf_nodes=25; total time=   0.0s
[CV] END estimator__learning_rate=0.18, estimator__max_depth=13, estimator__max_iter=100, estimator__max_leaf_nodes=28; total time=   0.0s
[CV] END estimator__learning_rate=0.19, estimator__max_depth=9, estimator__max_iter=100, estimator__max_leaf_nodes=27; total time=   0.0s
[CV] END estimator__learning_rate=0.19, estimator__max_depth=10, estimator__max_iter=100, estimator__max_leaf_nodes=25; total time=   0.0s
[CV] END estimator__learning_rate=0.19, estimator__max_depth=11, estimator__max_iter=100, estimator__max_leaf_nodes=25; total time=   0.0s
[CV] END estimator__learning_rate=0.19, estimator__max_depth=12, estimator__max_iter=100, estimator__max_leaf_nodes=26; total time=   0.0s
[CV] END estimator__learning_rate=0.19, estimator__max_depth=13, estimator__max_iter=100, estimator__max_leaf_nodes=27; total time=   0.0s
[CV] END estimator__learning_rate=0.2, estimator__max_depth=9, estimator__max_iter=100, estimator__max_leaf_nodes=28; total time=   0.0s
[CV] END estimator__learning_rate=0.2, estimator__max_depth=11, estimator__max_iter=100, estimator__max_leaf_nodes=25; total time=   0.0s
[CV] END estimator__learning_rate=0.2, estimator__max_depth=12, estimator__max_iter=100, estimator__max_leaf_nodes=25; total time=   0.0s
[CV] END estimator__learning_rate=0.2, estimator__max_depth=13, estimator__max_iter=100, estimator__max_leaf_nodes=27; total time=   0.0s
[CV] END estimator__learning_rate=0.21, estimator__max_depth=10, estimator__max_iter=100, estimator__max_leaf_nodes=26; total time=   0.0s
[CV] END estimator__learning_rate=0.21, estimator__max_depth=10, estimator__max_iter=100, estimator__max_leaf_nodes=26; total time=   0.0s
[CV] END estimator__learning_rate=0.21, estimator__max_depth=12, estimator__max_iter=100, estimator__max_leaf_nodes=28; total time=   0.0s
[CV] END estimator__learning_rate=0.21, estimator__max_depth=12, estimator__max_iter=100, estimator__max_leaf_nodes=28; total time=   0.0s
[CV] END estimator__learning_rate=0.22, estimator__max_depth=10, estimator__max_iter=100, estimator__max_leaf_nodes=25; total time=   0.0s
[CV] END estimator__learning_rate=0.22, estimator__max_depth=10, estimator__max_iter=100, estimator__max_leaf_nodes=26; total time=   0.0s
[CV] END estimator__learning_rate=0.22, estimator__max_depth=12, estimator__max_iter=100, estimator__max_leaf_nodes=26; total time=   0.0s
[CV] END estimator__learning_rate=0.22, estimator__max_depth=13, estimator__max_iter=100, estimator__max_leaf_nodes=27; total time=   0.0s
[CV] END estimator__learning_rate=0.18, estimator__max_depth=9, estimator__max_iter=100, estimator__max_leaf_nodes=25; total time=   0.0s
[CV] END estimator__learning_rate=0.18, estimator__max_depth=12, estimator__max_iter=100, estimator__max_leaf_nodes=24; total time=   0.0s
[CV] END estimator__learning_rate=0.18, estimator__max_depth=12, estimator__max_iter=100, estimator__max_leaf_nodes=26; total time=   0.0s
[CV] END estimator__learning_rate=0.18, estimator__max_depth=13, estimator__max_iter=100, estimator__max_leaf_nodes=24; total time=   0.0s
[CV] END estimator__learning_rate=0.18, estimator__max_depth=13, estimator__max_iter=100, estimator__max_leaf_nodes=27; total time=   0.0s
[CV] END estimator__learning_rate=0.19, estimator__max_depth=9, estimator__max_iter=100, estimator__max_leaf_nodes=25; total time=   0.0s
[CV] END estimator__learning_rate=0.19, estimator__max_depth=10, estimator__max_iter=100, estimator__max_leaf_nodes=24; total time=   0.0s
[CV] END estimator__learning_rate=0.19, estimator__max_depth=10, estimator__max_iter=100, estimator__max_leaf_nodes=28; total time=   0.0s
[CV] END estimator__learning_rate=0.19, estimator__max_depth=12, estimator__max_iter=100, estimator__max_leaf_nodes=25; total time=   0.0s
[CV] END estimator__learning_rate=0.19, estimator__max_depth=13, estimator__max_iter=100, estimator__max_leaf_nodes=26; total time=   0.0s
[CV] END estimator__learning_rate=0.2, estimator__max_depth=9, estimator__max_iter=100, estimator__max_leaf_nodes=27; total time=   0.0s
[CV] END estimator__learning_rate=0.2, estimator__max_depth=10, estimator__max_iter=100, estimator__max_leaf_nodes=28; total time=   0.0s
[CV] END estimator__learning_rate=0.2, estimator__max_depth=12, estimator__max_iter=100, estimator__max_leaf_nodes=25; total time=   0.0s
[CV] END estimator__learning_rate=0.2, estimator__max_depth=13, estimator__max_iter=100, estimator__max_leaf_nodes=26; total time=   0.0s
[CV] END estimator__learning_rate=0.21, estimator__max_depth=10, estimator__max_iter=100, estimator__max_leaf_nodes=24; total time=   0.0s
[CV] END estimator__learning_rate=0.21, estimator__max_depth=10, estimator__max_iter=100, estimator__max_leaf_nodes=25; total time=   0.0s
[CV] END estimator__learning_rate=0.21, estimator__max_depth=12, estimator__max_iter=100, estimator__max_leaf_nodes=26; total time=   0.0s
[CV] END estimator__learning_rate=0.21, estimator__max_depth=12, estimator__max_iter=100, estimator__max_leaf_nodes=27; total time=   0.0s
[CV] END estimator__learning_rate=0.22, estimator__max_depth=10, estimator__max_iter=100, estimator__max_leaf_nodes=24; total time=   0.0s
[CV] END estimator__learning_rate=0.22, estimator__max_depth=10, estimator__max_iter=100, estimator__max_leaf_nodes=24; total time=   0.0s
[CV] END estimator__learning_rate=0.22, estimator__max_depth=12, estimator__max_iter=100, estimator__max_leaf_nodes=25; total time=   0.0s
[CV] END estimator__learning_rate=0.22, estimator__max_depth=13, estimator__max_iter=100, estimator__max_leaf_nodes=27; total time=   0.0s
[CV] END estimator__learning_rate=0.18, estimator__max_depth=9, estimator__max_iter=100, estimator__max_leaf_nodes=27; total time=   0.0s
[CV] END estimator__learning_rate=0.18, estimator__max_depth=11, estimator__max_iter=100, estimator__max_leaf_nodes=27; total time=   0.0s
[CV] END estimator__learning_rate=0.18, estimator__max_depth=12, estimator__max_iter=100, estimator__max_leaf_nodes=24; total time=   0.0s
[CV] END estimator__learning_rate=0.18, estimator__max_depth=12, estimator__max_iter=100, estimator__max_leaf_nodes=26; total time=   0.0s
[CV] END estimator__learning_rate=0.18, estimator__max_depth=13, estimator__max_iter=100, estimator__max_leaf_nodes=24; total time=   0.0s
[CV] END estimator__learning_rate=0.18, estimator__max_depth=13, estimator__max_iter=100, estimator__max_leaf_nodes=26; total time=   0.0s
[CV] END estimator__learning_rate=0.19, estimator__max_depth=9, estimator__max_iter=100, estimator__max_leaf_nodes=25; total time=   0.0s
[CV] END estimator__learning_rate=0.19, estimator__max_depth=10, estimator__max_iter=100, estimator__max_leaf_nodes=24; total time=   0.0s
[CV] END estimator__learning_rate=0.19, estimator__max_depth=10, estimator__max_iter=100, estimator__max_leaf_nodes=28; total time=   0.0s
[CV] END estimator__learning_rate=0.19, estimator__max_depth=11, estimator__max_iter=100, estimator__max_leaf_nodes=28; total time=   0.0s
[CV] END estimator__learning_rate=0.19, estimator__max_depth=13, estimator__max_iter=100, estimator__max_leaf_nodes=25; total time=   0.0s
[CV] END estimator__learning_rate=0.2, estimator__max_depth=9, estimator__max_iter=100, estimator__max_leaf_nodes=26; total time=   0.0s
[CV] END estimator__learning_rate=0.2, estimator__max_depth=10, estimator__max_iter=100, estimator__max_leaf_nodes=28; total time=   0.0s
[CV] END estimator__learning_rate=0.2, estimator__max_depth=12, estimator__max_iter=100, estimator__max_leaf_nodes=24; total time=   0.0s
[CV] END estimator__learning_rate=0.2, estimator__max_depth=13, estimator__max_iter=100, estimator__max_leaf_nodes=26; total time=   0.0s
[CV] END estimator__learning_rate=0.21, estimator__max_depth=10, estimator__max_iter=100, estimator__max_leaf_nodes=24; total time=   0.0s
[CV] END estimator__learning_rate=0.21, estimator__max_depth=10, estimator__max_iter=100, estimator__max_leaf_nodes=24; total time=   0.0s
[CV] END estimator__learning_rate=0.21, estimator__max_depth=12, estimator__max_iter=100, estimator__max_leaf_nodes=27; total time=   0.0s
[CV] END estimator__learning_rate=0.21, estimator__max_depth=12, estimator__max_iter=100, estimator__max_leaf_nodes=27; total time=   0.0s
[CV] END estimator__learning_rate=0.22, estimator__max_depth=10, estimator__max_iter=100, estimator__max_leaf_nodes=26; total time=   0.0s
[CV] END estimator__learning_rate=0.22, estimator__max_depth=10, estimator__max_iter=100, estimator__max_leaf_nodes=26; total time=   0.0s
[CV] END estimator__learning_rate=0.22, estimator__max_depth=12, estimator__max_iter=100, estimator__max_leaf_nodes=26; total time=   0.0s
[CV] END estimator__learning_rate=0.22, estimator__max_depth=13, estimator__max_iter=100, estimator__max_leaf_nodes=27; total time=   0.0s
[CV] END estimator__learning_rate=0.18, estimator__max_depth=9, estimator__max_iter=100, estimator__max_leaf_nodes=26; total time=   0.0s
[CV] END estimator__learning_rate=0.19, estimator__max_depth=9, estimator__max_iter=100, estimator__max_leaf_nodes=24; total time=   0.0s
[CV] END estimator__learning_rate=0.19, estimator__max_depth=9, estimator__max_iter=100, estimator__max_leaf_nodes=28; total time=   0.0s
[CV] END estimator__learning_rate=0.19, estimator__max_depth=10, estimator__max_iter=100, estimator__max_leaf_nodes=27; total time=   0.0s
[CV] END estimator__learning_rate=0.19, estimator__max_depth=11, estimator__max_iter=100, estimator__max_leaf_nodes=28; total time=   0.0s
[CV] END estimator__learning_rate=0.19, estimator__max_depth=13, estimator__max_iter=100, estimator__max_leaf_nodes=24; total time=   0.0s
[CV] END estimator__learning_rate=0.2, estimator__max_depth=9, estimator__max_iter=100, estimator__max_leaf_nodes=26; total time=   0.0s
[CV] END estimator__learning_rate=0.2, estimator__max_depth=10, estimator__max_iter=100, estimator__max_leaf_nodes=27; total time=   0.0s
[CV] END estimator__learning_rate=0.2, estimator__max_depth=12, estimator__max_iter=100, estimator__max_leaf_nodes=24; total time=   0.0s
[CV] END estimator__learning_rate=0.2, estimator__max_depth=13, estimator__max_iter=100, estimator__max_leaf_nodes=25; total time=   0.0s
[CV] END estimator__learning_rate=0.21, estimator__max_depth=10, estimator__max_iter=100, estimator__max_leaf_nodes=24; total time=   0.0s
[CV] END estimator__learning_rate=0.21, estimator__max_depth=10, estimator__max_iter=100, estimator__max_leaf_nodes=24; total time=   0.0s
[CV] END estimator__learning_rate=0.21, estimator__max_depth=12, estimator__max_iter=100, estimator__max_leaf_nodes=27; total time=   0.0s
[CV] END estimator__learning_rate=0.21, estimator__max_depth=12, estimator__max_iter=100, estimator__max_leaf_nodes=27; total time=   0.0s
[CV] END estimator__learning_rate=0.22, estimator__max_depth=10, estimator__max_iter=100, estimator__max_leaf_nodes=25; total time=   0.0s
[CV] END estimator__learning_rate=0.22, estimator__max_depth=10, estimator__max_iter=100, estimator__max_leaf_nodes=25; total time=   0.0s
[CV] END estimator__learning_rate=0.22, estimator__max_depth=12, estimator__max_iter=100, estimator__max_leaf_nodes=26; total time=   0.0s
[CV] END estimator__learning_rate=0.22, estimator__max_depth=13, estimator__max_iter=100, estimator__max_leaf_nodes=28; total time=   0.0s
[CV] END estimator__learning_rate=0.18, estimator__max_depth=9, estimator__max_iter=100, estimator__max_leaf_nodes=27; total time=   0.0s
[CV] END estimator__learning_rate=0.19, estimator__max_depth=11, estimator__max_iter=100, estimator__max_leaf_nodes=24; total time=   0.0s
[CV] END estimator__learning_rate=0.19, estimator__max_depth=12, estimator__max_iter=100, estimator__max_leaf_nodes=26; total time=   0.0s
[CV] END estimator__learning_rate=0.19, estimator__max_depth=13, estimator__max_iter=100, estimator__max_leaf_nodes=27; total time=   0.0s
[CV] END estimator__learning_rate=0.2, estimator__max_depth=10, estimator__max_iter=100, estimator__max_leaf_nodes=24; total time=   0.0s
[CV] END estimator__learning_rate=0.2, estimator__max_depth=11, estimator__max_iter=100, estimator__max_leaf_nodes=26; total time=   0.0s
[CV] END estimator__learning_rate=0.2, estimator__max_depth=12, estimator__max_iter=100, estimator__max_leaf_nodes=27; total time=   0.0s
[CV] END estimator__learning_rate=0.2, estimator__max_depth=13, estimator__max_iter=100, estimator__max_leaf_nodes=28; total time=   0.0s
[CV] END estimator__learning_rate=0.21, estimator__max_depth=10, estimator__max_iter=100, estimator__max_leaf_nodes=28; total time=   0.0s
[CV] END estimator__learning_rate=0.21, estimator__max_depth=11, estimator__max_iter=100, estimator__max_leaf_nodes=24; total time=   0.0s
[CV] END estimator__learning_rate=0.21, estimator__max_depth=13, estimator__max_iter=100, estimator__max_leaf_nodes=25; total time=   0.0s
[CV] END estimator__learning_rate=0.21, estimator__max_depth=13, estimator__max_iter=100, estimator__max_leaf_nodes=26; total time=   0.0s
[CV] END estimator__learning_rate=0.22, estimator__max_depth=10, estimator__max_iter=100, estimator__max_leaf_nodes=28; total time=   0.0s
[CV] END estimator__learning_rate=0.22, estimator__max_depth=10, estimator__max_iter=100, estimator__max_leaf_nodes=28; total time=   0.0s
[CV] END estimator__learning_rate=0.22, estimator__max_depth=12, estimator__max_iter=100, estimator__max_leaf_nodes=27; total time=   0.0s
[CV] END estimator__learning_rate=0.22, estimator__max_depth=13, estimator__max_iter=100, estimator__max_leaf_nodes=28; total time=   0.0s
[CV] END estimator__learning_rate=0.18, estimator__max_depth=10, estimator__max_iter=100, estimator__max_leaf_nodes=24; total time=   0.0s
[CV] END estimator__learning_rate=0.19, estimator__max_depth=11, estimator__max_iter=100, estimator__max_leaf_nodes=26; total time=   0.0s
[CV] END estimator__learning_rate=0.19, estimator__max_depth=12, estimator__max_iter=100, estimator__max_leaf_nodes=28; total time=   0.0s
[CV] END estimator__learning_rate=0.2, estimator__max_depth=9, estimator__max_iter=100, estimator__max_leaf_nodes=24; total time=   0.0s
[CV] END estimator__learning_rate=0.2, estimator__max_depth=10, estimator__max_iter=100, estimator__max_leaf_nodes=24; total time=   0.0s
[CV] END estimator__learning_rate=0.2, estimator__max_depth=11, estimator__max_iter=100, estimator__max_leaf_nodes=25; total time=   0.0s
[CV] END estimator__learning_rate=0.2, estimator__max_depth=12, estimator__max_iter=100, estimator__max_leaf_nodes=26; total time=   0.0s
[CV] END estimator__learning_rate=0.2, estimator__max_depth=13, estimator__max_iter=100, estimator__max_leaf_nodes=28; total time=   0.0s
[CV] END estimator__learning_rate=0.21, estimator__max_depth=10, estimator__max_iter=100, estimator__max_leaf_nodes=28; total time=   0.0s
[CV] END estimator__learning_rate=0.21, estimator__max_depth=10, estimator__max_iter=100, estimator__max_leaf_nodes=28; total time=   0.0s
[CV] END estimator__learning_rate=0.21, estimator__max_depth=13, estimator__max_iter=100, estimator__max_leaf_nodes=25; total time=   0.0s
[CV] END estimator__learning_rate=0.21, estimator__max_depth=13, estimator__max_iter=100, estimator__max_leaf_nodes=25; total time=   0.0s
[CV] END estimator__learning_rate=0.22, estimator__max_depth=10, estimator__max_iter=100, estimator__max_leaf_nodes=27; total time=   0.0s
[CV] END estimator__learning_rate=0.22, estimator__max_depth=10, estimator__max_iter=100, estimator__max_leaf_nodes=27; total time=   0.0s
[CV] END estimator__learning_rate=0.22, estimator__max_depth=12, estimator__max_iter=100, estimator__max_leaf_nodes=26; total time=   0.0s
[CV] END estimator__learning_rate=0.22, estimator__max_depth=13, estimator__max_iter=100, estimator__max_leaf_nodes=28; total time=   0.0s
[CV] END estimator__learning_rate=0.18, estimator__max_depth=10, estimator__max_iter=100, estimator__max_leaf_nodes=24; total time=   0.0s
[CV] END estimator__learning_rate=0.19, estimator__max_depth=12, estimator__max_iter=100, estimator__max_leaf_nodes=24; total time=   0.0s
[CV] END estimator__learning_rate=0.19, estimator__max_depth=13, estimator__max_iter=100, estimator__max_leaf_nodes=26; total time=   0.0s
[CV] END estimator__learning_rate=0.2, estimator__max_depth=9, estimator__max_iter=100, estimator__max_leaf_nodes=27; total time=   0.0s
[CV] END estimator__learning_rate=0.2, estimator__max_depth=10, estimator__max_iter=100, estimator__max_leaf_nodes=28; total time=   0.0s
[CV] END estimator__learning_rate=0.2, estimator__max_depth=12, estimator__max_iter=100, estimator__max_leaf_nodes=25; total time=   0.0s
[CV] END estimator__learning_rate=0.2, estimator__max_depth=13, estimator__max_iter=100, estimator__max_leaf_nodes=26; total time=   0.0s
[CV] END estimator__learning_rate=0.21, estimator__max_depth=10, estimator__max_iter=100, estimator__max_leaf_nodes=25; total time=   0.0s
[CV] END estimator__learning_rate=0.21, estimator__max_depth=10, estimator__max_iter=100, estimator__max_leaf_nodes=25; total time=   0.0s
[CV] END estimator__learning_rate=0.21, estimator__max_depth=12, estimator__max_iter=100, estimator__max_leaf_nodes=28; total time=   0.0s
[CV] END estimator__learning_rate=0.21, estimator__max_depth=13, estimator__max_iter=100, estimator__max_leaf_nodes=24; total time=   0.0s
[CV] END estimator__learning_rate=0.22, estimator__max_depth=10, estimator__max_iter=100, estimator__max_leaf_nodes=26; total time=   0.0s
[CV] END estimator__learning_rate=0.22, estimator__max_depth=10, estimator__max_iter=100, estimator__max_leaf_nodes=26; total time=   0.0s
[CV] END estimator__learning_rate=0.22, estimator__max_depth=12, estimator__max_iter=100, estimator__max_leaf_nodes=27; total time=   0.0s
[CV] END estimator__learning_rate=0.22, estimator__max_depth=13, estimator__max_iter=100, estimator__max_leaf_nodes=28; total time=   0.0s
[CV] END estimator__learning_rate=0.18, estimator__max_depth=9, estimator__max_iter=100, estimator__max_leaf_nodes=28; total time=   0.0s
[CV] END estimator__learning_rate=0.19, estimator__max_depth=11, estimator__max_iter=100, estimator__max_leaf_nodes=25; total time=   0.0s
[CV] END estimator__learning_rate=0.19, estimator__max_depth=12, estimator__max_iter=100, estimator__max_leaf_nodes=26; total time=   0.0s
[CV] END estimator__learning_rate=0.19, estimator__max_depth=13, estimator__max_iter=100, estimator__max_leaf_nodes=28; total time=   0.0s
[CV] END estimator__learning_rate=0.2, estimator__max_depth=10, estimator__max_iter=100, estimator__max_leaf_nodes=24; total time=   0.0s
[CV] END estimator__learning_rate=0.2, estimator__max_depth=11, estimator__max_iter=100, estimator__max_leaf_nodes=25; total time=   0.0s
[CV] END estimator__learning_rate=0.2, estimator__max_depth=12, estimator__max_iter=100, estimator__max_leaf_nodes=27; total time=   0.0s
[CV] END estimator__learning_rate=0.2, estimator__max_depth=13, estimator__max_iter=100, estimator__max_leaf_nodes=28; total time=   0.0s
[CV] END estimator__learning_rate=0.21, estimator__max_depth=11, estimator__max_iter=100, estimator__max_leaf_nodes=27; total time=   0.0s
[CV] END estimator__learning_rate=0.21, estimator__max_depth=11, estimator__max_iter=100, estimator__max_leaf_nodes=27; total time=   0.0s
[CV] END estimator__learning_rate=0.22, estimator__max_depth=9, estimator__max_iter=100, estimator__max_leaf_nodes=24; total time=   0.0s
[CV] END estimator__learning_rate=0.22, estimator__max_depth=9, estimator__max_iter=100, estimator__max_leaf_nodes=25; total time=   0.0s
[CV] END estimator__learning_rate=0.22, estimator__max_depth=10, estimator__max_iter=100, estimator__max_leaf_nodes=27; total time=   0.0s
[CV] END estimator__learning_rate=0.22, estimator__max_depth=10, estimator__max_iter=100, estimator__max_leaf_nodes=27; total time=   0.0s
[CV] END estimator__learning_rate=0.22, estimator__max_depth=12, estimator__max_iter=100, estimator__max_leaf_nodes=27; total time=   0.0s
[CV] END estimator__learning_rate=0.22, estimator__max_depth=13, estimator__max_iter=100, estimator__max_leaf_nodes=28; total time=   0.0s
