W0417 14:32:03.210000 29720 site-packages\torch\utils\flop_counter.py:29] triton not found; flop counting will not work for triton kernels
[INFO] Loading exact-paper config | config\paper_reimplementation\rcim_ml_compensation\exact_model_bank\campaigns\2026-04-17_track1_svm_exact_faithful_final_attempt_campaign\03_track1_svr_exact_faithful_amplitude_240_repeat.yaml
[INFO] Exact-paper output directory | output/validation_checks/paper_reimplementation_rcim_exact_model_bank/2026-04-17-14-32-03__track1_svr_exact_faithful_amplitude_240_repeat_campaign_run
[INFO] Building exact-paper dataset bundle
[INFO] Exact-paper dataset ready | rows=969 targets=1 families=1 scope_mode=amplitudes_only
[INFO] Exact-paper target scope | kinds=ampl harmonics=240 preview=fft_y_Fw_filtered_ampl_240
[INFO] Exact-paper search settings | mode=paper_reference_grid_search grid_search_n_jobs=24 grid_search_verbose=2 grid_search_pre_dispatch=24 families=SVR
[INFO] Fitting family bank | SVR
[INFO] Family fit started | family=SVR estimator=SVR targets=1 threadpool_limit=1 joblib_cpu_limit=24 os_cpu_count=32
[INFO] Family target scope | family=SVR kinds=ampl harmonics=240 preview=fft_y_Fw_filtered_ampl_240
[INFO] Grid search configured | family=SVR candidates=40 parameter_count=4 n_jobs=24 verbose=2 pre_dispatch=24
W0417 14:32:09.849000 22496 site-packages\torch\utils\flop_counter.py:29] triton not found; flop counting will not work for triton kernels
W0417 14:32:09.912000 13868 site-packages\torch\utils\flop_counter.py:29] triton not found; flop counting will not work for triton kernels
W0417 14:32:10.169000 14212 site-packages\torch\utils\flop_counter.py:29] triton not found; flop counting will not work for triton kernels
W0417 14:32:10.182000 35284 site-packages\torch\utils\flop_counter.py:29] triton not found; flop counting will not work for triton kernels
W0417 14:32:10.196000 10328 site-packages\torch\utils\flop_counter.py:29] triton not found; flop counting will not work for triton kernels
W0417 14:32:10.197000 32524 site-packages\torch\utils\flop_counter.py:29] triton not found; flop counting will not work for triton kernels
W0417 14:32:10.283000 31696 site-packages\torch\utils\flop_counter.py:29] triton not found; flop counting will not work for triton kernels
W0417 14:32:10.320000 32776 site-packages\torch\utils\flop_counter.py:29] triton not found; flop counting will not work for triton kernels
W0417 14:32:10.350000 13324 site-packages\torch\utils\flop_counter.py:29] triton not found; flop counting will not work for triton kernels
W0417 14:32:10.363000 34324 site-packages\torch\utils\flop_counter.py:29] triton not found; flop counting will not work for triton kernels
W0417 14:32:10.512000 24428 site-packages\torch\utils\flop_counter.py:29] triton not found; flop counting will not work for triton kernels
W0417 14:32:10.553000 33512 site-packages\torch\utils\flop_counter.py:29] triton not found; flop counting will not work for triton kernels
W0417 14:32:10.677000 5912 site-packages\torch\utils\flop_counter.py:29] triton not found; flop counting will not work for triton kernels
W0417 14:32:10.685000 10456 site-packages\torch\utils\flop_counter.py:29] triton not found; flop counting will not work for triton kernels
W0417 14:32:10.705000 32328 site-packages\torch\utils\flop_counter.py:29] triton not found; flop counting will not work for triton kernels
W0417 14:32:10.708000 17260 site-packages\torch\utils\flop_counter.py:29] triton not found; flop counting will not work for triton kernels
W0417 14:32:10.710000 32816 site-packages\torch\utils\flop_counter.py:29] triton not found; flop counting will not work for triton kernels
W0417 14:32:10.721000 32936 site-packages\torch\utils\flop_counter.py:29] triton not found; flop counting will not work for triton kernels
W0417 14:32:10.723000 35800 site-packages\torch\utils\flop_counter.py:29] triton not found; flop counting will not work for triton kernels
W0417 14:32:10.723000 30356 site-packages\torch\utils\flop_counter.py:29] triton not found; flop counting will not work for triton kernels
W0417 14:32:10.728000 28992 site-packages\torch\utils\flop_counter.py:29] triton not found; flop counting will not work for triton kernels
W0417 14:32:10.728000 22464 site-packages\torch\utils\flop_counter.py:29] triton not found; flop counting will not work for triton kernels
W0417 14:32:10.730000 23016 site-packages\torch\utils\flop_counter.py:29] triton not found; flop counting will not work for triton kernels
W0417 14:32:10.740000 11624 site-packages\torch\utils\flop_counter.py:29] triton not found; flop counting will not work for triton kernels
[CV] END estimator__C=0.001, estimator__epsilon=0.0001, estimator__gamma=1.1e-06, estimator__kernel=linear; total time=   4.2s
[CV] END estimator__C=0.01, estimator__epsilon=1e-06, estimator__gamma=1.1e-06, estimator__kernel=linear; total time=  40.4s
[CV] END estimator__C=0.1, estimator__epsilon=1e-06, estimator__gamma=1.1e-06, estimator__kernel=rbf; total time=   0.0s
[CV] END estimator__C=0.1, estimator__epsilon=1e-06, estimator__gamma=1.1e-06, estimator__kernel=rbf; total time=   0.0s
[CV] END estimator__C=0.1, estimator__epsilon=1e-06, estimator__gamma=1.1e-06, estimator__kernel=rbf; total time=   0.0s
[CV] END estimator__C=0.1, estimator__epsilon=1e-06, estimator__gamma=1.1e-06, estimator__kernel=rbf; total time=   0.0s
[CV] END estimator__C=0.1, estimator__epsilon=1e-06, estimator__gamma=1.1e-06, estimator__kernel=rbf; total time=   0.0s
[CV] END estimator__C=0.1, estimator__epsilon=1e-06, estimator__gamma=1.1e-06, estimator__kernel=linear; total time= 7.0min
[CV] END estimator__C=0.3, estimator__epsilon=1e-06, estimator__gamma=1.1e-06, estimator__kernel=rbf; total time=   0.0s
[CV] END estimator__C=0.3, estimator__epsilon=1e-06, estimator__gamma=1.1e-06, estimator__kernel=rbf; total time=   0.0s
[CV] END estimator__C=0.3, estimator__epsilon=1e-06, estimator__gamma=1.1e-06, estimator__kernel=rbf; total time=   0.0s
[CV] END estimator__C=0.3, estimator__epsilon=1e-06, estimator__gamma=1.1e-06, estimator__kernel=rbf; total time=   0.0s
[CV] END estimator__C=0.3, estimator__epsilon=1e-06, estimator__gamma=1.1e-06, estimator__kernel=rbf; total time=   0.0s
[CV] END estimator__C=0.3, estimator__epsilon=1e-06, estimator__gamma=1.1e-06, estimator__kernel=linear; total time=26.1min
[CV] END estimator__C=0.001, estimator__epsilon=1e-05, estimator__gamma=1.1e-06, estimator__kernel=rbf; total time=   0.0s
[CV] END estimator__C=0.01, estimator__epsilon=0.001, estimator__gamma=1.1e-06, estimator__kernel=rbf; total time=   0.0s
[CV] END estimator__C=0.01, estimator__epsilon=0.001, estimator__gamma=1.1e-06, estimator__kernel=rbf; total time=   0.0s
[CV] END estimator__C=0.01, estimator__epsilon=0.001, estimator__gamma=1.1e-06, estimator__kernel=linear; total time=  35.6s
[CV] END estimator__C=0.1, estimator__epsilon=1e-05, estimator__gamma=1.1e-06, estimator__kernel=rbf; total time=   0.0s
[CV] END estimator__C=0.1, estimator__epsilon=1e-05, estimator__gamma=1.1e-06, estimator__kernel=rbf; total time=   0.0s
[CV] END estimator__C=0.1, estimator__epsilon=1e-05, estimator__gamma=1.1e-06, estimator__kernel=rbf; total time=   0.0s
[CV] END estimator__C=0.1, estimator__epsilon=1e-05, estimator__gamma=1.1e-06, estimator__kernel=rbf; total time=   0.0s
[CV] END estimator__C=0.1, estimator__epsilon=1e-05, estimator__gamma=1.1e-06, estimator__kernel=rbf; total time=   0.0s
[CV] END estimator__C=0.1, estimator__epsilon=1e-05, estimator__gamma=1.1e-06, estimator__kernel=linear; total time= 5.6min
[CV] END estimator__C=0.3, estimator__epsilon=1e-05, estimator__gamma=1.1e-06, estimator__kernel=linear; total time=30.2min
[CV] END estimator__C=0.001, estimator__epsilon=0.0001, estimator__gamma=1.1e-06, estimator__kernel=rbf; total time=   0.0s
[CV] END estimator__C=0.001, estimator__epsilon=1e-05, estimator__gamma=1.1e-06, estimator__kernel=linear; total time=   5.8s
[CV] END estimator__C=0.1, estimator__epsilon=0.001, estimator__gamma=1.1e-06, estimator__kernel=linear; total time= 7.7min
[CV] END estimator__C=0.3, estimator__epsilon=1e-06, estimator__gamma=1.1e-06, estimator__kernel=linear; total time=31.4min
[CV] END estimator__C=0.001, estimator__epsilon=0.001, estimator__gamma=1.1e-06, estimator__kernel=rbf; total time=   0.0s
[CV] END estimator__C=0.001, estimator__epsilon=1e-05, estimator__gamma=1.1e-06, estimator__kernel=linear; total time=   5.0s
[CV] END estimator__C=0.01, estimator__epsilon=1e-06, estimator__gamma=1.1e-06, estimator__kernel=linear; total time=  47.3s
[CV] END estimator__C=0.1, estimator__epsilon=1e-06, estimator__gamma=1.1e-06, estimator__kernel=linear; total time= 7.6min
[CV] END estimator__C=0.3, estimator__epsilon=1e-06, estimator__gamma=1.1e-06, estimator__kernel=linear; total time=33.3min
[CV] END estimator__C=0.001, estimator__epsilon=0.001, estimator__gamma=1.1e-06, estimator__kernel=linear; total time=   3.4s
[CV] END estimator__C=0.01, estimator__epsilon=0.0001, estimator__gamma=1.1e-06, estimator__kernel=linear; total time=  26.8s
[CV] END estimator__C=0.1, estimator__epsilon=0.0001, estimator__gamma=1.1e-06, estimator__kernel=linear; total time= 3.7min
[CV] END estimator__C=0.3, estimator__epsilon=0.0001, estimator__gamma=1.1e-06, estimator__kernel=rbf; total time=   0.0s
[CV] END estimator__C=0.3, estimator__epsilon=0.0001, estimator__gamma=1.1e-06, estimator__kernel=rbf; total time=   0.0s
[CV] END estimator__C=0.3, estimator__epsilon=0.0001, estimator__gamma=1.1e-06, estimator__kernel=rbf; total time=   0.0s
[CV] END estimator__C=0.3, estimator__epsilon=0.0001, estimator__gamma=1.1e-06, estimator__kernel=rbf; total time=   0.0s
[CV] END estimator__C=0.3, estimator__epsilon=0.0001, estimator__gamma=1.1e-06, estimator__kernel=rbf; total time=   0.0s
[CV] END estimator__C=0.3, estimator__epsilon=0.0001, estimator__gamma=1.1e-06, estimator__kernel=linear; total time=16.2min
[CV] END estimator__C=1.0, estimator__epsilon=0.0001, estimator__gamma=1.1e-06, estimator__kernel=linear; total time=42.1min
[CV] END estimator__C=0.001, estimator__epsilon=0.001, estimator__gamma=1.1e-06, estimator__kernel=rbf; total time=   0.0s
[CV] END estimator__C=0.001, estimator__epsilon=1e-06, estimator__gamma=1.1e-06, estimator__kernel=rbf; total time=   0.0s
[CV] END estimator__C=0.001, estimator__epsilon=1e-06, estimator__gamma=1.1e-06, estimator__kernel=rbf; total time=   0.0s
[CV] END estimator__C=0.001, estimator__epsilon=1e-06, estimator__gamma=1.1e-06, estimator__kernel=rbf; total time=   0.0s
[CV] END estimator__C=0.001, estimator__epsilon=1e-06, estimator__gamma=1.1e-06, estimator__kernel=rbf; total time=   0.0s
[CV] END estimator__C=0.001, estimator__epsilon=1e-06, estimator__gamma=1.1e-06, estimator__kernel=linear; total time=   3.8s
[CV] END estimator__C=0.01, estimator__epsilon=1e-05, estimator__gamma=1.1e-06, estimator__kernel=linear; total time=  54.2s
[CV] END estimator__C=0.3, estimator__epsilon=0.001, estimator__gamma=1.1e-06, estimator__kernel=rbf; total time=   0.0s
[CV] END estimator__C=0.3, estimator__epsilon=0.001, estimator__gamma=1.1e-06, estimator__kernel=rbf; total time=   0.0s
[CV] END estimator__C=0.3, estimator__epsilon=0.001, estimator__gamma=1.1e-06, estimator__kernel=rbf; total time=   0.0s
[CV] END estimator__C=0.3, estimator__epsilon=0.001, estimator__gamma=1.1e-06, estimator__kernel=rbf; total time=   0.0s
[CV] END estimator__C=0.3, estimator__epsilon=0.001, estimator__gamma=1.1e-06, estimator__kernel=rbf; total time=   0.0s
[CV] END estimator__C=0.3, estimator__epsilon=0.001, estimator__gamma=1.1e-06, estimator__kernel=linear; total time=17.5min
[CV] END estimator__C=1.0, estimator__epsilon=0.0001, estimator__gamma=1.1e-06, estimator__kernel=rbf; total time=   0.0s
[CV] END estimator__C=1.0, estimator__epsilon=0.0001, estimator__gamma=1.1e-06, estimator__kernel=rbf; total time=   0.0s
[CV] END estimator__C=1.0, estimator__epsilon=0.0001, estimator__gamma=1.1e-06, estimator__kernel=rbf; total time=   0.0s
[CV] END estimator__C=1.0, estimator__epsilon=0.0001, estimator__gamma=1.1e-06, estimator__kernel=rbf; total time=   0.0s
[CV] END estimator__C=1.0, estimator__epsilon=0.0001, estimator__gamma=1.1e-06, estimator__kernel=rbf; total time=   0.0s
[CV] END estimator__C=1.0, estimator__epsilon=0.0001, estimator__gamma=1.1e-06, estimator__kernel=linear; total time=47.5min
[CV] END estimator__C=0.001, estimator__epsilon=0.0001, estimator__gamma=1.1e-06, estimator__kernel=linear; total time=   2.2s
[CV] END estimator__C=0.01, estimator__epsilon=0.001, estimator__gamma=1.1e-06, estimator__kernel=linear; total time=  36.7s
[CV] END estimator__C=0.1, estimator__epsilon=1e-05, estimator__gamma=1.1e-06, estimator__kernel=linear; total time= 9.3min
[CV] END estimator__C=1.0, estimator__epsilon=0.001, estimator__gamma=1.1e-06, estimator__kernel=linear; total time=56.6min
[CV] END estimator__C=0.001, estimator__epsilon=0.0001, estimator__gamma=1.1e-06, estimator__kernel=rbf; total time=   0.0s
[CV] END estimator__C=0.01, estimator__epsilon=0.001, estimator__gamma=1.1e-06, estimator__kernel=linear; total time=  31.5s
[CV] END estimator__C=0.1, estimator__epsilon=0.0001, estimator__gamma=1.1e-06, estimator__kernel=linear; total time= 4.9min
[CV] END estimator__C=0.3, estimator__epsilon=0.0001, estimator__gamma=1.1e-06, estimator__kernel=linear; total time=15.7min
[CV] END estimator__C=1.0, estimator__epsilon=0.0001, estimator__gamma=1.1e-06, estimator__kernel=linear; total time=49.2min
[CV] END estimator__C=0.001, estimator__epsilon=0.0001, estimator__gamma=1.1e-06, estimator__kernel=rbf; total time=   0.0s
[CV] END estimator__C=0.01, estimator__epsilon=0.001, estimator__gamma=1.1e-06, estimator__kernel=rbf; total time=   0.0s
[CV] END estimator__C=0.01, estimator__epsilon=0.001, estimator__gamma=1.1e-06, estimator__kernel=rbf; total time=   0.0s
[CV] END estimator__C=0.01, estimator__epsilon=0.001, estimator__gamma=1.1e-06, estimator__kernel=linear; total time=  44.4s
[CV] END estimator__C=0.1, estimator__epsilon=1e-05, estimator__gamma=1.1e-06, estimator__kernel=linear; total time= 7.9min
[CV] END estimator__C=1.0, estimator__epsilon=0.001, estimator__gamma=1.1e-06, estimator__kernel=rbf; total time=   0.0s
[CV] END estimator__C=1.0, estimator__epsilon=0.001, estimator__gamma=1.1e-06, estimator__kernel=rbf; total time=   0.0s
[CV] END estimator__C=1.0, estimator__epsilon=0.001, estimator__gamma=1.1e-06, estimator__kernel=rbf; total time=   0.0s
[CV] END estimator__C=1.0, estimator__epsilon=0.001, estimator__gamma=1.1e-06, estimator__kernel=rbf; total time=   0.0s
[CV] END estimator__C=1.0, estimator__epsilon=0.001, estimator__gamma=1.1e-06, estimator__kernel=rbf; total time=   0.0s
[CV] END estimator__C=1.0, estimator__epsilon=0.001, estimator__gamma=1.1e-06, estimator__kernel=linear; total time=62.8min
[CV] END estimator__C=0.001, estimator__epsilon=0.001, estimator__gamma=1.1e-06, estimator__kernel=rbf; total time=   0.0s
[CV] END estimator__C=0.001, estimator__epsilon=1e-06, estimator__gamma=1.1e-06, estimator__kernel=rbf; total time=   0.0s
[CV] END estimator__C=0.001, estimator__epsilon=1e-06, estimator__gamma=1.1e-06, estimator__kernel=linear; total time=   5.1s
[CV] END estimator__C=0.1, estimator__epsilon=0.001, estimator__gamma=1.1e-06, estimator__kernel=linear; total time= 3.9min
[CV] END estimator__C=0.3, estimator__epsilon=0.001, estimator__gamma=1.1e-06, estimator__kernel=linear; total time=18.0min
[CV] END estimator__C=1.0, estimator__epsilon=0.0001, estimator__gamma=1.1e-06, estimator__kernel=linear; total time=49.7min
[CV] END estimator__C=0.001, estimator__epsilon=0.001, estimator__gamma=1.1e-06, estimator__kernel=rbf; total time=   0.0s
[CV] END estimator__C=0.01, estimator__epsilon=0.001, estimator__gamma=1.1e-06, estimator__kernel=rbf; total time=   0.0s
[CV] END estimator__C=0.01, estimator__epsilon=0.001, estimator__gamma=1.1e-06, estimator__kernel=linear; total time=  50.2s
[CV] END estimator__C=0.1, estimator__epsilon=1e-06, estimator__gamma=1.1e-06, estimator__kernel=linear; total time= 9.3min
[CV] END estimator__C=1.0, estimator__epsilon=0.001, estimator__gamma=1.1e-06, estimator__kernel=linear; total time=68.5min
[CV] END estimator__C=0.001, estimator__epsilon=0.001, estimator__gamma=1.1e-06, estimator__kernel=linear; total time=   3.0s
[CV] END estimator__C=0.01, estimator__epsilon=1e-05, estimator__gamma=1.1e-06, estimator__kernel=linear; total time=  55.8s
[CV] END estimator__C=0.3, estimator__epsilon=0.001, estimator__gamma=1.1e-06, estimator__kernel=linear; total time=15.9min
[CV] END estimator__C=1.0, estimator__epsilon=0.001, estimator__gamma=1.1e-06, estimator__kernel=linear; total time=61.9min
[CV] END estimator__C=0.001, estimator__epsilon=1e-05, estimator__gamma=1.1e-06, estimator__kernel=rbf; total time=   0.0s
[CV] END estimator__C=0.001, estimator__epsilon=1e-06, estimator__gamma=1.1e-06, estimator__kernel=linear; total time=   5.0s
[CV] END estimator__C=0.1, estimator__epsilon=0.001, estimator__gamma=1.1e-06, estimator__kernel=linear; total time= 6.8min
[CV] END estimator__C=0.3, estimator__epsilon=1e-05, estimator__gamma=1.1e-06, estimator__kernel=linear; total time=23.1min
[CV] END estimator__C=1.0, estimator__epsilon=1e-05, estimator__gamma=1.1e-06, estimator__kernel=linear; total time=50.4min
[CV] END estimator__C=0.001, estimator__epsilon=0.001, estimator__gamma=1.1e-06, estimator__kernel=linear; total time=   3.5s
[CV] END estimator__C=0.01, estimator__epsilon=1e-05, estimator__gamma=1.1e-06, estimator__kernel=linear; total time=  30.6s
[CV] END estimator__C=0.1, estimator__epsilon=0.0001, estimator__gamma=1.1e-06, estimator__kernel=linear; total time= 5.3min
[CV] END estimator__C=0.3, estimator__epsilon=0.0001, estimator__gamma=1.1e-06, estimator__kernel=linear; total time=17.3min
[CV] END estimator__C=1.0, estimator__epsilon=1e-05, estimator__gamma=1.1e-06, estimator__kernel=rbf; total time=   0.0s
[CV] END estimator__C=1.0, estimator__epsilon=1e-05, estimator__gamma=1.1e-06, estimator__kernel=rbf; total time=   0.0s
[CV] END estimator__C=1.0, estimator__epsilon=1e-05, estimator__gamma=1.1e-06, estimator__kernel=rbf; total time=   0.0s
[CV] END estimator__C=1.0, estimator__epsilon=1e-05, estimator__gamma=1.1e-06, estimator__kernel=rbf; total time=   0.0s
[CV] END estimator__C=1.0, estimator__epsilon=1e-05, estimator__gamma=1.1e-06, estimator__kernel=rbf; total time=   0.0s
[CV] END estimator__C=1.0, estimator__epsilon=1e-05, estimator__gamma=1.1e-06, estimator__kernel=linear; total time=63.0min
[CV] END estimator__C=0.001, estimator__epsilon=0.0001, estimator__gamma=1.1e-06, estimator__kernel=linear; total time=   2.8s
[CV] END estimator__C=0.01, estimator__epsilon=0.0001, estimator__gamma=1.1e-06, estimator__kernel=linear; total time=  26.8s
[CV] END estimator__C=0.1, estimator__epsilon=0.0001, estimator__gamma=1.1e-06, estimator__kernel=linear; total time= 8.4min
[CV] END estimator__C=1.0, estimator__epsilon=0.001, estimator__gamma=1.1e-06, estimator__kernel=linear; total time=81.2min
[CV] END estimator__C=0.001, estimator__epsilon=1e-05, estimator__gamma=1.1e-06, estimator__kernel=rbf; total time=   0.0s
[CV] END estimator__C=0.001, estimator__epsilon=1e-06, estimator__gamma=1.1e-06, estimator__kernel=linear; total time=   4.4s
[CV] END estimator__C=0.1, estimator__epsilon=0.001, estimator__gamma=1.1e-06, estimator__kernel=rbf; total time=   0.0s
[CV] END estimator__C=0.1, estimator__epsilon=0.001, estimator__gamma=1.1e-06, estimator__kernel=rbf; total time=   0.0s
[CV] END estimator__C=0.1, estimator__epsilon=0.001, estimator__gamma=1.1e-06, estimator__kernel=rbf; total time=   0.0s
[CV] END estimator__C=0.1, estimator__epsilon=0.001, estimator__gamma=1.1e-06, estimator__kernel=rbf; total time=   0.0s
[CV] END estimator__C=0.1, estimator__epsilon=0.001, estimator__gamma=1.1e-06, estimator__kernel=rbf; total time=   0.0s
[CV] END estimator__C=0.1, estimator__epsilon=0.001, estimator__gamma=1.1e-06, estimator__kernel=linear; total time= 5.4min
[CV] END estimator__C=0.3, estimator__epsilon=0.0001, estimator__gamma=1.1e-06, estimator__kernel=linear; total time=13.1min
[CV] END estimator__C=1.0, estimator__epsilon=0.0001, estimator__gamma=1.1e-06, estimator__kernel=linear; total time=73.6min
[CV] END estimator__C=0.001, estimator__epsilon=0.0001, estimator__gamma=1.1e-06, estimator__kernel=linear; total time=   2.6s
[CV] END estimator__C=0.01, estimator__epsilon=0.0001, estimator__gamma=1.1e-06, estimator__kernel=linear; total time=  23.1s
[CV] END estimator__C=0.1, estimator__epsilon=0.001, estimator__gamma=1.1e-06, estimator__kernel=linear; total time= 6.8min
[CV] END estimator__C=0.3, estimator__epsilon=1e-05, estimator__gamma=1.1e-06, estimator__kernel=linear; total time=24.2min
[CV] END estimator__C=1.0, estimator__epsilon=1e-06, estimator__gamma=1.1e-06, estimator__kernel=rbf; total time=   0.0s
[CV] END estimator__C=1.0, estimator__epsilon=1e-06, estimator__gamma=1.1e-06, estimator__kernel=rbf; total time=   0.0s
[CV] END estimator__C=1.0, estimator__epsilon=1e-06, estimator__gamma=1.1e-06, estimator__kernel=rbf; total time=   0.0s
[CV] END estimator__C=1.0, estimator__epsilon=1e-06, estimator__gamma=1.1e-06, estimator__kernel=rbf; total time=   0.0s
[CV] END estimator__C=1.0, estimator__epsilon=1e-06, estimator__gamma=1.1e-06, estimator__kernel=rbf; total time=   0.0s
[CV] END estimator__C=1.0, estimator__epsilon=1e-06, estimator__gamma=1.1e-06, estimator__kernel=linear; total time=64.8min
[CV] END estimator__C=0.001, estimator__epsilon=0.0001, estimator__gamma=1.1e-06, estimator__kernel=rbf; total time=   0.0s
[CV] END estimator__C=0.001, estimator__epsilon=1e-05, estimator__gamma=1.1e-06, estimator__kernel=linear; total time=   2.6s
[CV] END estimator__C=0.01, estimator__epsilon=0.0001, estimator__gamma=1.1e-06, estimator__kernel=rbf; total time=   0.0s
[CV] END estimator__C=0.01, estimator__epsilon=0.0001, estimator__gamma=1.1e-06, estimator__kernel=rbf; total time=   0.0s
[CV] END estimator__C=0.01, estimator__epsilon=0.0001, estimator__gamma=1.1e-06, estimator__kernel=rbf; total time=   0.0s
[CV] END estimator__C=0.01, estimator__epsilon=0.0001, estimator__gamma=1.1e-06, estimator__kernel=rbf; total time=   0.0s
[CV] END estimator__C=0.01, estimator__epsilon=0.0001, estimator__gamma=1.1e-06, estimator__kernel=rbf; total time=   0.0s
[CV] END estimator__C=0.01, estimator__epsilon=0.0001, estimator__gamma=1.1e-06, estimator__kernel=linear; total time=  26.9s
[CV] END estimator__C=0.1, estimator__epsilon=0.0001, estimator__gamma=1.1e-06, estimator__kernel=rbf; total time=   0.0s
[CV] END estimator__C=0.1, estimator__epsilon=0.0001, estimator__gamma=1.1e-06, estimator__kernel=rbf; total time=   0.0s
[CV] END estimator__C=0.1, estimator__epsilon=0.0001, estimator__gamma=1.1e-06, estimator__kernel=rbf; total time=   0.0s
[CV] END estimator__C=0.1, estimator__epsilon=0.0001, estimator__gamma=1.1e-06, estimator__kernel=rbf; total time=   0.0s
[CV] END estimator__C=0.1, estimator__epsilon=0.0001, estimator__gamma=1.1e-06, estimator__kernel=rbf; total time=   0.0s
[CV] END estimator__C=0.1, estimator__epsilon=0.0001, estimator__gamma=1.1e-06, estimator__kernel=linear; total time= 4.8min
[CV] END estimator__C=0.3, estimator__epsilon=0.0001, estimator__gamma=1.1e-06, estimator__kernel=linear; total time=25.5min
[CV] END estimator__C=1.0, estimator__epsilon=1e-05, estimator__gamma=1.1e-06, estimator__kernel=linear; total time=65.6min
[CV] END estimator__C=0.001, estimator__epsilon=0.0001, estimator__gamma=1.1e-06, estimator__kernel=rbf; total time=   0.0s
[CV] END estimator__C=0.001, estimator__epsilon=1e-05, estimator__gamma=1.1e-06, estimator__kernel=linear; total time=   4.5s
[CV] END estimator__C=0.01, estimator__epsilon=1e-06, estimator__gamma=1.1e-06, estimator__kernel=linear; total time=  34.8s
[CV] END estimator__C=0.1, estimator__epsilon=1e-05, estimator__gamma=1.1e-06, estimator__kernel=linear; total time= 5.3min
[CV] END estimator__C=0.3, estimator__epsilon=1e-05, estimator__gamma=1.1e-06, estimator__kernel=rbf; total time=   0.0s
[CV] END estimator__C=0.3, estimator__epsilon=1e-05, estimator__gamma=1.1e-06, estimator__kernel=rbf; total time=   0.0s
[CV] END estimator__C=0.3, estimator__epsilon=1e-05, estimator__gamma=1.1e-06, estimator__kernel=rbf; total time=   0.0s
[CV] END estimator__C=0.3, estimator__epsilon=1e-05, estimator__gamma=1.1e-06, estimator__kernel=rbf; total time=   0.0s
[CV] END estimator__C=0.3, estimator__epsilon=1e-05, estimator__gamma=1.1e-06, estimator__kernel=rbf; total time=   0.0s
[CV] END estimator__C=0.3, estimator__epsilon=1e-05, estimator__gamma=1.1e-06, estimator__kernel=linear; total time=25.9min
[CV] END estimator__C=1.0, estimator__epsilon=1e-06, estimator__gamma=1.1e-06, estimator__kernel=linear; total time=66.2min
[CV] END estimator__C=0.001, estimator__epsilon=0.001, estimator__gamma=1.1e-06, estimator__kernel=linear; total time=   4.0s
[CV] END estimator__C=0.01, estimator__epsilon=1e-06, estimator__gamma=1.1e-06, estimator__kernel=rbf; total time=   0.0s
[CV] END estimator__C=0.01, estimator__epsilon=1e-06, estimator__gamma=1.1e-06, estimator__kernel=rbf; total time=   0.0s
[CV] END estimator__C=0.01, estimator__epsilon=1e-06, estimator__gamma=1.1e-06, estimator__kernel=rbf; total time=   0.0s
[CV] END estimator__C=0.01, estimator__epsilon=1e-06, estimator__gamma=1.1e-06, estimator__kernel=rbf; total time=   0.0s
[CV] END estimator__C=0.01, estimator__epsilon=1e-06, estimator__gamma=1.1e-06, estimator__kernel=rbf; total time=   0.0s
[CV] END estimator__C=0.01, estimator__epsilon=1e-06, estimator__gamma=1.1e-06, estimator__kernel=linear; total time=  49.2s
[CV] END estimator__C=0.1, estimator__epsilon=1e-06, estimator__gamma=1.1e-06, estimator__kernel=linear; total time= 7.3min
[CV] END estimator__C=0.3, estimator__epsilon=1e-06, estimator__gamma=1.1e-06, estimator__kernel=linear; total time=24.1min
[CV] END estimator__C=1.0, estimator__epsilon=1e-06, estimator__gamma=1.1e-06, estimator__kernel=linear; total time=68.3min
[CV] END estimator__C=0.001, estimator__epsilon=0.0001, estimator__gamma=1.1e-06, estimator__kernel=linear; total time=   2.6s
[CV] END estimator__C=0.01, estimator__epsilon=0.0001, estimator__gamma=1.1e-06, estimator__kernel=linear; total time=  39.5s
[CV] END estimator__C=0.1, estimator__epsilon=1e-05, estimator__gamma=1.1e-06, estimator__kernel=linear; total time= 7.8min
[CV] END estimator__C=0.3, estimator__epsilon=1e-06, estimator__gamma=1.1e-06, estimator__kernel=linear; total time=23.2min
[CV] END estimator__C=1.0, estimator__epsilon=1e-06, estimator__gamma=1.1e-06, estimator__kernel=linear; total time=77.4min
[CV] END estimator__C=0.001, estimator__epsilon=1e-05, estimator__gamma=1.1e-06, estimator__kernel=rbf; total time=   0.0s
[CV] END estimator__C=0.001, estimator__epsilon=1e-06, estimator__gamma=1.1e-06, estimator__kernel=linear; total time=   2.9s
[CV] END estimator__C=0.01, estimator__epsilon=1e-05, estimator__gamma=1.1e-06, estimator__kernel=rbf; total time=   0.0s
[CV] END estimator__C=0.01, estimator__epsilon=1e-05, estimator__gamma=1.1e-06, estimator__kernel=rbf; total time=   0.0s
[CV] END estimator__C=0.01, estimator__epsilon=1e-05, estimator__gamma=1.1e-06, estimator__kernel=rbf; total time=   0.0s
[CV] END estimator__C=0.01, estimator__epsilon=1e-05, estimator__gamma=1.1e-06, estimator__kernel=rbf; total time=   0.0s
[CV] END estimator__C=0.01, estimator__epsilon=1e-05, estimator__gamma=1.1e-06, estimator__kernel=rbf; total time=   0.0s
[CV] END estimator__C=0.01, estimator__epsilon=1e-05, estimator__gamma=1.1e-06, estimator__kernel=linear; total time=  48.0s
[CV] END estimator__C=0.1, estimator__epsilon=1e-06, estimator__gamma=1.1e-06, estimator__kernel=linear; total time= 6.2min
[CV] END estimator__C=0.3, estimator__epsilon=1e-05, estimator__gamma=1.1e-06, estimator__kernel=linear; total time=24.5min
[CV] END estimator__C=1.0, estimator__epsilon=1e-06, estimator__gamma=1.1e-06, estimator__kernel=linear; total time=85.0min
[CV] END estimator__C=0.001, estimator__epsilon=0.001, estimator__gamma=1.1e-06, estimator__kernel=rbf; total time=   0.0s
[CV] END estimator__C=0.001, estimator__epsilon=1e-05, estimator__gamma=1.1e-06, estimator__kernel=rbf; total time=   0.0s
[CV] END estimator__C=0.001, estimator__epsilon=1e-05, estimator__gamma=1.1e-06, estimator__kernel=linear; total time=   4.3s
[CV] END estimator__C=0.01, estimator__epsilon=1e-05, estimator__gamma=1.1e-06, estimator__kernel=linear; total time= 1.2min
[CV] END estimator__C=0.3, estimator__epsilon=0.001, estimator__gamma=1.1e-06, estimator__kernel=linear; total time=29.9min
[CV] END estimator__C=1.0, estimator__epsilon=1e-05, estimator__gamma=1.1e-06, estimator__kernel=linear; total time=90.2min
Fitting 5 folds for each of 40 candidates, totalling 200 fits
[DONE] Family fit complete | family=SVR elapsed=9093.92s best_score=0.15464747394372405 best_params={'estimator__C': 0.1, 'estimator__epsilon': 1e-05, 'estimator__gamma': 1.1e-06, 'estimator__kernel': 'rbf'}
[INFO] Evaluating family bank
[INFO] Family evaluation started | family=SVR targets=1
[DONE] Family evaluation complete | family=SVR elapsed=0.01s mean_component_mape=65.486% mean_component_mae=0.000302
[INFO] Evaluation complete | winner=SVR mean_component_mape=65.486%
[INFO] Exporting ONNX family bank
[INFO] Family ONNX export started | family=SVR targets=1 estimator=SVR
[WARN] Target ONNX export failed | family=SVR target=fft_y_Fw_filtered_ampl_240 error='NoneType' object is not callable
[DONE] Family ONNX export complete | family=SVR elapsed=0.00s exported=0 failed=1
[INFO] ONNX export complete | exported=0 failed=1
[DONE] Exact paper validation summary written | output/validation_checks/paper_reimplementation_rcim_exact_model_bank/2026-04-17-14-32-03__track1_svr_exact_faithful_amplitude_240_repeat_campaign_run/validation_summary.yaml
[DONE] Exact paper Markdown report written | doc/reports/analysis/validation_checks/2026-04-17-17-03-37_paper_reimplementation_rcim_exact_model_bank_track1_svr_exact_faithful_amplitude_240_repeat_campaign_run_exact_paper_model_bank_report.md
[CV] END estimator__C=0.001, estimator__epsilon=0.001, estimator__gamma=1.1e-06, estimator__kernel=linear; total time=   4.3s
[CV] END estimator__C=0.01, estimator__epsilon=1e-06, estimator__gamma=1.1e-06, estimator__kernel=linear; total time=  57.3s
[CV] END estimator__C=0.3, estimator__epsilon=0.001, estimator__gamma=1.1e-06, estimator__kernel=linear; total time=23.4min
[CV] END estimator__C=1.0, estimator__epsilon=1e-05, estimator__gamma=1.1e-06, estimator__kernel=linear; total time=127.0min
