Command: C:\Users\Martina Salami\.conda\envs\pinns_env\python.exe C:\Users\Martina Salami\Documents\Davide\Physics-Informed-Neural-Networks\scripts\training\train_feedforward_network.py --config-path C:\Users\Martina Salami\Documents\Davide\Physics-Informed-Neural-Networks\config\training\queue\polished_dataset_stage1_smoke\running\2026-06-22-13-09-57_001_trial.yaml
Working Directory: C:\Users\Martina Salami\Documents\Davide\Physics-Informed-Neural-Networks


================================================================================================
Campaign Progress 1/8 [------------------------]
================================================================================================
[INFO] Campaign Name | polished_dataset_stage1_smoke_2026_06_21
[INFO] Run Name | te_feedforward_trial
[INFO] Queue Config | C:\Users\Martina Salami\Documents\Davide\Physics-Informed-Neural-Networks\config\training\queue\polished_dataset_stage1_smoke\running\2026-06-22-13-09-57_001_trial.yaml
[INFO] Source Config | C:\Users\Martina Salami\Documents\Davide\Physics-Informed-Neural-Networks\config\training\feedforward\presets\trial.yaml

[0m[36m[1m================================================================================================[0m
[0m[36m[1mFeedforward Training Configuration[0m
[0m[36m[1m================================================================================================[0m
[0m[34m[1m[INFO][0m Resolved YAML configuration for the current training run[0m
[0m
[0m[35m[1mPaths[0m
[0m[35m-----[0m
[0m[37m[1mDataset Config Path               [0m[33mconfig/datasets/transmission_error_dataset.yaml[0m[0m
[0m[37m[1mOutput Root                       [0m[33moutput/training_runs/feedforward[0m[0m
[0m
[0m[35m[1mExperiment[0m
[0m[35m----------[0m
[0m[37m[1mRun Name                          [0m[33mte_feedforward_trial[0m[0m
[0m[37m[1mModel Family                      [0m[33mfeedforward[0m[0m
[0m[37m[1mModel Type                        [0m[33mfeedforward[0m[0m
[0m
[0m[35m[1mDataset[0m
[0m[35m-------[0m
[0m[37m[1mCurve Batch Size                  [0m[33m8[0m[0m
[0m[37m[1mPoint Stride                      [0m[33m200[0m[0m
[0m[37m[1mMaximum Points Per Curve          [0m[33m200[0m[0m
[0m[37m[1mCollate Mode                      [0m[33mpoint[0m[0m
[0m[37m[1mShuffle Training Batch Elements   [0m[33mTrue[0m[0m
[0m[37m[1mNum Workers                       [0m[33mauto[0m[0m
[0m[37m[1mPin Memory                        [0m[33mTrue[0m[0m
[0m
[0m[35m[1mModel[0m
[0m[35m-----[0m
[0m[37m[1mInput Size                        [0m[33mauto[0m[0m
[0m[37m[1mOutput Size                       [0m[33m1[0m[0m
[0m[37m[1mHidden Layers                     [0m[33m[128, 128, 64][0m[0m
[0m[37m[1mActivation                        [0m[33mGELU[0m[0m
[0m[37m[1mDropout Probability               [0m[33m0.100000[0m[0m
[0m[37m[1mUse Layer Norm                    [0m[33mTrue[0m[0m
[0m
[0m[35m[1mOptimization[0m
[0m[35m------------[0m
[0m[37m[1mLearning Rate                     [0m[33m0.001000[0m[0m
[0m[37m[1mWeight Decay                      [0m[33m0.000100[0m[0m
[0m[37m[1mMin Epochs                        [0m[33m3[0m[0m
[0m[37m[1mMax Epochs                        [0m[33m12[0m[0m
[0m[37m[1mPatience                          [0m[33m3[0m[0m
[0m[37m[1mMin Delta                         [0m[33m1.000000e-05[0m[0m
[0m[37m[1mLog Every N Steps                 [0m[33m1[0m[0m
[0m[37m[1mFast Dev Run                      [0m[33mFalse[0m[0m
[0m[37m[1mDeterministic                     [0m[33mFalse[0m[0m
[0m
[0m[35m[1mRuntime[0m
[0m[35m-------[0m
[0m[37m[1mAccelerator                       [0m[33mauto[0m[0m
[0m[37m[1mDevices                           [0m[33mauto[0m[0m
[0m[37m[1mPrecision                         [0m[33m32[0m[0m
[0m[37m[1mBenchmark                         [0m[33mTrue[0m[0m
[0m[37m[1mNon-Blocking Transfer             [0m[33mTrue[0m[0m
[0m
[0m[36m[1m================================================================================================[0m
[0m[36m[1mDataset Summary[0m
[0m[36m[1m================================================================================================[0m
[0m[37m[1mInput Feature Dim                 [0m[33m4[0m[0m
[0m[37m[1mTarget Feature Dim                [0m[33m1[0m[0m
[0m[37m[1mTrain Curves                      [0m[33m1356[0m[0m
[0m[37m[1mValidation Curves                 [0m[33m388[0m[0m
[0m[37m[1mTest Curves                       [0m[33m194[0m[0m
[0m[37m[1mPoint Stride                      [0m[33m200[0m[0m
[0m[37m[1mMaximum Points Per Curve          [0m[33m200[0m[0m
[0m[37m[1mCollate Mode                      [0m[33mpoint[0m[0m
[0m[37m[1mPersistent Workers                [0m[33mTrue[0m[0m
[0m
[0m[36m[1m================================================================================================[0m
[0m[36m[1mModel Summary[0m
[0m[36m[1m================================================================================================[0m
[0m[37m[1mBackbone                          [0m[33mFeedForwardNetwork[0m[0m
[0m[37m[1mTrainable Parameters              [0m[33m26113[0m[0m
[0m[37m[1mFrozen Parameters                 [0m[33m0[0m[0m
[0m[37m[1mTotal Parameters                  [0m[33m26113[0m[0m
[0m
[0m[36m[1m================================================================================================[0m
[0m[36m[1mNormalization Statistics[0m
[0m[36m[1m================================================================================================[0m
[0m
[0m[35m[1mInput Features[0m
[0m[35m--------------[0m
[0m[37m[1mangular_position_deg | mean       [0m[33m179.875519[0m[0m
[0m[37m[1mangular_position_deg | std        [0m[33m104.269196[0m[0m
[0m[37m[1minput_speed_rpm | mean            [0m[33m-23.288864[0m[0m
[0m[37m[1minput_speed_rpm | std             [0m[33m853.507019[0m[0m
[0m[37m[1minput_torque_nm | mean            [0m[33m12.551089[0m[0m
[0m[37m[1minput_torque_nm | std             [0m[33m1053.522339[0m[0m
[0m[37m[1moil_temperature_deg | mean        [0m[33m30.726807[0m[0m
[0m[37m[1moil_temperature_deg | std         [0m[33m3.990375[0m[0m
[0m
[0m[35m[1mTarget[0m
[0m[35m------[0m
[0m[37m[1mtransmission_error_deg | mean     [0m[33m-0.016078[0m[0m
[0m[37m[1mtransmission_error_deg | std      [0m[33m0.045690[0m[0m
[0m
[0m[36m[1m================================================================================================[0m
[0m[36m[1mRuntime Summary[0m
[0m[36m[1m================================================================================================[0m
[0m[37m[1mConfigured Accelerator            [0m[33mauto[0m[0m
[0m[37m[1mConfigured Devices                [0m[33mauto[0m[0m
[0m[37m[1mConfigured Precision              [0m[33m32[0m[0m
[0m[37m[1mcuDNN Benchmark                   [0m[33mTrue[0m[0m
[0m[37m[1mNon-Blocking Transfer             [0m[33mTrue[0m[0m
[0m[37m[1mCUDA Available                    [0m[33mTrue[0m[0m
[0m[37m[1mCUDA Device Count                 [0m[33m1[0m[0m
[0m[37m[1mCUDA Device Name                  [0m[33mNVIDIA RTX A4000[0m[0m
[0m
[0m[36m[1m================================================================================================[0m
[0m[36m[1mTraining Loop[0m
[0m[36m[1m================================================================================================[0m
[0m[34m[1m[INFO][0m Starting Lightning fit loop[0m
[0m
Sanity Checking: |                                                                                                | 0/? [00:00<?, ?it/s][0m
Sanity Checking: |                                                                                                | 0/? [00:00<?, ?it/s][0m
Sanity Checking DataLoader 0:   0%|                                                                               | 0/2 [00:00<?, ?it/s][0m
Sanity Checking DataLoader 0: 100%|███████████████████████████████████████████████████████████████████████| 2/2 [00:00<00:00, 11.40it/s][0m[0m
                                                                                                                                        [0m
[0m
Training: |                                                                                                       | 0/? [00:00<?, ?it/s][0m
Training: |                                                                                                       | 0/? [00:00<?, ?it/s][0m[0m
Training: |                                                                                                       | 0/? [00:00<?, ?it/s][0m
[0m
Training: |                                                                                                       | 0/? [00:00<?, ?it/s][0m
Epoch 0:   0%|                                                                                                  | 0/170 [00:00<?, ?it/s][0m
Epoch 0:   6%|█████▏                                                                                   | 10/170 [00:00<00:08, 19.48it/s][0m
Epoch 0:   6%|█████▏                                                                                   | 10/170 [00:00<00:08, 19.48it/s][0m
Epoch 0:  12%|██████████▍                                                                              | 20/170 [00:00<00:05, 26.26it/s][0m
Epoch 0:  12%|██████████▍                                                                              | 20/170 [00:00<00:05, 26.26it/s][0m
Epoch 0:  18%|███████████████▋                                                                         | 30/170 [00:01<00:05, 27.92it/s][0m
Epoch 0:  18%|███████████████▋                                                                         | 30/170 [00:01<00:05, 27.92it/s][0m
Epoch 0:  24%|████████████████████▉                                                                    | 40/170 [00:01<00:04, 28.71it/s][0m
Epoch 0:  24%|████████████████████▉                                                                    | 40/170 [00:01<00:04, 28.71it/s][0m
Epoch 0:  29%|██████████████████████████▏                                                              | 50/170 [00:01<00:04, 26.12it/s][0m
Epoch 0:  29%|██████████████████████████▏                                                              | 50/170 [00:01<00:04, 26.12it/s][0m
Epoch 0:  35%|███████████████████████████████▍                                                         | 60/170 [00:02<00:03, 27.79it/s][0m
Epoch 0:  35%|███████████████████████████████▍                                                         | 60/170 [00:02<00:03, 27.79it/s][0m
Epoch 0:  41%|████████████████████████████████████▋                                                    | 70/170 [00:02<00:03, 29.05it/s][0m
Epoch 0:  41%|████████████████████████████████████▋                                                    | 70/170 [00:02<00:03, 29.05it/s][0m
Epoch 0:  47%|█████████████████████████████████████████▉                                               | 80/170 [00:02<00:02, 30.57it/s][0m
Epoch 0:  47%|█████████████████████████████████████████▉                                               | 80/170 [00:02<00:02, 30.57it/s][0m
Epoch 0:  53%|███████████████████████████████████████████████                                          | 90/170 [00:02<00:02, 30.34it/s][0m
Epoch 0:  53%|███████████████████████████████████████████████                                          | 90/170 [00:02<00:02, 30.34it/s][0m
Epoch 0:  59%|███████████████████████████████████████████████████▊                                    | 100/170 [00:03<00:02, 30.54it/s][0m
Epoch 0:  59%|███████████████████████████████████████████████████▊                                    | 100/170 [00:03<00:02, 30.52it/s][0m
Epoch 0:  65%|████████████████████████████████████████████████████████▉                               | 110/170 [00:03<00:01, 30.47it/s][0m
Epoch 0:  65%|████████████████████████████████████████████████████████▉                               | 110/170 [00:03<00:01, 30.46it/s][0m
Epoch 0:  71%|██████████████████████████████████████████████████████████████                          | 120/170 [00:03<00:01, 31.34it/s][0m
Epoch 0:  71%|██████████████████████████████████████████████████████████████                          | 120/170 [00:03<00:01, 31.33it/s][0m
Epoch 0:  76%|███████████████████████████████████████████████████████████████████▎                    | 130/170 [00:04<00:01, 31.55it/s][0m
Epoch 0:  76%|███████████████████████████████████████████████████████████████████▎                    | 130/170 [00:04<00:01, 31.55it/s][0m
Epoch 0:  82%|████████████████████████████████████████████████████████████████████████▍               | 140/170 [00:04<00:00, 32.20it/s][0m
Epoch 0:  82%|████████████████████████████████████████████████████████████████████████▍               | 140/170 [00:04<00:00, 32.20it/s][0m
Epoch 0:  88%|█████████████████████████████████████████████████████████████████████████████▋          | 150/170 [00:04<00:00, 32.46it/s][0m
Epoch 0:  88%|█████████████████████████████████████████████████████████████████████████████▋          | 150/170 [00:04<00:00, 32.46it/s][0m
Epoch 0:  94%|██████████████████████████████████████████████████████████████████████████████████▊     | 160/170 [00:04<00:00, 33.50it/s][0m
Epoch 0:  94%|██████████████████████████████████████████████████████████████████████████████████▊     | 160/170 [00:04<00:00, 33.50it/s][0m
Epoch 0: 100%|████████████████████████████████████████████████████████████████████████████████████████| 170/170 [00:04<00:00, 34.34it/s][0m
Epoch 0: 100%|████████████████████████████████████████████████████████████████████████████████████████| 170/170 [00:04<00:00, 34.34it/s][0m
[0m
Validation: |                                                                                                     | 0/? [00:00<?, ?it/s][0m[A[0m
[0m
Validation: |                                                                                                     | 0/? [00:00<?, ?it/s][0m[A[0m
[0m
Validation DataLoader 0:   0%|                                                                                   | 0/49 [00:00<?, ?it/s][0m[A[0m
[0m
Validation DataLoader 0:  20%|██████████████▉                                                          | 10/49 [00:00<00:00, 124.32it/s][0m[A[0m
[0m
Validation DataLoader 0:  41%|██████████████████████████████▏                                           | 20/49 [00:00<00:00, 55.63it/s][0m[A[0m
[0m
Validation DataLoader 0:  61%|█████████████████████████████████████████████▎                            | 30/49 [00:00<00:00, 43.47it/s][0m[A[0m
[0m
Validation DataLoader 0:  82%|████████████████████████████████████████████████████████████▍             | 40/49 [00:01<00:00, 37.80it/s][0m[A[0m
[0m
Validation DataLoader 0: 100%|██████████████████████████████████████████████████████████████████████████| 49/49 [00:01<00:00, 40.74it/s][0m[A[0m[0m
[0m
                                                                                                                                        [0m[A[0m
Epoch 0: 100%|██████████████████████████████████████████████████████| 170/170 [00:06<00:00, 27.48it/s, val_loss=0.0105, val_mae=0.00371][0m
Epoch 0: 100%|███████████████████████████████████| 170/170 [00:06<00:00, 27.48it/s, val_loss=0.0105, val_mae=0.00371, train_loss=0.0822][0m[0m
Epoch 0: 100%|███████████████████████████████████| 170/170 [00:06<00:00, 27.48it/s, val_loss=0.0105, val_mae=0.00371, train_loss=0.0822][0m
[0m
Training: |                                                                                                       | 0/? [00:00<?, ?it/s][0m
Training: |                                                                                                       | 0/? [00:00<?, ?it/s][0m
Epoch 1:   0%|                                                                                                  | 0/170 [00:00<?, ?it/s][0m
Epoch 1:   6%|█████▏                                                                                   | 10/170 [00:00<00:07, 21.50it/s][0m
Epoch 1:   6%|██                                  | 10/170 [00:00<00:07, 21.50it/s, val_loss=0.0105, val_mae=0.00371, train_loss=0.0822][0m
Epoch 1:  12%|████▏                               | 20/170 [00:00<00:06, 24.07it/s, val_loss=0.0105, val_mae=0.00371, train_loss=0.0822][0m
Epoch 1:  12%|████▏                               | 20/170 [00:00<00:06, 24.07it/s, val_loss=0.0105, val_mae=0.00371, train_loss=0.0822][0m
Epoch 1:  18%|██████▎                             | 30/170 [00:01<00:04, 29.79it/s, val_loss=0.0105, val_mae=0.00371, train_loss=0.0822][0m
Epoch 1:  18%|██████▎                             | 30/170 [00:01<00:04, 29.79it/s, val_loss=0.0105, val_mae=0.00371, train_loss=0.0822][0m
Epoch 1:  24%|████████▍                           | 40/170 [00:01<00:04, 26.69it/s, val_loss=0.0105, val_mae=0.00371, train_loss=0.0822][0m
Epoch 1:  24%|████████▍                           | 40/170 [00:01<00:04, 26.65it/s, val_loss=0.0105, val_mae=0.00371, train_loss=0.0822][0m
Epoch 1:  29%|██████████▌                         | 50/170 [00:01<00:04, 28.52it/s, val_loss=0.0105, val_mae=0.00371, train_loss=0.0822][0m
Epoch 1:  29%|██████████▌                         | 50/170 [00:01<00:04, 28.50it/s, val_loss=0.0105, val_mae=0.00371, train_loss=0.0822][0m
Epoch 1:  35%|████████████▋                       | 60/170 [00:02<00:03, 29.82it/s, val_loss=0.0105, val_mae=0.00371, train_loss=0.0822][0m
Epoch 1:  35%|████████████▋                       | 60/170 [00:02<00:03, 29.79it/s, val_loss=0.0105, val_mae=0.00371, train_loss=0.0822][0m
Epoch 1:  41%|██████████████▊                     | 70/170 [00:02<00:03, 31.13it/s, val_loss=0.0105, val_mae=0.00371, train_loss=0.0822][0m
Epoch 1:  41%|██████████████▊                     | 70/170 [00:02<00:03, 31.13it/s, val_loss=0.0105, val_mae=0.00371, train_loss=0.0822][0m
Epoch 1:  47%|████████████████▉                   | 80/170 [00:02<00:02, 31.42it/s, val_loss=0.0105, val_mae=0.00371, train_loss=0.0822][0m
Epoch 1:  47%|████████████████▉                   | 80/170 [00:02<00:02, 31.42it/s, val_loss=0.0105, val_mae=0.00371, train_loss=0.0822][0m
Epoch 1:  53%|███████████████████                 | 90/170 [00:02<00:02, 32.20it/s, val_loss=0.0105, val_mae=0.00371, train_loss=0.0822][0m
Epoch 1:  53%|███████████████████                 | 90/170 [00:02<00:02, 32.19it/s, val_loss=0.0105, val_mae=0.00371, train_loss=0.0822][0m
Epoch 1:  59%|████████████████████▌              | 100/170 [00:03<00:02, 32.59it/s, val_loss=0.0105, val_mae=0.00371, train_loss=0.0822][0m
Epoch 1:  59%|████████████████████▌              | 100/170 [00:03<00:02, 32.57it/s, val_loss=0.0105, val_mae=0.00371, train_loss=0.0822][0m
Epoch 1:  65%|██████████████████████▋            | 110/170 [00:03<00:01, 32.25it/s, val_loss=0.0105, val_mae=0.00371, train_loss=0.0822][0m
Epoch 1:  65%|██████████████████████▋            | 110/170 [00:03<00:01, 32.25it/s, val_loss=0.0105, val_mae=0.00371, train_loss=0.0822][0m
Epoch 1:  71%|████████████████████████▋          | 120/170 [00:03<00:01, 32.73it/s, val_loss=0.0105, val_mae=0.00371, train_loss=0.0822][0m
Epoch 1:  71%|████████████████████████▋          | 120/170 [00:03<00:01, 32.71it/s, val_loss=0.0105, val_mae=0.00371, train_loss=0.0822][0m
Epoch 1:  76%|██████████████████████████▊        | 130/170 [00:03<00:01, 32.75it/s, val_loss=0.0105, val_mae=0.00371, train_loss=0.0822][0m
Epoch 1:  76%|██████████████████████████▊        | 130/170 [00:03<00:01, 32.75it/s, val_loss=0.0105, val_mae=0.00371, train_loss=0.0822][0m
Epoch 1:  82%|████████████████████████████▊      | 140/170 [00:04<00:00, 33.02it/s, val_loss=0.0105, val_mae=0.00371, train_loss=0.0822][0m
Epoch 1:  82%|████████████████████████████▊      | 140/170 [00:04<00:00, 33.02it/s, val_loss=0.0105, val_mae=0.00371, train_loss=0.0822][0m
Epoch 1:  88%|██████████████████████████████▉    | 150/170 [00:04<00:00, 33.07it/s, val_loss=0.0105, val_mae=0.00371, train_loss=0.0822][0m
Epoch 1:  88%|██████████████████████████████▉    | 150/170 [00:04<00:00, 33.07it/s, val_loss=0.0105, val_mae=0.00371, train_loss=0.0822][0m
Epoch 1:  94%|████████████████████████████████▉  | 160/170 [00:04<00:00, 32.92it/s, val_loss=0.0105, val_mae=0.00371, train_loss=0.0822][0m
Epoch 1:  94%|████████████████████████████████▉  | 160/170 [00:04<00:00, 32.92it/s, val_loss=0.0105, val_mae=0.00371, train_loss=0.0822][0m
Epoch 1: 100%|███████████████████████████████████| 170/170 [00:05<00:00, 33.10it/s, val_loss=0.0105, val_mae=0.00371, train_loss=0.0822][0m
Epoch 1: 100%|███████████████████████████████████| 170/170 [00:05<00:00, 33.10it/s, val_loss=0.0105, val_mae=0.00371, train_loss=0.0822][0m
[0m
Validation: |                                                                                                     | 0/? [00:00<?, ?it/s][0m[A[0m
[0m
Validation: |                                                                                                     | 0/? [00:00<?, ?it/s][0m[A[0m
[0m
Validation DataLoader 0:   0%|                                                                                   | 0/49 [00:00<?, ?it/s][0m[A[0m
[0m
Validation DataLoader 0:  20%|███████████████                                                           | 10/49 [00:00<00:02, 16.97it/s][0m[A[0m
[0m
Validation DataLoader 0:  41%|██████████████████████████████▏                                           | 20/49 [00:00<00:01, 28.75it/s][0m[A[0m
[0m
Validation DataLoader 0:  61%|█████████████████████████████████████████████▎                            | 30/49 [00:01<00:00, 27.01it/s][0m[A[0m
[0m
Validation DataLoader 0:  82%|████████████████████████████████████████████████████████████▍             | 40/49 [00:01<00:00, 30.91it/s][0m[A[0m
[0m
Validation DataLoader 0: 100%|██████████████████████████████████████████████████████████████████████████| 49/49 [00:01<00:00, 33.63it/s][0m[A[0m[0m
[0m
                                                                                                                                        [0m[A[0m
Epoch 1: 100%|████████████████████████████████████| 170/170 [00:06<00:00, 24.62it/s, val_loss=0.011, val_mae=0.00375, train_loss=0.0822][0m
Epoch 1: 100%|████████████████████████████████████| 170/170 [00:06<00:00, 24.62it/s, val_loss=0.011, val_mae=0.00375, train_loss=0.0263][0m[0m
Epoch 1: 100%|████████████████████████████████████| 170/170 [00:06<00:00, 24.62it/s, val_loss=0.011, val_mae=0.00375, train_loss=0.0263][0m
[0m
Training: |                                                                                                       | 0/? [00:00<?, ?it/s][0m
Training: |                                                                                                       | 0/? [00:00<?, ?it/s][0m
Epoch 2:   0%|                                                                                                  | 0/170 [00:00<?, ?it/s][0m
Epoch 2:   6%|█████▏                                                                                   | 10/170 [00:00<00:06, 23.00it/s][0m
Epoch 2:   6%|██▏                                  | 10/170 [00:00<00:06, 23.00it/s, val_loss=0.011, val_mae=0.00375, train_loss=0.0263][0m
Epoch 2:  12%|████▎                                | 20/170 [00:00<00:05, 27.43it/s, val_loss=0.011, val_mae=0.00375, train_loss=0.0263][0m
Epoch 2:  12%|████▎                                | 20/170 [00:00<00:05, 27.43it/s, val_loss=0.011, val_mae=0.00375, train_loss=0.0263][0m
Epoch 2:  18%|██████▌                              | 30/170 [00:01<00:04, 28.49it/s, val_loss=0.011, val_mae=0.00375, train_loss=0.0263][0m
Epoch 2:  18%|██████▌                              | 30/170 [00:01<00:04, 28.49it/s, val_loss=0.011, val_mae=0.00375, train_loss=0.0263][0m
Epoch 2:  24%|████████▋                            | 40/170 [00:01<00:04, 31.42it/s, val_loss=0.011, val_mae=0.00375, train_loss=0.0263][0m
Epoch 2:  24%|████████▋                            | 40/170 [00:01<00:04, 31.42it/s, val_loss=0.011, val_mae=0.00375, train_loss=0.0263][0m
Epoch 2:  29%|██████████▉                          | 50/170 [00:01<00:04, 29.03it/s, val_loss=0.011, val_mae=0.00375, train_loss=0.0263][0m
Epoch 2:  29%|██████████▉                          | 50/170 [00:01<00:04, 29.03it/s, val_loss=0.011, val_mae=0.00375, train_loss=0.0263][0m
Epoch 2:  35%|█████████████                        | 60/170 [00:01<00:03, 32.26it/s, val_loss=0.011, val_mae=0.00375, train_loss=0.0263][0m
Epoch 2:  35%|█████████████                        | 60/170 [00:01<00:03, 32.26it/s, val_loss=0.011, val_mae=0.00375, train_loss=0.0263][0m
Epoch 2:  41%|███████████████▏                     | 70/170 [00:02<00:03, 32.42it/s, val_loss=0.011, val_mae=0.00375, train_loss=0.0263][0m
Epoch 2:  41%|███████████████▏                     | 70/170 [00:02<00:03, 32.42it/s, val_loss=0.011, val_mae=0.00375, train_loss=0.0263][0m
Epoch 2:  47%|█████████████████▍                   | 80/170 [00:02<00:02, 30.92it/s, val_loss=0.011, val_mae=0.00375, train_loss=0.0263][0m
Epoch 2:  47%|█████████████████▍                   | 80/170 [00:02<00:02, 30.92it/s, val_loss=0.011, val_mae=0.00375, train_loss=0.0263][0m
Epoch 2:  53%|███████████████████▌                 | 90/170 [00:02<00:02, 31.13it/s, val_loss=0.011, val_mae=0.00375, train_loss=0.0263][0m
Epoch 2:  53%|███████████████████▌                 | 90/170 [00:02<00:02, 31.13it/s, val_loss=0.011, val_mae=0.00375, train_loss=0.0263][0m
Epoch 2:  59%|█████████████████████▏              | 100/170 [00:03<00:02, 32.55it/s, val_loss=0.011, val_mae=0.00375, train_loss=0.0263][0m
Epoch 2:  59%|█████████████████████▏              | 100/170 [00:03<00:02, 32.55it/s, val_loss=0.011, val_mae=0.00375, train_loss=0.0263][0m
Epoch 2:  65%|███████████████████████▎            | 110/170 [00:03<00:01, 33.23it/s, val_loss=0.011, val_mae=0.00375, train_loss=0.0263][0m
Epoch 2:  65%|███████████████████████▎            | 110/170 [00:03<00:01, 33.21it/s, val_loss=0.011, val_mae=0.00375, train_loss=0.0263][0m
Epoch 2:  71%|█████████████████████████▍          | 120/170 [00:03<00:01, 32.63it/s, val_loss=0.011, val_mae=0.00375, train_loss=0.0263][0m
Epoch 2:  71%|█████████████████████████▍          | 120/170 [00:03<00:01, 32.63it/s, val_loss=0.011, val_mae=0.00375, train_loss=0.0263][0m
Epoch 2:  76%|███████████████████████████▌        | 130/170 [00:03<00:01, 32.89it/s, val_loss=0.011, val_mae=0.00375, train_loss=0.0263][0m
Epoch 2:  76%|███████████████████████████▌        | 130/170 [00:03<00:01, 32.89it/s, val_loss=0.011, val_mae=0.00375, train_loss=0.0263][0m
Epoch 2:  82%|█████████████████████████████▋      | 140/170 [00:04<00:00, 31.85it/s, val_loss=0.011, val_mae=0.00375, train_loss=0.0263][0m
Epoch 2:  82%|█████████████████████████████▋      | 140/170 [00:04<00:00, 31.85it/s, val_loss=0.011, val_mae=0.00375, train_loss=0.0263][0m
Epoch 2:  88%|███████████████████████████████▊    | 150/170 [00:04<00:00, 32.88it/s, val_loss=0.011, val_mae=0.00375, train_loss=0.0263][0m
Epoch 2:  88%|███████████████████████████████▊    | 150/170 [00:04<00:00, 32.88it/s, val_loss=0.011, val_mae=0.00375, train_loss=0.0263][0m
Epoch 2:  94%|█████████████████████████████████▉  | 160/170 [00:04<00:00, 33.49it/s, val_loss=0.011, val_mae=0.00375, train_loss=0.0263][0m
Epoch 2:  94%|█████████████████████████████████▉  | 160/170 [00:04<00:00, 33.47it/s, val_loss=0.011, val_mae=0.00375, train_loss=0.0263][0m
Epoch 2: 100%|████████████████████████████████████| 170/170 [00:04<00:00, 34.15it/s, val_loss=0.011, val_mae=0.00375, train_loss=0.0263][0m
Epoch 2: 100%|████████████████████████████████████| 170/170 [00:04<00:00, 34.15it/s, val_loss=0.011, val_mae=0.00375, train_loss=0.0263][0m
[0m
Validation: |                                                                                                     | 0/? [00:00<?, ?it/s][0m[A[0m
[0m
Validation: |                                                                                                     | 0/? [00:00<?, ?it/s][0m[A[0m
[0m
Validation DataLoader 0:   0%|                                                                                   | 0/49 [00:00<?, ?it/s][0m[A[0m
[0m
Validation DataLoader 0:  20%|███████████████                                                           | 10/49 [00:00<00:02, 16.82it/s][0m[A[0m
[0m
Validation DataLoader 0:  41%|██████████████████████████████▏                                           | 20/49 [00:00<00:01, 28.88it/s][0m[A[0m
[0m
Validation DataLoader 0:  61%|█████████████████████████████████████████████▎                            | 30/49 [00:01<00:00, 26.83it/s][0m[A[0m
[0m
Validation DataLoader 0:  82%|████████████████████████████████████████████████████████████▍             | 40/49 [00:01<00:00, 29.78it/s][0m[A[0m
[0m
Validation DataLoader 0: 100%|██████████████████████████████████████████████████████████████████████████| 49/49 [00:01<00:00, 32.61it/s][0m[A[0m[0m
[0m
                                                                                                                                        [0m[A[0m
Epoch 2: 100%|██████████████████████████████████| 170/170 [00:06<00:00, 25.02it/s, val_loss=0.00675, val_mae=0.00272, train_loss=0.0263][0m
Epoch 2: 100%|██████████████████████████████████| 170/170 [00:06<00:00, 25.02it/s, val_loss=0.00675, val_mae=0.00272, train_loss=0.0216][0m[0m
Epoch 2: 100%|██████████████████████████████████| 170/170 [00:06<00:00, 25.02it/s, val_loss=0.00675, val_mae=0.00272, train_loss=0.0216][0m
[0m
Training: |                                                                                                       | 0/? [00:00<?, ?it/s][0m
Training: |                                                                                                       | 0/? [00:00<?, ?it/s][0m
Epoch 3:   0%|                                                                                                  | 0/170 [00:00<?, ?it/s][0m
Epoch 3:   6%|█████▏                                                                                   | 10/170 [00:00<00:07, 22.60it/s][0m
Epoch 3:   6%|██                                 | 10/170 [00:00<00:07, 22.60it/s, val_loss=0.00675, val_mae=0.00272, train_loss=0.0216][0m
Epoch 3:  12%|████                               | 20/170 [00:00<00:06, 22.41it/s, val_loss=0.00675, val_mae=0.00272, train_loss=0.0216][0m
Epoch 3:  12%|████                               | 20/170 [00:00<00:06, 22.36it/s, val_loss=0.00675, val_mae=0.00272, train_loss=0.0216][0m
Epoch 3:  18%|██████▏                            | 30/170 [00:01<00:05, 27.19it/s, val_loss=0.00675, val_mae=0.00272, train_loss=0.0216][0m
Epoch 3:  18%|██████▏                            | 30/170 [00:01<00:05, 27.19it/s, val_loss=0.00675, val_mae=0.00272, train_loss=0.0216][0m
Epoch 3:  24%|████████▏                          | 40/170 [00:01<00:04, 28.72it/s, val_loss=0.00675, val_mae=0.00272, train_loss=0.0216][0m
Epoch 3:  24%|████████▏                          | 40/170 [00:01<00:04, 28.72it/s, val_loss=0.00675, val_mae=0.00272, train_loss=0.0216][0m
Epoch 3:  29%|██████████▎                        | 50/170 [00:01<00:03, 31.21it/s, val_loss=0.00675, val_mae=0.00272, train_loss=0.0216][0m
Epoch 3:  29%|██████████▎                        | 50/170 [00:01<00:03, 31.21it/s, val_loss=0.00675, val_mae=0.00272, train_loss=0.0216][0m
Epoch 3:  35%|████████████▎                      | 60/170 [00:02<00:03, 29.86it/s, val_loss=0.00675, val_mae=0.00272, train_loss=0.0216][0m
Epoch 3:  35%|████████████▎                      | 60/170 [00:02<00:03, 29.86it/s, val_loss=0.00675, val_mae=0.00272, train_loss=0.0216][0m
Epoch 3:  41%|██████████████▍                    | 70/170 [00:02<00:03, 31.21it/s, val_loss=0.00675, val_mae=0.00272, train_loss=0.0216][0m
Epoch 3:  41%|██████████████▍                    | 70/170 [00:02<00:03, 31.21it/s, val_loss=0.00675, val_mae=0.00272, train_loss=0.0216][0m
Epoch 3:  47%|████████████████▍                  | 80/170 [00:02<00:03, 29.67it/s, val_loss=0.00675, val_mae=0.00272, train_loss=0.0216][0m
Epoch 3:  47%|████████████████▍                  | 80/170 [00:02<00:03, 29.67it/s, val_loss=0.00675, val_mae=0.00272, train_loss=0.0216][0m
Epoch 3:  53%|██████████████████▌                | 90/170 [00:02<00:02, 31.74it/s, val_loss=0.00675, val_mae=0.00272, train_loss=0.0216][0m
Epoch 3:  53%|██████████████████▌                | 90/170 [00:02<00:02, 31.56it/s, val_loss=0.00675, val_mae=0.00272, train_loss=0.0216][0m
Epoch 3:  59%|████████████████████              | 100/170 [00:03<00:02, 30.70it/s, val_loss=0.00675, val_mae=0.00272, train_loss=0.0216][0m
Epoch 3:  59%|████████████████████              | 100/170 [00:03<00:02, 30.70it/s, val_loss=0.00675, val_mae=0.00272, train_loss=0.0216][0m
Epoch 3:  65%|██████████████████████            | 110/170 [00:03<00:01, 30.95it/s, val_loss=0.00675, val_mae=0.00272, train_loss=0.0216][0m
Epoch 3:  65%|██████████████████████            | 110/170 [00:03<00:01, 30.95it/s, val_loss=0.00675, val_mae=0.00272, train_loss=0.0216][0m
Epoch 3:  71%|████████████████████████          | 120/170 [00:03<00:01, 31.53it/s, val_loss=0.00675, val_mae=0.00272, train_loss=0.0216][0m
Epoch 3:  71%|████████████████████████          | 120/170 [00:03<00:01, 31.53it/s, val_loss=0.00675, val_mae=0.00272, train_loss=0.0216][0m
Epoch 3:  76%|██████████████████████████        | 130/170 [00:03<00:01, 32.70it/s, val_loss=0.00675, val_mae=0.00272, train_loss=0.0216][0m
Epoch 3:  76%|██████████████████████████        | 130/170 [00:03<00:01, 32.70it/s, val_loss=0.00675, val_mae=0.00272, train_loss=0.0216][0m
Epoch 3:  82%|████████████████████████████      | 140/170 [00:04<00:00, 32.51it/s, val_loss=0.00675, val_mae=0.00272, train_loss=0.0216][0m
Epoch 3:  82%|████████████████████████████      | 140/170 [00:04<00:00, 32.51it/s, val_loss=0.00675, val_mae=0.00272, train_loss=0.0216][0m
Epoch 3:  88%|██████████████████████████████    | 150/170 [00:04<00:00, 32.86it/s, val_loss=0.00675, val_mae=0.00272, train_loss=0.0216][0m
Epoch 3:  88%|██████████████████████████████    | 150/170 [00:04<00:00, 32.86it/s, val_loss=0.00675, val_mae=0.00272, train_loss=0.0216][0m
Epoch 3:  94%|████████████████████████████████  | 160/170 [00:04<00:00, 33.53it/s, val_loss=0.00675, val_mae=0.00272, train_loss=0.0216][0m
Epoch 3:  94%|████████████████████████████████  | 160/170 [00:04<00:00, 33.53it/s, val_loss=0.00675, val_mae=0.00272, train_loss=0.0216][0m
Epoch 3: 100%|██████████████████████████████████| 170/170 [00:04<00:00, 34.05it/s, val_loss=0.00675, val_mae=0.00272, train_loss=0.0216][0m
Epoch 3: 100%|██████████████████████████████████| 170/170 [00:04<00:00, 34.05it/s, val_loss=0.00675, val_mae=0.00272, train_loss=0.0216][0m
[0m
Validation: |                                                                                                     | 0/? [00:00<?, ?it/s][0m[A[0m
[0m
Validation: |                                                                                                     | 0/? [00:00<?, ?it/s][0m[A[0m
[0m
Validation DataLoader 0:   0%|                                                                                   | 0/49 [00:00<?, ?it/s][0m[A[0m
[0m
Validation DataLoader 0:  20%|███████████████                                                           | 10/49 [00:00<00:02, 17.37it/s][0m[A[0m
[0m
Validation DataLoader 0:  41%|██████████████████████████████▏                                           | 20/49 [00:00<00:00, 29.84it/s][0m[A[0m
[0m
Validation DataLoader 0:  61%|█████████████████████████████████████████████▎                            | 30/49 [00:01<00:00, 26.91it/s][0m[A[0m
[0m
Validation DataLoader 0:  82%|████████████████████████████████████████████████████████████▍             | 40/49 [00:01<00:00, 30.91it/s][0m[A[0m
[0m
Validation DataLoader 0: 100%|██████████████████████████████████████████████████████████████████████████| 49/49 [00:01<00:00, 33.77it/s][0m[A[0m[0m
[0m
                                                                                                                                        [0m[A[0m
Epoch 3: 100%|██████████████████████████████████| 170/170 [00:06<00:00, 25.16it/s, val_loss=0.00948, val_mae=0.00334, train_loss=0.0216][0m
Epoch 3: 100%|██████████████████████████████████| 170/170 [00:06<00:00, 25.16it/s, val_loss=0.00948, val_mae=0.00334, train_loss=0.0195][0m[0m
Epoch 3: 100%|██████████████████████████████████| 170/170 [00:06<00:00, 25.16it/s, val_loss=0.00948, val_mae=0.00334, train_loss=0.0195][0m
[0m
Training: |                                                                                                       | 0/? [00:00<?, ?it/s][0m
Training: |                                                                                                       | 0/? [00:00<?, ?it/s][0m
Epoch 4:   0%|                                                                                                  | 0/170 [00:00<?, ?it/s][0m
Epoch 4:   6%|█████▏                                                                                   | 10/170 [00:00<00:07, 20.59it/s][0m
Epoch 4:   6%|██                                 | 10/170 [00:00<00:07, 20.59it/s, val_loss=0.00948, val_mae=0.00334, train_loss=0.0195][0m
Epoch 4:  12%|████                               | 20/170 [00:00<00:05, 27.16it/s, val_loss=0.00948, val_mae=0.00334, train_loss=0.0195][0m
Epoch 4:  12%|████                               | 20/170 [00:00<00:05, 27.16it/s, val_loss=0.00948, val_mae=0.00334, train_loss=0.0195][0m
Epoch 4:  18%|██████▏                            | 30/170 [00:01<00:04, 29.99it/s, val_loss=0.00948, val_mae=0.00334, train_loss=0.0195][0m
Epoch 4:  18%|██████▏                            | 30/170 [00:01<00:04, 29.99it/s, val_loss=0.00948, val_mae=0.00334, train_loss=0.0195][0m
Epoch 4:  24%|████████▏                          | 40/170 [00:01<00:03, 33.23it/s, val_loss=0.00948, val_mae=0.00334, train_loss=0.0195][0m
Epoch 4:  24%|████████▏                          | 40/170 [00:01<00:03, 33.23it/s, val_loss=0.00948, val_mae=0.00334, train_loss=0.0195][0m
Epoch 4:  29%|██████████▎                        | 50/170 [00:01<00:03, 31.06it/s, val_loss=0.00948, val_mae=0.00334, train_loss=0.0195][0m
Epoch 4:  29%|██████████▎                        | 50/170 [00:01<00:03, 31.06it/s, val_loss=0.00948, val_mae=0.00334, train_loss=0.0195][0m
Epoch 4:  35%|████████████▎                      | 60/170 [00:01<00:03, 32.53it/s, val_loss=0.00948, val_mae=0.00334, train_loss=0.0195][0m
Epoch 4:  35%|████████████▎                      | 60/170 [00:01<00:03, 32.53it/s, val_loss=0.00948, val_mae=0.00334, train_loss=0.0195][0m
Epoch 4:  41%|██████████████▍                    | 70/170 [00:02<00:03, 31.33it/s, val_loss=0.00948, val_mae=0.00334, train_loss=0.0195][0m
Epoch 4:  41%|██████████████▍                    | 70/170 [00:02<00:03, 31.33it/s, val_loss=0.00948, val_mae=0.00334, train_loss=0.0195][0m
Epoch 4:  47%|████████████████▍                  | 80/170 [00:02<00:02, 32.38it/s, val_loss=0.00948, val_mae=0.00334, train_loss=0.0195][0m
Epoch 4:  47%|████████████████▍                  | 80/170 [00:02<00:02, 32.38it/s, val_loss=0.00948, val_mae=0.00334, train_loss=0.0195][0m
Epoch 4:  53%|██████████████████▌                | 90/170 [00:02<00:02, 33.86it/s, val_loss=0.00948, val_mae=0.00334, train_loss=0.0195][0m
Epoch 4:  53%|██████████████████▌                | 90/170 [00:02<00:02, 33.86it/s, val_loss=0.00948, val_mae=0.00334, train_loss=0.0195][0m
Epoch 4:  59%|████████████████████              | 100/170 [00:02<00:02, 34.01it/s, val_loss=0.00948, val_mae=0.00334, train_loss=0.0195][0m
Epoch 4:  59%|████████████████████              | 100/170 [00:02<00:02, 34.01it/s, val_loss=0.00948, val_mae=0.00334, train_loss=0.0195][0m
Epoch 4:  65%|██████████████████████            | 110/170 [00:03<00:01, 34.01it/s, val_loss=0.00948, val_mae=0.00334, train_loss=0.0195][0m
Epoch 4:  65%|██████████████████████            | 110/170 [00:03<00:01, 34.01it/s, val_loss=0.00948, val_mae=0.00334, train_loss=0.0195][0m
Epoch 4:  71%|████████████████████████          | 120/170 [00:03<00:01, 34.57it/s, val_loss=0.00948, val_mae=0.00334, train_loss=0.0195][0m
Epoch 4:  71%|████████████████████████          | 120/170 [00:03<00:01, 34.57it/s, val_loss=0.00948, val_mae=0.00334, train_loss=0.0195][0m
Epoch 4:  76%|██████████████████████████        | 130/170 [00:03<00:01, 34.79it/s, val_loss=0.00948, val_mae=0.00334, train_loss=0.0195][0m
Epoch 4:  76%|██████████████████████████        | 130/170 [00:03<00:01, 34.79it/s, val_loss=0.00948, val_mae=0.00334, train_loss=0.0195][0m
Epoch 4:  82%|████████████████████████████      | 140/170 [00:04<00:00, 34.86it/s, val_loss=0.00948, val_mae=0.00334, train_loss=0.0195][0m
Epoch 4:  82%|████████████████████████████      | 140/170 [00:04<00:00, 34.86it/s, val_loss=0.00948, val_mae=0.00334, train_loss=0.0195][0m
Epoch 4:  88%|██████████████████████████████    | 150/170 [00:04<00:00, 34.90it/s, val_loss=0.00948, val_mae=0.00334, train_loss=0.0195][0m
Epoch 4:  88%|██████████████████████████████    | 150/170 [00:04<00:00, 34.90it/s, val_loss=0.00948, val_mae=0.00334, train_loss=0.0195][0m
Epoch 4:  94%|████████████████████████████████  | 160/170 [00:04<00:00, 35.05it/s, val_loss=0.00948, val_mae=0.00334, train_loss=0.0195][0m
Epoch 4:  94%|████████████████████████████████  | 160/170 [00:04<00:00, 35.05it/s, val_loss=0.00948, val_mae=0.00334, train_loss=0.0195][0m
Epoch 4: 100%|██████████████████████████████████| 170/170 [00:04<00:00, 35.43it/s, val_loss=0.00948, val_mae=0.00334, train_loss=0.0195][0m
Epoch 4: 100%|██████████████████████████████████| 170/170 [00:04<00:00, 35.43it/s, val_loss=0.00948, val_mae=0.00334, train_loss=0.0195][0m
[0m
Validation: |                                                                                                     | 0/? [00:00<?, ?it/s][0m[A[0m
[0m
Validation: |                                                                                                     | 0/? [00:00<?, ?it/s][0m[A[0m
[0m
Validation DataLoader 0:   0%|                                                                                   | 0/49 [00:00<?, ?it/s][0m[A[0m
[0m
Validation DataLoader 0:  20%|███████████████                                                           | 10/49 [00:00<00:02, 16.46it/s][0m[A[0m
[0m
Validation DataLoader 0:  41%|██████████████████████████████▏                                           | 20/49 [00:00<00:01, 28.46it/s][0m[A[0m
[0m
Validation DataLoader 0:  61%|█████████████████████████████████████████████▎                            | 30/49 [00:01<00:00, 25.93it/s][0m[A[0m
[0m
Validation DataLoader 0:  82%|████████████████████████████████████████████████████████████▍             | 40/49 [00:01<00:00, 30.48it/s][0m[A[0m
[0m
Validation DataLoader 0: 100%|██████████████████████████████████████████████████████████████████████████| 49/49 [00:01<00:00, 33.02it/s][0m[A[0m[0m
[0m
                                                                                                                                        [0m[A[0m
Epoch 4: 100%|██████████████████████████████████| 170/170 [00:06<00:00, 25.84it/s, val_loss=0.00865, val_mae=0.00335, train_loss=0.0195][0m
Epoch 4: 100%|██████████████████████████████████| 170/170 [00:06<00:00, 25.84it/s, val_loss=0.00865, val_mae=0.00335, train_loss=0.0185][0m[0m
Epoch 4: 100%|██████████████████████████████████| 170/170 [00:06<00:00, 25.84it/s, val_loss=0.00865, val_mae=0.00335, train_loss=0.0185][0m
[0m
Training: |                                                                                                       | 0/? [00:00<?, ?it/s][0m
Training: |                                                                                                       | 0/? [00:00<?, ?it/s][0m
Epoch 5:   0%|                                                                                                  | 0/170 [00:00<?, ?it/s][0m
Epoch 5:   6%|█████▏                                                                                   | 10/170 [00:00<00:07, 22.48it/s][0m
Epoch 5:   6%|██                                 | 10/170 [00:00<00:07, 22.48it/s, val_loss=0.00865, val_mae=0.00335, train_loss=0.0185][0m
Epoch 5:  12%|████                               | 20/170 [00:00<00:05, 27.05it/s, val_loss=0.00865, val_mae=0.00335, train_loss=0.0185][0m
Epoch 5:  12%|████                               | 20/170 [00:00<00:05, 27.05it/s, val_loss=0.00865, val_mae=0.00335, train_loss=0.0185][0m
Epoch 5:  18%|██████▏                            | 30/170 [00:01<00:04, 28.76it/s, val_loss=0.00865, val_mae=0.00335, train_loss=0.0185][0m
Epoch 5:  18%|██████▏                            | 30/170 [00:01<00:04, 28.76it/s, val_loss=0.00865, val_mae=0.00335, train_loss=0.0185][0m
Epoch 5:  24%|████████▏                          | 40/170 [00:01<00:04, 31.44it/s, val_loss=0.00865, val_mae=0.00335, train_loss=0.0185][0m
Epoch 5:  24%|████████▏                          | 40/170 [00:01<00:04, 31.44it/s, val_loss=0.00865, val_mae=0.00335, train_loss=0.0185][0m
Epoch 5:  29%|██████████▎                        | 50/170 [00:01<00:03, 32.21it/s, val_loss=0.00865, val_mae=0.00335, train_loss=0.0185][0m
Epoch 5:  29%|██████████▎                        | 50/170 [00:01<00:03, 32.21it/s, val_loss=0.00865, val_mae=0.00335, train_loss=0.0185][0m
Epoch 5:  35%|████████████▎                      | 60/170 [00:01<00:03, 32.45it/s, val_loss=0.00865, val_mae=0.00335, train_loss=0.0185][0m
Epoch 5:  35%|████████████▎                      | 60/170 [00:01<00:03, 32.45it/s, val_loss=0.00865, val_mae=0.00335, train_loss=0.0185][0m
Epoch 5:  41%|██████████████▍                    | 70/170 [00:02<00:03, 30.34it/s, val_loss=0.00865, val_mae=0.00335, train_loss=0.0185][0m
Epoch 5:  41%|██████████████▍                    | 70/170 [00:02<00:03, 30.34it/s, val_loss=0.00865, val_mae=0.00335, train_loss=0.0185][0m
Epoch 5:  47%|████████████████▍                  | 80/170 [00:02<00:02, 31.91it/s, val_loss=0.00865, val_mae=0.00335, train_loss=0.0185][0m
Epoch 5:  47%|████████████████▍                  | 80/170 [00:02<00:02, 31.91it/s, val_loss=0.00865, val_mae=0.00335, train_loss=0.0185][0m
Epoch 5:  53%|██████████████████▌                | 90/170 [00:02<00:02, 32.82it/s, val_loss=0.00865, val_mae=0.00335, train_loss=0.0185][0m
Epoch 5:  53%|██████████████████▌                | 90/170 [00:02<00:02, 32.82it/s, val_loss=0.00865, val_mae=0.00335, train_loss=0.0185][0m
Epoch 5:  59%|████████████████████              | 100/170 [00:03<00:02, 33.10it/s, val_loss=0.00865, val_mae=0.00335, train_loss=0.0185][0m
Epoch 5:  59%|████████████████████              | 100/170 [00:03<00:02, 33.10it/s, val_loss=0.00865, val_mae=0.00335, train_loss=0.0185][0m
Epoch 5:  65%|██████████████████████            | 110/170 [00:03<00:01, 32.24it/s, val_loss=0.00865, val_mae=0.00335, train_loss=0.0185][0m
Epoch 5:  65%|██████████████████████            | 110/170 [00:03<00:01, 32.24it/s, val_loss=0.00865, val_mae=0.00335, train_loss=0.0185][0m
Epoch 5:  71%|████████████████████████          | 120/170 [00:03<00:01, 33.20it/s, val_loss=0.00865, val_mae=0.00335, train_loss=0.0185][0m
Epoch 5:  71%|████████████████████████          | 120/170 [00:03<00:01, 33.20it/s, val_loss=0.00865, val_mae=0.00335, train_loss=0.0185][0m
Epoch 5:  76%|██████████████████████████        | 130/170 [00:03<00:01, 33.64it/s, val_loss=0.00865, val_mae=0.00335, train_loss=0.0185][0m
Epoch 5:  76%|██████████████████████████        | 130/170 [00:03<00:01, 33.64it/s, val_loss=0.00865, val_mae=0.00335, train_loss=0.0185][0m
Epoch 5:  82%|████████████████████████████      | 140/170 [00:04<00:00, 32.64it/s, val_loss=0.00865, val_mae=0.00335, train_loss=0.0185][0m
Epoch 5:  82%|████████████████████████████      | 140/170 [00:04<00:00, 32.64it/s, val_loss=0.00865, val_mae=0.00335, train_loss=0.0185][0m
Epoch 5:  88%|██████████████████████████████    | 150/170 [00:04<00:00, 32.50it/s, val_loss=0.00865, val_mae=0.00335, train_loss=0.0185][0m
Epoch 5:  88%|██████████████████████████████    | 150/170 [00:04<00:00, 32.50it/s, val_loss=0.00865, val_mae=0.00335, train_loss=0.0185][0m
Epoch 5:  94%|████████████████████████████████  | 160/170 [00:04<00:00, 32.66it/s, val_loss=0.00865, val_mae=0.00335, train_loss=0.0185][0m
Epoch 5:  94%|████████████████████████████████  | 160/170 [00:04<00:00, 32.66it/s, val_loss=0.00865, val_mae=0.00335, train_loss=0.0185][0m
Epoch 5: 100%|██████████████████████████████████| 170/170 [00:05<00:00, 33.33it/s, val_loss=0.00865, val_mae=0.00335, train_loss=0.0185][0m
Epoch 5: 100%|██████████████████████████████████| 170/170 [00:05<00:00, 33.33it/s, val_loss=0.00865, val_mae=0.00335, train_loss=0.0185][0m
[0m
Validation: |                                                                                                     | 0/? [00:00<?, ?it/s][0m[A[0m
[0m
Validation: |                                                                                                     | 0/? [00:00<?, ?it/s][0m[A[0m
[0m
Validation DataLoader 0:   0%|                                                                                   | 0/49 [00:00<?, ?it/s][0m[A[0m
[0m
Validation DataLoader 0:  20%|███████████████                                                           | 10/49 [00:00<00:02, 16.84it/s][0m[A[0m
[0m
Validation DataLoader 0:  41%|██████████████████████████████▏                                           | 20/49 [00:00<00:01, 28.45it/s][0m[A[0m
[0m
Validation DataLoader 0:  61%|█████████████████████████████████████████████▎                            | 30/49 [00:01<00:00, 26.30it/s][0m[A[0m
[0m
Validation DataLoader 0:  82%|████████████████████████████████████████████████████████████▍             | 40/49 [00:01<00:00, 30.48it/s][0m[A[0m
[0m
Validation DataLoader 0: 100%|██████████████████████████████████████████████████████████████████████████| 49/49 [00:01<00:00, 33.70it/s][0m[A[0m[0m
[0m
                                                                                                                                        [0m[A[0m
Epoch 5: 100%|██████████████████████████████████| 170/170 [00:06<00:00, 24.76it/s, val_loss=0.00689, val_mae=0.00282, train_loss=0.0185][0m
Epoch 5: 100%|██████████████████████████████████| 170/170 [00:06<00:00, 24.76it/s, val_loss=0.00689, val_mae=0.00282, train_loss=0.0163][0m[0m
Epoch 5: 100%|██████████████████████████████████| 170/170 [00:06<00:00, 24.76it/s, val_loss=0.00689, val_mae=0.00282, train_loss=0.0163][0m
[0m[32m[1m[DONE][0m Training loop completed[0m
[0m
[0m[36m[1m================================================================================================[0m
[0m[36m[1mValidation Loop[0m
[0m[36m[1m================================================================================================[0m
[0m[34m[1m[INFO][0m Starting final Lightning validation loop[0m
[0m
Validation: |                                                                                                     | 0/? [00:00<?, ?it/s][0m
Validation: |                                                                                                     | 0/? [00:00<?, ?it/s][0m
Validation DataLoader 0:   0%|                                                                                   | 0/49 [00:00<?, ?it/s][0m
Validation DataLoader 0:  20%|███████████████                                                           | 10/49 [00:00<00:02, 17.59it/s][0m
Validation DataLoader 0:  41%|██████████████████████████████▏                                           | 20/49 [00:00<00:00, 29.80it/s][0m
Validation DataLoader 0:  61%|█████████████████████████████████████████████▎                            | 30/49 [00:01<00:00, 27.85it/s][0m
Validation DataLoader 0:  82%|████████████████████████████████████████████████████████████▍             | 40/49 [00:01<00:00, 31.44it/s][0m
Validation DataLoader 0: 100%|██████████████████████████████████████████████████████████████████████████| 49/49 [00:01<00:00, 34.67it/s][0m[0m
Validation DataLoader 0: 100%|██████████████████████████████████████████████████████████████████████████| 49/49 [00:01<00:00, 34.67it/s][0m
[0m┏━━━━━━━━━━━━━━━━━━━━━━━━━━━━━━━━┳━━━━━━━━━━━━━━━━━━━━━━━━━━━━━━━━┓
┃[1m [0m[1m       Validate metric        [0m[1m [0m┃[1m [0m[1m         DataLoader 0         [0m[1m [0m┃
┡━━━━━━━━━━━━━━━━━━━━━━━━━━━━━━━━╇━━━━━━━━━━━━━━━━━━━━━━━━━━━━━━━━┩
│[36m [0m[36mval_centered_curve_shape_loss [0m[36m [0m│[35m [0m[35m     0.004380666185170412     [0m[35m [0m│
│[36m [0m[36m   val_curve_amplitude_loss   [0m[36m [0m│[35m [0m[35m     0.024508537724614143     [0m[35m [0m│
│[36m [0m[36m    val_curve_offset_loss     [0m[36m [0m│[35m [0m[35m    0.0027296789921820164     [0m[35m [0m│
│[36m [0m[36m           val_loss           [0m[36m [0m│[35m [0m[35m     0.006886318791657686     [0m[35m [0m│
│[36m [0m[36m           val_mae            [0m[36m [0m│[35m [0m[35m     0.00281615206040442      [0m[35m [0m│
│[36m [0m[36m      val_pointwise_loss      [0m[36m [0m│[35m [0m[35m     0.006886318791657686     [0m[35m [0m│
│[36m [0m[36m           val_rmse           [0m[36m [0m│[35m [0m[35m     0.003511860966682434     [0m[35m [0m│
│[36m [0m[36mval_sparse_harmonic_shape_loss[0m[36m [0m│[35m [0m[35m             0.0              [0m[35m [0m│
└────────────────────────────────┴────────────────────────────────┘
[0m[32m[1m[DONE][0m Validation loop completed[0m
[0m
[0m[36m[1m================================================================================================[0m
[0m[36m[1mBest Checkpoint Evaluation[0m
[0m[36m[1m================================================================================================[0m
[0m[34m[1m[INFO][0m Loading best checkpoint for reproducible validation and test evaluation[0m
[0m
Validation: |                                                                                                     | 0/? [00:00<?, ?it/s][0m
Validation: |                                                                                                     | 0/? [00:00<?, ?it/s][0m
Validation DataLoader 0:   0%|                                                                                   | 0/49 [00:00<?, ?it/s][0m
Validation DataLoader 0:  20%|███████████████                                                           | 10/49 [00:00<00:02, 17.98it/s][0m
Validation DataLoader 0:  41%|██████████████████████████████▏                                           | 20/49 [00:00<00:00, 30.15it/s][0m
Validation DataLoader 0:  61%|█████████████████████████████████████████████▎                            | 30/49 [00:01<00:00, 28.07it/s][0m
Validation DataLoader 0:  82%|████████████████████████████████████████████████████████████▍             | 40/49 [00:01<00:00, 31.94it/s][0m
Validation DataLoader 0: 100%|██████████████████████████████████████████████████████████████████████████| 49/49 [00:01<00:00, 35.37it/s][0m[0m
Validation DataLoader 0: 100%|██████████████████████████████████████████████████████████████████████████| 49/49 [00:01<00:00, 35.37it/s][0m
[0m┏━━━━━━━━━━━━━━━━━━━━━━━━━━━━━━━━┳━━━━━━━━━━━━━━━━━━━━━━━━━━━━━━━━┓
┃[1m [0m[1m       Validate metric        [0m[1m [0m┃[1m [0m[1m         DataLoader 0         [0m[1m [0m┃
┡━━━━━━━━━━━━━━━━━━━━━━━━━━━━━━━━╇━━━━━━━━━━━━━━━━━━━━━━━━━━━━━━━━┩
│[36m [0m[36mval_centered_curve_shape_loss [0m[36m [0m│[35m [0m[35m     0.004749564453959465     [0m[35m [0m│
│[36m [0m[36m   val_curve_amplitude_loss   [0m[36m [0m│[35m [0m[35m     0.030025793239474297     [0m[35m [0m│
│[36m [0m[36m    val_curve_offset_loss     [0m[36m [0m│[35m [0m[35m    0.0022869606036692858     [0m[35m [0m│
│[36m [0m[36m           val_loss           [0m[36m [0m│[35m [0m[35m     0.006748676765710115     [0m[35m [0m│
│[36m [0m[36m           val_mae            [0m[36m [0m│[35m [0m[35m    0.0027246347162872553     [0m[35m [0m│
│[36m [0m[36m      val_pointwise_loss      [0m[36m [0m│[35m [0m[35m     0.006748676765710115     [0m[35m [0m│
│[36m [0m[36m           val_rmse           [0m[36m [0m│[35m [0m[35m     0.00348073267377913      [0m[35m [0m│
│[36m [0m[36mval_sparse_harmonic_shape_loss[0m[36m [0m│[35m [0m[35m             0.0              [0m[35m [0m│
└────────────────────────────────┴────────────────────────────────┘
[0m[32m[1m[DONE][0m Best-checkpoint validation loop completed[0m
[0m
[0m[36m[1m================================================================================================[0m
[0m[36m[1mTest Loop[0m
[0m[36m[1m================================================================================================[0m
[0m[34m[1m[INFO][0m Starting held-out Lightning test loop[0m
[0m
Testing: |                                                                                                        | 0/? [00:00<?, ?it/s][0m
Testing: |                                                                                                        | 0/? [00:00<?, ?it/s][0m
Testing DataLoader 0:   0%|                                                                                      | 0/25 [00:00<?, ?it/s][0m
Testing DataLoader 0:  40%|██████████████████████████████▊                                              | 10/25 [00:00<00:00, 60.57it/s][0m
Testing DataLoader 0:  80%|█████████████████████████████████████████████████████████████▌               | 20/25 [00:00<00:00, 30.55it/s][0m
Testing DataLoader 0: 100%|█████████████████████████████████████████████████████████████████████████████| 25/25 [00:00<00:00, 36.43it/s][0m[0m
Testing DataLoader 0: 100%|█████████████████████████████████████████████████████████████████████████████| 25/25 [00:00<00:00, 36.21it/s][0m
[0m┏━━━━━━━━━━━━━━━━━━━━━━━━━━━━━━━━━┳━━━━━━━━━━━━━━━━━━━━━━━━━━━━━━━━━┓
┃[1m [0m[1m          Test metric          [0m[1m [0m┃[1m [0m[1m         DataLoader 0          [0m[1m [0m┃
┡━━━━━━━━━━━━━━━━━━━━━━━━━━━━━━━━━╇━━━━━━━━━━━━━━━━━━━━━━━━━━━━━━━━━┩
│[36m [0m[36mtest_centered_curve_shape_loss [0m[36m [0m│[35m [0m[35m     0.006058074999600649      [0m[35m [0m│
│[36m [0m[36m   test_curve_amplitude_loss   [0m[36m [0m│[35m [0m[35m      0.03916199877858162      [0m[35m [0m│
│[36m [0m[36m    test_curve_offset_loss     [0m[36m [0m│[35m [0m[35m     0.0043631610460579395     [0m[35m [0m│
│[36m [0m[36m           test_loss           [0m[36m [0m│[35m [0m[35m     0.008724456652998924      [0m[35m [0m│
│[36m [0m[36m           test_mae            [0m[36m [0m│[35m [0m[35m     0.002877350663766265      [0m[35m [0m│
│[36m [0m[36m      test_pointwise_loss      [0m[36m [0m│[35m [0m[35m     0.008724456652998924      [0m[35m [0m│
│[36m [0m[36m           test_rmse           [0m[36m [0m│[35m [0m[35m     0.003835052251815796      [0m[35m [0m│
│[36m [0m[36mtest_sparse_harmonic_shape_loss[0m[36m [0m│[35m [0m[35m              0.0              [0m[35m [0m│
└─────────────────────────────────┴─────────────────────────────────┘
[0m[32m[1m[DONE][0m Test loop completed[0m
[0m
[0m[36m[1m================================================================================================[0m
[0m[36m[1mOutput Artifacts[0m
[0m[36m[1m================================================================================================[0m
[0m[37m[1mOutput Directory                  [0m[33mC:\Users\Martina Salami\Documents\Davide\Physics-Informed-Neural-Networks\output\training_runs\feedforward\2026-06-22-13-09-57__te_feedforward_trial[0m[0m
[0m[37m[1mCheckpoint Directory              [0m[33mC:\Users\Martina Salami\Documents\Davide\Physics-Informed-Neural-Networks\output\training_runs\feedforward\2026-06-22-13-09-57__te_feedforward_trial\checkpoints[0m[0m
[0m[37m[1mConfig Snapshot                   [0m[33mC:\Users\Martina Salami\Documents\Davide\Physics-Informed-Neural-Networks\output\training_runs\feedforward\2026-06-22-13-09-57__te_feedforward_trial\training_config.yaml[0m[0m
[0m[37m[1mMetrics Snapshot                  [0m[33mC:\Users\Martina Salami\Documents\Davide\Physics-Informed-Neural-Networks\output\training_runs\feedforward\2026-06-22-13-09-57__te_feedforward_trial\metrics_summary.yaml[0m[0m
[0m[37m[1mRun Metadata                      [0m[33mC:\Users\Martina Salami\Documents\Davide\Physics-Informed-Neural-Networks\output\training_runs\feedforward\2026-06-22-13-09-57__te_feedforward_trial\run_metadata.yaml[0m[0m
[0m[37m[1mRun Report                        [0m[33mC:\Users\Martina Salami\Documents\Davide\Physics-Informed-Neural-Networks\output\training_runs\feedforward\2026-06-22-13-09-57__te_feedforward_trial\training_test_report.md[0m[0m
[0m[37m[1mFamily Best Registry              [0m[33mC:\Users\Martina Salami\Documents\Davide\Physics-Informed-Neural-Networks\output\registries\families\feedforward\latest_family_best.yaml[0m[0m
[0m[37m[1mProgram Best Registry             [0m[33mC:\Users\Martina Salami\Documents\Davide\Physics-Informed-Neural-Networks\output\registries\program\current_best_solution.yaml[0m[0m
[0m[37m[1mTensorBoard Log Directory         [0m[33mC:\Users\Martina Salami\Documents\Davide\Physics-Informed-Neural-Networks\output\training_runs\feedforward\2026-06-22-13-09-57__te_feedforward_trial\logs\[0m[0m
[0m[37m[1mBest Checkpoint                   [0m[33mC:\Users\Martina Salami\Documents\Davide\Physics-Informed-Neural-Networks\output\training_runs\feedforward\2026-06-22-13-09-57__te_feedforward_trial\checkpoints\feedforward-epoch=002-val_mae=0.00272463.ckpt[0m[0m
[0m[32m[1m[DONE][0m feedforward training workflow completed[0m
[0m